[19:11:28] === s14_lookback free 03: pool 38; L 3 beam 100 over 1.5 roots 300 dvcap 3.0 drmax 1.0 mcap 1100.0 (tcap 0.675) tofs 74 npt 2 mc 80 w_fuel 1.0 ref 6/100.0/1000.0/rho 30.0
[19:12:08] roots: 1683 launch legs -> 267 kept (max root miss 0.3 km)
[19:12:40] depth  2: 267 parents -> 2597 children (1726 unique) -> refined 150, ok 140, kept 100; t_end 345-850 d, tank 602-646; best 2 @ 602.3 kg (price 23.5 s, refine 8.5 s)
[19:13:18] depth  3: 100 parents -> 1162 children (1070 unique) -> refined 150, ok 150, kept 100; t_end 393-973 d, tank 607-656; best 3 @ 607.4 kg (price 14.6 s, refine 23.0 s)
[19:13:44] depth  4: 100 parents -> 1186 children (1107 unique) -> refined 150, ok 150, kept 100; t_end 497-1000 d, tank 612-685; best 4 @ 612.5 kg (price 9.4 s, refine 16.8 s)
[19:14:12] depth  5: 100 parents -> 996 children (960 unique) -> refined 150, ok 150, kept 100; t_end 562-1170 d, tank 627-699; best 5 @ 627.0 kg (price 10.6 s, refine 17.3 s)
[19:14:41] depth  6: 100 parents -> 1005 children (953 unique) -> refined 150, ok 150, kept 100; t_end 794-1362 d, tank 637-712; best 6 @ 636.6 kg (price 9.0 s, refine 19.7 s)
[19:15:14] depth  7: 100 parents -> 1022 children (974 unique) -> refined 150, ok 150, kept 100; t_end 941-1514 d, tank 640-725; best 7 @ 639.8 kg (price 9.0 s, refine 24.2 s)
[19:15:43] depth  8: 100 parents -> 969 children (959 unique) -> refined 150, ok 150, kept 100; t_end 1125-1748 d, tank 649-728; best 8 @ 649.1 kg (price 2.3 s, refine 26.6 s)
[19:16:08] depth  9: 100 parents -> 964 children (954 unique) -> refined 150, ok 150, kept 100; t_end 1290-1928 d, tank 652-738; best 9 @ 651.9 kg (price 8.1 s, refine 16.9 s)
[19:16:44] depth 10: 100 parents -> 1135 children (1092 unique) -> refined 150, ok 150, kept 100; t_end 1468-2022 d, tank 670-747; best 10 @ 669.7 kg (price 9.2 s, refine 27.1 s)
[19:17:15] depth 11: 100 parents -> 1540 children (1507 unique) -> refined 150, ok 150, kept 100; t_end 1582-2207 d, tank 680-758; best 11 @ 680.1 kg (price 14.7 s, refine 16.3 s)
[19:17:52] depth 12: 100 parents -> 1889 children (1807 unique) -> refined 150, ok 147, kept 100; t_end 1868-2256 d, tank 691-758; best 12 @ 691.4 kg (price 15.0 s, refine 22.2 s)
[19:18:21] depth 13: 100 parents -> 1737 children (1659 unique) -> refined 150, ok 149, kept 100; t_end 1944-2480 d, tank 697-774; best 13 @ 697.2 kg (price 3.5 s, refine 24.8 s)
[19:18:49] depth 14: 100 parents -> 1310 children (1266 unique) -> refined 150, ok 147, kept 100; t_end 2197-2549 d, tank 708-770; best 14 @ 708.5 kg (price 13.8 s, refine 14.1 s)
[19:19:30] depth 15: 100 parents -> 1065 children (996 unique) -> refined 150, ok 137, kept 100; t_end 2409-2770 d, tank 717-778; best 15 @ 717.1 kg (price 19.4 s, refine 22.0 s)
[19:19:46] depth 16: 100 parents -> 906 children (849 unique) -> refined 150, ok 128, kept 100; t_end 2479-2954 d, tank 727-801; best 16 @ 726.6 kg (price 4.4 s, refine 12.0 s)
[19:20:18] depth 17: 100 parents -> 890 children (852 unique) -> refined 150, ok 144, kept 100; t_end 2684-3135 d, tank 734-821; best 17 @ 733.9 kg (price 8.1 s, refine 23.3 s)
[19:23:33] depth 18: 100 parents -> 973 children (932 unique) -> refined 150, ok 149, kept 100; t_end 2841-3188 d, tank 745-833; best 18 @ 744.8 kg (price 176.7 s, refine 18.5 s)
[19:28:15] depth 19: 100 parents -> 876 children (838 unique) -> refined 150, ok 139, kept 100; t_end 2943-3527 d, tank 770-857; best 19 @ 770.1 kg (price 8.0 s, refine 273.5 s)
[19:28:26] depth 20: 100 parents -> 698 children (677 unique) -> refined 150, ok 145, kept 100; t_end 3113-3874 d, tank 772-916; best 20 @ 772.4 kg (price 3.7 s, refine 8.1 s)
[19:28:35] depth 21: 100 parents -> 561 children (526 unique) -> refined 150, ok 147, kept 100; t_end 3204-3991 d, tank 788-925; best 21 @ 787.5 kg (price 1.6 s, refine 6.9 s)
[19:28:43] depth 22: 100 parents -> 545 children (526 unique) -> refined 150, ok 149, kept 100; t_end 3364-4057 d, tank 810-975; best 22 @ 810.4 kg (price 1.4 s, refine 6.8 s)
[19:28:51] depth 23: 100 parents -> 509 children (475 unique) -> refined 150, ok 148, kept 100; t_end 3532-4496 d, tank 813-1011; best 23 @ 812.6 kg (price 1.3 s, refine 6.6 s)
[19:28:59] depth 24: 100 parents -> 436 children (396 unique) -> refined 150, ok 148, kept 100; t_end 3731-4748 d, tank 824-1043; best 24 @ 823.9 kg (price 1.2 s, refine 6.6 s)
[19:29:07] depth 25: 100 parents -> 525 children (481 unique) -> refined 150, ok 149, kept 100; t_end 4039-4959 d, tank 827-1048; best 25 @ 827.2 kg (price 1.4 s, refine 6.9 s)
[19:29:15] depth 26: 100 parents -> 725 children (716 unique) -> refined 150, ok 150, kept 100; t_end 4508-5118 d, tank 832-960; best 26 @ 832.5 kg (price 1.7 s, refine 6.2 s)
[19:29:23] depth 27: 100 parents -> 845 children (817 unique) -> refined 150, ok 150, kept 100; t_end 4880-5196 d, tank 840-926; best 27 @ 840.4 kg (price 1.7 s, refine 6.3 s)
[19:29:30] depth 28: 100 parents -> 682 children (652 unique) -> refined 150, ok 150, kept 100; t_end 4967-5369 d, tank 854-950; best 28 @ 854.0 kg (price 1.2 s, refine 6.0 s)
[19:29:37] depth 29: 100 parents -> 478 children (461 unique) -> refined 150, ok 150, kept 100; t_end 5148-5427 d, tank 864-955; best 29 @ 863.6 kg (price 0.9 s, refine 6.1 s)
[19:29:42] depth 30: 100 parents -> 130 children (123 unique) -> refined 123, ok 107, kept 97; t_end 5338-5461 d, tank 888-1026; best 30 @ 888.2 kg (price 0.4 s, refine 4.4 s)
[19:29:44] depth 31: 97 parents -> 59 children (47 unique) -> refined 47, ok 29, kept 25; t_end 5419-5471 d, tank 961-1086; best 31 @ 961.0 kg (price 0.3 s, refine 1.5 s)
[19:29:44] depth 32: 25 parents -> 0 children (0 unique) -> refined 0, ok 0, kept 0; best 31 @ 961.0 kg (price 0.0 s, refine 0.0 s)
[19:29:44] PLANNED 03: 31/38 @ 961.0 kg (max miss 59 km); end {'kind': 'no_children', 'depth': 31, 'time_left_d': np.float64(7.8)}; refines 4370 (4252 ok); wall 1056 s
[19:29:48]   settle depth 31 alt 0: planned 961.0 kg (max miss 59 km) -> twin 867.5 kg, miss 80 km [B; A 960.96 B 867.49/79.5 km] (4 s)
[19:29:55]   settle depth 31 alt 1: planned 962.1 kg (max miss 59 km) -> twin 871.6 kg, miss 52 km [B; A 962.06 B 871.59/51.6 km] (7 s)
[19:30:02]   settle depth 31 alt 2: planned 985.5 kg (max miss 59 km) -> twin 892.9 kg, miss 1 km [B; A 985.49 B 892.86/1.3 km] (7 s)
[19:30:02] RESULT 03: settled 31/38 @ 867.5 kg (8.63 kg/fb, J_i 1.2276); planned 961.0 kg; total wall 1113 s
