[19:11:49] === s14_lookback free 08: pool 34; L 3 beam 100 over 1.5 roots 300 dvcap 3.0 drmax 1.0 mcap 1100.0 (tcap 0.675) tofs 74 npt 2 mc 80 w_fuel 1.0 ref 6/100.0/1000.0/rho 30.0
[19:12:34] roots: 945 launch legs -> 173 kept (max root miss 0.1 km)
[19:13:07] depth  2: 173 parents -> 1405 children (922 unique) -> refined 150, ok 133, kept 100; t_end 411-1015 d, tank 603-653; best 2 @ 603.3 kg (price 6.5 s, refine 26.0 s)
[19:13:38] depth  3: 100 parents -> 703 children (628 unique) -> refined 150, ok 148, kept 100; t_end 583-1111 d, tank 610-675; best 3 @ 609.5 kg (price 10.4 s, refine 20.7 s)
[19:14:11] depth  4: 100 parents -> 771 children (743 unique) -> refined 150, ok 149, kept 100; t_end 769-1468 d, tank 619-692; best 4 @ 618.8 kg (price 7.5 s, refine 26.3 s)
[19:14:44] depth  5: 100 parents -> 896 children (862 unique) -> refined 150, ok 149, kept 100; t_end 841-1591 d, tank 624-717; best 5 @ 624.3 kg (price 8.9 s, refine 23.4 s)
[19:15:16] depth  6: 100 parents -> 928 children (890 unique) -> refined 150, ok 150, kept 100; t_end 1277-2030 d, tank 626-708; best 6 @ 625.7 kg (price 9.6 s, refine 22.8 s)
[19:15:54] depth  7: 100 parents -> 830 children (793 unique) -> refined 150, ok 149, kept 100; t_end 1405-2078 d, tank 651-733; best 7 @ 651.3 kg (price 7.9 s, refine 30.4 s)
[19:16:18] depth  8: 100 parents -> 724 children (706 unique) -> refined 150, ok 150, kept 100; t_end 1566-2171 d, tank 661-742; best 8 @ 661.0 kg (price 4.2 s, refine 19.5 s)
[19:16:51] depth  9: 100 parents -> 615 children (593 unique) -> refined 150, ok 149, kept 100; t_end 1827-2474 d, tank 669-764; best 9 @ 669.2 kg (price 7.6 s, refine 25.1 s)
[19:17:21] depth 10: 100 parents -> 631 children (612 unique) -> refined 150, ok 150, kept 100; t_end 1883-2793 d, tank 670-794; best 10 @ 669.6 kg (price 9.3 s, refine 20.5 s)
[19:17:52] depth 11: 100 parents -> 742 children (727 unique) -> refined 150, ok 149, kept 100; t_end 2040-3034 d, tank 682-815; best 11 @ 682.3 kg (price 8.5 s, refine 23.1 s)
[19:18:18] depth 12: 100 parents -> 790 children (764 unique) -> refined 150, ok 142, kept 100; t_end 2256-3044 d, tank 696-830; best 12 @ 696.1 kg (price 1.8 s, refine 23.6 s)
[19:18:48] depth 13: 100 parents -> 763 children (725 unique) -> refined 150, ok 138, kept 100; t_end 2392-3309 d, tank 698-834; best 13 @ 698.4 kg (price 9.7 s, refine 20.3 s)
[19:19:27] depth 14: 100 parents -> 743 children (710 unique) -> refined 150, ok 143, kept 100; t_end 2581-3561 d, tank 710-875; best 14 @ 710.3 kg (price 9.2 s, refine 30.3 s)
[19:19:46] depth 15: 100 parents -> 634 children (622 unique) -> refined 150, ok 147, kept 100; t_end 2731-3804 d, tank 724-890; best 15 @ 724.5 kg (price 4.0 s, refine 15.2 s)
[19:20:18] depth 16: 100 parents -> 556 children (533 unique) -> refined 150, ok 148, kept 100; t_end 2932-3974 d, tank 737-927; best 16 @ 736.7 kg (price 6.4 s, refine 25.7 s)
[19:23:29] depth 17: 100 parents -> 457 children (442 unique) -> refined 150, ok 150, kept 100; t_end 3154-4178 d, tank 745-949; best 17 @ 744.8 kg (price 1.7 s, refine 189.3 s)
[19:24:00] depth 18: 100 parents -> 504 children (474 unique) -> refined 150, ok 149, kept 100; t_end 3235-4509 d, tank 751-1010; best 18 @ 751.3 kg (price 6.8 s, refine 23.6 s)
[19:28:24] depth 19: 100 parents -> 597 children (572 unique) -> refined 150, ok 150, kept 100; t_end 3455-4658 d, tank 766-986; best 19 @ 766.3 kg (price 253.9 s, refine 10.2 s)
[19:28:33] depth 20: 100 parents -> 562 children (542 unique) -> refined 150, ok 150, kept 100; t_end 3674-4743 d, tank 784-1002; best 20 @ 784.1 kg (price 1.9 s, refine 7.2 s)
[19:28:41] depth 21: 100 parents -> 569 children (555 unique) -> refined 150, ok 150, kept 100; t_end 4226-4743 d, tank 822-939; best 21 @ 822.4 kg (price 1.7 s, refine 6.4 s)
[19:28:48] depth 22: 100 parents -> 590 children (559 unique) -> refined 150, ok 149, kept 100; t_end 4345-4925 d, tank 835-972; best 22 @ 834.6 kg (price 1.5 s, refine 5.9 s)
[19:28:55] depth 23: 100 parents -> 575 children (516 unique) -> refined 150, ok 147, kept 100; t_end 4451-5184 d, tank 843-998; best 23 @ 843.1 kg (price 1.3 s, refine 5.3 s)
[19:29:02] depth 24: 100 parents -> 658 children (602 unique) -> refined 150, ok 149, kept 100; t_end 4510-5420 d, tank 842-1032; best 24 @ 842.2 kg (price 1.3 s, refine 5.9 s)
[19:29:09] depth 25: 100 parents -> 526 children (481 unique) -> refined 150, ok 150, kept 100; t_end 4714-5424 d, tank 874-1042; best 25 @ 874.0 kg (price 1.0 s, refine 6.2 s)
[19:29:15] depth 26: 100 parents -> 371 children (337 unique) -> refined 150, ok 150, kept 100; t_end 5121-5427 d, tank 898-990; best 26 @ 897.6 kg (price 0.7 s, refine 5.1 s)
[19:29:19] depth 27: 100 parents -> 157 children (155 unique) -> refined 150, ok 149, kept 100; t_end 5166-5430 d, tank 920-1026; best 27 @ 920.3 kg (price 0.3 s, refine 3.6 s)
[19:29:21] depth 28: 100 parents -> 64 children (63 unique) -> refined 63, ok 62, kept 60; t_end 5246-5432 d, tank 952-1093; best 28 @ 951.9 kg (price 0.2 s, refine 1.5 s)
[19:29:21] depth 29: 60 parents -> 17 children (16 unique) -> refined 16, ok 15, kept 11; t_end 5316-5426 d, tank 981-1078; best 29 @ 980.7 kg (price 0.1 s, refine 0.4 s)
[19:29:21] depth 30: 11 parents -> 2 children (2 unique) -> refined 2, ok 2, kept 2; t_end 5421-5421 d, tank 1073-1086; best 30 @ 1073.4 kg (price 0.0 s, refine 0.1 s)
[19:29:21] depth 31: 2 parents -> 0 children (0 unique) -> refined 0, ok 0, kept 0; best 30 @ 1073.4 kg (price 0.0 s, refine 0.0 s)
[19:29:21] PLANNED 08: 30/34 @ 1073.4 kg (max miss 14 km); end {'kind': 'no_children', 'depth': 30, 'time_left_d': np.float64(57.9)}; refines 3981 (3916 ok); wall 1007 s
[19:29:31]   settle depth 30 alt 0: planned 1073.3 kg (max miss 14 km) -> twin 1020.0 kg, miss 100 km [B; A 1073.35 B 1019.99/99.5 km] (10 s)
[19:29:45]   settle depth 30 alt 1: planned 1086.0 kg (max miss 3 km) -> twin 1013.5 kg, miss 150 km [B; A 1085.98 B 1013.48/149.6 km] (14 s)
[19:29:45] RESULT 08: settled 30/34 @ 1013.5 kg (13.78 kg/fb, J_i 1.3826); planned 1086.0 kg; total wall 1076 s
