[13:03:24] pass start: {'out': 'results/s13/gen/g01/full6', 'start': '', 'keep': '', 'prem': 'results/s13/gen/prem/PREM_01.json', 'delta': 0.01, 'dvt': 1.8, 'beam': 100, 'npt': 6, 'mc': 150, 'tail_from': 6, 'members': 'T1,T2,T3,T5,T6', 'kappa': 90.0, 'cap_head': 1050.0, 'cap_tail': 1080.0, 'grid': '0,800,20', 'pilot': 0, 'seed': 1006, 'jitter': 0.004, 'nproc': 1, 'repair': True, 'n': 8, 'cache': 'results/s13/gen/cache', 'choice': 'value', 'settle_timeout': 240.0}; lambda {'n_prem': 45, 'n_pos': 45, 'n_neg': 0, 'n_jittered': 45, 'mean': 0.0016, 'max': 0.0139, 'prize_min': 1.0, 'prize_max': 1.0139, 'sha1': '8a74cf4fc6b2', 'src': 'results/s13/gen/prem/PREM_01.json', 'jitter': 0.004, 'seed': 1006, 'jitter_mode': 'prem', 'front': 24, 'tool': 's13_pass2'}; kept none
[13:07:46]   route 01 H: pool 298, front 48:996 47:965 46:947 45:939 44:928 (263 s)
[13:07:46]     H 48 fb planner 996 -> twin 1080 (miss 71) over cap (8 s, cached)
[13:07:46]     H 47 fb planner 965 -> twin 1065 (miss 66) over cap (11 s, cached)
[13:07:46]     H 46 fb planner 947 -> twin 996 (miss 76) OK (8 s, cached)
[13:07:46]     H 45 fb planner 939 -> twin 1010 (miss 66) OK (7 s, cached)
[13:07:46]     H 44 fb planner 928 -> twin 1000 (miss 62) OK (8 s, cached)
[13:07:46]     H 43 fb planner 919 -> twin 982 (miss 67) OK (8 s, cached)
[13:07:46] route 01: TOOK H 46 fb @ 996 kg; covered 46, sum J_i 1.3631 (263 s)
[13:11:45]   route 02 H: pool 252, front 46:1015 45:1007 44:992 43:984 42:974 (239 s)
[13:12:23]     H 46 fb planner 1015 -> twin 1820 (miss 31) fail (12 s, cached)
[13:12:23]     H 45 fb planner 1007 -> twin 1076 (miss 96) over cap (14 s, cached)
[13:12:23]     H 44 fb planner 992 -> twin 1071 (miss 93) over cap (37 s)
[13:12:23]     H 43 fb planner 984 -> twin 1055 (miss 96) over cap (41 s, cached)
[13:12:23]     H 42 fb planner 974 -> twin 1001 (miss 5) OK (12 s, cached)
[13:12:23]     H 41 fb planner 959 -> twin 1011 (miss 11) OK (10 s, cached)
[13:12:23]   route 02: REPAIR -- deepest H 46 failed; bisecting
[13:12:23]       bisect prefix 23/46: OK (twin 785 vs planner 790, miss 85 km, 4 s)
[13:12:23]       bisect prefix 34/46: OK (twin 945 vs planner 917, miss 66 km, 7 s)
[13:12:23]       bisect prefix 40/46: OK (twin 1026 vs planner 972, miss 81 km, 7 s)
[13:12:23]       bisect prefix 43/46: OK (twin 1064 vs planner 993, miss 68 km, 9 s)
[13:12:23]       bisect prefix 44/46: OK (twin 1101 vs planner 1000, miss 39 km, 15 s)
[13:12:23]       bisect prefix 45/46: OK (twin 1093 vs planner 1008, miss 12 km, 24 s)
[13:12:23]   route 02: failing leg 46 (target 237); last settling prefix 45; banning 237 and re-planning H (6 settles, 0 s)
[13:16:23]   route 02 H-ban237: front 46:1016 45:1007 44:992 43:984 42:974 (240 s)
[13:16:23]     Hr 46 fb planner 1016 -> twin 1114 (miss 11) over cap (51 s, cached)
[13:16:23]     Hr 45 fb planner 1007 -> twin 1076 (miss 96) over cap (14 s, cached)
[13:16:23]     Hr 44 fb planner 992 -> twin 1071 (miss 93) over cap (37 s, cached)
[13:16:23]     Hr 43 fb planner 984 -> twin 1055 (miss 96) over cap (41 s, cached)
[13:16:23] route 02: TOOK H 42 fb @ 1001 kg; covered 88, sum J_i 2.7320 (516 s)
[13:19:33]   route 03 H: pool 210, front 41:973 40:956 39:944 38:924 37:910 (191 s)
[13:20:20]     H 41 fb planner 973 -> twin 1041 (miss 63) OK (5 s)
[13:20:20]     H 40 fb planner 956 -> twin 1019 (miss 76) OK (10 s)
[13:20:20]     H 39 fb planner 944 -> twin 1001 (miss 72) OK (10 s)
[13:20:20]     H 38 fb planner 924 -> twin 971 (miss 1) OK (9 s)
[13:20:20]     H 37 fb planner 910 -> twin 950 (miss 81) OK (6 s)
[13:20:20]     H 36 fb planner 899 -> twin 947 (miss 54) OK (7 s)
[13:20:21] route 03: TOOK H 41 fb @ 1041 kg; covered 129, sum J_i 4.1462 (238 s)
[13:22:55]   route 04 H: pool 169, front 36:1001 35:940 34:924 33:920 32:910 (154 s)
[13:23:42]     H 36 fb planner 1001 -> twin 1003 (miss 77) OK (7 s)
[13:23:42]     H 35 fb planner 940 -> twin 945 (miss 84) OK (9 s)
[13:23:42]     H 34 fb planner 924 -> twin 935 (miss 63) OK (9 s)
[13:23:42]     H 33 fb planner 920 -> twin 928 (miss 18) OK (8 s)
[13:23:42]     H 32 fb planner 910 -> twin 913 (miss 8) OK (7 s)
[13:23:42]     H 31 fb planner 899 -> twin 895 (miss 82) OK (7 s)
[13:23:42] route 04: TOOK H 36 fb @ 1003 kg; covered 165, sum J_i 5.5167 (201 s)
[13:25:50]   route 05 H: pool 133, front 32:962 31:902 30:895 29:874 28:866 (128 s)
[13:26:53]     H 32 fb planner 962 -> twin 1084 (miss 77) over cap (10 s)
[13:26:53]     H 31 fb planner 902 -> twin 1013 (miss 81) OK (5 s)
[13:26:53]     H 30 fb planner 895 -> twin 955 (miss 92) OK (14 s)
[13:26:53]     H 29 fb planner 874 -> twin 914 (miss 29) OK (12 s)
[13:26:53]     H 28 fb planner 866 -> twin 902 (miss 25) OK (10 s)
[13:26:53]     H 27 fb planner 856 -> twin 889 (miss 74) OK (11 s)
[13:26:53] route 05: TOOK H 31 fb @ 1013 kg; covered 196, sum J_i 6.8986 (191 s)
[13:38:08]   route 06 T1: pool 102, front 28:838 27:814 26:791 25:782 24:779 (112 s)
[13:38:08]   route 06 T2: pool 102, front 31:1006 30:958 29:932 28:925 27:912 (134 s)
[13:38:08]   route 06 T3: pool 102, front 31:968 30:921 29:904 28:867 27:856 (132 s)
[13:38:08]   route 06 T5: pool 102, front 30:919 29:881 28:862 27:830 26:822 (134 s)
[13:38:08]   route 06 T6: pool 102, front 33:994 32:983 31:974 30:973 29:969 (162 s)
[13:40:59]     T6 33 fb planner 994 -> twin 1042 (miss 0) OK (27 s)
[13:40:59]     T6 32 fb planner 983 -> twin 1039 (miss 90) OK (25 s)
[13:40:59]     T3 31 fb planner 968 -> twin 953 (miss 0) OK (11 s)
[13:40:59]     T6 31 fb planner 974 -> twin 1024 (miss 56) OK (25 s)
[13:40:59]     T2 31 fb planner 1006 -> twin 985 (miss 38) OK (72 s)
[13:40:59]     T5 30 fb planner 919 -> twin 979 (miss 5) OK (12 s)
[13:40:59] route 06: TOOK T6 33 fb @ 1042 kg; covered 229, sum J_i 8.3137 (846 s)
[13:50:14]   route 07 T1: pool 69, front 23:804 22:785 21:773 20:766 19:754 (83 s)
[13:50:14]   route 07 T2: pool 69, front 28:950 27:885 26:869 25:866 24:856 (104 s)
[13:50:14]   route 07 T3: pool 69, front 27:965 26:899 25:873 24:866 23:859 (111 s)
[13:50:14]   route 07 T5: pool 69, front 28:974 27:885 26:869 25:865 24:838 (105 s)
[13:50:14]   route 07 T6: pool 69, front 29:1005 28:985 27:975 26:950 25:940 (152 s)
[13:53:35]     T6 29 fb planner 1005 -> twin 1104 (miss 68) over cap (23 s)
[13:53:35]     T2 28 fb planner 950 -> twin 1011 (miss 89) OK (10 s)
[13:53:35]     T5 28 fb planner 974 -> twin 997 (miss 14) OK (19 s)
[13:53:35]     T6 28 fb planner 985 -> twin 1070 (miss 67) OK (24 s)
[13:53:35]     T2 27 fb planner 885 -> twin 911 (miss 69) OK (36 s)
[13:53:35]     T3 27 fb planner 965 -> twin None (miss 85421863) fail (89 s)
[13:53:35] route 07: TOOK T5 28 fb @ 997 kg; covered 257, sum J_i 9.6775 (757 s)
[13:58:24]   route 08 T1: pool 41, front 12:708 11:699 10:686 9:664 8:654 (29 s)
[13:58:24]   route 08 T2: pool 41, front 19:810 18:802 17:792 16:776 15:766 (51 s)
[13:58:24]   route 08 T3: pool 41, front 20:868 19:859 18:816 17:803 16:785 (68 s)
[13:58:24]   route 08 T5: pool 41, front 19:810 18:802 17:792 16:774 15:758 (53 s)
[13:58:24]   route 08 T6: pool 41, front 22:981 21:907 20:867 19:833 18:818 (88 s)
[13:59:52]     T6 22 fb planner 981 -> twin None (miss inf) fail (0 s)
[13:59:52]     T6 21 fb planner 907 -> twin 957 (miss 19) OK (10 s)
[13:59:52]     T6 20 fb planner 867 -> twin None (miss 9756323) fail (48 s)
[13:59:52]     T3 20 fb planner 868 -> twin 1017 (miss 50) fail (4 s)
[13:59:52]     T2 19 fb planner 810 -> twin 797 (miss 72) OK (14 s)
[13:59:52]     T6 19 fb planner 833 -> twin 937 (miss 68) OK (10 s)
[13:59:52]   route 08: REPAIR -- deepest T6 22 failed; bisecting
[13:59:54]       bisect prefix 11/22: OK (twin 743 vs planner 775, miss 78 km, 3 s)
[13:59:55]       bisect prefix 16/22: fail (twin None vs planner 876, miss inf km, 0 s)
[13:59:59]       bisect prefix 14/22: OK (twin 795 vs planner 831, miss 73 km, 5 s)
[14:00:05]       bisect prefix 15/22: OK (twin 807 vs planner 855, miss 72 km, 6 s)
[14:00:05]   route 08: failing leg 16 (target 7); last settling prefix 15; banning 7 and re-planning T6 (4 settles, 13 s)
[14:01:30]   route 08 T6-ban7: front 21:906 20:875 19:847 18:826 17:811 (86 s)
[14:01:30] route 08: TOOK T6 21 fb @ 957 kg; covered 278, sum J_i 10.9977 (475 s)
[14:01:30] PASS {"covered": 278, "sumJi": 10.9977, "J": 32.9977, "depths": [46, 42, 41, 36, 31, 33, 28, 21], "tanks": [996, 1001, 1041, 1003, 1013, 1042, 997, 957], "n_routes": 8, "wall_s": 3486}
