[13:06:54] pass start: {'out': 'results/s13/gen/g01/tail5', 'start': '/Users/mickey/solarsystem/ctoc14/results/s13/gen/g00/master/N8_B10.75/fleet', 'keep': '01,02,03,04,05', 'prem': 'results/s13/gen/prem/PREM_01.json', 'delta': 0.01, 'dvt': 1.8, 'beam': 100, 'npt': 6, 'mc': 150, 'tail_from': 6, 'members': 'T1,T2,T3,T5,T6', 'kappa': 90.0, 'cap_head': 1050.0, 'cap_tail': 1080.0, 'grid': '0,800,20', 'pilot': 0, 'seed': 1011, 'jitter': 0.004, 'nproc': 1, 'repair': True, 'n': 8, 'cache': 'results/s13/gen/cache', 'choice': 'lex', 'settle_timeout': 240.0}; lambda {'n_prem': 45, 'n_pos': 45, 'n_neg': 0, 'n_jittered': 45, 'mean': 0.0016, 'max': 0.0139, 'prize_min': 1.0, 'prize_max': 1.0139, 'sha1': 'd3a6733fcdbd', 'src': 'results/s13/gen/prem/PREM_01.json', 'jitter': 0.004, 'seed': 1011, 'jitter_mode': 'prem', 'front': 24, 'tool': 's13_pass2'}; kept 5 routes, covered 199, J 107.7240; 01:48@1048 02:42@993 03:39@1038 04:36@930 05:34@880
[13:17:12]   route 06 T1: pool 99, front 26:811 25:801 24:795 23:780 22:773 (98 s)
[13:17:12]   route 06 T2: pool 99, front 31:1004 30:984 29:969 28:948 27:928 (124 s)
[13:17:12]   route 06 T3: pool 99, front 31:1001 30:958 29:931 28:908 27:895 (134 s)
[13:17:12]   route 06 T5: pool 99, front 30:963 29:929 28:897 27:876 26:858 (117 s)
[13:17:12]   route 06 T6: pool 99, front 32:1016 31:978 30:972 29:962 28:945 (146 s)
[13:18:00]     T6 32 fb planner 1016 -> twin 1106 (miss 73) over cap (23 s, cached)
[13:18:00]     T6 31 fb planner 978 -> twin 1056 (miss 39) OK (9 s)
[13:18:00]     T3 31 fb planner 1001 -> twin 994 (miss 55) OK (8 s)
[13:18:00]     T2 31 fb planner 1004 -> twin 1102 (miss 41) over cap (12 s)
[13:18:00]     T3 30 fb planner 958 -> twin 1022 (miss 46) OK (9 s)
[13:18:00]     T5 30 fb planner 963 -> twin 1002 (miss 6) OK (10 s)
[13:18:00] route 06: TOOK T3 31 fb @ 994 kg; covered 230, sum J_i 8.0851 (666 s)
[13:25:40]   route 07 T1: pool 68, front 21:839 20:782 19:773 18:754 17:746 (72 s)
[13:25:40]   route 07 T2: pool 68, front 26:965 25:908 24:878 23:865 22:855 (90 s)
[13:25:40]   route 07 T3: pool 68, front 26:938 25:897 24:876 23:860 22:833 (96 s)
[13:25:40]   route 07 T5: pool 68, front 26:965 25:910 24:875 23:838 22:823 (89 s)
[13:25:40]   route 07 T6: pool 68, front 28:1013 27:983 26:961 25:955 24:929 (113 s)
[13:27:31]     T6 28 fb planner 1013 -> twin 1210 (miss 69) fail (7 s)
[13:27:31]     T6 27 fb planner 983 -> twin 1150 (miss 0) fail (10 s)
[13:27:31]     T3 26 fb planner 938 -> twin 933 (miss 29) OK (27 s)
[13:27:31]     T6 26 fb planner 961 -> twin None (miss 2764601) fail (40 s)
[13:27:31]     T2 26 fb planner 965 -> twin 989 (miss 45) OK (16 s)
[13:27:31]     T3 25 fb planner 897 -> twin 919 (miss 42) OK (11 s)
[13:27:31]   route 07: REPAIR -- deepest T6 28 failed; bisecting
[13:27:36]       bisect prefix 14/28: OK (twin 835 vs planner 794, miss 0 km, 6 s)
[13:27:42]       bisect prefix 21/28: OK (twin 1001 vs planner 911, miss 62 km, 5 s)
[13:27:47]       bisect prefix 24/28: OK (twin 1086 vs planner 952, miss 70 km, 6 s)
[13:27:55]       bisect prefix 26/28: OK (twin 1133 vs planner 991, miss 66 km, 8 s)
[13:28:02]       bisect prefix 27/28: fail (twin 1180 vs planner 999, miss 71 km, 7 s)
[13:28:02]   route 07: failing leg 27 (target 62); last settling prefix 26; banning 62 and re-planning T6 (5 settles, 31 s)
[13:29:57]   route 07 T6-ban62: front 28:1022 27:983 26:961 25:955 24:932 (115 s)
[13:30:11]     T6r 28 fb planner 1022 -> twin 1215 (miss 76) fail (6 s)
[13:30:11]     T6r 27 fb planner 983 -> twin 1142 (miss 54) fail (9 s)
[13:30:11] route 07: TOOK T3 26 fb @ 933 kg; covered 256, sum J_i 9.3795 (731 s)
[13:34:22]   route 08 T1: pool 42, front 5:628 4:614 (18 s)
[13:34:22]   route 08 T2: pool 42, front 14:754 13:738 12:733 11:715 10:694 (46 s)
[13:34:22]   route 08 T3: pool 42, front 19:866 18:826 17:797 16:785 15:775 (65 s)
[13:34:22]   route 08 T5: pool 42, front 14:754 13:738 12:733 11:715 10:694 (45 s)
[13:34:22]   route 08 T6: pool 42, front 21:889 20:864 19:849 18:834 17:812 (78 s)
[13:37:11]     T6 21 fb planner 889 -> twin 959 (miss 59) OK (24 s)
[13:37:11]     T6 20 fb planner 864 -> twin 1180 (miss 9) fail (14 s)
[13:37:11]     T6 19 fb planner 849 -> twin 834 (miss 80) OK (11 s)
[13:37:11]     T3 19 fb planner 866 -> twin None (miss 582437437) fail (109 s)
[13:37:11]     T3 18 fb planner 826 -> twin None (miss inf) fail (0 s)
[13:37:11]     T6 18 fb planner 834 -> twin 807 (miss 65) OK (11 s)
[13:37:11] route 08: TOOK T6 21 fb @ 959 kg; covered 277, sum J_i 10.7016 (420 s)
[13:37:11] PASS {"covered": 277, "sumJi": 10.7016, "J": 33.7016, "depths": [48, 42, 39, 36, 34, 31, 26, 21], "tanks": [1048, 993, 1038, 930, 880, 994, 933, 959], "n_routes": 8, "wall_s": 1817}
