[02:46:25] skeletons: 8 routes, covered 263, J 47.2068; 01:48@1048 03:42@993 02:39@1039 04:36@930 05:34@881 06:26@836 07:23@848 08:15@699
[02:46:37]     05 seg 1: 4 states reach waypoint 72 -- relaxed retry
[02:46:39]     05 seg 4: 1 states reach waypoint 99 -- relaxed retry
[02:46:40]     05 seg 4: 2 states reach waypoint 99 -- giving up
[02:46:40]     05 seg 5: 4 states reach waypoint 154 -- relaxed retry
[02:46:41]     05 seg 6: 2 states reach waypoint 43 -- relaxed retry
[02:46:41]     05 seg 6: 4 states reach waypoint 43 -- giving up
[02:46:42]     05 seg 7: 4 states reach waypoint 272 -- relaxed retry
[02:46:43]     05 seg 9: 4 states reach waypoint 59 -- relaxed retry
[02:46:44]     05 seg 10: 4 states reach waypoint 257 -- relaxed retry
[02:46:45]     05 seg 11: 4 states reach waypoint 133 -- relaxed retry
[02:46:46]     05 seg 12: 3 states reach waypoint 6 -- relaxed retry
[02:46:47]     05 seg 15: 4 states reach waypoint 102 -- relaxed retry
[02:46:48]     05 seg 16: 3 states reach waypoint 177 -- relaxed retry
[02:46:49]     05 seg 17: 3 states reach waypoint 223 -- relaxed retry
[02:46:50]     05 seg 18: 4 states reach waypoint 237 -- relaxed retry
[02:46:51]     05 seg 20: 3 states reach waypoint 213 -- relaxed retry
[02:46:52]     05 seg 21: 3 states reach waypoint 266 -- relaxed retry
[02:46:53]     05 seg 22: 1 states reach waypoint 173 -- relaxed retry
[02:46:53]     05 seg 22: 2 states reach waypoint 173 -- giving up
[02:46:53]     05 seg 23: 1 states reach waypoint 25 -- relaxed retry
[02:46:54]     05 seg 23: 2 states reach waypoint 25 -- giving up
[02:46:54]     05 seg 24: 2 states reach waypoint 295 -- relaxed retry
[02:46:54]     05 seg 24: 4 states reach waypoint 295 -- giving up
[02:46:54]     05 seg 25: 3 states reach waypoint 76 -- relaxed retry
[02:46:54]     05 seg 26: 1 states reach waypoint 41 -- relaxed retry
[02:46:55]     05 seg 26: 3 states reach waypoint 41 -- giving up
[02:46:55]     05 seg 27: 4 states reach waypoint 21 -- relaxed retry
[02:46:56]     05 seg 29: 1 states reach waypoint 178 -- relaxed retry
[02:46:56]     05 seg 29: 2 states reach waypoint 178 -- giving up
[02:46:57]     05 seg 30: 3 states reach waypoint 23 -- relaxed retry
[02:46:57]     05 seg 31: 3 states reach waypoint 256 -- relaxed retry
[02:46:57]     05 seg 32: 3 states reach waypoint 42 -- relaxed retry
[02:46:58]     05 seg 33: 4 states reach waypoint 9 -- relaxed retry
[02:46:58]     05 segments: 0:249->4st/1fb 1:72->6st/2fb 2:68->4st/3fb 3:74->7st/4fb 4:99->1st/5fb 5:154->4st/6fb 6:43->1st/7fb 7:272->4st/8fb 8:288->4st/9fb 9:59->4st/10fb 10:257->6st/11fb 11:133->4st/12fb 12:6->3st/13fb 13:201->5st/14fb 14:181->7st/15fb 15:102->3st/16fb 16:177->3st/17fb 17:223->4st/18fb 18:237->5st/19fb 19:82->4st/20fb 20:213->3st/21fb 21:266->6st/22fb 22:173->1st/23fb 23:25->1st/24fb 24:295->2st/25fb 25:76->2st/26fb 26:41->2st/27fb 27:21->4st/28fb 28:135->5st/29fb 29:178->1st/30fb 30:23->3st/31fb 31:256->3st/32fb 32:42->4st/33fb 33:9->3st/34fb 34:None->3st/34fb
[02:46:58]   05: segmented beam 300 drmax 0.15 half 45: 3 final states, deepest 34  (32 s)
[02:46:58]   05: Pareto 34:913
[02:47:07]     34 fb: planner 913 -> twin 881 kg (34 fb, 34 new), 0.440 km/s/fb, J_i 1.241, value -0.119 (10 s)
[02:47:07] [05] 34 waypoints -> 34 flybys (34 new), tank 881, J_i 1.241; fleet covered 34, uncovered 264, fleet J 267.241  (42 s)
[02:47:07] FINAL: 1 routes, covered 34, J 267.2407; 05:34@881; leftovers 264: [1, 2, 3, 4, 5, 7, 8, 10, 11, 12, 13, 14, 15, 16, 17, 18, 19, 20, 22, 24, 26, 27, 28, 29, 30, 31, 32, 33, 34, 35, 36, 37, 38, 39, 40, 44, 45, 46, 47, 48, 49, 50, 51, 52, 53, 54, 55, 56, 57, 58, 60, 61, 62, 63, 64, 65, 66, 67, 69, 70, 71, 73, 75, 77, 78, 79, 80, 81, 83, 84, 85, 86, 87, 88, 89, 90, 91, 92, 93, 94, 95, 96, 97, 98, 100, 101, 103, 104, 105, 106, 107, 108, 109, 110, 111, 112, 113, 114, 115, 116, 117, 118, 119, 120, 121, 122, 123, 124, 125, 126, 127, 128, 129, 130, 132, 134, 136, 137, 138, 139, 140, 141, 142, 143, 145, 146, 147, 148, 149, 150, 151, 152, 153, 155, 156, 157, 158, 159, 160, 161, 162, 163, 164, 165, 166, 167, 168, 169, 170, 171, 172, 174, 175, 176, 179, 180, 182, 183, 184, 185, 186, 187, 188, 189, 190, 191, 192, 193, 194, 195, 196, 197, 198, 199, 200, 202, 203, 204, 205, 206, 207, 208, 209, 210, 211, 212, 214, 215, 216, 217, 218, 219, 220, 221, 222, 224, 225, 226, 227, 228, 229, 230, 231, 232, 233, 234, 235, 236, 238, 239, 240, 241, 242, 243, 244, 245, 246, 247, 248, 250, 251, 252, 253, 254, 255, 258, 259, 260, 261, 262, 263, 264, 265, 267, 268, 269, 270, 271, 273, 274, 275, 276, 277, 278, 279, 280, 281, 282, 283, 284, 285, 286, 287, 289, 290, 291, 292, 293, 294, 296, 297, 298, 299, 300]
[02:47:07] sum J_i 1.241 -> J 3.241 if the leftovers insert for free, 267.241 as misses
