[02:46:25] skeletons: 8 routes, covered 263, J 47.2068; 01:48@1048 03:42@993 02:39@1039 04:36@930 05:34@881 06:26@836 07:23@848 08:15@699
[02:46:38]     08 seg 1: 0 states reach waypoint 93 -- relaxed retry
[02:46:38]     08 seg 1: 0 states reach waypoint 93 -- giving up
[02:46:38]     08 seg 1: DROPPING waypoint 93
[02:46:39]     08 seg 2: 0 states reach waypoint 88 -- relaxed retry
[02:46:40]     08 seg 2: 3 states reach waypoint 88 -- giving up
[02:46:40]     08 seg 4: 1 states reach waypoint 138 -- relaxed retry
[02:46:41]     08 seg 4: 2 states reach waypoint 138 -- giving up
[02:46:41]     08 seg 5: 0 states reach waypoint 27 -- relaxed retry
[02:46:41]     08 seg 5: 0 states reach waypoint 27 -- giving up
[02:46:41]     08 seg 5: DROPPING waypoint 27
[02:46:41]     08 seg 6: 0 states reach waypoint 161 -- relaxed retry
[02:46:41]     08 seg 6: 0 states reach waypoint 161 -- giving up
[02:46:41]     08 seg 6: DROPPING waypoint 161
[02:46:41]     08 seg 7: 0 states reach waypoint 208 -- relaxed retry
[02:46:42]     08 seg 9: 1 states reach waypoint 147 -- relaxed retry
[02:46:43]     08 seg 9: 4 states reach waypoint 147 -- giving up
[02:46:43]     08 seg 10: 3 states reach waypoint 86 -- relaxed retry
[02:46:45]     08 segments: 0:19->5st/1fb 1:93->0st/0fb 2:88->3st/3fb 3:231->5st/4fb 4:138->1st/5fb 5:27->0st/0fb 6:161->0st/0fb 7:208->5st/7fb 8:107->6st/8fb 9:147->3st/9fb 10:86->4st/10fb 11:141->5st/11fb 12:244->5st/12fb 13:66->6st/13fb 14:259->9st/14fb 15:None->11st/15fb
[02:46:45]   08: segmented beam 300 drmax 0.15 half 45: 11 final states, deepest 15  (20 s)
[02:46:45]   08: Pareto 14:794 15:845
[02:46:45]     15 fb: settle failed (miss inf, 0 s)
[02:48:00]     14 fb: settle failed (miss 387253121, 75 s)
[02:48:00] 08: nothing settled -- keeping the bare skeleton
[02:48:00] FINAL: 1 routes, covered 15, J 286.0755; 08:15@699; leftovers 283: [1, 2, 3, 4, 5, 6, 7, 8, 9, 10, 11, 12, 13, 14, 15, 16, 17, 18, 20, 21, 22, 23, 24, 25, 26, 28, 29, 30, 31, 32, 33, 34, 35, 36, 37, 38, 39, 40, 41, 42, 43, 44, 45, 46, 47, 48, 49, 50, 51, 52, 53, 54, 55, 56, 57, 58, 59, 60, 61, 62, 63, 64, 65, 67, 68, 69, 70, 71, 72, 73, 74, 75, 76, 77, 78, 79, 80, 81, 82, 83, 84, 85, 87, 89, 90, 91, 92, 94, 95, 96, 97, 98, 99, 100, 101, 102, 103, 104, 105, 106, 108, 109, 110, 111, 112, 113, 114, 115, 116, 117, 118, 119, 120, 121, 122, 123, 124, 125, 126, 127, 128, 129, 130, 132, 133, 134, 135, 136, 137, 139, 140, 142, 143, 145, 146, 148, 149, 150, 151, 152, 153, 154, 155, 156, 157, 158, 159, 160, 162, 163, 164, 165, 166, 167, 168, 169, 170, 171, 172, 173, 174, 175, 176, 177, 178, 179, 180, 181, 182, 183, 184, 185, 186, 187, 188, 189, 190, 191, 192, 193, 194, 195, 196, 197, 198, 199, 200, 201, 202, 203, 204, 205, 206, 207, 209, 210, 211, 212, 213, 214, 215, 216, 217, 218, 219, 220, 221, 222, 223, 224, 225, 226, 227, 228, 229, 230, 232, 233, 234, 235, 236, 237, 238, 239, 240, 241, 242, 243, 245, 246, 247, 248, 249, 250, 251, 252, 253, 254, 255, 256, 257, 258, 260, 261, 262, 263, 264, 265, 266, 267, 268, 269, 270, 271, 272, 273, 274, 275, 276, 277, 278, 279, 280, 281, 282, 283, 284, 285, 286, 287, 288, 289, 290, 291, 292, 293, 294, 295, 296, 297, 298, 299, 300]
[02:48:00] sum J_i 1.075 -> J 3.075 if the leftovers insert for free, 286.075 as misses
