  leg   0 it  0: miss [km]       0.0 6005307.9  |vrel| 14.30 17.64  t_f   185.00   330.00  max|T|=0.000
  leg   0 it  1: miss [km]   21583.9   39185.2  |vrel| 13.99 16.78  t_f   185.74   329.33  max|T|=0.029
  leg   0 it  2: miss [km]       9.3      33.9  |vrel| 13.99 16.77  t_f   185.76   329.35  max|T|=0.029
leg   0 frozen: ast 284 t=   185.8 d dist=   1.2 km m=1992.8 kg
  leg   1 it  0: miss [km]      33.9 20980879.2  |vrel| 16.77 21.39  t_f   329.35   610.00  max|T|=0.023
  leg   1 it  1: miss [km]    5885.8 1259316.9  |vrel| 16.61 17.42  t_f   329.72   609.43  max|T|=0.050
  leg   1 it  2: miss [km]       8.4    9545.0  |vrel| 16.61 17.31  t_f   329.71   610.24  max|T|=0.056
  leg   1 it  3: miss [km]       0.1       3.4  |vrel| 16.61 17.31  t_f   329.71   610.25  max|T|=0.057
leg   1 frozen: ast 146 t=   329.7 d dist=   0.1 km m=1982.0 kg
  leg   2 it  0: miss [km]       3.5 5534650.8  |vrel| 17.31 10.98  t_f   610.25   690.00  max|T|=0.057
  leg   2 it  1: miss [km]   90839.4 2152172.2  |vrel| 16.72  9.07  t_f   611.90   698.61  max|T|=0.068
  leg   2 it  2: miss [km]   10668.6   39388.7  |vrel| 16.79  9.60  t_f   612.40   698.54  max|T|=0.066
  leg   2 it  3: miss [km]      29.5      50.9  |vrel| 16.80  9.61  t_f   612.40   698.55  max|T|=0.066
leg   2 frozen: ast   2 t=   612.4 d dist=  20.2 km m=1952.9 kg
  leg   3 it  0: miss [km]      50.9 49669412.3  |vrel|  9.61  8.90  t_f   698.55   860.00  max|T|=0.011
  leg   3 it  1: miss [km]    2064.6 27789109.6  |vrel|  9.50  9.96  t_f   698.51   866.84  max|T|=0.300
  leg   3 it  2: miss [km]   16210.7 15207205.7  |vrel|  9.50 10.01  t_f   698.22   870.11  max|T|=0.450
  leg   3 it  3: miss [km]   66590.1 6041798.1  |vrel|  9.52 10.66  t_f   697.80   872.17  max|T|=0.450
  leg   3 it  4: miss [km]  193085.5 2693428.3  |vrel|  9.65 11.11  t_f   696.92   869.81  max|T|=0.450
  leg   3 it  5: miss [km]  151028.9 1234793.4  |vrel|  9.71 11.37  t_f   696.59   868.80  max|T|=0.450
  leg   3 it  6: miss [km]   62379.0  585786.3  |vrel|  9.73 11.48  t_f   696.57   868.68  max|T|=0.450
  leg   3 it  7: miss [km]   12780.7  434389.2  |vrel|  9.74 11.50  t_f   696.57   868.63  max|T|=0.450
  leg   3 it  8: miss [km]    4386.9  237185.8  |vrel|  9.74 11.54  t_f   696.56   868.61  max|T|=0.450
  leg   3 it  9: miss [km]    1489.2   76276.7  |vrel|  9.74 11.57  t_f   696.55   868.60  max|T|=0.450
  leg   3 it 10: miss [km]     751.2   30510.5  |vrel|  9.74 11.57  t_f   696.55   868.59  max|T|=0.450
  leg   3 it 11: miss [km]     329.9   12937.7  |vrel|  9.74 11.58  t_f   696.55   868.59  max|T|=0.450
  leg   3 it 12: miss [km]     142.0    5536.2  |vrel|  9.74 11.58  t_f   696.55   868.59  max|T|=0.450
  leg   3 it 13: miss [km]      60.9    2372.0  |vrel|  9.74 11.58  t_f   696.55   868.59  max|T|=0.450
  leg   3 it 14: miss [km]      26.1    1016.3  |vrel|  9.74 11.58  t_f   696.55   868.59  max|T|=0.450
  leg   3 it 15: miss [km]      11.2     435.4  |vrel|  9.74 11.58  t_f   696.55   868.59  max|T|=0.450
  leg   3 it 16: miss [km]       4.8     186.5  |vrel|  9.74 11.58  t_f   696.55   868.59  max|T|=0.450
leg   3 frozen: ast  97 t=   696.5 d dist=   1.2 km m=1887.9 kg
  leg   4 it  0: miss [km]     187.9 247484846.0  |vrel| 11.58 64.56  t_f   868.59  1185.00  max|T|=0.450
  leg   4 it  1: miss [km]   55159.8 226438982.9  |vrel| 11.84 65.74  t_f   867.43  1186.96  max|T|=0.450
  leg   4 it  2: miss [km]  561428.5 197615787.7  |vrel| 12.27 62.49  t_f   866.56  1189.08  max|T|=0.450
  leg   4 it  3: miss [km] 1117126.5 178634226.5  |vrel| 12.24 56.88  t_f   867.27  1190.19  max|T|=0.450
  leg   4 it  4: miss [km] 1105079.4 170736028.2  |vrel| 12.26 55.99  t_f   867.05  1191.28  max|T|=0.450
  leg   4 it  5: miss [km] 1164916.3 169433350.0  |vrel| 12.24 56.93  t_f   866.90  1192.05  max|T|=0.450
  leg   4 it  6: miss [km] 1173856.0 169855004.0  |vrel| 12.26 57.86  t_f   866.87  1192.40  max|T|=0.450
  leg   4 it  7: miss [km] 1870308.9 171252242.8  |vrel| 12.14 58.83  t_f   866.65  1192.73  max|T|=0.450
  leg   4 it  8: miss [km] 1928059.3 170992408.0  |vrel| 12.15 58.91  t_f   866.59  1192.95  max|T|=0.450
  leg   4 it  9: miss [km] 1974371.9 170586662.0  |vrel| 12.17 58.86  t_f   866.52  1193.17  max|T|=0.450
  leg   4 it 10: miss [km] 2055501.0 170465057.2  |vrel| 12.19 58.96  t_f   866.44  1193.39  max|T|=0.450
  leg   4 it 11: miss [km] 2151372.1 170370840.4  |vrel| 12.20 59.06  t_f   866.35  1193.62  max|T|=0.450
  !! window failed (miss 170370840 km): retry legs 3..5 as a 3-leg window
  leg   3 it  0: miss [km]       1.2     186.5 247484845.7  |vrel|  9.74 11.58 64.56  t_f   696.55   868.59  1185.00  max|T|=0.450
  leg   3 it  1: miss [km]   13612.8  230303.4 242223134.8  |vrel|  9.60 11.63 64.80  t_f   697.25   868.06  1185.64  max|T|=0.450
  leg   3 it  2: miss [km]   39992.5 2499933.6 232725901.0  |vrel|  9.45 11.73 64.20  t_f   698.30   867.12  1187.35  max|T|=0.450
  leg   3 it  3: miss [km]   53131.7 2891765.9 217671441.8  |vrel|  9.37 11.72 65.29  t_f   698.85   866.81  1188.33  max|T|=0.450
  leg   3 it  4: miss [km]   52855.8 2952226.3 197994436.9  |vrel|  9.35 11.73 62.79  t_f   699.05   866.66  1189.25  max|T|=0.450
  leg   3 it  5: miss [km]   52364.3 2956077.7 185524858.4  |vrel|  9.33 11.74 60.18  t_f   699.24   866.66  1190.08  max|T|=0.450
  leg   3 it  6: miss [km]   53657.6 2938969.9 182669019.5  |vrel|  9.30 11.74 61.75  t_f   699.41   866.69  1191.01  max|T|=0.450
  leg   3 it  7: miss [km]   48981.6 2882903.7 179075692.5  |vrel|  9.28 11.75 62.02  t_f   699.60   866.73  1191.71  max|T|=0.450
  leg   3 it  8: miss [km]   48207.6 2902736.0 176456908.2  |vrel|  9.25 11.75 61.76  t_f   699.81   866.79  1192.23  max|T|=0.450
  leg   3 it  9: miss [km]   48911.1 2952064.4 175815116.4  |vrel|  9.25 11.77 61.80  t_f   699.93   866.71  1192.51  max|T|=0.450
  leg   3 it 10: miss [km]   48094.9 3021853.6 175316961.7  |vrel|  9.24 11.78 61.85  t_f   700.05   866.64  1192.77  max|T|=0.450
  leg   3 it 11: miss [km]   56024.7 2790854.0 174320629.5  |vrel|  9.24 11.84 61.60  t_f   700.17   866.58  1193.00  max|T|=0.450
  !! 3-leg retry failed; back to leg 4
  !! dropping asteroid 114 (miss 170370840 km)
  leg   4 it  0: miss [km] 18421179.5 174378046.7  |vrel| 13.80 46.31  t_f   866.27  1260.00  max|T|=0.000
  leg   4 it  1: miss [km] 8889461.3 43418539.4  |vrel| 14.50 25.09  t_f   859.04  1270.65  max|T|=0.300
  leg   4 it  2: miss [km] 2075871.4 6176469.9  |vrel| 16.11 18.68  t_f   852.53  1269.87  max|T|=0.450
  leg   4 it  3: miss [km]   11700.9   71125.4  |vrel| 16.46 18.43  t_f   853.06  1268.97  max|T|=0.450
  leg   4 it  4: miss [km]       0.4      42.8  |vrel| 16.46 18.42  t_f   853.05  1268.95  max|T|=0.450
leg   4 frozen: ast 266 t=   853.1 d dist=   0.7 km m=1789.6 kg
  leg   5 it  0: miss [km]      46.7 160856497.5  |vrel| 18.42 44.25  t_f  1268.95  1405.00  max|T|=0.312
  leg   5 it  1: miss [km] 4557484.2 86535790.9  |vrel| 17.54 31.10  t_f  1280.52  1411.36  max|T|=0.450
  leg   5 it  2: miss [km] 2657350.1 41985904.7  |vrel| 17.53 23.17  t_f  1287.27  1409.64  max|T|=0.450
  leg   5 it  3: miss [km] 11393834.9 24775242.8  |vrel| 17.77 20.73  t_f  1286.71  1403.85  max|T|=0.450
  leg   5 it  4: miss [km] 1876303.5 4619213.2  |vrel| 16.26 17.11  t_f  1286.33  1402.60  max|T|=0.450
  leg   5 it  5: miss [km]   24372.1  158153.8  |vrel| 15.97 16.48  t_f  1286.09  1401.04  max|T|=0.450
  leg   5 it  6: miss [km]    6345.3   12701.7  |vrel| 15.96 16.47  t_f  1286.07  1400.96  max|T|=0.450
  leg   5 it  7: miss [km]     162.3     312.4  |vrel| 15.96 16.47  t_f  1286.07  1400.96  max|T|=0.450
  leg   5 it  8: miss [km]       2.8       5.4  |vrel| 15.96 16.47  t_f  1286.07  1400.96  max|T|=0.450
  !! dropping asteroid 158: leg would cost 323 kg vs 35 planned
  leg   5 it  0: miss [km] 248236543.8 288027559.5  |vrel| 63.47 60.00  t_f  1400.96  1575.00  max|T|=0.000
  leg   5 it  1: miss [km] 200364689.5 255476134.8  |vrel| 58.62 56.79  t_f  1404.10  1575.02  max|T|=0.300
  leg   5 it  2: miss [km] 163099020.3 223187107.6  |vrel| 54.00 51.09  t_f  1404.56  1578.38  max|T|=0.450
  leg   5 it  3: miss [km] 126125033.0 191049458.1  |vrel| 48.07 42.99  t_f  1402.31  1583.30  max|T|=0.450
  leg   5 it  4: miss [km] 99535926.6 157195166.9  |vrel| 42.02 39.55  t_f  1398.56  1590.97  max|T|=0.450
  leg   5 it  5: miss [km] 83997556.7 127679935.1  |vrel| 37.43 39.62  t_f  1394.36  1599.77  max|T|=0.450
  leg   5 it  6: miss [km] 71743285.7 106359626.7  |vrel| 34.22 41.06  t_f  1389.97  1608.19  max|T|=0.450
  leg   5 it  7: miss [km] 50667224.4 73731592.6  |vrel| 29.97 36.20  t_f  1385.30  1619.81  max|T|=0.450
  leg   5 it  8: miss [km] 41575069.4 69381459.2  |vrel| 29.32 37.19  t_f  1383.04  1628.18  max|T|=0.450
  leg   5 it  9: miss [km] 46662611.0 92452670.2  |vrel| 31.01 45.31  t_f  1382.61  1631.35  max|T|=0.450
  leg   5 it 10: miss [km] 46415871.1 95236925.9  |vrel| 31.05 46.23  t_f  1382.65  1632.93  max|T|=0.450
  leg   5 it 11: miss [km] 39535781.5 82486297.1  |vrel| 29.93 41.86  t_f  1382.50  1636.33  max|T|=0.450
  !! window failed (miss 82486297 km): retry legs 4..6 as a 3-leg window
  leg   4 it  0: miss [km]       0.7       5.4 57089289.4  |vrel| 16.46 16.47 20.02  t_f   853.05  1400.96  1575.00  max|T|=0.450
  leg   4 it  1: miss [km]      15.8 18873911.0 51827204.4  |vrel| 16.46 19.24 19.71  t_f   853.05  1411.11  1579.69  max|T|=0.450
Traceback (most recent call last):
  File [35m"/Users/mickey/solarsystem/ctoc14/tools/convert_one.py"[0m, line [35m11[0m, in [35m<module>[0m
    traj, info = [31mconvert_tour[0m[1;31m(eph, tour, verbose=True)[0m
                 [31m~~~~~~~~~~~~[0m[1;31m^^^^^^^^^^^^^^^^^^^^^^^^^[0m
  File [35m"/Users/mickey/solarsystem/ctoc14/ctoc14/lowthrust.py"[0m, line [35m426[0m, in [35mconvert_tour[0m
    converged, dists, n_it, m_min = [31m_solve_window[0m[1;31m(eph, Y_start, t_start, ts, Ts, free, win, tcap, miss_tol, max_iter, fd_step,[0m
                                    [31m~~~~~~~~~~~~~[0m[1;31m^^^^^^^^^^^^^^^^^^^^^^^^^^^^^^^^^^^^^^^^^^^^^^^^^^^^^^^^^^^^^^^^^^^^^^^^^^^^^[0m
                                                  [1;31mhstep, verbose, i, adaptive_iter=adaptive_iter, max_iter_ext=max_iter_ext)[0m
                                                  [1;31m^^^^^^^^^^^^^^^^^^^^^^^^^^^^^^^^^^^^^^^^^^^^^^^^^^^^^^^^^^^^^^^^^^^^^^^^^^[0m
  File [35m"/Users/mickey/solarsystem/ctoc14/ctoc14/lowthrust.py"[0m, line [35m199[0m, in [35m_solve_window[0m
    lam = np.linalg.solve(A, -miss)
  File [35m"/Users/mickey/.venvs/astro313/lib/python3.13/site-packages/numpy/linalg/_linalg.py"[0m, line [35m452[0m, in [35msolve[0m
    r = gufunc(a, b, signature=signature)
  File [35m"/Users/mickey/.venvs/astro313/lib/python3.13/site-packages/numpy/linalg/_linalg.py"[0m, line [35m145[0m, in [35m_raise_linalgerror_singular[0m
    raise LinAlgError("Singular matrix")
[1;35mnumpy.linalg.LinAlgError[0m: [35mSingular matrix[0m
