  leg   0 it  0: miss [km]       0.0 6005307.9  |vrel| 14.30 17.64  t_f   185.00   330.00  max|T|=0.000
  leg   0 it  1: miss [km]   21583.9   39185.2  |vrel| 13.99 16.78  t_f   185.74   329.33  max|T|=0.029
  leg   0 it  2: miss [km]       9.3      33.9  |vrel| 13.99 16.77  t_f   185.76   329.35  max|T|=0.029
leg   0 frozen: ast 284 t=   185.8 d dist=   1.2 km m=1992.8 kg
  leg   1 it  0: miss [km]      33.9 20980879.2  |vrel| 16.77 21.39  t_f   329.35   610.00  max|T|=0.023
  leg   1 it  1: miss [km]    5885.8 1259316.9  |vrel| 16.61 17.42  t_f   329.72   609.43  max|T|=0.050
  leg   1 it  2: miss [km]       8.4    9545.0  |vrel| 16.61 17.31  t_f   329.71   610.24  max|T|=0.056
  leg   1 it  3: miss [km]       0.1       3.4  |vrel| 16.61 17.31  t_f   329.71   610.25  max|T|=0.057
leg   1 frozen: ast 146 t=   329.7 d dist=   0.1 km m=1982.0 kg
  leg   2 it  0: miss [km]       3.5 5534650.8  |vrel| 17.31 10.98  t_f   610.25   690.00  max|T|=0.057
  leg   2 it  1: miss [km]   90839.4 2152172.2  |vrel| 16.72  9.07  t_f   611.90   698.61  max|T|=0.068
  leg   2 it  2: miss [km]   10668.6   39388.7  |vrel| 16.79  9.60  t_f   612.40   698.54  max|T|=0.066
  leg   2 it  3: miss [km]      29.5      50.9  |vrel| 16.80  9.61  t_f   612.40   698.55  max|T|=0.066
leg   2 frozen: ast   2 t=   612.4 d dist=  20.2 km m=1952.9 kg
  leg   3 it  0: miss [km]      50.9 49669412.3  |vrel|  9.61  8.90  t_f   698.55   860.00  max|T|=0.011
  leg   3 it  1: miss [km]    2064.6 27789109.6  |vrel|  9.50  9.96  t_f   698.51   866.84  max|T|=0.300
  leg   3 it  2: miss [km]   16210.7 15207205.7  |vrel|  9.50 10.01  t_f   698.22   870.11  max|T|=0.450
  leg   3 it  3: miss [km]   66590.1 6041798.1  |vrel|  9.52 10.66  t_f   697.80   872.17  max|T|=0.450
  leg   3 it  4: miss [km]  193085.5 2693428.3  |vrel|  9.65 11.11  t_f   696.92   869.81  max|T|=0.450
  leg   3 it  5: miss [km]  151028.9 1234793.4  |vrel|  9.71 11.37  t_f   696.59   868.80  max|T|=0.450
  leg   3 it  6: miss [km]   62379.0  585786.3  |vrel|  9.73 11.48  t_f   696.57   868.68  max|T|=0.450
  leg   3 it  7: miss [km]   12780.7  434389.2  |vrel|  9.74 11.50  t_f   696.57   868.63  max|T|=0.450
  leg   3 it  8: miss [km]    4386.9  237185.8  |vrel|  9.74 11.54  t_f   696.56   868.61  max|T|=0.450
  leg   3 it  9: miss [km]    1489.2   76276.7  |vrel|  9.74 11.57  t_f   696.55   868.60  max|T|=0.450
  leg   3 it 10: miss [km]     751.2   30510.5  |vrel|  9.74 11.57  t_f   696.55   868.59  max|T|=0.450
  leg   3 it 11: miss [km]     329.9   12937.7  |vrel|  9.74 11.58  t_f   696.55   868.59  max|T|=0.450
  leg   3 it 12: miss [km]     142.0    5536.2  |vrel|  9.74 11.58  t_f   696.55   868.59  max|T|=0.450
  leg   3 it 13: miss [km]      60.9    2372.0  |vrel|  9.74 11.58  t_f   696.55   868.59  max|T|=0.450
  leg   3 it 14: miss [km]      26.1    1016.3  |vrel|  9.74 11.58  t_f   696.55   868.59  max|T|=0.450
  leg   3 it 15: miss [km]      11.2     435.4  |vrel|  9.74 11.58  t_f   696.55   868.59  max|T|=0.450
  leg   3 it 16: miss [km]       4.8     186.5  |vrel|  9.74 11.58  t_f   696.55   868.59  max|T|=0.450
leg   3 frozen: ast  97 t=   696.5 d dist=   1.2 km m=1887.9 kg
  leg   4 it  0: miss [km]     187.9 247484846.0  |vrel| 11.58 64.56  t_f   868.59  1185.00  max|T|=0.450
  leg   4 it  1: miss [km]   55159.8 226438982.9  |vrel| 11.84 65.74  t_f   867.43  1186.96  max|T|=0.450
  leg   4 it  2: miss [km]  561428.5 197615787.7  |vrel| 12.27 62.49  t_f   866.56  1189.08  max|T|=0.450
  leg   4 it  3: miss [km] 1117126.5 178634226.5  |vrel| 12.24 56.88  t_f   867.27  1190.19  max|T|=0.450
  leg   4 it  4: miss [km] 1105079.4 170736028.2  |vrel| 12.26 55.99  t_f   867.05  1191.28  max|T|=0.450
  leg   4 it  5: miss [km] 1164916.3 169433350.0  |vrel| 12.24 56.93  t_f   866.90  1192.05  max|T|=0.450
  leg   4 it  6: miss [km] 1173856.0 169855004.0  |vrel| 12.26 57.86  t_f   866.87  1192.40  max|T|=0.450
  leg   4 it  7: miss [km] 1870308.9 171252242.8  |vrel| 12.14 58.83  t_f   866.65  1192.73  max|T|=0.450
  leg   4 it  8: miss [km] 1928059.3 170992408.0  |vrel| 12.15 58.91  t_f   866.59  1192.95  max|T|=0.450
  leg   4 it  9: miss [km] 1974371.9 170586662.0  |vrel| 12.17 58.86  t_f   866.52  1193.17  max|T|=0.450
  leg   4 it 10: miss [km] 2055501.0 170465057.2  |vrel| 12.19 58.96  t_f   866.44  1193.39  max|T|=0.450
  leg   4 it 11: miss [km] 2151372.1 170370840.4  |vrel| 12.20 59.06  t_f   866.35  1193.62  max|T|=0.450
  !! window failed (miss 170370840 km): retry legs 3..5 as a 3-leg window
  leg   3 it  0: miss [km]       1.2     186.5 247484845.7  |vrel|  9.74 11.58 64.56  t_f   696.55   868.59  1185.00  max|T|=0.450
  leg   3 it  1: miss [km]   13612.8  230303.4 242223134.8  |vrel|  9.60 11.63 64.80  t_f   697.25   868.06  1185.64  max|T|=0.450
  leg   3 it  2: miss [km]   39992.5 2499933.6 232725901.0  |vrel|  9.45 11.73 64.20  t_f   698.30   867.12  1187.35  max|T|=0.450
  leg   3 it  3: miss [km]   53131.7 2891765.9 217671441.8  |vrel|  9.37 11.72 65.29  t_f   698.85   866.81  1188.33  max|T|=0.450
  leg   3 it  4: miss [km]   52855.8 2952226.3 197994436.9  |vrel|  9.35 11.73 62.79  t_f   699.05   866.66  1189.25  max|T|=0.450
  leg   3 it  5: miss [km]   52364.3 2956077.7 185524858.4  |vrel|  9.33 11.74 60.18  t_f   699.24   866.66  1190.08  max|T|=0.450
  leg   3 it  6: miss [km]   53657.6 2938969.9 182669019.5  |vrel|  9.30 11.74 61.75  t_f   699.41   866.69  1191.01  max|T|=0.450
  leg   3 it  7: miss [km]   48981.6 2882903.7 179075692.5  |vrel|  9.28 11.75 62.02  t_f   699.60   866.73  1191.71  max|T|=0.450
  leg   3 it  8: miss [km]   48207.6 2902736.0 176456908.2  |vrel|  9.25 11.75 61.76  t_f   699.81   866.79  1192.23  max|T|=0.450
  leg   3 it  9: miss [km]   48911.1 2952064.4 175815116.4  |vrel|  9.25 11.77 61.80  t_f   699.93   866.71  1192.51  max|T|=0.450
  leg   3 it 10: miss [km]   48094.9 3021853.6 175316961.7  |vrel|  9.24 11.78 61.85  t_f   700.05   866.64  1192.77  max|T|=0.450
  leg   3 it 11: miss [km]   56024.7 2790854.0 174320629.5  |vrel|  9.24 11.84 61.60  t_f   700.17   866.58  1193.00  max|T|=0.450
  !! 3-leg retry failed; back to leg 4
  !! dropping asteroid 114 (miss 170370840 km)
  leg   4 it  0: miss [km] 18421179.5 174378046.7  |vrel| 13.80 46.31  t_f   866.27  1260.00  max|T|=0.000
  leg   4 it  1: miss [km] 8889461.3 43418539.4  |vrel| 14.50 25.09  t_f   859.04  1270.65  max|T|=0.300
  leg   4 it  2: miss [km] 2075871.4 6176469.9  |vrel| 16.11 18.68  t_f   852.53  1269.87  max|T|=0.450
  leg   4 it  3: miss [km]   11700.9   71125.4  |vrel| 16.46 18.43  t_f   853.06  1268.97  max|T|=0.450
  leg   4 it  4: miss [km]       0.4      42.8  |vrel| 16.46 18.42  t_f   853.05  1268.95  max|T|=0.450
leg   4 frozen: ast 266 t=   853.1 d dist=   0.7 km m=1789.6 kg
  leg   5 it  0: miss [km]      46.7 160856497.5  |vrel| 18.42 44.25  t_f  1268.95  1405.00  max|T|=0.312
  leg   5 it  1: miss [km] 4557484.2 86535790.9  |vrel| 17.54 31.10  t_f  1280.52  1411.36  max|T|=0.450
  leg   5 it  2: miss [km] 2657350.1 41985904.7  |vrel| 17.53 23.17  t_f  1287.27  1409.64  max|T|=0.450
  leg   5 it  3: miss [km] 11393834.9 24775242.8  |vrel| 17.77 20.73  t_f  1286.71  1403.85  max|T|=0.450
  leg   5 it  4: miss [km] 1876303.5 4619213.2  |vrel| 16.26 17.11  t_f  1286.33  1402.60  max|T|=0.450
  leg   5 it  5: miss [km]   24372.1  158153.8  |vrel| 15.97 16.48  t_f  1286.09  1401.04  max|T|=0.450
  leg   5 it  6: miss [km]    6345.3   12701.7  |vrel| 15.96 16.47  t_f  1286.07  1400.96  max|T|=0.450
  leg   5 it  7: miss [km]     162.3     312.4  |vrel| 15.96 16.47  t_f  1286.07  1400.96  max|T|=0.450
  leg   5 it  8: miss [km]       2.8       5.4  |vrel| 15.96 16.47  t_f  1286.07  1400.96  max|T|=0.450
leg   5 frozen: ast 158 t=  1286.1 d dist=  16.9 km m=1466.3 kg
  leg   6 it  0: miss [km]      33.5 57089328.7  |vrel| 16.47 20.02  t_f  1400.96  1575.00  max|T|=0.017
  leg   6 it  1: miss [km]  733233.3 7511432.3  |vrel| 15.04 21.78  t_f  1405.39  1583.29  max|T|=0.290
  leg   6 it  2: miss [km]   27819.0   51644.5  |vrel| 14.86 21.99  t_f  1406.67  1585.04  max|T|=0.358
  leg   6 it  3: miss [km]       1.9      24.3  |vrel| 14.86 21.99  t_f  1406.68  1585.04  max|T|=0.359
leg   6 frozen: ast 275 t=  1406.7 d dist=   2.4 km m=1401.7 kg
  leg   7 it  0: miss [km]      16.9 49841629.2  |vrel| 21.99  6.57  t_f  1585.04  1885.00  max|T|=0.313
  leg   7 it  1: miss [km]    6843.1 4368966.9  |vrel| 21.80 11.58  t_f  1584.50  1945.00  max|T|=0.293
  leg   7 it  2: miss [km]      90.1  295766.1  |vrel| 21.80 12.04  t_f  1584.46  1949.40  max|T|=0.292
  leg   7 it  3: miss [km]     102.4    1915.5  |vrel| 21.80 12.02  t_f  1584.40  1949.21  max|T|=0.292
  leg   7 it  4: miss [km]       0.1       1.8  |vrel| 21.80 12.02  t_f  1584.40  1949.20  max|T|=0.292
leg   7 frozen: ast 157 t=  1584.4 d dist=   0.2 km m=1322.0 kg
  leg   8 it  0: miss [km]       2.4 69759989.5  |vrel| 12.02 34.74  t_f  1949.20  1970.00  max|T|=0.018
  leg   8 it  1: miss [km] 2317882.0 62497394.3  |vrel| 13.44 37.50  t_f  1935.78  1963.57  max|T|=0.300
  leg   8 it  2: miss [km] 2371015.0 60220714.7  |vrel| 14.00 38.39  t_f  1932.05  1961.37  max|T|=0.450
  leg   8 it  3: miss [km] 3709352.0 59633285.5  |vrel| 13.99 38.67  t_f  1928.15  1959.44  max|T|=0.450
  leg   8 it  4: miss [km] 5147055.1 58924416.1  |vrel| 13.66 38.48  t_f  1924.76  1958.18  max|T|=0.450
  leg   8 it  5: miss [km] 5897609.4 57546869.3  |vrel| 12.56 37.42  t_f  1920.26  1957.28  max|T|=0.450
  leg   8 it  6: miss [km] 5116959.7 54579080.3  |vrel| 10.70 35.29  t_f  1913.47  1956.82  max|T|=0.450
  leg   8 it  7: miss [km] 7792269.7 55521171.8  |vrel|  9.51 34.72  t_f  1906.43  1956.84  max|T|=0.450
  leg   8 it  8: miss [km] 12636925.0 58211061.6  |vrel|  8.68 35.02  t_f  1900.46  1957.22  max|T|=0.450
  leg   8 it  9: miss [km] 16833079.1 60331519.1  |vrel|  8.06 35.34  t_f  1895.69  1957.78  max|T|=0.450
  leg   8 it 10: miss [km] 21196724.0 64055495.0  |vrel|  7.62 36.31  t_f  1892.62  1958.26  max|T|=0.450
  leg   8 it 11: miss [km] 21544285.7 62673364.4  |vrel|  7.41 35.82  t_f  1890.25  1958.58  max|T|=0.450
  !! window failed (miss 62673364 km): retry legs 7..9 as a 3-leg window
  leg   7 it  0: miss [km]       0.1       1.8 69759990.2  |vrel| 21.80 12.02 34.74  t_f  1584.40  1949.20  1970.00  max|T|=0.292
  leg   7 it  1: miss [km]  444493.6 6958777.1 57720887.3  |vrel| 21.86 10.59 34.00  t_f  1579.16  1933.84  1964.32  max|T|=0.418
  leg   7 it  2: miss [km] 6583613.3 32490578.6 12368374.4  |vrel| 22.85 12.39 23.52  t_f  1574.50  1915.49  1960.02  max|T|=0.450
  leg   7 it  3: miss [km] 3971061.4 18687734.0 4437421.8  |vrel| 22.22 12.89 22.00  t_f  1575.73  1897.48  1956.85  max|T|=0.450
  leg   7 it  4: miss [km] 1303663.5 6091423.3 8023311.6  |vrel| 21.60 12.23 21.58  t_f  1577.16  1880.15  1951.65  max|T|=0.450
  leg   7 it  5: miss [km]  384045.5 2155171.1 3303462.9  |vrel| 21.32 11.89 21.80  t_f  1577.71  1876.20  1952.31  max|T|=0.450
  leg   7 it  6: miss [km]  109597.0  413743.4  668965.3  |vrel| 21.30 11.67 22.27  t_f  1577.74  1876.09  1952.37  max|T|=0.450
  leg   7 it  7: miss [km]   20657.8   64064.9  106779.7  |vrel| 21.28 11.62 22.38  t_f  1577.76  1876.08  1952.36  max|T|=0.450
  leg   7 it  8: miss [km]    3661.9   10937.0   18394.1  |vrel| 21.28 11.61 22.40  t_f  1577.77  1876.08  1952.35  max|T|=0.450
  leg   7 it  9: miss [km]     641.9    1891.4    3189.3  |vrel| 21.28 11.61 22.40  t_f  1577.77  1876.08  1952.35  max|T|=0.450
  leg   7 it 10: miss [km]     112.1     328.9     555.1  |vrel| 21.28 11.61 22.40  t_f  1577.77  1876.08  1952.35  max|T|=0.450
  leg   7 it 11: miss [km]      19.6      57.3      96.7  |vrel| 21.28 11.61 22.40  t_f  1577.77  1876.08  1952.35  max|T|=0.450
  !! 3-leg window converged at leg 7
leg   7 frozen: ast 157 t=  1577.8 d dist=  20.3 km m=1256.3 kg
  leg   8 it  0: miss [km]      60.8     101.7  |vrel| 11.61 22.40  t_f  1876.08  1952.35  max|T|=0.450
leg   8 frozen: ast 242 t=  1876.1 d dist=  48.5 km m=1064.2 kg
  leg   9 it  0: miss [km]     101.7 202878994.6  |vrel| 22.40 47.60  t_f  1952.35  2160.00  max|T|=0.450
  leg   9 it  1: miss [km]  404420.6 183209424.4  |vrel| 21.46 44.50  t_f  1953.63  2162.65  max|T|=0.450
  leg   9 it  2: miss [km]  452148.3 170848819.2  |vrel| 20.97 42.93  t_f  1954.61  2164.15  max|T|=0.450
  leg   9 it  3: miss [km]  519615.9 156874662.7  |vrel| 20.55 41.24  t_f  1955.56  2165.77  max|T|=0.450
  leg   9 it  4: miss [km]  641766.4 140891844.2  |vrel| 20.20 39.31  t_f  1956.49  2167.65  max|T|=0.450
  leg   9 it  5: miss [km]  751385.4 123867223.2  |vrel| 19.93 37.14  t_f  1957.25  2169.82  max|T|=0.450
  leg   9 it  6: miss [km]  891707.0 102623306.8  |vrel| 19.72 34.18  t_f  1957.94  2172.66  max|T|=0.450
  leg   9 it  7: miss [km] 1380809.8 78037027.5  |vrel| 19.65 30.35  t_f  1958.49  2176.45  max|T|=0.450
  leg   9 it  8: miss [km] 1286444.9 64645695.1  |vrel| 19.63 28.17  t_f  1958.46  2179.07  max|T|=0.450
  leg   9 it  9: miss [km] 1092647.5 48133557.2  |vrel| 19.60 25.49  t_f  1958.38  2182.15  max|T|=0.450
  leg   9 it 10: miss [km]  926924.3 32726242.8  |vrel| 19.57 23.09  t_f  1958.32  2184.48  max|T|=0.450
  leg   9 it 11: miss [km]  756299.3 20766383.1  |vrel| 19.54 21.33  t_f  1958.26  2185.98  max|T|=0.450
  leg   9 it 12: miss [km]  646244.6 14710822.4  |vrel| 19.51 20.44  t_f  1958.24  2186.59  max|T|=0.450
  leg   9 it 13: miss [km]  598286.9 7669818.3  |vrel| 19.46 19.44  t_f  1958.27  2186.48  max|T|=0.450
  leg   9 it 14: miss [km]  465914.1 5071516.9  |vrel| 19.44 19.10  t_f  1958.21  2186.41  max|T|=0.450
  leg   9 it 15: miss [km]  364957.2 3762699.0  |vrel| 19.43 18.93  t_f  1958.16  2186.47  max|T|=0.450
  leg   9 it 16: miss [km]  289399.7 2925599.9  |vrel| 19.42 18.83  t_f  1958.12  2186.53  max|T|=0.450
  !! window failed (miss 2925600 km): retry legs 8..10 as a 3-leg window
  leg   8 it  0: miss [km]      48.5     101.7 202878994.8  |vrel| 11.61 22.40 47.60  t_f  1876.08  1952.35  2160.00  max|T|=0.450
  leg   8 it  1: miss [km]   27831.9  491600.4 181423555.1  |vrel| 11.63 21.51 44.12  t_f  1875.17  1953.19  2163.18  max|T|=0.450
  leg   8 it  2: miss [km]   29937.4  573886.9 167780023.7  |vrel| 11.54 20.97 42.32  t_f  1874.83  1954.29  2164.80  max|T|=0.450
  leg   8 it  3: miss [km]   24401.3  614829.7 150019661.4  |vrel| 11.33 20.29 40.06  t_f  1875.20  1956.28  2166.27  max|T|=0.450
  leg   8 it  4: miss [km]   62052.6  658631.9 123480819.3  |vrel| 11.04 19.39 36.56  t_f  1876.34  1959.26  2167.81  max|T|=0.450
  leg   8 it  5: miss [km]  214262.0  875829.2 74186066.3  |vrel| 10.63 18.09 29.09  t_f  1878.74  1963.97  2169.67  max|T|=0.450
  leg   8 it  6: miss [km]  298669.9  735318.3 19468607.1  |vrel| 10.22 16.78 15.20  t_f  1882.00  1969.56  2171.38  max|T|=0.450
  leg   8 it  7: miss [km]   62001.3  210429.5 1416376.6  |vrel| 10.37 17.39 15.93  t_f  1880.01  1966.97  2171.09  max|T|=0.450
  leg   8 it  8: miss [km]    1126.7    1953.1    8569.3  |vrel| 10.37 17.44 16.12  t_f  1880.01  1966.95  2171.12  max|T|=0.450
  leg   8 it  9: miss [km]       8.1       4.3       7.6  |vrel| 10.37 17.44 16.12  t_f  1880.01  1966.95  2171.12  max|T|=0.450
  !! 3-leg window converged at leg 8
leg   8 frozen: ast 242 t=  1880.0 d dist=   8.3 km m=1105.3 kg
  leg   9 it  0: miss [km]       3.4      13.7  |vrel| 17.44 16.12  t_f  1966.95  2171.12  max|T|=0.450
leg   9 frozen: ast  82 t=  1966.9 d dist=   3.8 km m=1020.5 kg
  leg  10 it  0: miss [km]       8.2 21047479.1  |vrel| 16.12 14.28  t_f  2171.12  2255.00  max|T|=0.345
  leg  10 it  1: miss [km]  207962.2 1402833.3  |vrel| 16.67 14.68  t_f  2169.75  2237.66  max|T|=0.374
  leg  10 it  2: miss [km]    1882.6   14366.3  |vrel| 16.72 14.84  t_f  2169.59  2238.31  max|T|=0.369
  leg  10 it  3: miss [km]       9.3       3.2  |vrel| 16.72 14.84  t_f  2169.59  2238.30  max|T|=0.369
leg  10 frozen: ast 193 t=  2169.6 d dist=  84.4 km m=941.1 kg
  leg  11 it  0: miss [km]     133.2 123951796.7  |vrel| 14.84 28.82  t_f  2238.30  2365.00  max|T|=0.011
  leg  11 it  1: miss [km]  392549.7 83884611.2  |vrel| 13.57 25.75  t_f  2241.24  2366.36  max|T|=0.300
  leg  11 it  2: miss [km]  300561.0 49632239.2  |vrel| 12.58 22.52  t_f  2244.43  2368.19  max|T|=0.450
  leg  11 it  3: miss [km] 1068365.2 23381417.4  |vrel| 11.96 20.54  t_f  2246.49  2369.94  max|T|=0.450
  leg  11 it  4: miss [km]  432569.1 5506400.5  |vrel| 11.60 20.04  t_f  2246.40  2370.47  max|T|=0.450
  leg  11 it  5: miss [km]   66507.9  841803.3  |vrel| 11.51 20.04  t_f  2246.15  2370.49  max|T|=0.450
  leg  11 it  6: miss [km]    7157.8   80172.5  |vrel| 11.49 20.04  t_f  2246.11  2370.48  max|T|=0.450
  leg  11 it  7: miss [km]     666.0    7123.0  |vrel| 11.49 20.04  t_f  2246.10  2370.48  max|T|=0.450
  leg  11 it  8: miss [km]      59.9     640.2  |vrel| 11.49 20.04  t_f  2246.10  2370.48  max|T|=0.450
  leg  11 it  9: miss [km]       5.4      57.6  |vrel| 11.49 20.04  t_f  2246.10  2370.48  max|T|=0.450
leg  11 frozen: ast 149 t=  2246.1 d dist=   0.8 km m=868.4 kg
  leg  12 it  0: miss [km]      67.3 140994227.3  |vrel| 20.04  9.74  t_f  2370.48  2525.00  max|T|=0.371
  leg  12 it  1: miss [km] 1991440.6 98039075.4  |vrel| 20.07  5.99  t_f  2370.84  2541.54  max|T|=0.450
  leg  12 it  2: miss [km] 2770853.2 48202300.5  |vrel| 19.98 14.45  t_f  2371.90  2574.32  max|T|=0.450
  leg  12 it  3: miss [km] 2477231.5 9492564.6  |vrel| 19.58 11.84  t_f  2373.43  2620.05  max|T|=0.450
  leg  12 it  4: miss [km]  529303.9 6785099.2  |vrel| 19.30 13.31  t_f  2373.27  2630.70  max|T|=0.450
  leg  12 it  5: miss [km]   55230.2  444596.1  |vrel| 19.33 14.31  t_f  2373.09  2628.17  max|T|=0.450
  leg  12 it  6: miss [km]    5103.9   31300.9  |vrel| 19.33 14.41  t_f  2373.08  2628.32  max|T|=0.450
  leg  12 it  7: miss [km]     490.1    2871.4  |vrel| 19.33 14.42  t_f  2373.08  2628.32  max|T|=0.450
  leg  12 it  8: miss [km]      47.1     275.0  |vrel| 19.33 14.42  t_f  2373.08  2628.32  max|T|=0.450
leg  12 frozen: ast 106 t=  2373.1 d dist=  44.3 km m=780.6 kg
  leg  13 it  0: miss [km]     275.0 255150751.5  |vrel| 14.42 44.23  t_f  2628.32  2700.00  max|T|=0.266
  leg  13 it  1: miss [km] 3288559.3 239412972.7  |vrel| 14.80 42.55  t_f  2638.90  2706.37  max|T|=0.168
  leg  13 it  2: miss [km] 8294337.1 219750704.8  |vrel| 15.09 40.47  t_f  2650.65  2713.54  max|T|=0.411
  leg  13 it  3: miss [km] 19107351.6 199226441.0  |vrel| 14.42 37.56  t_f  2660.76  2720.00  max|T|=0.450
  leg  13 it  4: miss [km] 29723991.8 178488165.5  |vrel| 14.06 35.02  t_f  2671.48  2726.98  max|T|=0.450
  leg  13 it  5: miss [km] 37790557.7 158234569.7  |vrel| 14.32 33.41  t_f  2682.23  2734.57  max|T|=0.450
  leg  13 it  6: miss [km] 33576634.0 141568766.8  |vrel| 15.42 34.03  t_f  2692.10  2743.38  max|T|=0.450
  leg  13 it  7: miss [km] 30803704.0 125658754.9  |vrel| 16.03 33.94  t_f  2697.75  2751.06  max|T|=0.450
  leg  13 it  8: miss [km] 27024620.2 104590940.0  |vrel| 16.38 33.24  t_f  2702.04  2760.80  max|T|=0.450
  leg  13 it  9: miss [km] 15267524.4 52579248.6  |vrel| 16.60 30.06  t_f  2705.04  2785.46  max|T|=0.450
  leg  13 it 10: miss [km] 8030322.3 27022928.2  |vrel| 16.81 30.14  t_f  2699.72  2793.77  max|T|=0.450
  leg  13 it 11: miss [km]  324167.2 1283155.2  |vrel| 17.14 31.32  t_f  2694.81  2802.44  max|T|=0.450
  leg  13 it 12: miss [km]    2135.9    1942.4  |vrel| 17.15 31.24  t_f  2695.13  2802.19  max|T|=0.450
  leg  13 it 13: miss [km]      16.9      44.8  |vrel| 17.15 31.24  t_f  2695.13  2802.19  max|T|=0.450
  !! leg 13 would exhaust propellant (m=514.0); ending tour before it
spacecraft: 1, m0 = [2000.0]
covered 13, missed 287, J = 290.0000  (sum J_i = 3.0000)
max errors: pos 1.8117e-07 km, vel 2.3700e-06 m/s, mass 4.7128e-08 kg, max |T| 0.47920 N
RESULT: PASS
DONE results/plan_E3/tour_sc6.json: flybys 13 fuel 1220.0 kg dropped [114, 202, 50, 100, 58, 14, 153, 98, 34, 267, 256, 8, 71, 225, 141, 230, 21, 214, 209, 55, 25, 218] valid=True runtime 525s
