  leg   0 it  0: miss [km]       0.0 6005307.9  |vrel| 14.30 17.64  t_f   185.00   330.00  max|T|=0.000
  leg   0 it  1: miss [km]   21583.9   39185.2  |vrel| 13.99 16.78  t_f   185.74   329.33  max|T|=0.029
  leg   0 it  2: miss [km]       9.3      33.9  |vrel| 13.99 16.77  t_f   185.76   329.35  max|T|=0.029
leg   0 frozen: ast 284 t=   185.8 d dist=   1.2 km m=1992.8 kg
  leg   1 it  0: miss [km]      33.9 20980879.2  |vrel| 16.77 21.39  t_f   329.35   610.00  max|T|=0.023
  leg   1 it  1: miss [km]    5885.8 1259316.9  |vrel| 16.61 17.42  t_f   329.72   609.43  max|T|=0.050
  leg   1 it  2: miss [km]       8.4    9545.0  |vrel| 16.61 17.31  t_f   329.71   610.24  max|T|=0.056
  leg   1 it  3: miss [km]       0.1       3.4  |vrel| 16.61 17.31  t_f   329.71   610.25  max|T|=0.057
leg   1 frozen: ast 146 t=   329.7 d dist=   0.1 km m=1982.0 kg
  leg   2 it  0: miss [km]       3.5 5534650.8  |vrel| 17.31 10.98  t_f   610.25   690.00  max|T|=0.057
  leg   2 it  1: miss [km]   90839.4 2152172.2  |vrel| 16.72  9.07  t_f   611.90   698.61  max|T|=0.068
  leg   2 it  2: miss [km]   10668.6   39388.7  |vrel| 16.79  9.60  t_f   612.40   698.54  max|T|=0.066
  leg   2 it  3: miss [km]      29.5      50.9  |vrel| 16.80  9.61  t_f   612.40   698.55  max|T|=0.066
leg   2 frozen: ast   2 t=   612.4 d dist=  20.2 km m=1952.9 kg
  leg   3 it  0: miss [km]      50.9 49669412.3  |vrel|  9.61  8.90  t_f   698.55   860.00  max|T|=0.011
  leg   3 it  1: miss [km]    2064.6 27789109.6  |vrel|  9.50  9.96  t_f   698.51   866.84  max|T|=0.300
  leg   3 it  2: miss [km]   16210.7 15207205.7  |vrel|  9.50 10.01  t_f   698.22   870.11  max|T|=0.450
  leg   3 it  3: miss [km]   66590.1 6041798.1  |vrel|  9.52 10.66  t_f   697.80   872.17  max|T|=0.450
  leg   3 it  4: miss [km]  193085.5 2693428.3  |vrel|  9.65 11.11  t_f   696.92   869.81  max|T|=0.450
  leg   3 it  5: miss [km]  151028.9 1234793.4  |vrel|  9.71 11.37  t_f   696.59   868.80  max|T|=0.450
  leg   3 it  6: miss [km]   62379.0  585786.3  |vrel|  9.73 11.48  t_f   696.57   868.68  max|T|=0.450
  leg   3 it  7: miss [km]   12780.7  434389.2  |vrel|  9.74 11.50  t_f   696.57   868.63  max|T|=0.450
  leg   3 it  8: miss [km]    4386.9  237185.8  |vrel|  9.74 11.54  t_f   696.56   868.61  max|T|=0.450
  leg   3 it  9: miss [km]    1489.2   76276.7  |vrel|  9.74 11.57  t_f   696.55   868.60  max|T|=0.450
  leg   3 it 10: miss [km]     751.2   30510.5  |vrel|  9.74 11.57  t_f   696.55   868.59  max|T|=0.450
  leg   3 it 11: miss [km]     329.9   12937.7  |vrel|  9.74 11.58  t_f   696.55   868.59  max|T|=0.450
  leg   3 it 12: miss [km]     142.0    5536.2  |vrel|  9.74 11.58  t_f   696.55   868.59  max|T|=0.450
  leg   3 it 13: miss [km]      60.9    2372.0  |vrel|  9.74 11.58  t_f   696.55   868.59  max|T|=0.450
  leg   3 it 14: miss [km]      26.1    1016.3  |vrel|  9.74 11.58  t_f   696.55   868.59  max|T|=0.450
  leg   3 it 15: miss [km]      11.2     435.4  |vrel|  9.74 11.58  t_f   696.55   868.59  max|T|=0.450
  leg   3 it 16: miss [km]       4.8     186.5  |vrel|  9.74 11.58  t_f   696.55   868.59  max|T|=0.450
leg   3 frozen: ast  97 t=   696.5 d dist=   1.2 km m=1887.9 kg
  leg   4 it  0: miss [km]     187.9 247484846.0  |vrel| 11.58 64.56  t_f   868.59  1185.00  max|T|=0.450
  leg   4 it  1: miss [km]   55159.8 226438982.9  |vrel| 11.84 65.74  t_f   867.43  1186.96  max|T|=0.450
  leg   4 it  2: miss [km]  561428.5 197615787.7  |vrel| 12.27 62.49  t_f   866.56  1189.08  max|T|=0.450
  leg   4 it  3: miss [km] 1117126.5 178634226.5  |vrel| 12.24 56.88  t_f   867.27  1190.19  max|T|=0.450
  leg   4 it  4: miss [km] 1105079.4 170736028.2  |vrel| 12.26 55.99  t_f   867.05  1191.28  max|T|=0.450
  leg   4 it  5: miss [km] 1164916.3 169433350.0  |vrel| 12.24 56.93  t_f   866.90  1192.05  max|T|=0.450
  leg   4 it  6: miss [km] 1173856.0 169855004.0  |vrel| 12.26 57.86  t_f   866.87  1192.40  max|T|=0.450
  leg   4 it  7: miss [km] 1870308.9 171252242.8  |vrel| 12.14 58.83  t_f   866.65  1192.73  max|T|=0.450
  leg   4 it  8: miss [km] 1928059.3 170992408.0  |vrel| 12.15 58.91  t_f   866.59  1192.95  max|T|=0.450
  leg   4 it  9: miss [km] 1974371.9 170586662.0  |vrel| 12.17 58.86  t_f   866.52  1193.17  max|T|=0.450
  leg   4 it 10: miss [km] 2055501.0 170465057.2  |vrel| 12.19 58.96  t_f   866.44  1193.39  max|T|=0.450
  leg   4 it 11: miss [km] 2151372.1 170370840.4  |vrel| 12.20 59.06  t_f   866.35  1193.62  max|T|=0.450
  !! window failed (miss 170370840 km): retry legs 3..5 as a 3-leg window
  leg   3 it  0: miss [km]       1.2     186.5 247484845.7  |vrel|  9.74 11.58 64.56  t_f   696.55   868.59  1185.00  max|T|=0.450
  leg   3 it  1: miss [km]   13612.8  230303.4 242223134.8  |vrel|  9.60 11.63 64.80  t_f   697.25   868.06  1185.64  max|T|=0.450
  leg   3 it  2: miss [km]   39992.5 2499933.6 232725901.0  |vrel|  9.45 11.73 64.20  t_f   698.30   867.12  1187.35  max|T|=0.450
  leg   3 it  3: miss [km]   53131.7 2891765.9 217671441.8  |vrel|  9.37 11.72 65.29  t_f   698.85   866.81  1188.33  max|T|=0.450
  leg   3 it  4: miss [km]   52855.8 2952226.3 197994436.9  |vrel|  9.35 11.73 62.79  t_f   699.05   866.66  1189.25  max|T|=0.450
  leg   3 it  5: miss [km]   52364.3 2956077.7 185524858.4  |vrel|  9.33 11.74 60.18  t_f   699.24   866.66  1190.08  max|T|=0.450
  leg   3 it  6: miss [km]   53657.6 2938969.9 182669019.5  |vrel|  9.30 11.74 61.75  t_f   699.41   866.69  1191.01  max|T|=0.450
  leg   3 it  7: miss [km]   48981.6 2882903.7 179075692.5  |vrel|  9.28 11.75 62.02  t_f   699.60   866.73  1191.71  max|T|=0.450
  leg   3 it  8: miss [km]   48207.6 2902736.0 176456908.2  |vrel|  9.25 11.75 61.76  t_f   699.81   866.79  1192.23  max|T|=0.450
  leg   3 it  9: miss [km]   48911.1 2952064.4 175815116.4  |vrel|  9.25 11.77 61.80  t_f   699.93   866.71  1192.51  max|T|=0.450
  leg   3 it 10: miss [km]   48094.9 3021853.6 175316961.7  |vrel|  9.24 11.78 61.85  t_f   700.05   866.64  1192.77  max|T|=0.450
  leg   3 it 11: miss [km]   56024.7 2790854.0 174320629.5  |vrel|  9.24 11.84 61.60  t_f   700.17   866.58  1193.00  max|T|=0.450
  !! 3-leg retry failed; back to leg 4
  !! dropping asteroid 114 (miss 170370840 km)
  leg   4 it  0: miss [km] 18421179.5 174378046.7  |vrel| 13.80 46.31  t_f   866.27  1260.00  max|T|=0.000
  leg   4 it  1: miss [km] 8889461.3 43418539.4  |vrel| 14.50 25.09  t_f   859.04  1270.65  max|T|=0.300
  leg   4 it  2: miss [km] 2075871.4 6176469.9  |vrel| 16.11 18.68  t_f   852.53  1269.87  max|T|=0.450
  leg   4 it  3: miss [km]   11700.9   71125.4  |vrel| 16.46 18.43  t_f   853.06  1268.97  max|T|=0.450
  leg   4 it  4: miss [km]       0.4      42.8  |vrel| 16.46 18.42  t_f   853.05  1268.95  max|T|=0.450
leg   4 frozen: ast 266 t=   853.1 d dist=   0.7 km m=1789.6 kg
  leg   5 it  0: miss [km]      46.7 160856497.5  |vrel| 18.42 44.25  t_f  1268.95  1405.00  max|T|=0.312
  leg   5 it  1: miss [km] 4557484.2 86535790.9  |vrel| 17.54 31.10  t_f  1280.52  1411.36  max|T|=0.450
  leg   5 it  2: miss [km] 2657350.1 41985904.7  |vrel| 17.53 23.17  t_f  1287.27  1409.64  max|T|=0.450
  leg   5 it  3: miss [km] 11393834.9 24775242.8  |vrel| 17.77 20.73  t_f  1286.71  1403.85  max|T|=0.450
  leg   5 it  4: miss [km] 1876303.5 4619213.2  |vrel| 16.26 17.11  t_f  1286.33  1402.60  max|T|=0.450
  leg   5 it  5: miss [km]   24372.1  158153.8  |vrel| 15.97 16.48  t_f  1286.09  1401.04  max|T|=0.450
  leg   5 it  6: miss [km]    6345.3   12701.7  |vrel| 15.96 16.47  t_f  1286.07  1400.96  max|T|=0.450
  leg   5 it  7: miss [km]     162.3     312.4  |vrel| 15.96 16.47  t_f  1286.07  1400.96  max|T|=0.450
  leg   5 it  8: miss [km]       2.8       5.4  |vrel| 15.96 16.47  t_f  1286.07  1400.96  max|T|=0.450
  !! dropping asteroid 158: leg would cost 323 kg vs 35 planned
  leg   5 it  0: miss [km] 248236543.8 288027559.5  |vrel| 63.47 60.00  t_f  1400.96  1575.00  max|T|=0.000
  leg   5 it  1: miss [km] 200364689.5 255476134.8  |vrel| 58.62 56.79  t_f  1404.10  1575.02  max|T|=0.300
  leg   5 it  2: miss [km] 163099020.3 223187107.6  |vrel| 54.00 51.09  t_f  1404.56  1578.38  max|T|=0.450
  leg   5 it  3: miss [km] 126125033.0 191049458.1  |vrel| 48.07 42.99  t_f  1402.31  1583.30  max|T|=0.450
  leg   5 it  4: miss [km] 99535926.6 157195166.9  |vrel| 42.02 39.55  t_f  1398.56  1590.97  max|T|=0.450
  leg   5 it  5: miss [km] 83997556.7 127679935.1  |vrel| 37.43 39.62  t_f  1394.36  1599.77  max|T|=0.450
  leg   5 it  6: miss [km] 71743285.7 106359626.7  |vrel| 34.22 41.06  t_f  1389.97  1608.19  max|T|=0.450
  leg   5 it  7: miss [km] 50667224.4 73731592.6  |vrel| 29.97 36.20  t_f  1385.30  1619.81  max|T|=0.450
  leg   5 it  8: miss [km] 41575069.4 69381459.2  |vrel| 29.32 37.19  t_f  1383.04  1628.18  max|T|=0.450
  leg   5 it  9: miss [km] 46662611.0 92452670.2  |vrel| 31.01 45.31  t_f  1382.61  1631.35  max|T|=0.450
  leg   5 it 10: miss [km] 46415871.1 95236925.9  |vrel| 31.05 46.23  t_f  1382.65  1632.93  max|T|=0.450
  leg   5 it 11: miss [km] 39535781.5 82486297.1  |vrel| 29.93 41.86  t_f  1382.50  1636.33  max|T|=0.450
  !! window failed (miss 82486297 km): retry legs 4..6 as a 3-leg window
  leg   4 it  0: miss [km]       0.7       5.4 57089289.4  |vrel| 16.46 16.47 20.02  t_f   853.05  1400.96  1575.00  max|T|=0.450
  leg   4 it  1: miss [km]      15.8 18873911.0 51827204.4  |vrel| 16.46 19.24 19.71  t_f   853.05  1411.11  1579.69  max|T|=0.450
  leg   4 it  2: miss [km]       1.2 40136236.6 80949166.0  |vrel| 16.46 22.56 20.23  t_f   853.05  1415.99  1581.35  max|T|=0.450
  leg   4 it  3: miss [km]       0.8 31775862.1 62204031.1  |vrel| 16.46 20.97 19.70  t_f   853.05  1419.91  1580.74  max|T|=0.450
  leg   4 it  4: miss [km]       0.7 7393080.5 15128169.4  |vrel| 16.46 17.16 21.47  t_f   853.05  1420.96  1581.42  max|T|=0.450
  leg   4 it  5: miss [km]       0.7  940801.1  374232.5  |vrel| 16.46 16.14 22.78  t_f   853.05  1415.91  1582.80  max|T|=0.449
  leg   4 it  6: miss [km]       0.7   14537.4   34082.2  |vrel| 16.46 16.23 22.74  t_f   853.05  1415.60  1582.95  max|T|=0.450
  leg   4 it  7: miss [km]      13.4      37.7      84.2  |vrel| 16.46 16.23 22.74  t_f   853.05  1415.60  1582.95  max|T|=0.450
  !! 3-leg window converged at leg 4
leg   4 frozen: ast 266 t=   853.1 d dist=   1.0 km m=1789.6 kg
  leg   5 it  0: miss [km]      37.7      84.2  |vrel| 16.23 22.74  t_f  1415.60  1582.95  max|T|=0.450
  !! dropping asteroid 275: leg would cost 383 kg vs 81 planned
  leg   5 it  0: miss [km] 275721763.9 306500988.0  |vrel| 62.54 62.21  t_f  1582.95  1885.00  max|T|=0.000
  leg   5 it  1: miss [km] 211536176.6 270881736.7  |vrel| 59.69 70.03  t_f  1585.26  1866.01  max|T|=0.300
  leg   5 it  2: miss [km] 156322873.8 279444013.2  |vrel| 49.64 73.83  t_f  1585.76  1853.22  max|T|=0.450
  leg   5 it  3: miss [km] 114848748.9 285193364.6  |vrel| 39.13 71.68  t_f  1583.57  1838.39  max|T|=0.450
  leg   5 it  4: miss [km] 54524456.9 173838407.0  |vrel| 24.21 29.04  t_f  1582.62  1872.10  max|T|=0.450
  leg   5 it  5: miss [km] 5477992.6 85398524.0  |vrel| 18.44 22.58  t_f  1587.98  1929.80  max|T|=0.450
  leg   5 it  6: miss [km] 2211452.7 32974208.8  |vrel| 18.21 34.86  t_f  1587.35  1935.50  max|T|=0.450
  leg   5 it  7: miss [km]   43383.6 3986552.6  |vrel| 17.98 28.91  t_f  1587.40  1931.18  max|T|=0.450
  leg   5 it  8: miss [km]     767.0   52894.5  |vrel| 17.98 28.58  t_f  1587.42  1929.96  max|T|=0.450
  leg   5 it  9: miss [km]     328.9     738.6  |vrel| 17.98 28.58  t_f  1587.42  1929.95  max|T|=0.450
  leg   5 it 10: miss [km]       0.7       1.5  |vrel| 17.98 28.58  t_f  1587.42  1929.95  max|T|=0.450
  !! dropping asteroid 157: leg would cost 596 kg vs 98 planned
  leg   5 it  0: miss [km] 268019261.6 251602823.7  |vrel| 69.08 60.86  t_f  1929.95  1970.00  max|T|=0.000
  leg   5 it  1: miss [km] 146114223.0 176084636.9  |vrel| 42.94 61.13  t_f  1939.52  1966.89  max|T|=0.300
  leg   5 it  2: miss [km] 92400651.5 105953612.1  |vrel| 38.13 51.52  t_f  1950.86  1972.43  max|T|=0.450
  leg   5 it  3: miss [km] 94282926.0 97143232.1  |vrel| 41.49 51.26  t_f  1950.73  1966.74  max|T|=0.450
  leg   5 it  4: miss [km] 86283598.8 90589731.9  |vrel| 46.87 57.26  t_f  1944.79  1959.66  max|T|=0.450
  leg   5 it  5: miss [km] 58845367.0 74950907.9  |vrel| 58.07 75.93  t_f  1937.97  1952.10  max|T|=0.450
  leg   5 it  6: miss [km] 129215342.7 143527280.2  |vrel| 46.97 55.32  t_f  1935.33  1949.27  max|T|=0.450
  leg   5 it  7: miss [km] 125037362.6 139492181.8  |vrel| 47.62 56.41  t_f  1934.24  1948.19  max|T|=0.450
  leg   5 it  8: miss [km] 112317391.3 125557773.0  |vrel| 49.24 59.09  t_f  1933.41  1947.39  max|T|=0.450
  leg   5 it  9: miss [km] 102569744.5 115198377.2  |vrel| 51.24 62.42  t_f  1932.08  1946.02  max|T|=0.450
  leg   5 it 10: miss [km] 131470463.0 136757234.5  |vrel| 71.52 14.58  t_f  1920.79  1934.16  max|T|=0.450
  leg   5 it 11: miss [km] 124468433.8 126219424.5  |vrel| 49.81 23.78  t_f  1922.36  1937.49  max|T|=0.450
  !! window failed (miss 126219425 km): retry legs 4..6 as a 3-leg window
  leg   4 it  0: miss [km]       1.0       1.5 160565487.5  |vrel| 16.46 28.58 116.58  t_f   853.05  1929.95  1970.00  max|T|=0.450
  leg   4 it  1: miss [km]       1.9 69755921.9 15099978.5  |vrel| 16.46 17.70 30.16  t_f   853.05  1945.53  1974.45  max|T|=0.449
  leg   4 it  2: miss [km]       9.9 104123394.4 211927442.1  |vrel| 16.46 46.64 85.79  t_f   853.05  1913.18  1958.83  max|T|=0.450
  leg   4 it  3: miss [km]       7.8 81662880.0 185090617.3  |vrel| 16.46 43.45 102.76  t_f   853.05  1918.75  1958.89  max|T|=0.450
  leg   4 it  4: miss [km]       6.9 159705890.4 176062082.2  |vrel| 16.46 100.35 61.23  t_f   853.05  1920.01  1960.10  max|T|=0.450
  leg   4 it  5: miss [km]       5.2 115700640.0 120764948.2  |vrel| 16.46 60.07 42.50  t_f   853.05  1930.84  1957.85  max|T|=0.450
  leg   4 it  6: miss [km]       3.6 92796688.5 92672728.8  |vrel| 16.46 28.12 29.56  t_f   853.05  1927.48  1952.26  max|T|=0.450
  leg   4 it  7: miss [km]       2.8 75168246.9 76475932.3  |vrel| 16.46 26.79 28.43  t_f   853.05  1924.70  1952.99  max|T|=0.450
  leg   4 it  8: miss [km]       1.5 48418174.8 53039942.1  |vrel| 16.46 24.65 26.38  t_f   853.05  1919.60  1954.68  max|T|=0.450
  leg   4 it  9: miss [km]       4.8 13217243.4 12224790.6  |vrel| 16.46 19.52 25.04  t_f   853.05  1907.39  1954.37  max|T|=0.450
  leg   4 it 10: miss [km]       1.9  682334.1  267201.0  |vrel| 16.46 18.19 26.29  t_f   853.05  1902.09  1953.88  max|T|=0.450
  leg   4 it 11: miss [km]      30.5   26995.9   45041.3  |vrel| 16.46 18.20 26.24  t_f   853.05  1901.71  1953.86  max|T|=0.450
  leg   4 it 12: miss [km]       1.9     415.2     587.4  |vrel| 16.46 18.20 26.23  t_f   853.05  1901.71  1953.86  max|T|=0.450
  leg   4 it 13: miss [km]       1.4       2.3       3.6  |vrel| 16.46 18.20 26.23  t_f   853.05  1901.71  1953.86  max|T|=0.450
  !! 3-leg window converged at leg 4
leg   4 frozen: ast 266 t=   853.1 d dist=   1.2 km m=1789.6 kg
  leg   5 it  0: miss [km]       2.3       3.6  |vrel| 18.20 26.23  t_f  1901.71  1953.86  max|T|=0.450
  !! dropping asteroid 242: leg would cost 733 kg vs 22 planned
  leg   5 it  0: miss [km] 241656172.2 268130928.5  |vrel| 64.49 49.98  t_f  1953.86  2160.00  max|T|=0.000
  leg   5 it  1: miss [km] 159679583.8 207566236.0  |vrel| 62.76 53.43  t_f  1924.37  2135.19  max|T|=0.300
  leg   5 it  2: miss [km] 126391395.2 160103771.2  |vrel| 55.62 44.05  t_f  1917.05  2123.73  max|T|=0.450
  leg   5 it  3: miss [km] 90925782.0 126012202.0  |vrel| 43.84 31.45  t_f  1913.07  2112.23  max|T|=0.450
  leg   5 it  4: miss [km] 62191634.3 90419080.8  |vrel| 32.48 22.89  t_f  1912.22  2101.55  max|T|=0.450
  leg   5 it  5: miss [km] 50849627.3 72982092.7  |vrel| 28.60 20.78  t_f  1909.50  2100.01  max|T|=0.450
  leg   5 it  6: miss [km] 32474724.3 38366089.2  |vrel| 24.35 14.45  t_f  1905.03  2102.00  max|T|=0.450
  leg   5 it  7: miss [km] 5239052.6 6926825.0  |vrel| 17.51  7.10  t_f  1906.74  2105.10  max|T|=0.450
  leg   5 it  8: miss [km]  775302.3  143369.6  |vrel| 16.28  8.47  t_f  1911.41  2105.12  max|T|=0.450
  leg   5 it  9: miss [km]   30698.9   12764.5  |vrel| 16.32  8.48  t_f  1911.59  2105.67  max|T|=0.450
  leg   5 it 10: miss [km]      29.3      11.4  |vrel| 16.33  8.48  t_f  1911.59  2105.68  max|T|=0.450
  !! dropping asteroid 82: leg would cost 688 kg vs 20 planned
  leg   5 it  0: miss [km] 199352896.9 253304448.0  |vrel| 55.64 48.70  t_f  2105.68  2255.00  max|T|=0.000
  leg   5 it  1: miss [km] 182898816.7 199930705.6  |vrel| 62.44 49.65  t_f  2085.53  2207.68  max|T|=0.300
  leg   5 it  2: miss [km] 65003714.5 13792767.7  |vrel| 18.45 15.20  t_f  2049.05  2158.98  max|T|=0.294
  leg   5 it  3: miss [km] 90551318.3 58081311.9  |vrel| 29.03 22.86  t_f  2075.44  2199.38  max|T|=0.450
  leg   5 it  4: miss [km] 11093901.2 18918332.2  |vrel| 14.58 13.31  t_f  2063.22  2195.51  max|T|=0.450
  leg   5 it  5: miss [km] 3730622.0 2096186.2  |vrel| 11.88 13.55  t_f  2077.94  2192.64  max|T|=0.450
  leg   5 it  6: miss [km]   91223.3   37580.4  |vrel| 12.05 13.80  t_f  2082.16  2190.53  max|T|=0.450
  leg   5 it  7: miss [km]     294.8     329.3  |vrel| 12.06 13.81  t_f  2082.11  2190.51  max|T|=0.450
  leg   5 it  8: miss [km]       0.5       0.4  |vrel| 12.06 13.81  t_f  2082.11  2190.51  max|T|=0.450
  !! dropping asteroid 193: leg would cost 706 kg vs 62 planned
  leg   5 it  0: miss [km] 225653156.6 153889750.8  |vrel| 54.85 43.32  t_f  2190.51  2365.00  max|T|=0.000
  leg   5 it  1: miss [km] 35882751.4 152130513.8  |vrel| 30.71 67.89  t_f  2130.51  2363.65  max|T|=0.282
  leg   5 it  2: miss [km] 13084192.0 109189293.8  |vrel| 24.93 48.08  t_f  2136.06  2356.77  max|T|=0.267
  leg   5 it  3: miss [km] 58039106.7 221917852.9  |vrel| 28.47 43.56  t_f  2150.82  2360.13  max|T|=0.280
  leg   5 it  4: miss [km] 37580534.0 91487217.5  |vrel| 25.63 38.34  t_f  2133.33  2356.29  max|T|=0.360
  leg   5 it  5: miss [km] 33742749.7 62872319.9  |vrel| 12.57 28.45  t_f  2140.67  2363.31  max|T|=0.373
  leg   5 it  6: miss [km] 5541827.1 17793773.2  |vrel| 13.93 26.19  t_f  2161.93  2368.23  max|T|=0.359
  leg   5 it  7: miss [km] 1066288.3 1620326.4  |vrel| 11.84 24.96  t_f  2165.72  2368.52  max|T|=0.345
  leg   5 it  8: miss [km]   13899.0   40099.6  |vrel| 11.72 24.90  t_f  2167.06  2368.76  max|T|=0.346
  leg   5 it  9: miss [km]      74.6     131.4  |vrel| 11.72 24.90  t_f  2167.09  2368.76  max|T|=0.346
  !! dropping asteroid 149: leg would cost 358 kg vs 46 planned
  leg   5 it  0: miss [km] 149915101.8 142053320.8  |vrel| 43.16 38.97  t_f  2368.76  2525.00  max|T|=0.000
  leg   5 it  1: miss [km] 50664477.5 73438000.9  |vrel| 28.30 18.41  t_f  2359.62  2505.33  max|T|=0.158
  leg   5 it  2: miss [km] 69575517.6 39250873.8  |vrel| 30.60 20.88  t_f  2364.73  2549.43  max|T|=0.067
  leg   5 it  3: miss [km] 16799787.6 11381349.4  |vrel| 24.47 11.47  t_f  2367.90  2552.20  max|T|=0.104
  leg   5 it  4: miss [km] 10070134.1 17061756.5  |vrel| 24.19 15.22  t_f  2370.14  2562.93  max|T|=0.163
  leg   5 it  5: miss [km]  396059.0  985852.0  |vrel| 23.47 11.18  t_f  2370.24  2562.58  max|T|=0.161
  leg   5 it  6: miss [km]   12953.1   31728.2  |vrel| 23.42 11.31  t_f  2370.36  2563.13  max|T|=0.166
  leg   5 it  7: miss [km]      25.8     121.9  |vrel| 23.42 11.31  t_f  2370.36  2563.13  max|T|=0.166
  !! dropping asteroid 106: leg would cost 183 kg vs 43 planned
  leg   5 it  0: miss [km] 116426760.8 124745078.2  |vrel| 40.53 11.39  t_f  2563.13  2700.00  max|T|=0.000
  leg   5 it  1: miss [km] 48436681.4 193471106.1  |vrel| 35.85 29.67  t_f  2529.72  2686.68  max|T|=0.199
  leg   5 it  2: miss [km] 14321791.6 52993442.3  |vrel| 23.85  5.26  t_f  2525.44  2675.74  max|T|=0.132
  leg   5 it  3: miss [km] 20501653.2 30741244.4  |vrel| 28.09 14.81  t_f  2539.20  2697.86  max|T|=0.188
  leg   5 it  4: miss [km] 1569388.8 1438743.9  |vrel| 23.76 10.39  t_f  2538.34  2695.12  max|T|=0.175
  leg   5 it  5: miss [km]   46491.7   62250.3  |vrel| 23.65 10.57  t_f  2539.14  2695.65  max|T|=0.177
  leg   5 it  6: miss [km]     311.1     389.4  |vrel| 23.64 10.56  t_f  2539.15  2695.65  max|T|=0.177
  leg   5 it  7: miss [km]       5.6       6.9  |vrel| 23.64 10.56  t_f  2539.15  2695.65  max|T|=0.177
  !! dropping asteroid 202: leg would cost 321 kg vs 59 planned
  leg   5 it  0: miss [km] 124523313.0 102726363.7  |vrel| 10.23 43.66  t_f  2695.65  2910.00  max|T|=0.000
  leg   5 it  1: miss [km] 60804009.5 41677463.0  |vrel| 22.38 15.39  t_f  2694.92  2916.40  max|T|=0.024
  leg   5 it  2: miss [km] 20961187.4 17142689.5  |vrel| 14.86 14.93  t_f  2712.51  2895.14  max|T|=0.062
  leg   5 it  3: miss [km] 3987537.9 2829511.3  |vrel| 13.45 16.11  t_f  2717.78  2891.48  max|T|=0.072
  leg   5 it  4: miss [km]  132912.3   99246.3  |vrel| 12.95 16.63  t_f  2718.27  2890.81  max|T|=0.074
  leg   5 it  5: miss [km]    1205.5    1865.6  |vrel| 12.93 16.64  t_f  2718.33  2890.77  max|T|=0.074
  leg   5 it  6: miss [km]       4.5      11.1  |vrel| 12.93 16.64  t_f  2718.33  2890.77  max|T|=0.074
  !! dropping asteroid 50: leg would cost 186 kg vs 28 planned
  leg   5 it  0: miss [km] 88920600.9 257206237.9  |vrel| 41.77 61.62  t_f  2890.77  3100.00  max|T|=0.000
  leg   5 it  1: miss [km] 332583638.9 259830085.8  |vrel| 44.62 50.57  t_f  2913.26  3126.15  max|T|=0.300
  leg   5 it  2: miss [km] 270276675.7 202981494.0  |vrel| 39.34 52.87  t_f  2949.89  3103.23  max|T|=0.450
  leg   5 it  3: miss [km] 270187577.3 2430146013.3  |vrel| 91.06 349.41  t_f  2984.09  3084.65  max|T|=0.450
  leg   5 it  4: miss [km] 7226741848.5 9759219798.2  |vrel| 798.86 760.14  t_f  3043.73  3084.65  max|T|=0.450
  leg   5 it  5: miss [km] 5306911869.9 7044574820.7  |vrel| 577.59 539.92  t_f  3043.73  3084.65  max|T|=0.450
  leg   5 it  6: miss [km] 3978169881.0 5682076052.6  |vrel| 465.06 465.19  t_f  3043.73  3084.65  max|T|=0.450
  leg   5 it  7: miss [km] 1869784717.3 2282136940.2  |vrel| 192.69 171.19  t_f  3043.73  3084.65  max|T|=0.450
  leg   5 it  8: miss [km] 2875979132.1 3649388869.4  |vrel| 305.35 270.96  t_f  3043.73  3084.65  max|T|=0.450
  leg   5 it  9: miss [km] 5971593648.8 8299440970.6  |vrel| 687.05 666.06  t_f  3043.73  3084.65  max|T|=0.450
  leg   5 it 10: miss [km] 6531201356.8 8925597677.8  |vrel| 757.12 718.52  t_f  3043.73  3084.65  max|T|=0.450
  leg   5 it 11: miss [km] 5520574757.5 7386695816.7  |vrel| 603.93 566.52  t_f  3043.73  3084.65  max|T|=0.450
  !! window failed (miss 7386695817 km): retry legs 4..6 as a 3-leg window
