[02:22:49] new run g0b_wt025: N 8 H 540.0 d L 360.0 d proposer segbeam commit regrid nproc 8 stop_T 1461.0
[02:22:49] [slice 0 T=0 d] propose: 8 jobs (0 craft, 8 root) on 8 workers, proposer segbeam
[02:22:49] job s00_r0 (root, craft None): T 0 d H 540 L 360; remaining 298; prize >1 on 6, tank_prev 601.5
[02:22:49] job s00_r2 (root, craft None): T 0 d H 540 L 360; remaining 298; prize >1 on 6, tank_prev 601.5
[02:22:49] job s00_r1 (root, craft None): T 0 d H 540 L 360; remaining 298; prize >1 on 6, tank_prev 601.5
[02:22:49] job s00_r3 (root, craft None): T 0 d H 540 L 360; remaining 298; prize >1 on 6, tank_prev 601.5
[02:22:49] job s00_r4 (root, craft None): T 0 d H 540 L 360; remaining 298; prize >1 on 6, tank_prev 601.5
[02:22:49] job s00_r5 (root, craft None): T 0 d H 540 L 360; remaining 298; prize >1 on 6, tank_prev 601.5
[02:22:49] job s00_r6 (root, craft None): T 0 d H 540 L 360; remaining 298; prize >1 on 6, tank_prev 601.5
[02:22:49] job s00_r7 (root, craft None): T 0 d H 540 L 360; remaining 298; prize >1 on 6, tank_prev 601.5
[02:22:51] roots: grid (340, 400] step 10 d -> 10 launch legs kept (1.7 s); launch 350-400 d, first flyby 440-490 d
[02:22:51] start: 10 root state(s), remaining 298, horizon (0, 540] + L 360 d, B 8 tries 16 k_epochs 3 price_cap 250 max_levels 14 wall 2400 s
[02:22:51] roots: grid (140, 200] step 10 d -> 10 launch legs kept (1.7 s); launch 150-200 d, first flyby 270-285 d
[02:22:51] start: 10 root state(s), remaining 298, horizon (0, 540] + L 360 d, B 8 tries 16 k_epochs 3 price_cap 250 max_levels 14 wall 2400 s
[02:22:51] roots: grid (70, 140] step 10 d -> 10 launch legs kept (1.9 s); launch 80-140 d, first flyby 95-215 d
[02:22:51] start: 10 root state(s), remaining 298, horizon (0, 540] + L 360 d, B 8 tries 16 k_epochs 3 price_cap 250 max_levels 14 wall 2400 s
[02:22:51] roots: grid (270, 340] step 10 d -> 10 launch legs kept (1.9 s); launch 280-320 d, first flyby 305-425 d
[02:22:51] start: 10 root state(s), remaining 298, horizon (0, 540] + L 360 d, B 8 tries 16 k_epochs 3 price_cap 250 max_levels 14 wall 2400 s
[02:22:51] roots: grid (200, 270] step 10 d -> 10 launch legs kept (1.9 s); launch 210-260 d, first flyby 285-310 d
[02:22:51] roots: grid (400, 470] step 10 d -> 10 launch legs kept (1.9 s); launch 410-460 d, first flyby 475-525 d
[02:22:51] start: 10 root state(s), remaining 298, horizon (0, 540] + L 360 d, B 8 tries 16 k_epochs 3 price_cap 250 max_levels 14 wall 2400 s
[02:22:51] start: 10 root state(s), remaining 298, horizon (0, 540] + L 360 d, B 8 tries 16 k_epochs 3 price_cap 250 max_levels 14 wall 2400 s
[02:22:51] roots: grid (470, 540] step 10 d -> 10 launch legs kept (1.9 s); launch 480-520 d, first flyby 570-605 d
[02:22:51] start: 10 root state(s), remaining 298, horizon (0, 540] + L 360 d, B 8 tries 16 k_epochs 3 price_cap 250 max_levels 14 wall 2400 s
[02:22:51] roots: grid (-10, 70] step 10 d -> 10 launch legs kept (2.2 s); launch 0-60 d, first flyby 70-365 d
[02:22:51] start: 10 root state(s), remaining 298, horizon (0, 540] + L 360 d, B 8 tries 16 k_epochs 3 price_cap 250 max_levels 14 wall 2400 s
[02:23:10]   price_cap: 2500 of 4929 horizon candidates priced (10 parents)
[02:23:11] depth  2: 10/10 parents -> 378 children (286 unique) -> tried 8, settled 8 (0 in H), kept 7 (4 branches); t_end 669-831 d, tank 602-609 (20 s: price 19, settle 1)
[02:23:12]   price_cap: 2500 of 7639 horizon candidates priced (10 parents)
[02:23:14]   price_cap: 2500 of 7719 horizon candidates priced (10 parents)
[02:23:15]   price_cap: 2500 of 8149 horizon candidates priced (10 parents)
[02:23:17]   price_cap: 2500 of 8468 horizon candidates priced (10 parents)
[02:23:17]   price_cap: 2500 of 8853 horizon candidates priced (10 parents)
[02:23:18] depth  2: 10/10 parents -> 732 children (670 unique) -> tried 8, settled 8 (5 in H), kept 8 (4 branches); t_end 441-605 d, tank 602-613 (27 s: price 24, settle 3)
[02:23:18] depth  2: 10/10 parents -> 945 children (818 unique) -> tried 8, settled 8 (8 in H), kept 6 (3 branches); t_end 328-533 d, tank 602-609 (27 s: price 26, settle 1)
[02:23:18]   price_cap: 2500 of 8779 horizon candidates priced (10 parents)
[02:23:18] depth  2: 10/10 parents -> 542 children (453 unique) -> tried 11, settled 8 (2 in H), kept 8 (5 branches); t_end 492-720 d, tank 603-618 (27 s: price 21, settle 6)
[02:23:19] depth  2: 10/10 parents -> 575 children (452 unique) -> tried 10, settled 8 (3 in H), kept 7 (6 branches); t_end 492-783 d, tank 603-612 (28 s: price 23, settle 5)
[02:23:19]   price_cap: 2500 of 8585 horizon candidates priced (10 parents)
[02:23:19] depth  2: 10/10 parents -> 924 children (859 unique) -> tried 8, settled 8 (8 in H), kept 8 (4 branches); t_end 268-417 d, tank 602-617 (28 s: price 26, settle 2)
[02:23:19]   price_cap: 1047 of 1154 horizon candidates priced (7 parents)
[02:23:21] depth  2: 10/10 parents -> 959 children (641 unique) -> tried 8, settled 8 (7 in H), kept 8 (5 branches); t_end 320-541 d, tank 602-606 (30 s: price 27, settle 3)
[02:23:23] depth  3: 7/7 parents -> 79 children (79 unique) -> tried 9, settled 8 (0 in H), kept 8 (4 branches); t_end 817-888 d, tank 609-625 (13 s: price 8, settle 4)
[02:23:26] depth  2: 10/10 parents -> 988 children (876 unique) -> tried 9, settled 8 (8 in H), kept 6 (4 branches); t_end 174-483 d, tank 602-620 (35 s: price 28, settle 7)
[02:23:31] depth  4: 7/8 parents -> 4 children (4 unique) -> tried 4, settled 1 (0 in H, 1 drifted out), kept 1 (1 branches); t_end 883-883 d, tank 629-629 (7 s: price 1, settle 6)
[02:23:31] depth  5: 1/1 parents -> 0 children (0 unique) -> tried 0, settled 0 (0 in H), kept 0 (0 branches) (0 s: price 0, settle 0)
[02:23:31] beam end {'kind': 'no_children', 'depth': 4, 'tried': 0}: 27 settled states, 21 settles (17 ok), wall 40 s (price 28, settle 12)
[02:23:31] RESULT s00_r7: 0 columns (n_new -, potential -), 27 states, end no_children, wall 42 s
[02:23:31]   job s00_r7 root  columns   0  levels 3  settles 17/21  end no_children  wall 41.7 s
[02:23:34]   price_cap: 1500 of 4416 horizon candidates priced (6 parents)
[02:23:35]   price_cap: 1597 of 3143 horizon candidates priced (7 parents)
[02:23:35] depth  3: 6/6 parents -> 340 children (340 unique) -> tried 8, settled 8 (2 in H), kept 7 (3 branches); t_end 526-689 d, tank 604-617 (17 s: price 16, settle 1)
[02:23:36] depth  3: 7/7 parents -> 223 children (223 unique) -> tried 8, settled 8 (0 in H), kept 8 (6 branches); t_end 609-872 d, tank 610-621 (17 s: price 16, settle 1)
[02:23:36]   price_cap: 2000 of 3831 horizon candidates priced (8 parents)
[02:23:40]   price_cap: 2000 of 5188 horizon candidates priced (8 parents)
[02:23:42] depth  3: 8/8 parents -> 215 children (215 unique) -> tried 9, settled 8 (0 in H), kept 8 (4 branches); t_end 719-841 d, tank 608-619 (24 s: price 18, settle 6)
[02:23:44]   price_cap: 2000 of 6909 horizon candidates priced (8 parents)
[02:23:45] depth  3: 8/8 parents -> 337 children (337 unique) -> tried 9, settled 8 (0 in H), kept 8 (4 branches); t_end 575-771 d, tank 605-629 (28 s: price 22, settle 6)
[02:23:46]   price_cap: 2000 of 6152 horizon candidates priced (8 parents)
[02:23:48] depth  3: 8/8 parents -> 690 children (690 unique) -> tried 9, settled 8 (6 in H), kept 8 (4 branches); t_end 424-641 d, tank 605-617 (29 s: price 25, settle 3)
[02:23:49]   price_cap: 1500 of 4794 horizon candidates priced (6 parents)
[02:23:52] depth  3: 8/8 parents -> 499 children (499 unique) -> tried 10, settled 8 (3 in H), kept 8 (5 branches); t_end 478-756 d, tank 606-616 (31 s: price 25, settle 6)
[02:23:53]   price_cap: 754 of 790 horizon candidates priced (8 parents)
[02:23:53]   price_cap: 1607 of 1952 horizon candidates priced (8 parents)
[02:23:54] depth  3: 6/6 parents -> 467 children (467 unique) -> tried 8, settled 8 (7 in H), kept 8 (4 branches); t_end 294-809 d, tank 605-627 (29 s: price 23, settle 5)
[02:23:56]   price_cap: 1750 of 3597 horizon candidates priced (7 parents)
[02:23:59] depth  4: 7/7 parents -> 275 children (275 unique) -> tried 9, settled 8 (0 in H), kept 8 (3 branches); t_end 606-833 d, tank 609-622 (24 s: price 21, settle 3)
[02:24:04] depth  4: 8/8 parents -> 142 children (142 unique) -> tried 12, settled 8 (0 in H, 1 drifted out), kept 8 (4 branches); t_end 667-888 d, tank 621-703 (28 s: price 17, settle 12)
[02:24:05] depth  4: 8/8 parents -> 39 children (39 unique) -> tried 13, settled 8 (0 in H, 2 drifted out), kept 8 (3 branches); t_end 782-897 d, tank 626-856 (23 s: price 11, settle 12)
[02:24:08]   price_cap: 1871 of 2612 horizon candidates priced (8 parents)
[02:24:12] depth  4: 8/8 parents -> 150 children (150 unique) -> tried 9, settled 8 (0 in H), kept 8 (3 branches); t_end 799-855 d, tank 605-623 (27 s: price 22, settle 4)
[02:24:13]   price_cap: 1069 of 1270 horizon candidates priced (8 parents)
[02:24:15]   price_cap: 930 of 1012 horizon candidates priced (7 parents)
[02:24:16] depth  5: 7/8 parents -> 54 children (54 unique) -> tried 9, settled 8 (0 in H, 1 drifted out), kept 8 (2 branches); t_end 734-897 d, tank 626-642 (12 s: price 10, settle 2)
[02:24:17]   price_cap: 2000 of 5753 horizon candidates priced (8 parents)
[02:24:17] depth  5: 8/8 parents -> 9 children (9 unique) -> tried 8, settled 8 (0 in H), kept 8 (3 branches); t_end 841-883 d, tank 624-654 (5 s: price 2, settle 3)
[02:24:18] depth  4: 8/8 parents -> 381 children (381 unique) -> tried 8, settled 8 (0 in H), kept 8 (4 branches); t_end 594-753 d, tank 612-621 (31 s: price 29, settle 1)
[02:24:19]   price_cap: 1964 of 3812 horizon candidates priced (8 parents)
[02:24:20] depth  4: 8/8 parents -> 285 children (285 unique) -> tried 8, settled 8 (0 in H), kept 8 (3 branches); t_end 553-834 d, tank 607-617 (29 s: price 27, settle 2)
[02:24:22] depth  5: 8/8 parents -> 85 children (85 unique) -> tried 10, settled 8 (0 in H, 1 drifted out), kept 7 (3 branches); t_end 727-899 d, tank 628-685 (22 s: price 14, settle 8)
[02:24:23] depth  6: 5/8 parents -> 16 children (16 unique) -> tried 8, settled 8 (0 in H), kept 8 (2 branches); t_end 771-896 d, tank 651-672 (6 s: price 5, settle 2)
[02:24:26]   price_cap: 1788 of 5128 horizon candidates priced (8 parents)
[02:24:26] depth  6: 8/8 parents -> 2 children (2 unique) -> tried 2, settled 0 (0 in H), kept 0 (0 branches) (9 s: price 0, settle 9)
[02:24:26] beam end {'kind': 'settle_wall', 'depth': 5, 'tried': 2}: 42 settled states, 36 settles (32 ok), wall 95 s (price 70, settle 25)
[02:24:26] RESULT s00_r4: 11 columns (n_new 1-2, potential 0-4), 42 states, end settle_wall, wall 97 s
[02:24:26]   job s00_r4 root  columns  11  levels 4  settles 32/36  end settle_wall  wall 97.1 s
[02:24:27] depth  4: 8/8 parents -> 427 children (427 unique) -> tried 8, settled 8 (4 in H), kept 8 (3 branches); t_end 366-804 d, tank 618-638 (33 s: price 31, settle 1)
[02:24:29] depth  7: 7/8 parents -> 9 children (9 unique) -> tried 8, settled 8 (0 in H), kept 8 (1 branches); t_end 808-897 d, tank 662-698 (6 s: price 4, settle 2)
[02:24:35] depth  6: 6/7 parents -> 20 children (20 unique) -> tried 9, settled 8 (0 in H), kept 8 (3 branches); t_end 827-891 d, tank 640-702 (13 s: price 5, settle 8)
[02:24:37] depth  8: 6/8 parents -> 2 children (2 unique) -> tried 2, settled 1 (0 in H), kept 1 (1 branches); t_end 890-890 d, tank 711-711 (8 s: price 3, settle 5)
[02:24:37] beam end {'kind': 'horizon', 'depth': 8}: 59 settled states, 57 settles (49 ok), wall 106 s (price 78, settle 28)
[02:24:37] RESULT s00_r5: 7 columns (n_new 1-2, potential 0-6), 59 states, end horizon, wall 108 s
[02:24:37]   job s00_r5 root  columns   7  levels 7  settles 49/57  end horizon  wall 108.1 s
[02:24:42]   price_cap: 1536 of 2427 horizon candidates priced (8 parents)
[02:24:42] depth  7: 5/8 parents -> 4 children (4 unique) -> tried 4, settled 3 (0 in H), kept 3 (2 branches); t_end 873-896 d, tank 653-768 (8 s: price 1, settle 7)
[02:24:42] depth  8: 2/3 parents -> 0 children (0 unique) -> tried 0, settled 0 (0 in H), kept 0 (0 branches) (0 s: price 0, settle 0)
[02:24:42] beam end {'kind': 'no_children', 'depth': 7, 'tried': 0}: 53 settled states, 48 settles (43 ok), wall 111 s (price 83, settle 29)
[02:24:42] RESULT s00_r3: 12 columns (n_new 1-3, potential 0-5), 53 states, end no_children, wall 113 s
[02:24:42]   job s00_r3 root  columns  12  levels 6  settles 43/48  end no_children  wall 113.3 s
[02:24:43] depth  5: 8/8 parents -> 147 children (147 unique) -> tried 8, settled 8 (0 in H), kept 8 (3 branches); t_end 636-855 d, tank 612-635 (23 s: price 21, settle 1)
[02:24:47]   price_cap: 1932 of 2888 horizon candidates priced (8 parents)
[02:24:48] depth  5: 6/8 parents -> 16 children (16 unique) -> tried 16, settled 7 (0 in H, 3 drifted out), kept 7 (1 branches); t_end 818-884 d, tank 639-1028 (44 s: price 4, settle 40)
[02:24:52]   price_cap: 1535 of 3472 horizon candidates priced (8 parents)
[02:24:53] depth  5: 8/8 parents -> 173 children (173 unique) -> tried 9, settled 8 (0 in H), kept 8 (3 branches); t_end 678-890 d, tank 618-643 (35 s: price 29, settle 6)
[02:24:56] depth  5: 8/8 parents -> 270 children (270 unique) -> tried 8, settled 8 (1 in H), kept 8 (3 branches); t_end 518-874 d, tank 622-718 (28 s: price 25, settle 4)
[02:24:59]   price_cap: 1083 of 1399 horizon candidates priced (8 parents)
[02:25:07]   price_cap: 922 of 1038 horizon candidates priced (7 parents)
[02:25:09]   price_cap: 789 of 1494 horizon candidates priced (8 parents)
[02:25:10] depth  6: 7/7 parents -> 4 children (4 unique) -> tried 4, settled 0 (0 in H), kept 0 (0 branches) (22 s: price 1, settle 21)
[02:25:10] beam end {'kind': 'settle_wall', 'depth': 5, 'tried': 4}: 41 settled states, 53 settles (31 ok), wall 139 s (price 56, settle 84)
[02:25:10] RESULT s00_r6: 7 columns (n_new 1-2, potential 0-3), 41 states, end settle_wall, wall 141 s
[02:25:10]   job s00_r6 root  columns   7  levels 4  settles 31/53  end settle_wall  wall 141.4 s
[02:25:13] depth  6: 7/8 parents -> 37 children (37 unique) -> tried 10, settled 8 (0 in H, 2 drifted out), kept 7 (3 branches); t_end 818-898 d, tank 632-670 (20 s: price 14, settle 6)
[02:25:15] depth  6: 8/8 parents -> 64 children (64 unique) -> tried 13, settled 8 (0 in H, 2 drifted out), kept 8 (3 branches); t_end 751-900 d, tank 627-885 (32 s: price 16, settle 17)
[02:25:16] depth  6: 8/8 parents -> 97 children (97 unique) -> tried 9, settled 8 (0 in H), kept 8 (2 branches); t_end 556-890 d, tank 627-672 (20 s: price 13, settle 7)
[02:25:18] depth  7: 4/7 parents -> 1 children (1 unique) -> tried 1, settled 0 (0 in H), kept 0 (0 branches) (5 s: price 1, settle 4)
[02:25:18] beam end {'kind': 'settle_wall', 'depth': 6, 'tried': 1}: 50 settled states, 45 settles (40 ok), wall 147 s (price 124, settle 23)
[02:25:18] RESULT s00_r1: 20 columns (n_new 1-3, potential 0-3), 50 states, end settle_wall, wall 149 s
[02:25:18]   job s00_r1 root  columns  20  levels 5  settles 40/45  end settle_wall  wall 149.3 s
[02:25:28]   price_cap: 770 of 1078 horizon candidates priced (7 parents)
[02:25:30] depth  7: 7/8 parents -> 68 children (68 unique) -> tried 8, settled 8 (0 in H), kept 8 (2 branches); t_end 655-883 d, tank 635-693 (14 s: price 12, settle 2)
[02:25:48]   price_cap: 1080 of 1178 horizon candidates priced (8 parents)
[02:25:49] depth  8: 8/8 parents -> 76 children (76 unique) -> tried 8, settled 8 (0 in H), kept 8 (1 branches); t_end 836-883 d, tank 641-657 (19 s: price 18, settle 1)
[02:25:55] depth  9: 8/8 parents -> 3 children (3 unique) -> tried 3, settled 2 (0 in H), kept 2 (1 branches); t_end 857-870 d, tank 674-691 (6 s: price 0, settle 5)
[02:25:55] depth 10: 2/2 parents -> 0 children (0 unique) -> tried 0, settled 0 (0 in H), kept 0 (0 branches) (0 s: price 0, settle 0)
[02:25:55] beam end {'kind': 'no_children', 'depth': 9, 'tried': 0}: 68 settled states, 61 settles (58 ok), wall 184 s (price 151, settle 33)
[02:25:55] RESULT s00_r0: 22 columns (n_new 1-5, potential 0-4), 68 states, end no_children, wall 186 s
[02:25:55]   job s00_r0 root  columns  22  levels 8  settles 58/61  end no_children  wall 186.2 s
[02:26:39] depth  7: 5/8 parents -> 16 children (16 unique) -> tried 16, settled 2 (0 in H), kept 2 (1 branches); t_end 881-884 d, tank 640-680 (83 s: price 3, settle 80)
[02:26:39] depth  8: 2/2 parents -> 0 children (0 unique) -> tried 0, settled 0 (0 in H), kept 0 (0 branches) (0 s: price 0, settle 0)
[02:26:39] beam end {'kind': 'no_children', 'depth': 7, 'tried': 0}: 52 settled states, 63 settles (42 ok), wall 228 s (price 118, settle 109)
[02:26:39] RESULT s00_r2: 14 columns (n_new 1-3, potential 0-5), 52 states, end no_children, wall 230 s
[02:26:39]   job s00_r2 root  columns  14  levels 6  settles 42/63  end no_children  wall 229.7 s
[02:26:39] [slice 0] propose: 93 columns (0 bad dropped) in 229.7 s
[02:26:39] [slice 0] auction: 93 columns, kept 93, dropped {}
[02:26:39] [slice 0] auction: status optimal objective 33.246 vars 93 rows 36 chosen 8 (0.007 s)
[02:26:39] [slice 0 T=0 d] launched 8/8  covered 24  remaining 274  fuel 98 kg  sumJi 8.0710  chosen: r->c0:5(+24) r->c1:4(+29) r->c2:3(+12) r->c3:3(+11) r->c4:3(+4) r->c5:2(+0) r->c6:2(+0) r->c7:2(+5)  rejected: -  (wall 230 s)
[02:26:39] [slice 1 T=540 d] propose: 8 jobs (8 craft, 0 root) on 8 workers, proposer segbeam
[02:26:39] job s01_c3 (craft, craft 3): T 540 d H 540 L 360; remaining 274; prize >1 on 18, tank_prev 612.9
[02:26:39] job s01_c0 (craft, craft 0): T 540 d H 540 L 360; remaining 274; prize >1 on 18, tank_prev 625.1
[02:26:39] job s01_c2 (craft, craft 2): T 540 d H 540 L 360; remaining 274; prize >1 on 18, tank_prev 613.8
[02:26:39] job s01_c1 (craft, craft 1): T 540 d H 540 L 360; remaining 274; prize >1 on 18, tank_prev 630.4
[02:26:39] job s01_c4 (craft, craft 4): T 540 d H 540 L 360; remaining 274; prize >1 on 18, tank_prev 605.5
[02:26:39] job s01_c5 (craft, craft 5): T 540 d H 540 L 360; remaining 274; prize >1 on 18, tank_prev 601.5
[02:26:39] job s01_c7 (craft, craft 7): T 540 d H 540 L 360; remaining 274; prize >1 on 18, tank_prev 607.0
[02:26:39] job s01_c6 (craft, craft 6): T 540 d H 540 L 360; remaining 274; prize >1 on 18, tank_prev 601.8
[02:26:39] prefix slices/s01/in/craft_7.npz: 2 flybys, t_end 491.9 d, tank 607.0 kg (planner view), miss 0.0 km, nreg 7
[02:26:39] start: 1 craft state(s), remaining 274, horizon (540, 1080] + L 360 d, B 8 tries 16 k_epochs 3 price_cap 250 max_levels 14 wall 2400 s
[02:26:39] prefix slices/s01/in/craft_5.npz: 2 flybys, t_end 467.6 d, tank 601.5 kg (planner view), miss 0.1 km, nreg 17
[02:26:39] prefix slices/s01/in/craft_6.npz: 2 flybys, t_end 527.7 d, tank 601.8 kg (planner view), miss 0.0 km, nreg 16
[02:26:39] start: 1 craft state(s), remaining 274, horizon (540, 1080] + L 360 d, B 8 tries 16 k_epochs 3 price_cap 250 max_levels 14 wall 2400 s
[02:26:39] start: 1 craft state(s), remaining 274, horizon (540, 1080] + L 360 d, B 8 tries 16 k_epochs 3 price_cap 250 max_levels 14 wall 2400 s
[02:26:39] prefix slices/s01/in/craft_3.npz: 3 flybys, t_end 443.0 d, tank 612.9 kg (planner view), miss 0.0 km, nreg 18
[02:26:39] prefix slices/s01/in/craft_4.npz: 3 flybys, t_end 523.7 d, tank 605.5 kg (planner view), miss 0.0 km, nreg 20
[02:26:39] start: 1 craft state(s), remaining 274, horizon (540, 1080] + L 360 d, B 8 tries 16 k_epochs 3 price_cap 250 max_levels 14 wall 2400 s
[02:26:39] prefix slices/s01/in/craft_2.npz: 3 flybys, t_end 464.9 d, tank 613.8 kg (planner view), miss 33.6 km, nreg 21
[02:26:39] start: 1 craft state(s), remaining 274, horizon (540, 1080] + L 360 d, B 8 tries 16 k_epochs 3 price_cap 250 max_levels 14 wall 2400 s
[02:26:39] start: 1 craft state(s), remaining 274, horizon (540, 1080] + L 360 d, B 8 tries 16 k_epochs 3 price_cap 250 max_levels 14 wall 2400 s
[02:26:39] prefix slices/s01/in/craft_0.npz: 5 flybys, t_end 518.3 d, tank 625.1 kg (planner view), miss 14.0 km, nreg 27
[02:26:39] prefix slices/s01/in/craft_1.npz: 4 flybys, t_end 497.9 d, tank 630.4 kg (planner view), miss 0.4 km, nreg 26
[02:26:39] start: 1 craft state(s), remaining 274, horizon (540, 1080] + L 360 d, B 8 tries 16 k_epochs 3 price_cap 250 max_levels 14 wall 2400 s
[02:26:39] start: 1 craft state(s), remaining 274, horizon (540, 1080] + L 360 d, B 8 tries 16 k_epochs 3 price_cap 250 max_levels 14 wall 2400 s
[02:26:42]   price_cap: 250 of 820 horizon candidates priced (1 parents)
[02:26:42]   price_cap: 250 of 809 horizon candidates priced (1 parents)
[02:26:42]   price_cap: 250 of 815 horizon candidates priced (1 parents)
[02:26:43]   price_cap: 250 of 818 horizon candidates priced (1 parents)
[02:26:43]   price_cap: 250 of 819 horizon candidates priced (1 parents)
[02:26:43]   price_cap: 250 of 820 horizon candidates priced (1 parents)
[02:26:43]   price_cap: 250 of 822 horizon candidates priced (1 parents)
[02:26:44]   price_cap: 250 of 802 horizon candidates priced (1 parents)
[02:26:44] depth  2: 1/1 parents -> 88 children (88 unique) -> tried 8, settled 8 (8 in H), kept 8 (8 branches); t_end 605-1023 d, tank 614-721 (5 s: price 3, settle 2)
[02:26:45] depth  2: 1/1 parents -> 82 children (82 unique) -> tried 8, settled 8 (8 in H), kept 8 (8 branches); t_end 574-1029 d, tank 605-646 (6 s: price 3, settle 2)
[02:26:45] depth  2: 1/1 parents -> 66 children (66 unique) -> tried 8, settled 8 (8 in H), kept 8 (7 branches); t_end 598-1033 d, tank 604-667 (7 s: price 3, settle 4)
[02:26:46] depth  2: 1/1 parents -> 72 children (72 unique) -> tried 8, settled 8 (8 in H), kept 8 (8 branches); t_end 682-848 d, tank 634-685 (8 s: price 5, settle 3)
[02:26:48] depth  2: 1/1 parents -> 83 children (83 unique) -> tried 8, settled 8 (8 in H), kept 8 (8 branches); t_end 557-920 d, tank 620-739 (9 s: price 4, settle 5)
[02:26:48] depth  2: 1/1 parents -> 96 children (96 unique) -> tried 8, settled 8 (8 in H), kept 7 (7 branches); t_end 556-932 d, tank 627-679 (9 s: price 5, settle 5)
[02:26:48] depth  2: 1/1 parents -> 84 children (84 unique) -> tried 8, settled 8 (8 in H), kept 8 (7 branches); t_end 677-1016 d, tank 608-681 (9 s: price 4, settle 5)
[02:26:49] depth  2: 1/1 parents -> 95 children (95 unique) -> tried 8, settled 8 (8 in H), kept 8 (7 branches); t_end 580-1028 d, tank 614-693 (10 s: price 4, settle 6)
[02:27:15]   price_cap: 2000 of 6299 horizon candidates priced (8 parents)
[02:27:19] depth  3: 8/8 parents -> 645 children (645 unique) -> tried 8, settled 8 (7 in H), kept 8 (6 branches); t_end 943-1146 d, tank 627-825 (35 s: price 32, settle 4)
[02:27:22]   price_cap: 2000 of 5823 horizon candidates priced (8 parents)
[02:27:23]   price_cap: 2000 of 6102 horizon candidates priced (8 parents)
[02:27:25] depth  3: 8/8 parents -> 520 children (520 unique) -> tried 9, settled 8 (6 in H, 1 drifted out), kept 8 (4 branches); t_end 923-1169 d, tank 612-637 (40 s: price 37, settle 3)
[02:27:27]   price_cap: 1750 of 5646 horizon candidates priced (7 parents)
[02:27:28]   price_cap: 2000 of 6475 horizon candidates priced (8 parents)
[02:27:29] depth  3: 8/8 parents -> 589 children (589 unique) -> tried 8, settled 8 (7 in H), kept 8 (6 branches); t_end 924-1438 d, tank 614-680 (44 s: price 38, settle 6)
[02:27:30]   price_cap: 2000 of 6171 horizon candidates priced (8 parents)
[02:27:30]   price_cap: 2000 of 6292 horizon candidates priced (8 parents)
[02:27:35]   price_cap: 2000 of 6326 horizon candidates priced (8 parents)
[02:27:36] depth  3: 8/8 parents -> 680 children (678 unique) -> tried 8, settled 8 (7 in H), kept 8 (3 branches); t_end 938-1173 d, tank 621-762 (48 s: price 42, settle 6)
[02:27:38] depth  3: 7/7 parents -> 608 children (608 unique) -> tried 8, settled 8 (7 in H), kept 8 (4 branches); t_end 847-1436 d, tank 665-749 (50 s: price 39, settle 11)
[02:27:38] depth  3: 8/8 parents -> 699 children (671 unique) -> tried 8, settled 8 (4 in H), kept 8 (5 branches); t_end 858-1440 d, tank 628-715 (50 s: price 42, settle 8)
[02:27:42] depth  3: 8/8 parents -> 667 children (667 unique) -> tried 8, settled 8 (7 in H), kept 8 (3 branches); t_end 850-1081 d, tank 635-740 (56 s: price 49, settle 7)
[02:27:43] depth  3: 8/8 parents -> 729 children (729 unique) -> tried 10, settled 8 (7 in H), kept 8 (6 branches); t_end 826-1138 d, tank 645-681 (55 s: price 40, settle 15)
[02:27:55]   price_cap: 2000 of 5369 horizon candidates priced (8 parents)
[02:28:02] depth  4: 8/8 parents -> 410 children (410 unique) -> tried 9, settled 8 (0 in H, 1 drifted out), kept 8 (4 branches); t_end 1080-1313 d, tank 629-812 (43 s: price 36, settle 7)
[02:28:04]   price_cap: 2000 of 4690 horizon candidates priced (8 parents)
[02:28:06]   price_cap: 1750 of 5121 horizon candidates priced (7 parents)
[02:28:13]   price_cap: 1500 of 3676 horizon candidates priced (6 parents)
[02:28:13] depth  4: 7/8 parents -> 433 children (433 unique) -> tried 8, settled 8 (3 in H), kept 8 (4 branches); t_end 1005-1404 d, tank 626-702 (44 s: price 37, settle 7)
[02:28:14] depth  4: 8/8 parents -> 333 children (333 unique) -> tried 11, settled 8 (2 in H, 2 drifted out), kept 8 (4 branches); t_end 1045-1388 d, tank 614-649 (48 s: price 39, settle 10)
[02:28:16] depth  4: 6/8 parents -> 331 children (330 unique) -> tried 8, settled 8 (1 in H), kept 8 (3 branches); t_end 1013-1230 d, tank 635-711 (38 s: price 34, settle 4)
[02:28:22]   price_cap: 2000 of 4798 horizon candidates priced (8 parents)
[02:28:22]   price_cap: 1750 of 5502 horizon candidates priced (7 parents)
[02:28:28]   price_cap: 2000 of 5826 horizon candidates priced (8 parents)
[02:28:32] depth  4: 8/8 parents -> 464 children (460 unique) -> tried 10, settled 8 (4 in H, 2 drifted out), kept 8 (3 branches); t_end 1007-1309 d, tank 648-737 (57 s: price 46, settle 11)
[02:28:34]   price_cap: 2000 of 5349 horizon candidates priced (8 parents)
[02:28:35] depth  4: 7/8 parents -> 462 children (462 unique) -> tried 8, settled 8 (5 in H), kept 7 (3 branches); t_end 976-1437 d, tank 680-744 (57 s: price 44, settle 13)
[02:28:38]   price_cap: 1853 of 3045 horizon candidates priced (8 parents)
[02:28:39] depth  4: 8/8 parents -> 543 children (540 unique) -> tried 9, settled 8 (3 in H), kept 8 (3 branches); t_end 960-1174 d, tank 648-686 (56 s: price 45, settle 10)
[02:28:40] depth  4: 8/8 parents -> 523 children (523 unique) -> tried 8, settled 8 (3 in H), kept 8 (3 branches); t_end 1033-1284 d, tank 651-713 (58 s: price 51, settle 6)
[02:28:40]   price_cap: 1312 of 1880 horizon candidates priced (8 parents)
[02:28:44] depth  5: 8/8 parents -> 104 children (104 unique) -> tried 8, settled 8 (0 in H), kept 8 (4 branches); t_end 1121-1432 d, tank 635-665 (30 s: price 27, settle 3)
[02:28:49]   price_cap: 1643 of 3458 horizon candidates priced (8 parents)
[02:28:52] depth  5: 8/8 parents -> 200 children (200 unique) -> tried 10, settled 8 (0 in H), kept 8 (4 branches); t_end 1279-1394 d, tank 633-802 (50 s: price 36, settle 14)
[02:28:56] depth  5: 8/8 parents -> 233 children (233 unique) -> tried 9, settled 8 (0 in H, 1 drifted out), kept 8 (3 branches); t_end 1101-1437 d, tank 653-797 (43 s: price 36, settle 7)
[02:29:01]   price_cap: 1000 of 3003 horizon candidates priced (4 parents)
[02:29:03]   price_cap: 2000 of 2962 horizon candidates priced (8 parents)
[02:29:04]   price_cap: 977 of 1202 horizon candidates priced (7 parents)
[02:29:12] depth  6: 7/8 parents -> 64 children (64 unique) -> tried 9, settled 8 (0 in H, 1 drifted out), kept 8 (3 branches); t_end 1217-1432 d, tank 643-673 (29 s: price 20, settle 9)
[02:29:13] depth  5: 4/7 parents -> 152 children (152 unique) -> tried 8, settled 8 (1 in H), kept 8 (3 branches); t_end 1047-1241 d, tank 726-806 (38 s: price 26, settle 12)
[02:29:14]   price_cap: 1765 of 3157 horizon candidates priced (8 parents)
[02:29:14] depth  5: 8/8 parents -> 190 children (190 unique) -> tried 9, settled 8 (0 in H), kept 8 (3 branches); t_end 1096-1430 d, tank 639-757 (58 s: price 46, settle 11)
[02:29:18] depth  6: 8/8 parents -> 22 children (22 unique) -> tried 9, settled 8 (0 in H), kept 8 (4 branches); t_end 1339-1412 d, tank 644-820 (26 s: price 11, settle 15)
[02:29:23]   price_cap: 510 of 558 horizon candidates priced (7 parents)
[02:29:26]   price_cap: 2000 of 4266 horizon candidates priced (8 parents)
[02:29:27]   price_cap: 1774 of 2956 horizon candidates priced (8 parents)
[02:29:28] depth  5: 8/8 parents -> 264 children (264 unique) -> tried 11, settled 8 (0 in H, 3 drifted out), kept 7 (3 branches); t_end 1105-1438 d, tank 663-702 (55 s: price 41, settle 14)
[02:29:29]   price_cap: 1474 of 2043 horizon candidates priced (7 parents)
[02:29:34] depth  7: 8/8 parents -> 5 children (4 unique) -> tried 4, settled 2 (0 in H), kept 2 (2 branches); t_end 1397-1397 d, tank 648-659 (16 s: price 3, settle 13)
[02:29:34] depth  8: 2/2 parents -> 0 children (0 unique) -> tried 0, settled 0 (0 in H), kept 0 (0 branches) (0 s: price 0, settle 0)
[02:29:34] beam end {'kind': 'no_children', 'depth': 7, 'tried': 0}: 43 settled states, 48 settles (42 ok), wall 175 s (price 120, settle 55)
[02:29:34] RESULT s01_c7: 15 columns (n_new 1-2, potential 0-4), 43 states, end no_children, wall 175 s
[02:29:34]   job s01_c7 craft columns  15  levels 6  settles 42/48  end no_children  wall 174.8 s
[02:29:34] depth  5: 8/8 parents -> 229 children (229 unique) -> tried 8, settled 8 (0 in H), kept 8 (3 branches); t_end 1190-1395 d, tank 658-729 (54 s: price 47, settle 7)
[02:29:37]   price_cap: 908 of 1119 horizon candidates priced (7 parents)
[02:29:38] depth  6: 7/8 parents -> 81 children (81 unique) -> tried 9, settled 8 (0 in H, 1 drifted out), kept 8 (3 branches); t_end 1296-1436 d, tank 682-705 (42 s: price 34, settle 9)
[02:29:39]   price_cap: 471 of 587 horizon candidates priced (5 parents)
[02:29:41] depth  6: 7/8 parents -> 59 children (59 unique) -> tried 8, settled 8 (0 in H), kept 8 (3 branches); t_end 1313-1430 d, tank 643-720 (26 s: price 23, settle 4)
[02:29:48] depth  5: 8/8 parents -> 252 children (252 unique) -> tried 10, settled 8 (1 in H), kept 8 (3 branches); t_end 1057-1429 d, tank 662-705 (70 s: price 47, settle 22)
[02:29:54] depth  6: 5/7 parents -> 56 children (56 unique) -> tried 9, settled 8 (0 in H, 1 drifted out), kept 8 (2 branches); t_end 1327-1437 d, tank 680-742 (26 s: price 12, settle 15)
[02:29:56] depth  7: 7/8 parents -> 3 children (3 unique) -> tried 3, settled 2 (0 in H), kept 2 (2 branches); t_end 1399-1401 d, tank 681-763 (16 s: price 4, settle 12)
[02:29:56] depth  8: 2/2 parents -> 0 children (0 unique) -> tried 0, settled 0 (0 in H), kept 0 (0 branches) (0 s: price 0, settle 0)
[02:29:56] beam end {'kind': 'no_children', 'depth': 7, 'tried': 0}: 43 settled states, 44 settles (42 ok), wall 198 s (price 153, settle 45)
[02:29:56] RESULT s01_c2: 11 columns (n_new 1-3, potential 0-5), 43 states, end no_children, wall 198 s
[02:29:56]   job s01_c2 craft columns  11  levels 6  settles 42/44  end no_children  wall 197.6 s
[02:29:57] depth  7: 7/8 parents -> 32 children (32 unique) -> tried 15, settled 8 (0 in H, 4 drifted out), kept 7 (1 branches); t_end 1285-1407 d, tank 680-714 (44 s: price 11, settle 33)
[02:30:02]   price_cap: 1053 of 1098 horizon candidates priced (8 parents)
[02:30:05] depth  7: 7/8 parents -> 5 children (5 unique) -> tried 5, settled 5 (0 in H), kept 5 (1 branches); t_end 1386-1413 d, tank 696-739 (11 s: price 4, settle 7)
[02:30:05] depth  8: 5/5 parents -> 0 children (0 unique) -> tried 0, settled 0 (0 in H), kept 0 (0 branches) (0 s: price 0, settle 0)
[02:30:05] beam end {'kind': 'no_children', 'depth': 7, 'tried': 0}: 46 settled states, 51 settles (45 ok), wall 206 s (price 149, settle 57)
[02:30:05] RESULT s01_c4: 17 columns (n_new 1-3, potential 0-3), 46 states, end no_children, wall 206 s
[02:30:05]   job s01_c4 craft columns  17  levels 6  settles 45/51  end no_children  wall 206.0 s
[02:30:06]   price_cap: 1942 of 4014 horizon candidates priced (8 parents)
[02:30:11] depth  7: 6/8 parents -> 13 children (13 unique) -> tried 10, settled 8 (0 in H, 1 drifted out), kept 8 (3 branches); t_end 1372-1437 d, tank 701-762 (32 s: price 13, settle 19)
[02:30:11] depth  8: 4/8 parents -> 0 children (0 unique) -> tried 0, settled 0 (0 in H), kept 0 (0 branches) (0 s: price 0, settle 0)
[02:30:11] beam end {'kind': 'no_children', 'depth': 7, 'tried': 0}: 49 settled states, 52 settles (48 ok), wall 212 s (price 162, settle 51)
[02:30:11] RESULT s01_c5: 18 columns (n_new 1-3, potential 0-3), 49 states, end no_children, wall 212 s
[02:30:11]   job s01_c5 craft columns  18  levels 6  settles 48/52  end no_children  wall 212.5 s
[02:30:14]   price_cap: 1083 of 1781 horizon candidates priced (7 parents)
[02:30:20] depth  6: 8/8 parents -> 180 children (180 unique) -> tried 8, settled 8 (0 in H), kept 8 (3 branches); t_end 1147-1433 d, tank 734-810 (66 s: price 52, settle 14)
[02:30:24] depth  6: 7/8 parents -> 70 children (70 unique) -> tried 9, settled 8 (0 in H, 1 drifted out), kept 8 (3 branches); t_end 1130-1437 d, tank 672-703 (36 s: price 26, settle 10)
[02:30:29] depth  8: 7/7 parents -> 18 children (18 unique) -> tried 12, settled 8 (0 in H, 2 drifted out), kept 8 (1 branches); t_end 1307-1422 d, tank 707-856 (32 s: price 10, settle 23)
[02:30:41] depth  6: 8/8 parents -> 79 children (79 unique) -> tried 14, settled 8 (0 in H, 3 drifted out), kept 8 (3 branches); t_end 1300-1429 d, tank 676-749 (66 s: price 28, settle 38)
[02:30:45]   price_cap: 844 of 1302 horizon candidates priced (7 parents)
[02:30:46]   price_cap: 940 of 1184 horizon candidates priced (7 parents)
[02:30:49] depth  9: 8/8 parents -> 3 children (3 unique) -> tried 3, settled 0 (0 in H), kept 0 (0 branches) (20 s: price 2, settle 18)
[02:30:49] beam end {'kind': 'settle_wall', 'depth': 8, 'tried': 3}: 57 settled states, 75 settles (56 ok), wall 250 s (price 149, settle 102)
[02:30:49] RESULT s01_c6: 15 columns (n_new 1-3, potential 0-4), 57 states, end settle_wall, wall 250 s
[02:30:49]   job s01_c6 craft columns  15  levels 7  settles 56/75  end settle_wall  wall 250.2 s
[02:30:56] depth  7: 7/8 parents -> 28 children (28 unique) -> tried 8, settled 8 (0 in H), kept 8 (1 branches); t_end 1209-1419 d, tank 706-803 (32 s: price 21, settle 11)
[02:31:00] depth  7: 7/8 parents -> 37 children (37 unique) -> tried 8, settled 8 (0 in H), kept 8 (3 branches); t_end 1309-1436 d, tank 766-886 (41 s: price 26, settle 15)
[02:31:06] depth  7: 7/8 parents -> 11 children (11 unique) -> tried 10, settled 8 (0 in H, 1 drifted out), kept 8 (2 branches); t_end 1382-1435 d, tank 697-795 (26 s: price 8, settle 17)
[02:31:09] depth  8: 6/8 parents -> 2 children (2 unique) -> tried 2, settled 2 (0 in H), kept 2 (2 branches); t_end 1420-1432 d, tank 717-823 (2 s: price 1, settle 2)
[02:31:09] depth  9: 1/2 parents -> 0 children (0 unique) -> tried 0, settled 0 (0 in H), kept 0 (0 branches) (0 s: price 0, settle 0)
[02:31:09] beam end {'kind': 'no_children', 'depth': 8, 'tried': 0}: 51 settled states, 58 settles (50 ok), wall 270 s (price 190, settle 80)
[02:31:09] RESULT s01_c1: 17 columns (n_new 1-3, potential 0-4), 51 states, end no_children, wall 270 s
[02:31:09]   job s01_c1 craft columns  17  levels 7  settles 50/58  end no_children  wall 269.9 s
[02:31:13]   price_cap: 664 of 758 horizon candidates priced (8 parents)
[02:31:32] depth  8: 6/8 parents -> 2 children (2 unique) -> tried 2, settled 0 (0 in H), kept 0 (0 branches) (31 s: price 13, settle 18)
[02:31:32] beam end {'kind': 'settle_wall', 'depth': 7, 'tried': 2}: 49 settled states, 50 settles (48 ok), wall 293 s (price 205, settle 88)
[02:31:32] RESULT s01_c0: 19 columns (n_new 1-4, potential 0-3), 49 states, end settle_wall, wall 293 s
[02:31:32]   job s01_c0 craft columns  19  levels 6  settles 48/50  end settle_wall  wall 293.0 s
[02:31:41] depth  8: 8/8 parents -> 15 children (15 unique) -> tried 11, settled 8 (0 in H, 2 drifted out), kept 8 (1 branches); t_end 1325-1420 d, tank 735-933 (45 s: price 17, settle 28)
[02:31:50] depth  9: 8/8 parents -> 3 children (3 unique) -> tried 3, settled 2 (0 in H, 1 drifted out), kept 2 (1 branches); t_end 1420-1422 d, tank 764-792 (9 s: price 4, settle 4)
[02:31:50] depth 10: 2/2 parents -> 0 children (0 unique) -> tried 0, settled 0 (0 in H), kept 0 (0 branches) (0 s: price 0, settle 0)
[02:31:50] beam end {'kind': 'no_children', 'depth': 9, 'tried': 0}: 59 settled states, 68 settles (58 ok), wall 311 s (price 206, settle 105)
[02:31:50] RESULT s01_c3: 19 columns (n_new 1-4, potential 0-4), 59 states, end no_children, wall 311 s
[02:31:50]   job s01_c3 craft columns  19  levels 8  settles 58/68  end no_children  wall 311.0 s
[02:31:50] [slice 1] propose: 131 columns (0 bad dropped) in 311.0 s
[02:31:50] [slice 1] auction: 131 columns, kept 131, dropped {}
[02:31:50] [slice 1] auction: status optimal objective 28.890 vars 131 rows 42 chosen 8 (0.007 s)
[02:31:50] [slice 1 T=540 d] launched 8/8  covered 43  remaining 255  fuel 504 kg  sumJi 8.3827  chosen: c0:1(+9) c1:3(+22) c2:1(+6) c3:4(+76) c4:3(+88) c5:2(+26) c6:3(+39) c7:2(+139)  rejected: -  (wall 311 s)
[02:31:50] [slice 2 T=1080 d] propose: 8 jobs (8 craft, 0 root) on 8 workers, proposer segbeam
[02:31:50] job s02_c0 (craft, craft 0): T 1080 d H 540 L 360; remaining 255; prize >1 on 26, tank_prev 634.2
[02:31:50] job s02_c1 (craft, craft 1): T 1080 d H 540 L 360; remaining 255; prize >1 on 26, tank_prev 652.5
[02:31:50] job s02_c3 (craft, craft 3): T 1080 d H 540 L 360; remaining 255; prize >1 on 26, tank_prev 688.8
[02:31:50] job s02_c2 (craft, craft 2): T 1080 d H 540 L 360; remaining 255; prize >1 on 26, tank_prev 619.6
[02:31:50] job s02_c4 (craft, craft 4): T 1080 d H 540 L 360; remaining 255; prize >1 on 26, tank_prev 693.3
[02:31:50] job s02_c5 (craft, craft 5): T 1080 d H 540 L 360; remaining 255; prize >1 on 26, tank_prev 627.6
[02:31:50] job s02_c6 (craft, craft 6): T 1080 d H 540 L 360; remaining 255; prize >1 on 26, tank_prev 641.2
[02:31:50] job s02_c7 (craft, craft 7): T 1080 d H 540 L 360; remaining 255; prize >1 on 26, tank_prev 746.5
[02:31:50] prefix slices/s02/in/craft_2.npz: 4 flybys, t_end 604.8 d, tank 619.6 kg (planner view), miss 0.1 km, nreg 28
[02:31:50] start: 1 craft state(s), remaining 255, horizon (1080, 1620] + L 360 d, B 8 tries 16 k_epochs 3 price_cap 250 max_levels 14 wall 2400 s
[02:31:50] prefix slices/s02/in/craft_0.npz: 6 flybys, t_end 556.4 d, tank 634.2 kg (planner view), miss 0.1 km, nreg 29
[02:31:50] start: 1 craft state(s), remaining 255, horizon (1080, 1620] + L 360 d, B 8 tries 16 k_epochs 3 price_cap 250 max_levels 14 wall 2400 s
[02:31:50] prefix slices/s02/in/craft_7.npz: 4 flybys, t_end 943.0 d, tank 746.5 kg (planner view), miss 1.8 km, nreg 32
[02:31:50] start: 1 craft state(s), remaining 255, horizon (1080, 1620] + L 360 d, B 8 tries 16 k_epochs 3 price_cap 250 max_levels 14 wall 2400 s
[02:31:50] prefix slices/s02/in/craft_5.npz: 4 flybys, t_end 942.0 d, tank 627.6 kg (planner view), miss 0.3 km, nreg 41
[02:31:50] prefix slices/s02/in/craft_6.npz: 5 flybys, t_end 1068.0 d, tank 641.2 kg (planner view), miss 0.6 km, nreg 43
[02:31:50] start: 1 craft state(s), remaining 255, horizon (1080, 1620] + L 360 d, B 8 tries 16 k_epochs 3 price_cap 250 max_levels 14 wall 2400 s
[02:31:50] start: 1 craft state(s), remaining 255, horizon (1080, 1620] + L 360 d, B 8 tries 16 k_epochs 3 price_cap 250 max_levels 14 wall 2400 s
[02:31:50] prefix slices/s02/in/craft_3.npz: 7 flybys, t_end 1057.2 d, tank 688.8 kg (planner view), miss 14.6 km, nreg 49
[02:31:50] prefix slices/s02/in/craft_4.npz: 6 flybys, t_end 1079.7 d, tank 693.3 kg (planner view), miss 35.4 km, nreg 50
[02:31:50] start: 1 craft state(s), remaining 255, horizon (1080, 1620] + L 360 d, B 8 tries 16 k_epochs 3 price_cap 250 max_levels 14 wall 2400 s
[02:31:50] start: 1 craft state(s), remaining 255, horizon (1080, 1620] + L 360 d, B 8 tries 16 k_epochs 3 price_cap 250 max_levels 14 wall 2400 s
[02:31:50] prefix slices/s02/in/craft_1.npz: 7 flybys, t_end 1032.8 d, tank 652.5 kg (planner view), miss 0.7 km, nreg 53
[02:31:50] start: 1 craft state(s), remaining 255, horizon (1080, 1620] + L 360 d, B 8 tries 16 k_epochs 3 price_cap 250 max_levels 14 wall 2400 s
[02:31:55]   price_cap: 250 of 765 horizon candidates priced (1 parents)
[02:31:56]   price_cap: 250 of 765 horizon candidates priced (1 parents)
[02:31:56]   price_cap: 250 of 756 horizon candidates priced (1 parents)
[02:31:56]   price_cap: 250 of 730 horizon candidates priced (1 parents)
[02:31:57]   price_cap: 250 of 736 horizon candidates priced (1 parents)
[02:31:57]   price_cap: 250 of 765 horizon candidates priced (1 parents)
[02:31:57]   price_cap: 250 of 741 horizon candidates priced (1 parents)
[02:31:57]   price_cap: 250 of 754 horizon candidates priced (1 parents)
[02:31:59] depth  2: 1/1 parents -> 109 children (109 unique) -> tried 8, settled 8 (8 in H), kept 8 (8 branches); t_end 1092-1256 d, tank 636-644 (9 s: price 7, settle 2)
[02:32:01] depth  2: 1/1 parents -> 78 children (78 unique) -> tried 8, settled 8 (8 in H), kept 8 (8 branches); t_end 1121-1584 d, tank 648-670 (11 s: price 6, settle 5)
[02:32:01] depth  2: 1/1 parents -> 90 children (90 unique) -> tried 8, settled 8 (8 in H), kept 8 (8 branches); t_end 1097-1582 d, tank 654-722 (12 s: price 7, settle 4)
[02:32:03] depth  2: 1/1 parents -> 123 children (123 unique) -> tried 8, settled 8 (8 in H), kept 8 (8 branches); t_end 1164-1615 d, tank 621-681 (13 s: price 6, settle 7)
[02:32:05] depth  2: 1/1 parents -> 109 children (109 unique) -> tried 8, settled 8 (8 in H), kept 8 (7 branches); t_end 1297-1533 d, tank 629-647 (16 s: price 6, settle 10)
[02:32:08] depth  2: 1/1 parents -> 52 children (52 unique) -> tried 8, settled 8 (7 in H), kept 8 (8 branches); t_end 1130-1638 d, tank 691-787 (18 s: price 7, settle 11)
[02:32:11] depth  2: 1/1 parents -> 80 children (80 unique) -> tried 8, settled 8 (8 in H), kept 8 (6 branches); t_end 1393-1613 d, tank 703-781 (21 s: price 7, settle 15)
[02:32:32] depth  2: 1/1 parents -> 47 children (47 unique) -> tried 12, settled 8 (8 in H), kept 8 (8 branches); t_end 1149-1494 d, tank 757-854 (42 s: price 5, settle 37)
[02:32:53]   price_cap: 2000 of 5818 horizon candidates priced (8 parents)
[02:32:58]   price_cap: 2000 of 6073 horizon candidates priced (8 parents)
[02:32:59] depth  3: 8/8 parents -> 637 children (637 unique) -> tried 8, settled 8 (5 in H), kept 8 (6 branches); t_end 1471-1623 d, tank 656-682 (58 s: price 53, settle 6)
[02:32:59]   price_cap: 2000 of 5516 horizon candidates priced (8 parents)
[02:33:04] depth  3: 8/8 parents -> 696 children (696 unique) -> tried 8, settled 8 (8 in H), kept 8 (4 branches); t_end 1181-1397 d, tank 638-720 (64 s: price 59, settle 6)
[02:33:04]   price_cap: 2000 of 5720 horizon candidates priced (8 parents)
[02:33:07]   price_cap: 2000 of 5687 horizon candidates priced (8 parents)
[02:33:09] depth  3: 8/8 parents -> 667 children (667 unique) -> tried 8, settled 8 (5 in H), kept 8 (4 branches); t_end 1308-1865 d, tank 628-671 (66 s: price 57, settle 10)
[02:33:11]   price_cap: 2000 of 5760 horizon candidates priced (8 parents)
[02:33:12] depth  3: 8/8 parents -> 685 children (652 unique) -> tried 8, settled 8 (8 in H), kept 8 (4 branches); t_end 1405-1612 d, tank 643-703 (66 s: price 59, settle 8)
[02:33:12] depth  3: 8/8 parents -> 624 children (623 unique) -> tried 8, settled 8 (7 in H), kept 7 (4 branches); t_end 1248-1861 d, tank 672-729 (71 s: price 66, settle 5)
[02:33:15]   price_cap: 2000 of 4877 horizon candidates priced (8 parents)
[02:33:22]   price_cap: 2000 of 6011 horizon candidates priced (8 parents)
[02:33:32] depth  3: 8/8 parents -> 327 children (327 unique) -> tried 9, settled 8 (0 in H, 1 drifted out), kept 8 (4 branches); t_end 1636-1897 d, tank 741-812 (85 s: price 64, settle 21)
[02:33:48] depth  3: 8/8 parents -> 580 children (578 unique) -> tried 9, settled 8 (4 in H), kept 7 (5 branches); t_end 1469-1974 d, tank 743-856 (97 s: price 64, settle 33)
[02:33:58]   price_cap: 2000 of 4743 horizon candidates priced (8 parents)
[02:34:01]   price_cap: 1681 of 3452 horizon candidates priced (8 parents)
[02:34:06]   price_cap: 2000 of 6023 horizon candidates priced (8 parents)
[02:34:07] depth  4: 8/8 parents -> 388 children (388 unique) -> tried 8, settled 8 (1 in H), kept 8 (5 branches); t_end 1587-1925 d, tank 657-695 (68 s: price 59, settle 9)
[02:34:07]   price_cap: 1544 of 3638 horizon candidates priced (7 parents)
[02:34:12]   price_cap: 2000 of 5212 horizon candidates priced (8 parents)
[02:34:15] depth  4: 8/8 parents -> 365 children (365 unique) -> tried 9, settled 8 (1 in H), kept 8 (3 branches); t_end 1588-1978 d, tank 631-680 (66 s: price 51, settle 14)
[02:34:16] depth  4: 8/8 parents -> 663 children (663 unique) -> tried 8, settled 8 (8 in H), kept 8 (3 branches); t_end 1251-1579 d, tank 649-750 (72 s: price 63, settle 10)
[02:34:23] depth  4: 8/8 parents -> 534 children (534 unique) -> tried 8, settled 8 (2 in H), kept 8 (4 branches); t_end 1524-1880 d, tank 655-785 (71 s: price 60, settle 10)
[02:34:25] depth  4: 7/7 parents -> 394 children (394 unique) -> tried 8, settled 8 (1 in H), kept 7 (3 branches); t_end 1592-1945 d, tank 683-985 (72 s: price 55, settle 18)
[02:34:25]   price_cap: 1505 of 2236 horizon candidates priced (8 parents)
[02:34:27] depth  3: 8/8 parents -> 270 children (270 unique) -> tried 16, settled 7 (6 in H), kept 7 (6 branches); t_end 1290-1777 d, tank 780-935 (115 s: price 50, settle 65)
[02:34:31]   price_cap: 1298 of 2469 horizon candidates priced (6 parents)
[02:34:40] depth  4: 8/8 parents -> 121 children (121 unique) -> tried 8, settled 8 (0 in H), kept 8 (3 branches); t_end 1779-1952 d, tank 739-1011 (68 s: price 53, settle 15)
[02:34:43]   price_cap: 1194 of 1855 horizon candidates priced (8 parents)
[02:34:55]   price_cap: 1227 of 1963 horizon candidates priced (7 parents)
[02:35:02] depth  4: 6/7 parents -> 156 children (156 unique) -> tried 9, settled 8 (1 in H), kept 8 (4 branches); t_end 1578-1956 d, tank 765-944 (74 s: price 42, settle 31)
[02:35:06]   price_cap: 1102 of 1527 horizon candidates priced (7 parents)
[02:35:06] depth  5: 8/8 parents -> 105 children (105 unique) -> tried 10, settled 8 (0 in H), kept 8 (5 branches); t_end 1708-1980 d, tank 673-691 (60 s: price 36, settle 23)
[02:35:14]   price_cap: 259 of 408 horizon candidates priced (3 parents)
[02:35:17]   price_cap: 1727 of 4495 horizon candidates priced (7 parents)
[02:35:18]   price_cap: 1776 of 2881 horizon candidates priced (8 parents)
[02:35:22]   price_cap: 2000 of 5500 horizon candidates priced (8 parents)
[02:35:24] depth  5: 7/8 parents -> 113 children (113 unique) -> tried 11, settled 8 (0 in H, 1 drifted out), kept 8 (2 branches); t_end 1688-1978 d, tank 643-693 (69 s: price 40, settle 29)
[02:35:25] depth  5: 8/8 parents -> 42 children (42 unique) -> tried 9, settled 8 (0 in H, 1 drifted out), kept 8 (3 branches); t_end 1869-1957 d, tank 746-776 (44 s: price 29, settle 16)
[02:35:26] depth  5: 7/7 parents -> 140 children (140 unique) -> tried 9, settled 8 (0 in H, 1 drifted out), kept 8 (3 branches); t_end 1672-1926 d, tank 703-773 (62 s: price 41, settle 21)
[02:35:31] depth  6: 3/8 parents -> 20 children (20 unique) -> tried 10, settled 8 (0 in H, 2 drifted out), kept 8 (2 branches); t_end 1762-1963 d, tank 697-737 (24 s: price 8, settle 16)
[02:35:35] depth  5: 8/8 parents -> 259 children (259 unique) -> tried 8, settled 8 (0 in H), kept 7 (3 branches); t_end 1732-1962 d, tank 683-848 (72 s: price 55, settle 17)
[02:35:36] depth  5: 8/8 parents -> 541 children (541 unique) -> tried 8, settled 8 (2 in H), kept 8 (3 branches); t_end 1532-1893 d, tank 668-881 (80 s: price 66, settle 14)
[02:35:38]   price_cap: 1037 of 1413 horizon candidates priced (8 parents)
[02:35:47]   price_cap: 521 of 554 horizon candidates priced (8 parents)
[02:35:47]   price_cap: 699 of 978 horizon candidates priced (7 parents)
[02:35:49] depth  6: 8/8 parents -> 8 children (8 unique) -> tried 8, settled 7 (0 in H, 1 drifted out), kept 7 (2 branches); t_end 1946-1962 d, tank 771-800 (24 s: price 4, settle 20)
[02:35:49] depth  7: 7/7 parents -> 0 children (0 unique) -> tried 0, settled 0 (0 in H), kept 0 (0 branches) (0 s: price 0, settle 0)
[02:35:49] beam end {'kind': 'no_children', 'depth': 6, 'tried': 0}: 40 settled states, 42 settles (39 ok), wall 239 s (price 156, settle 83)
[02:35:49] RESULT s02_c3: 7 columns (n_new 1-1, potential 0-4), 40 states, end no_children, wall 239 s
[02:35:49]   job s02_c3 craft columns   7  levels 5  settles 39/42  end no_children  wall 238.9 s
[02:35:57] depth  7: 8/8 parents -> 34 children (34 unique) -> tried 8, settled 8 (0 in H), kept 8 (1 branches); t_end 1845-1962 d, tank 734-839 (27 s: price 16, settle 11)
[02:36:00]   price_cap: 782 of 815 horizon candidates priced (7 parents)
[02:36:00] depth  6: 7/8 parents -> 54 children (54 unique) -> tried 9, settled 8 (0 in H, 1 drifted out), kept 8 (2 branches); t_end 1725-1976 d, tank 689-709 (37 s: price 23, settle 14)
[02:36:04]   price_cap: 1011 of 1290 horizon candidates priced (8 parents)
[02:36:11] depth  6: 7/7 parents -> 52 children (52 unique) -> tried 9, settled 8 (0 in H, 1 drifted out), kept 7 (2 branches); t_end 1785-1960 d, tank 689-794 (36 s: price 25, settle 12)
[02:36:15]   price_cap: 431 of 519 horizon candidates priced (6 parents)
[02:36:16] depth  6: 8/8 parents -> 87 children (87 unique) -> tried 8, settled 8 (0 in H), kept 8 (3 branches); t_end 1756-1976 d, tank 720-781 (50 s: price 37, settle 12)
[02:36:26] depth  7: 6/8 parents -> 28 children (28 unique) -> tried 9, settled 8 (0 in H, 1 drifted out), kept 8 (1 branches); t_end 1911-1975 d, tank 708-732 (25 s: price 14, settle 11)
[02:36:35]   price_cap: 1728 of 3194 horizon candidates priced (8 parents)
[02:36:35] depth  5: 8/8 parents -> 91 children (91 unique) -> tried 13, settled 8 (0 in H, 2 drifted out), kept 8 (2 branches); t_end 1747-1958 d, tank 770-1117 (94 s: price 36, settle 58)
[02:36:38] depth  8: 7/8 parents -> 2 children (2 unique) -> tried 2, settled 1 (0 in H), kept 1 (1 branches); t_end 1949-1949 d, tank 722-722 (12 s: price 1, settle 11)
[02:36:38] depth  9: 1/1 parents -> 0 children (0 unique) -> tried 0, settled 0 (0 in H), kept 0 (0 branches) (0 s: price 0, settle 0)
[02:36:38] beam end {'kind': 'no_children', 'depth': 8, 'tried': 0}: 50 settled states, 56 settles (49 ok), wall 288 s (price 192, settle 96)
[02:36:38] RESULT s02_c2: 14 columns (n_new 1-3, potential 0-4), 50 states, end no_children, wall 288 s
[02:36:38]   job s02_c2 craft columns  14  levels 7  settles 49/56  end no_children  wall 287.8 s
[02:36:38] depth  8: 8/8 parents -> 8 children (8 unique) -> tried 8, settled 6 (0 in H), kept 6 (1 branches); t_end 1890-1971 d, tank 747-910 (41 s: price 4, settle 36)
[02:36:39] depth  9: 5/6 parents -> 0 children (0 unique) -> tried 0, settled 0 (0 in H), kept 0 (0 branches) (1 s: price 1, settle 0)
[02:36:39] beam end {'kind': 'no_children', 'depth': 8, 'tried': 0}: 55 settled states, 60 settles (54 ok), wall 289 s (price 183, settle 106)
[02:36:39] RESULT s02_c6: 14 columns (n_new 1-3, potential 0-4), 55 states, end no_children, wall 289 s
[02:36:39]   job s02_c6 craft columns  14  levels 7  settles 54/60  end no_children  wall 289.4 s
[02:36:47] depth  6: 8/8 parents -> 193 children (193 unique) -> tried 9, settled 8 (0 in H, 1 drifted out), kept 8 (3 branches); t_end 1644-1973 d, tank 674-890 (71 s: price 59, settle 12)
[02:36:51] depth  4: 7/7 parents -> 189 children (189 unique) -> tried 16, settled 7 (3 in H), kept 7 (5 branches); t_end 1505-1869 d, tank 814-936 (143 s: price 50, settle 93)
[02:36:56] depth  7: 6/8 parents -> 17 children (17 unique) -> tried 10, settled 8 (0 in H, 2 drifted out), kept 8 (2 branches); t_end 1899-1980 d, tank 791-853 (40 s: price 11, settle 29)
[02:36:58]   price_cap: 308 of 623 horizon candidates priced (6 parents)
[02:36:58] depth  8: 5/8 parents -> 0 children (0 unique) -> tried 0, settled 0 (0 in H), kept 0 (0 branches) (2 s: price 2, settle 0)
[02:36:58] beam end {'kind': 'no_children', 'depth': 7, 'tried': 0}: 49 settled states, 51 settles (48 ok), wall 308 s (price 219, settle 89)
[02:36:58] RESULT s02_c1: 15 columns (n_new 1-3, potential 0-4), 49 states, end no_children, wall 308 s
[02:36:58]   job s02_c1 craft columns  15  levels 6  settles 48/51  end no_children  wall 308.1 s
[02:37:05] depth  7: 7/7 parents -> 29 children (29 unique) -> tried 14, settled 8 (0 in H, 4 drifted out), kept 7 (1 branches); t_end 1877-1974 d, tank 700-755 (54 s: price 18, settle 36)
[02:37:22] depth  8: 5/7 parents -> 1 children (1 unique) -> tried 1, settled 0 (0 in H), kept 0 (0 branches) (16 s: price 4, settle 13)
[02:37:22] beam end {'kind': 'settle_wall', 'depth': 7, 'tried': 1}: 49 settled states, 56 settles (48 ok), wall 332 s (price 227, settle 105)
[02:37:22] RESULT s02_c5: 17 columns (n_new 1-3, potential 0-4), 49 states, end settle_wall, wall 332 s
[02:37:22]   job s02_c5 craft columns  17  levels 6  settles 48/56  end settle_wall  wall 331.6 s
[02:37:29]   price_cap: 1306 of 2800 horizon candidates priced (7 parents)
[02:37:37] depth  6: 8/8 parents -> 39 children (39 unique) -> tried 14, settled 8 (0 in H, 5 drifted out), kept 8 (1 branches); t_end 1878-1954 d, tank 784-813 (62 s: price 17, settle 45)
[02:37:42] depth  7: 6/8 parents -> 40 children (40 unique) -> tried 12, settled 8 (0 in H, 1 drifted out), kept 8 (2 branches); t_end 1694-1980 d, tank 689-1008 (55 s: price 11, settle 45)
[02:38:03] depth  7: 8/8 parents -> 7 children (7 unique) -> tried 7, settled 5 (0 in H, 1 drifted out), kept 5 (1 branches); t_end 1932-1957 d, tank 798-837 (25 s: price 5, settle 20)
[02:38:03] depth  8: 5/5 parents -> 0 children (0 unique) -> tried 0, settled 0 (0 in H), kept 0 (0 branches) (0 s: price 0, settle 0)
[02:38:03] beam end {'kind': 'no_children', 'depth': 7, 'tried': 0}: 46 settled states, 60 settles (45 ok), wall 373 s (price 171, settle 202)
[02:38:03] RESULT s02_c4: 11 columns (n_new 1-3, potential 0-3), 46 states, end no_children, wall 373 s
[02:38:03]   job s02_c4 craft columns  11  levels 6  settles 45/60  end no_children  wall 372.8 s
[02:38:08]   price_cap: 751 of 1047 horizon candidates priced (5 parents)
[02:39:50] depth  5: 7/7 parents -> 194 children (194 unique) -> tried 16, settled 3 (0 in H), kept 3 (2 branches); t_end 1698-1929 d, tank 847-882 (180 s: price 39, settle 141)
[02:40:02] depth  8: 5/8 parents -> 95 children (95 unique) -> tried 16, settled 5 (0 in H, 2 drifted out), kept 5 (1 branches); t_end 1847-1949 d, tank 952-1066 (140 s: price 26, settle 114)
[02:40:05]   price_cap: 419 of 588 horizon candidates priced (3 parents)
[02:41:48] depth  6: 3/3 parents -> 19 children (19 unique) -> tried 15, settled 8 (0 in H), kept 8 (1 branches); t_end 1789-1978 d, tank 841-908 (118 s: price 14, settle 103)
[02:42:31] depth  9: 5/5 parents -> 48 children (48 unique) -> tried 16, settled 7 (0 in H), kept 6 (1 branches); t_end 1879-1970 d, tank 1003-1164 (148 s: price 13, settle 136)
[02:43:56] depth  7: 7/8 parents -> 11 children (11 unique) -> tried 11, settled 2 (0 in H), kept 2 (1 branches); t_end 1913-1977 d, tank 881-911 (128 s: price 14, settle 113)
[02:43:56] depth  8: 1/2 parents -> 0 children (0 unique) -> tried 0, settled 0 (0 in H), kept 0 (0 branches) (0 s: price 0, settle 0)
[02:43:56] beam end {'kind': 'no_children', 'depth': 7, 'tried': 0}: 36 settled states, 86 settles (35 ok), wall 726 s (price 173, settle 553)
[02:43:56] RESULT s02_c7: 17 columns (n_new 1-3, potential 0-3), 36 states, end no_children, wall 726 s
[02:43:56]   job s02_c7 craft columns  17  levels 6  settles 35/86  end no_children  wall 726.1 s
[02:44:05] depth 10: 3/6 parents -> 10 children (10 unique) -> tried 10, settled 1 (0 in H), kept 1 (1 branches); t_end 1955-1955 d, tank 1142-1142 (94 s: price 2, settle 92)
[02:44:05] depth 11: 1/1 parents -> 0 children (0 unique) -> tried 0, settled 0 (0 in H), kept 0 (0 branches) (0 s: price 0, settle 0)
[02:44:05] beam end {'kind': 'no_children', 'depth': 10, 'tried': 0}: 62 settled states, 95 settles (61 ok), wall 735 s (price 304, settle 432)
[02:44:05] RESULT s02_c0: 26 columns (n_new 1-4, potential 0-5), 62 states, end no_children, wall 735 s
[02:44:05]   job s02_c0 craft columns  26  levels 9  settles 61/95  end no_children  wall 735.1 s
[02:44:05] [slice 2] propose: 121 columns (0 bad dropped) in 735.1 s
[02:44:05] [slice 2] auction: 121 columns, kept 121, dropped {}
[02:44:05] [slice 2] auction: status optimal objective 29.881 vars 121 rows 44 chosen 8 (0.007 s)
[02:44:05] [slice 2 T=1080 d] launched 8/8  covered 62  remaining 236  fuel 799 kg  sumJi 8.6260  chosen: c0:3(+55) c1:1(+8) c2:2(+9) c3:1(+5) c4:3(+72) c5:3(+30) c6:3(+40) c7:3(+77)  rejected: -  (wall 735 s)
[02:44:05] stop: stop_T at T=1620 d (slice 3)
[02:44:05] finalize: fleet/ 8 routes  covered 62  misses 236  fuel 799 kg  sumJi 8.6260  J 246.6260  honest True
[02:44:05] g0b_wt025: slice 3 phase propose T=1620 d  launched 8/8  covered 62  remaining 236  fuel 799 kg  sumJi 8.6260  done True (stop_T)
