[11:16:10] s13_gen2: {'out': 'results/s13/gen', 'gens': 3, 'alt': 'full2,full4,full6,tail4,pilot2', 'alt_args': '--choice value', 'deadline': '2026-09-23 06:00'}; s13_gen args ['--pass-args=--members T1,T2,T3,T5,T6']
[11:16:10] s13_gen: {'out': '/Users/mickey/solarsystem/ctoc14/results/s13/gen', 'gens': 1, 'slots': 8, 'seed_fleets': 'results/s13/plan13/tail_N6a_k5/fleet,results/s13/seed_passes/N6a', 'budget': 4, 'slot_nproc': 1, 'probe_nproc': 4, 'jitter': 0.004, 'delta': 0.01, 'dry_run': False, 'pass_args': '--members T1,T2,T3,T5,T6', 'probe_radius': 0.3, 'probe_per_target': 6, 'probe_max_targets': 0}; resume []
[11:16:21] === generation 1: 8 slots; premiums results/s13/gen/prem/PREM_01.json; best so far {'fleet': '/Users/mickey/solarsystem/ctoc14/results/s13/gen/g00/master/N8_B10.75/fleet', 'covered': 273, 'sumJi': 10.4667}
[11:16:21]   slot g01/full1: started pid 90363 (1 proc): results/s13/gen/g01/full1 --seed 1001 --prem results/s13/gen/prem/PREM_01.json --jitter 0.004 --nproc 1 --members T1,T2,T3,T5,T6
[11:16:21]   slot g01/full2: started pid 90364 (1 proc): results/s13/gen/g01/full2 --seed 1002 --prem results/s13/gen/prem/PREM_01.json --jitter 0.004 --nproc 1 --members T1,T2,T3,T5,T6 --choice value
[11:16:21]   slot g01/full3: started pid 90365 (1 proc): results/s13/gen/g01/full3 --seed 1003 --prem results/s13/gen/prem/PREM_01.json --jitter 0.004 --nproc 1 --members T1,T2,T3,T5,T6
[11:16:21]   slot g01/full4: started pid 90366 (1 proc): results/s13/gen/g01/full4 --seed 1004 --prem results/s13/gen/prem/PREM_01.json --jitter 0.004 --nproc 1 --members T1,T2,T3,T5,T6 --choice value
[11:22:21]   slot g01/full1: finished rc 0: {'covered': 0, 'sumJi': 0, 'J': 300, 'depths': [], 'tanks': [], 'n_routes': 0, 'wall_s': 358}
[11:22:21]   slot g01/full2: finished rc 0: {'covered': 0, 'sumJi': 0, 'J': 300, 'depths': [], 'tanks': [], 'n_routes': 0, 'wall_s': 353}
[11:22:21]   slot g01/full3: finished rc 0: {'covered': 0, 'sumJi': 0, 'J': 300, 'depths': [], 'tanks': [], 'n_routes': 0, 'wall_s': 353}
[11:22:21]   slot g01/full4: finished rc 0: {'covered': 0, 'sumJi': 0, 'J': 300, 'depths': [], 'tanks': [], 'n_routes': 0, 'wall_s': 357}
[11:22:21]   slot g01/full5: started pid 91119 (1 proc): results/s13/gen/g01/full5 --seed 1005 --prem results/s13/gen/prem/PREM_01.json --jitter 0.004 --nproc 1 --members T1,T2,T3,T5,T6
[11:22:21]   slot g01/full6: started pid 91120 (1 proc): results/s13/gen/g01/full6 --seed 1006 --prem results/s13/gen/prem/PREM_01.json --jitter 0.004 --nproc 1 --members T1,T2,T3,T5,T6 --choice value
[11:22:21]   slot g01/tail5: started pid 91121 (1 proc): results/s13/gen/g01/tail5 --start /Users/mickey/solarsystem/ctoc14/results/s13/gen/g00/master/N8_B10.75/fleet --keep 01,02,03,04,05 --seed 1011 --prem results/s13/gen/prem/PREM_01.json --jitter 0.004 --nproc 1 --members T1,T2,T3,T5,T6
[11:22:21]   slot g01/tail4: started pid 91122 (1 proc): results/s13/gen/g01/tail4 --start /Users/mickey/solarsystem/ctoc14/results/s13/gen/g00/master/N8_B10.75/fleet --keep 01,02,03,04 --seed 1012 --prem results/s13/gen/prem/PREM_01.json --jitter 0.004 --nproc 1 --members T1,T2,T3,T5,T6 --choice value
[11:27:51]   slot g01/full5: finished rc 0: {'covered': 0, 'sumJi': 0, 'J': 300, 'depths': [], 'tanks': [], 'n_routes': 0, 'wall_s': 309}
[11:29:21]   slot g01/full6: finished rc 0: {'covered': 0, 'sumJi': 0, 'J': 300, 'depths': [], 'tanks': [], 'n_routes': 0, 'wall_s': 409}
[11:59:52]   slot g01/tail5: finished rc 0: {'covered': 278, 'sumJi': 10.7627, 'J': 32.7627, 'depths': [48, 42, 39, 36, 34, 31, 27, 21], 'tanks': [1048, 993, 1038, 930, 880, 938, 1079, 919], 'n_routes': 8, 'wall_s': 2246}
[12:06:52]   slot g01/tail4: finished rc 0: {'covered': 279, 'sumJi': 10.9459, 'J': 31.9459, 'depths': [48, 42, 39, 36, 33, 32, 26, 23], 'tanks': [1048, 993, 1038, 930, 909, 1049, 1072, 955], 'n_routes': 8, 'wall_s': 2641}
[12:08:23] s13_gen2: {'out': 'results/s13/gen', 'gens': 3, 'alt': 'full2,full4,full6,tail4,pilot2', 'alt_args': '--choice value', 'deadline': '2026-09-23 06:00', 'pass_tool': 'tools/s13_pass2.py'}; s13_gen args ['--pass-args=--members T1,T2,T3,T5,T6']
[12:08:23] s13_gen: {'out': '/Users/mickey/solarsystem/ctoc14/results/s13/gen', 'gens': 1, 'slots': 8, 'seed_fleets': 'results/s13/plan13/tail_N6a_k5/fleet,results/s13/seed_passes/N6a', 'budget': 4, 'slot_nproc': 1, 'probe_nproc': 4, 'jitter': 0.004, 'delta': 0.01, 'dry_run': False, 'pass_args': '--members T1,T2,T3,T5,T6', 'probe_radius': 0.3, 'probe_per_target': 6, 'probe_max_targets': 0}; resume []
[12:08:23] === generation 1: 8 slots; premiums results/s13/gen/prem/PREM_01.json; best so far {'fleet': '/Users/mickey/solarsystem/ctoc14/results/s13/gen/g00/master/N8_B10.75/fleet', 'covered': 273, 'sumJi': 10.4667}
[12:08:23]   slot g01/full1: started pid 3859 (1 proc): results/s13/gen/g01/full1 --seed 1001 --prem results/s13/gen/prem/PREM_01.json --jitter 0.004 --nproc 1 --members T1,T2,T3,T5,T6
[12:08:23]   slot g01/full2: started pid 3860 (1 proc): results/s13/gen/g01/full2 --seed 1002 --prem results/s13/gen/prem/PREM_01.json --jitter 0.004 --nproc 1 --members T1,T2,T3,T5,T6 --choice value
[12:08:23]   slot g01/full3: started pid 3861 (1 proc): results/s13/gen/g01/full3 --seed 1003 --prem results/s13/gen/prem/PREM_01.json --jitter 0.004 --nproc 1 --members T1,T2,T3,T5,T6
[12:08:23]   slot g01/full4: started pid 3862 (1 proc): results/s13/gen/g01/full4 --seed 1004 --prem results/s13/gen/prem/PREM_01.json --jitter 0.004 --nproc 1 --members T1,T2,T3,T5,T6 --choice value
[13:02:53]   slot g01/full4: finished rc 0: {'covered': 276, 'sumJi': 10.5248, 'J': 34.5248, 'depths': [46, 46, 44, 35, 31, 30, 25, 19], 'tanks': [1005, 1030, 1046, 882, 909, 1006, 913, 808], 'n_routes': 8, 'wall_s': 3242}
[13:02:53]   slot g01/full5: started pid 10300 (1 proc): results/s13/gen/g01/full5 --seed 1005 --prem results/s13/gen/prem/PREM_01.json --jitter 0.004 --nproc 1 --members T1,T2,T3,T5,T6
[13:03:23]   slot g01/full2: finished rc 0: {'covered': 279, 'sumJi': 10.817, 'J': 31.817, 'depths': [47, 46, 42, 35, 32, 32, 27, 18], 'tanks': [1046, 1045, 976, 1033, 943, 1025, 1019, 777], 'n_routes': 8, 'wall_s': 3295}
[13:03:23]   slot g01/full6: started pid 10379 (1 proc): results/s13/gen/g01/full6 --seed 1006 --prem results/s13/gen/prem/PREM_01.json --jitter 0.004 --nproc 1 --members T1,T2,T3,T5,T6 --choice value
[13:06:53]   slot g01/full1: finished rc 0: {'covered': 275, 'sumJi': 10.7316, 'J': 35.7316, 'depths': [46, 42, 40, 37, 32, 32, 27, 19], 'tanks': [996, 1022, 1007, 1046, 932, 1017, 935, 843], 'n_routes': 8, 'wall_s': 3493}
[13:06:53]   slot g01/tail5: started pid 10738 (1 proc): results/s13/gen/g01/tail5 --start /Users/mickey/solarsystem/ctoc14/results/s13/gen/g00/master/N8_B10.75/fleet --keep 01,02,03,04,05 --seed 1011 --prem results/s13/gen/prem/PREM_01.json --jitter 0.004 --nproc 1 --members T1,T2,T3,T5,T6
[13:19:24]   slot g01/full3: finished rc 0: {'covered': 278, 'sumJi': 10.6556, 'J': 32.6556, 'depths': [46, 43, 40, 38, 33, 30, 26, 22], 'tanks': [996, 1026, 1023, 986, 920, 949, 943, 893], 'n_routes': 8, 'wall_s': 4240}
[13:19:24]   slot g01/tail4: started pid 12060 (1 proc): results/s13/gen/g01/tail4 --start /Users/mickey/solarsystem/ctoc14/results/s13/gen/g00/master/N8_B10.75/fleet --keep 01,02,03,04 --seed 1012 --prem results/s13/gen/prem/PREM_01.json --jitter 0.004 --nproc 1 --members T1,T2,T3,T5,T6 --choice value
[13:37:24]   slot g01/tail5: finished rc 0: {'covered': 277, 'sumJi': 10.7016, 'J': 33.7016, 'depths': [48, 42, 39, 36, 34, 31, 26, 21], 'tanks': [1048, 993, 1038, 930, 880, 994, 933, 959], 'n_routes': 8, 'wall_s': 1817}
[13:57:54]   slot g01/tail4: finished rc 0: {'covered': 276, 'sumJi': 10.7256, 'J': 34.7256, 'depths': [48, 42, 39, 36, 34, 32, 28, 17], 'tanks': [1048, 993, 1038, 930, 881, 1026, 1057, 809], 'n_routes': 8, 'wall_s': 2288}
[13:59:54]   slot g01/full5: finished rc 0: {'covered': 275, 'sumJi': 11.0614, 'J': 36.0614, 'depths': [46, 40, 42, 35, 32, 32, 27, 21], 'tanks': [1048, 1044, 1042, 946, 929, 953, 1066, 1069], 'n_routes': 8, 'wall_s': 3408}
[14:01:54]   slot g01/full6: finished rc 0: {'covered': 278, 'sumJi': 10.9977, 'J': 32.9977, 'depths': [46, 42, 41, 36, 31, 33, 28, 21], 'tanks': [996, 1001, 1041, 1003, 1013, 1042, 997, 957], 'n_routes': 8, 'wall_s': 3486}
[14:09:55]   master: J-optimal N8 282 @ 11.3304 (J 29.3304, LP 27.9237); frontier <= 10.55: 276 @ 10.5046, <= 10.6: 277 @ 10.596, <= 10.75: 278 @ 10.6492; N9 290 @ 12.1267
[14:16:29]   probe: 20 leftovers, 69 insertion trials (8 settled): cheap 2, dear 4, unplaceable 14; projected closed J 27.469 (394 s)
[14:16:29] === generation 1 done: best N=8 (frontier <= 10.75) 278 covered at sum J_i 10.6492 (J 32.6492; LP bound of the J-optimal N8 27.9237); projected closed J 27.469; leftovers cheap 2, dear 4, unplaceable 14
[14:16:29] 1 generations done without G1
[14:16:29] s13_gen2: generation 1: G0.5 not yet: frontier <= 10.55: 276 @ 10.5046 (need >= 278); projected closed J 27.469 (need < 13.9)
[14:16:29] s13_gen: {'out': '/Users/mickey/solarsystem/ctoc14/results/s13/gen', 'gens': 2, 'slots': 8, 'seed_fleets': 'results/s13/plan13/tail_N6a_k5/fleet,results/s13/seed_passes/N6a', 'budget': 4, 'slot_nproc': 1, 'probe_nproc': 4, 'jitter': 0.004, 'delta': 0.01, 'dry_run': False, 'pass_args': '--members T1,T2,T3,T5,T6', 'probe_radius': 0.3, 'probe_per_target': 6, 'probe_max_targets': 0}; resume ['01']
[14:16:29] === generation 2: 8 slots; premiums results/s13/gen/prem/PREM_02.json; best so far {'fleet': '/Users/mickey/solarsystem/ctoc14/results/s13/gen/g01/master/N8_B10.75/fleet', 'covered': 278, 'sumJi': 10.6492}
[14:16:29]   slot g02/full1: started pid 18753 (1 proc): results/s13/gen/g02/full1 --seed 2001 --prem results/s13/gen/prem/PREM_02.json --jitter 0.004 --nproc 1 --members T1,T2,T3,T5,T6
[14:16:29]   slot g02/full2: started pid 18754 (1 proc): results/s13/gen/g02/full2 --seed 2002 --prem results/s13/gen/prem/PREM_02.json --jitter 0.004 --nproc 1 --members T1,T2,T3,T5,T6 --choice value
[14:16:29]   slot g02/full3: started pid 18755 (1 proc): results/s13/gen/g02/full3 --seed 2003 --prem results/s13/gen/prem/PREM_02.json --jitter 0.004 --nproc 1 --members T1,T2,T3,T5,T6
[14:16:29]   slot g02/full4: started pid 18756 (1 proc): results/s13/gen/g02/full4 --seed 2004 --prem results/s13/gen/prem/PREM_02.json --jitter 0.004 --nproc 1 --members T1,T2,T3,T5,T6 --choice value
[15:27:30]   slot g02/full3: finished rc 0: {'covered': 276, 'sumJi': 10.7595, 'J': 34.7595, 'depths': [47, 42, 41, 35, 33, 31, 27, 20], 'tanks': [1046, 1039, 994, 958, 990, 989, 975, 835], 'n_routes': 8, 'wall_s': 4233}
[15:27:30]   slot g02/tail5: started pid 29394 (1 proc): results/s13/gen/g02/tail5 --start /Users/mickey/solarsystem/ctoc14/results/s13/gen/g01/master/N8_B10.75/fleet --keep 01,02,03,04,05 --seed 2011 --prem results/s13/gen/prem/PREM_02.json --jitter 0.004 --nproc 1 --members T1,T2,T3,T5,T6
[15:33:00]   slot g02/full1: finished rc 0: {'covered': 273, 'sumJi': 10.7036, 'J': 37.7036, 'depths': [45, 42, 40, 38, 33, 32, 28, 15], 'tanks': [1045, 1040, 1033, 997, 905, 980, 999, 759], 'n_routes': 8, 'wall_s': 4590}
[15:33:00]   slot g02/tail4: started pid 30141 (1 proc): results/s13/gen/g02/tail4 --start /Users/mickey/solarsystem/ctoc14/results/s13/gen/g01/master/N8_B10.75/fleet --keep 01,02,03,04 --seed 2012 --prem results/s13/gen/prem/PREM_02.json --jitter 0.004 --nproc 1 --members T1,T2,T3,T5,T6 --choice value
[15:39:30]   slot g02/full2: finished rc 0: {'covered': 278, 'sumJi': 10.835, 'J': 32.835, 'depths': [45, 41, 43, 38, 31, 33, 25, 22], 'tanks': [1034, 1038, 1039, 916, 950, 1064, 919, 934], 'n_routes': 8, 'wall_s': 4970}
[15:39:30]   slot g02/pilot1: started pid 30970 (1 proc): results/s13/gen/g02/pilot1 --pilot 4 --seed 2021 --prem results/s13/gen/prem/PREM_02.json --jitter 0.004 --nproc 1 --members T1,T2,T3,T5,T6
[15:52:30]   slot g02/full4: finished rc 0: {'covered': 271, 'sumJi': 10.9002, 'J': 39.9002, 'depths': [47, 42, 41, 36, 21, 35, 28, 21], 'tanks': [1046, 1014, 991, 1034, 820, 1078, 1041, 918], 'n_routes': 8, 'wall_s': 5754}
[15:52:30]   slot g02/pilot2: started pid 33090 (1 proc): results/s13/gen/g02/pilot2 --pilot 4 --seed 2022 --prem results/s13/gen/prem/PREM_02.json --jitter 0.004 --nproc 1 --members T1,T2,T3,T5,T6 --choice value
[16:08:00]   slot g02/tail5: finished rc 0: {'covered': 275, 'sumJi': 10.6687, 'J': 35.6687, 'depths': [46, 43, 40, 38, 33, 31, 28, 16], 'tanks': [995, 1024, 1023, 986, 920, 997, 1002, 790], 'n_routes': 8, 'wall_s': 2409}
[16:22:01]   slot g02/tail4: finished rc 0: {'covered': 277, 'sumJi': 10.8775, 'J': 33.8775, 'depths': [46, 43, 40, 38, 31, 33, 26, 20], 'tanks': [995, 1024, 1023, 986, 967, 1005, 964, 980], 'n_routes': 8, 'wall_s': 2931}
[17:21:02]   slot g02/pilot1: finished rc 0: {'covered': 271, 'sumJi': 10.9179, 'J': 39.9179, 'depths': [46, 34, 38, 36, 34, 33, 27, 23], 'tanks': [1031, 1025, 1021, 940, 995, 1036, 947, 982], 'n_routes': 8, 'wall_s': 6076}
[17:24:02]   slot g02/pilot2: finished rc 0: {'covered': 269, 'sumJi': 10.7789, 'J': 41.7789, 'depths': [44, 38, 35, 34, 31, 33, 29, 25], 'tanks': [1040, 990, 977, 960, 863, 971, 1043, 1003], 'n_routes': 8, 'wall_s': 5474}
[17:31:50]   master: J-optimal N8 282 @ 11.3185 (J 29.3185, LP 25.6774); frontier <= 10.55: 276 @ 10.5028, <= 10.6: 277 @ 10.5545, <= 10.75: 279 @ 10.6378; N9 290 @ 11.7045
[17:37:59]   probe: 19 leftovers, 55 insertion trials (7 settled): cheap 1, dear 6, unplaceable 12; projected closed J 26.022 (369 s)
[17:37:59] === generation 2 done: best N=8 (frontier <= 10.75) 279 covered at sum J_i 10.6378 (J 31.6378; LP bound of the J-optimal N8 25.6774); projected closed J 26.023; leftovers cheap 1, dear 6, unplaceable 12
[17:37:59] 2 generations done without G1
[17:37:59] s13_gen2: generation 2: G0.5 not yet: frontier <= 10.55: 276 @ 10.5028 (need >= 278); projected closed J 26.023 (need < 13.9)
[17:37:59] s13_gen: {'out': '/Users/mickey/solarsystem/ctoc14/results/s13/gen', 'gens': 3, 'slots': 8, 'seed_fleets': 'results/s13/plan13/tail_N6a_k5/fleet,results/s13/seed_passes/N6a', 'budget': 4, 'slot_nproc': 1, 'probe_nproc': 4, 'jitter': 0.004, 'delta': 0.01, 'dry_run': False, 'pass_args': '--members T1,T2,T3,T5,T6', 'probe_radius': 0.3, 'probe_per_target': 6, 'probe_max_targets': 0}; resume ['01', '02']
[17:37:59] === generation 3: 8 slots; premiums results/s13/gen/prem/PREM_03.json; best so far {'fleet': '/Users/mickey/solarsystem/ctoc14/results/s13/gen/g02/master/N8_B10.75/fleet', 'covered': 279, 'sumJi': 10.6378}
[17:37:59]   slot g03/full1: started pid 54455 (1 proc): results/s13/gen/g03/full1 --seed 3001 --prem results/s13/gen/prem/PREM_03.json --jitter 0.004 --nproc 1 --members T1,T2,T3,T5,T6
[17:37:59]   slot g03/full2: started pid 54456 (1 proc): results/s13/gen/g03/full2 --seed 3002 --prem results/s13/gen/prem/PREM_03.json --jitter 0.004 --nproc 1 --members T1,T2,T3,T5,T6 --choice value
[17:37:59]   slot g03/full3: started pid 54457 (1 proc): results/s13/gen/g03/full3 --seed 3003 --prem results/s13/gen/prem/PREM_03.json --jitter 0.004 --nproc 1 --members T1,T2,T3,T5,T6
[17:37:59]   slot g03/full4: started pid 54458 (1 proc): results/s13/gen/g03/full4 --seed 3004 --prem results/s13/gen/prem/PREM_03.json --jitter 0.004 --nproc 1 --members T1,T2,T3,T5,T6 --choice value
