[06:53:23]   03: tank 800.3 -> 799.8 (miss 6 km)
[06:53:25]   12: tank 795.8 -> 795.3 (miss 3 km)
[06:53:27]   10: tank 782.7 -> 782.1 (miss 62 km)
[06:53:28]   04: tank 870.9 -> 870.6 (miss 69 km)
[06:53:29]   13: tank 881.0 -> 881.2 (miss 14 km)
[06:53:30]   01: tank 930.9 -> 930.3 (miss 73 km)
[06:53:30]   06: tank 878.5 -> 877.8 (miss 13 km)
[06:53:31]   05: tank 904.4 -> 904.8 (miss 47 km)
[06:53:32]   02: tank 936.5 -> 937.2 (miss 51 km)
[06:53:33]   09: tank 977.0 -> 976.3 (miss 4 km)
[06:53:33] resettle: J 14.3779 -> 14.3752; 10 routes, covered 298, J 14.3752; 01:38@930 05:36@905 02:35@937 12:30@795 13:29@881 09:28@976 03:26@800 04:26@871 10:26@782 06:24@878
[06:53:33] search start: 10 routes, covered 298, J 14.3752; 01:38@930 05:36@905 02:35@937 12:30@795 13:29@881 09:28@976 03:26@800 04:26@871 10:26@782 06:24@878
[06:56:48] relocate: top removal savings 17@02 0.092, 40@02 0.080, 68@09 0.049, 150@09 0.047, 287@13 0.046, 232@13 0.044, 266@05 0.043, 137@13 0.035, 165@09 0.034, 177@04 0.033, 228@01 0.029, 58@13 0.028
[07:05:07]   moved 294: 02 -> 03 gain 0.0022; J 14.3730
[07:05:07] fleet: 10 routes, covered 298, J 14.3730; 01:38@930 05:36@905 02:34@922 12:30@795 13:29@881 09:28@976 03:27@815 04:26@871 10:26@782 06:24@878
[07:08:13] relocate: top removal savings 17@02 0.090, 40@02 0.079, 68@09 0.049, 150@09 0.047, 287@13 0.046, 232@13 0.044, 266@05 0.043, 137@13 0.035, 165@09 0.034, 177@04 0.033, 228@01 0.029, 58@13 0.028
[07:16:41]   moved 293: 02 -> 10 gain 0.0095; J 14.3635
[07:16:41] fleet: 10 routes, covered 298, J 14.3635; 01:38@930 05:36@905 02:33@904 12:30@795 13:29@881 09:28@976 03:27@815 10:27@792 04:26@871 06:24@878
[07:20:38] relocate: top removal savings 17@02 0.086, 40@02 0.074, 68@09 0.049, 150@09 0.047, 287@13 0.046, 232@13 0.044, 266@05 0.043, 137@13 0.035, 165@09 0.034, 177@04 0.033, 228@01 0.029, 58@13 0.028
[07:32:54] relocate: top removal savings 17@02 0.086, 40@02 0.074, 68@09 0.049, 150@09 0.047, 287@13 0.046, 232@13 0.044, 266@05 0.043, 137@13 0.035, 165@09 0.034, 177@04 0.033, 228@01 0.029, 58@13 0.028
[07:40:39] no improving move
[07:40:39] search done: 10 routes, covered 298, J 14.3635; 01:38@930 05:36@905 02:33@904 12:30@795 13:29@881 09:28@976 03:27@815 10:27@792 04:26@871 06:24@878
