[20:57:26] dedupe start: 13 craft, covered 298, J 16.8231; 01:38/31@827 02:35/30@808 05:35/31@809 12:31/31@795 13:27/23@826 04:24/22@748 07:24/22@819 10:23/17@738 09:21/17@813 08:20/14@784 03:19/16@706 06:17/16@720 11:9/4@656
[20:57:26] 24 asteroids covered more than once
[20:57:31]   ast 14: keep on 01 (savings 01 2.2, 11 0.2)
[20:57:31]   ast 172: keep on 01 (savings 01 7.8, 08 0.4)
[20:57:31]   ast 174: keep on 01 (savings 01 0.8, 10 1.4)
[20:57:31]   ast 153: keep on 01 (savings 01 0.8, 08 2.5)
[20:57:31]   ast 253: keep on 01 (savings 01 0.8, 10 6.7)
[20:57:31]   ast 161: keep on 01 (savings 01 4.8, 13 2.0)
[20:57:31]   ast 197: keep on 01 (savings 01 6.0, 08 4.6)
[20:57:31]   ast 185: keep on 05 (savings 02 0.5, 05 -0.1, 13 11.6)
[20:57:31]   ast 190: keep on 02 (savings 02 1.4, 03 0.5)
[20:57:31]   ast 294: keep on 02 (savings 02 10.1, 09 4.7)
[20:57:31]   ast 33: keep on 02 (savings 02 4.7, 10 0.1)
[20:57:31]   ast 295: keep on 02 (savings 02 0.4, 13 0.6)
[20:57:31]   ast 83: keep on 05 (savings 03 0.0, 05 0.5)
[20:57:31]   ast 87: keep on 03 (savings 03 0.9, 11 5.8)
[20:57:31]   ast 230: keep on 04 (savings 04 13.3, 10 2.8)
[20:57:31]   ast 70: keep on 04 (savings 04 4.7, 11 0.1)
[20:57:31]   ast 226: keep on 05 (savings 05 4.3, 09 7.9)
[20:57:31]   ast 229: keep on 05 (savings 05 5.3, 08 0.3)
[20:57:31]   ast 42: keep on 09 (savings 06 1.4, 09 7.3)
[20:57:31]   ast 296: keep on 07 (savings 07 7.0, 11 4.2)
[20:57:31]   ast 198: keep on 07 (savings 07 8.1, 08 2.1)
[20:57:31]   ast 166: keep on 10 (savings 08 1.6, 10 0.6)
[20:57:31]   ast 234: keep on 10 (savings 09 23.9, 10 2.5)
[20:57:31]   ast 255: keep on 13 (savings 11 0.3, 13 1.9)
[20:59:06]   11: removed [14, 87, 70, 296, 255], m0 656.1 -> 640.4
[20:59:33]   03: removed [190, 83], m0 706.3 -> 705.4
[21:00:44]   06: removed [42], m0 720.2 -> 715.1
[21:00:51]   13: removed [161, 185, 295], m0 826.1 -> 791.8
[21:01:01]   09: removed [294, 226, 234], m0 813.2 -> 780.1
[21:01:21]   10: removed [174, 253, 33, 230], m0 738.2 -> 733.1
[21:01:26]   02: removed [185], m0 807.6 -> 807.0
[21:01:48]   08: removed [172, 153, 197, 229, 198, 166], m0 783.7 -> 762.2
[21:01:48] dedupe done: 13 craft, covered 298, J 16.7200; 01:38/38@827 05:35/35@809 02:34/34@807 12:31/31@795 04:24/24@748 07:24/24@819 13:24/24@792 10:19/19@733 09:18/18@780 03:17/17@705 06:16/16@715 08:14/14@762 11:4/4@640
[21:01:48] dissolve start: 13 craft, covered 298, J 16.7200; 01:38/38@827 05:35/35@809 02:34/34@807 12:31/31@795 04:24/24@748 07:24/24@819 13:24/24@792 10:19/19@733 09:18/18@780 03:17/17@705 06:16/16@715 08:14/14@762 11:4/4@640
[21:01:48] dissolve 11 (cost 1.0297): 4 unique targets [11, 132, 203, 280]
[21:01:57]   target 11: trying 04@3168d(0.095AU,114kg), 05@380d(0.219AU,277kg), 01@383d(0.231AU,405kg)
[21:06:53]     04@3168d: ok=False miss 14231561 km
[21:06:53]     05@380d: ok=False miss 32820509 km
[21:06:53]     01@383d: ok=False miss 34510483 km
[21:06:53]   target 11: no successful insertion -> abort
[21:06:53] dissolve 08 (cost 1.1293): 14 unique targets [16, 34, 41, 71, 100, 107, 168, 177, 218, 224, 232, 242, 275, 287]
[21:07:03]   target 287: trying 13@5134d(0.264AU,53kg), 13@3412d(0.186AU,205kg), 02@5170d(0.209AU,339kg), 04@3403d(0.266AU,565kg)
[21:12:06]     13@5134d: ok=True miss 111 km, fuel 383.7, dJ +0.1951
[21:12:06]     13@3412d: ok=False miss 27886080 km
[21:12:06]     02@5170d: ok=False miss 31333260 km
[21:12:06]     04@3403d: ok=False miss 39821870 km
[21:12:06]   placed 287 on 13 (dJ +0.1951); spent 0.1951 of 1.1293
[21:12:10]   target 224: trying 06@2453d(0.044AU,38kg), 06@3964d(0.063AU,59kg), 05@3945d(0.069AU,69kg), 12@3983d(0.132AU,87kg), 12@2403d(0.108AU,245kg)
[21:18:55]     06@2453d: ok=True miss 74 km, fuel 174.0, dJ +0.0521
[21:18:55]     06@3964d: ok=False miss 9350952 km
[21:18:55]     05@3945d: ok=True miss 89 km, fuel 521.9, dJ +0.3431
[21:18:55]     12@3983d: ok=True miss 88 km, fuel 341.7, dJ +0.1462
[21:18:55]     12@2403d: ok=False miss 16197010 km
[21:18:55]   placed 224 on 06 (dJ +0.0521); spent 0.2472 of 1.1293
[21:18:59]   target 107: trying 10@1601d(0.078AU,34kg), 06@2354d(0.130AU,52kg), 06@3982d(0.208AU,76kg), 09@3937d(0.142AU,99kg), 02@4736d(0.131AU,149kg), 01@1587d(0.045AU,251kg)
