[20:57:26] dedupe start: 13 craft, covered 298, J 16.8231; 01:38/31@827 02:35/30@808 05:35/31@809 12:31/31@795 13:27/23@826 04:24/22@748 07:24/22@819 10:23/17@738 09:21/17@813 08:20/14@784 03:19/16@706 06:17/16@720 11:9/4@656
[20:57:26] 24 asteroids covered more than once
[20:57:31]   ast 14: keep on 01 (savings 01 2.2, 11 0.2)
[20:57:31]   ast 172: keep on 01 (savings 01 7.8, 08 0.4)
[20:57:31]   ast 174: keep on 01 (savings 01 0.8, 10 1.4)
[20:57:31]   ast 153: keep on 01 (savings 01 0.8, 08 2.5)
[20:57:31]   ast 253: keep on 01 (savings 01 0.8, 10 6.7)
[20:57:31]   ast 161: keep on 01 (savings 01 4.8, 13 2.0)
[20:57:31]   ast 197: keep on 01 (savings 01 6.0, 08 4.6)
[20:57:31]   ast 185: keep on 05 (savings 02 0.5, 05 -0.1, 13 11.6)
[20:57:31]   ast 190: keep on 02 (savings 02 1.4, 03 0.5)
[20:57:31]   ast 294: keep on 02 (savings 02 10.1, 09 4.7)
[20:57:31]   ast 33: keep on 02 (savings 02 4.7, 10 0.1)
[20:57:31]   ast 295: keep on 02 (savings 02 0.4, 13 0.6)
[20:57:31]   ast 83: keep on 05 (savings 03 0.0, 05 0.5)
[20:57:31]   ast 87: keep on 03 (savings 03 0.9, 11 5.8)
[20:57:31]   ast 230: keep on 04 (savings 04 13.3, 10 2.8)
[20:57:31]   ast 70: keep on 04 (savings 04 4.7, 11 0.1)
[20:57:31]   ast 226: keep on 05 (savings 05 4.3, 09 7.9)
[20:57:31]   ast 229: keep on 05 (savings 05 5.3, 08 0.3)
[20:57:31]   ast 42: keep on 09 (savings 06 1.4, 09 7.3)
[20:57:31]   ast 296: keep on 07 (savings 07 7.0, 11 4.2)
[20:57:31]   ast 198: keep on 07 (savings 07 8.1, 08 2.1)
[20:57:31]   ast 166: keep on 10 (savings 08 1.6, 10 0.6)
[20:57:31]   ast 234: keep on 10 (savings 09 23.9, 10 2.5)
[20:57:31]   ast 255: keep on 13 (savings 11 0.3, 13 1.9)
[20:59:06]   11: removed [14, 87, 70, 296, 255], m0 656.1 -> 640.4
[20:59:33]   03: removed [190, 83], m0 706.3 -> 705.4
[21:00:44]   06: removed [42], m0 720.2 -> 715.1
[21:00:51]   13: removed [161, 185, 295], m0 826.1 -> 791.8
[21:01:01]   09: removed [294, 226, 234], m0 813.2 -> 780.1
[21:01:21]   10: removed [174, 253, 33, 230], m0 738.2 -> 733.1
[21:01:26]   02: removed [185], m0 807.6 -> 807.0
[21:01:48]   08: removed [172, 153, 197, 229, 198, 166], m0 783.7 -> 762.2
[21:01:48] dedupe done: 13 craft, covered 298, J 16.7200; 01:38/38@827 05:35/35@809 02:34/34@807 12:31/31@795 04:24/24@748 07:24/24@819 13:24/24@792 10:19/19@733 09:18/18@780 03:17/17@705 06:16/16@715 08:14/14@762 11:4/4@640
