[20:25:00] dedupe start: 13 craft, covered 298, J 16.8231; 01:38/31@827 02:35/30@808 05:35/31@809 12:31/31@795 13:27/23@826 04:24/22@748 07:24/22@819 10:23/17@738 09:21/17@813 08:20/14@784 03:19/16@706 06:17/16@720 11:9/4@656
[20:25:00] 24 asteroids covered more than once
[20:25:04]   ast 14: keep on 11 (savings 01 2.2, 11 0.2)
[20:25:04]   ast 172: keep on 08 (savings 01 7.8, 08 0.5)
[20:25:04]   ast 174: keep on 01 (savings 01 0.8, 10 1.5)
[20:25:04]   ast 153: keep on 01 (savings 01 0.8, 08 2.5)
[20:25:04]   ast 253: keep on 01 (savings 01 0.8, 10 6.7)
[20:25:04]   ast 161: keep on 13 (savings 01 4.8, 13 2.1)
[20:25:04]   ast 197: keep on 08 (savings 01 6.0, 08 4.6)
[20:25:04]   ast 185: keep on 05 (savings 02 0.5, 05 -0.1, 13 11.6)
[20:25:04]   ast 190: keep on 03 (savings 02 1.4, 03 0.5)
[20:25:04]   ast 294: keep on 09 (savings 02 10.1, 09 4.7)
[20:25:04]   ast 33: keep on 10 (savings 02 4.7, 10 0.1)
[20:25:04]   ast 295: keep on 02 (savings 02 0.4, 13 0.5)
[20:25:04]   ast 83: keep on 03 (savings 03 0.0, 05 0.5)
[20:25:04]   ast 87: keep on 03 (savings 03 0.8, 11 5.9)
[20:25:04]   ast 230: keep on 10 (savings 04 13.3, 10 2.8)
[20:25:04]   ast 70: keep on 11 (savings 04 4.7, 11 0.1)
[20:25:04]   ast 226: keep on 05 (savings 05 4.3, 09 7.9)
[20:25:04]   ast 229: keep on 08 (savings 05 5.3, 08 0.3)
[20:25:04]   ast 42: keep on 06 (savings 06 1.4, 09 7.9)
[20:25:04]   ast 296: keep on 11 (savings 07 7.0, 11 3.9)
[20:25:04]   ast 198: keep on 08 (savings 07 8.1, 08 2.1)
[20:25:04]   ast 166: keep on 10 (savings 08 1.6, 10 0.6)
[20:25:04]   ast 234: keep on 10 (savings 09 25.0, 10 2.5)
[20:25:04]   ast 255: keep on 11 (savings 11 0.3, 13 1.9)
[20:26:40]   11: removed [87], m0 656.1 -> 651.1
[20:28:26]   09: removed [226, 42, 234], m0 813.2 -> 795.6
[20:28:31]   13: removed [185, 295, 255], m0 826.1 -> 808.4
[20:28:31]   08: removed [153, 166], m0 783.7 -> 780.2
[20:28:32]   04: removed [230, 70], m0 748.1 -> 728.4
[20:28:34]   01: removed [14, 172, 161, 197], m0 826.7 -> 798.9
[20:28:44]   05: removed [83, 229], m0 808.6 -> 803.8
[20:28:45]   02: removed [185, 190, 294, 33], m0 807.6 -> 791.1
[20:28:49]   10: removed [174, 253], m0 738.2 -> 731.3
[20:29:55]   07: removed [296, 198], m0 819.2 -> 806.4
[20:29:55] dedupe done: 13 craft, covered 298, J 16.7033; 01:34/34@799 05:33/33@804 02:31/31@791 12:31/31@795 13:24/24@808 04:22/22@728 07:22/22@806 10:21/21@731 03:19/19@706 08:18/18@780 09:18/18@796 06:17/17@720 11:8/8@651
