[03:16:43] grow fleet: 11 routes, launch [0.0, 0.0, 0.0, 0.0, 0.0, 0.0, 0.0, 0.0, 0.0, 0.0, 0.0], tangential v_inf [-1.5, -1.2, -0.9, -0.6, -0.3, 0.0, 0.3, 0.6, 0.9, 1.2, 1.5], lambda 0.05, dmax 0.06
[03:17:56] step 1: +8 (174->07 +0.000, 67->09 +0.000, 201->04 +0.000, 294->02 +0.000, 174->06 +0.000, 281->03 +0.000, 174->10 +0.000, 72->05 +0.000, 174->11 +0.000, 170->01 +0.000, 171->08 +0.000); covered 8, sum J_i 11.012 (73 s, 132 trials)
[03:18:55] step 2: +11 (142->10 +0.000, 286->11 +0.000, 14->06 +0.000, 198->03 +0.000, 96->07 +0.000, 190->08 +0.000, 296->04 +0.000, 226->01 +0.000, 275->09 +0.000, 77->05 +0.000, 113->02 +0.001); covered 19, sum J_i 11.014 (59 s, 96 trials)
[03:20:01] step 3: +11 (81->02 +0.000, 20->06 +0.000, 44->10 +0.001, 254->04 +0.001, 211->01 +0.001, 161->08 +0.001, 288->09 +0.001, 6->07 +0.001, 235->11 +0.001, 117->05 +0.001, 12->03 +0.002); covered 30, sum J_i 11.023 (66 s, 132 trials)
[03:21:10] step 4: +11 (255->06 +0.000, 166->10 +0.000, 63->04 +0.000, 1->07 +0.001, 267->11 +0.001, 121->05 +0.001, 23->08 +0.001, 52->01 +0.001, 193->09 +0.002, 179->02 +0.002, 38->03 +0.002); covered 41, sum J_i 11.034 (69 s, 132 trials)
[03:22:20] step 5: +11 (210->02 +0.000, 278->11 +0.001, 257->06 +0.001, 194->01 +0.001, 37->05 +0.001, 252->04 +0.001, 112->09 +0.001, 227->03 +0.001, 293->07 +0.001, 70->10 +0.002, 42->08 +0.002); covered 52, sum J_i 11.044 (69 s, 129 trials)
[03:23:21] step 6: +11 (29->10 +0.000, 76->07 +0.001, 153->04 +0.001, 202->09 +0.001, 60->08 +0.001, 188->05 +0.002, 183->06 +0.002, 128->03 +0.002, 287->11 +0.002, 222->02 +0.002, 61->01 +0.004); covered 63, sum J_i 11.061 (61 s, 128 trials)
[03:24:31] step 7: +10 (250->11 +0.000, 111->01 +0.001, 297->02 +0.001, 102->06 +0.001, 83->03 +0.001, 229->10 +0.001, 295->08 +0.001, 189->05 +0.002, 33->07 +0.002, 189->09 +0.003, 251->04 +0.003); covered 73, sum J_i 11.073 (69 s, 128 trials)
[03:25:45] step 8: +10 (13->03 +0.001, 162->06 +0.002, 27->10 +0.002, 256->05 +0.002, 13->09 +0.003, 242->04 +0.003, 221->07 +0.003, 34->11 +0.004, 159->08 +0.004, 291->02 +0.005, 164->01 +0.007); covered 83, sum J_i 11.106 (75 s, 115 trials)
[03:26:59] step 9: +10 (284->04 +0.000, 4->01 +0.001, 65->06 +0.001, 103->10 +0.001, 238->03 +0.001, 146->02 +0.002, 146->05 +0.002, 22->07 +0.002, 215->09 +0.004, 49->11 +0.005, 272->08 +0.007); covered 93, sum J_i 11.131 (74 s, 113 trials)
[03:28:15] step 10: +10 (243->06 +0.001, 135->08 +0.002, 26->02 +0.002, 148->05 +0.003, 178->01 +0.003, 175->09 +0.003, 2->03 +0.003, 98->04 +0.005, 134->10 +0.006, 245->07 +0.007, 245->11 +0.018); covered 103, sum J_i 11.165 (76 s, 101 trials)
[03:29:37] step 11: +11 (261->05 +0.001, 187->08 +0.002, 28->06 +0.002, 95->02 +0.003, 289->04 +0.003, 300->07 +0.005, 228->03 +0.005, 39->10 +0.006, 30->09 +0.008, 231->01 +0.011, 220->11 +0.019); covered 114, sum J_i 11.230 (82 s, 98 trials)
[03:31:09] step 12: +11 (283->09 +0.001, 123->04 +0.003, 273->11 +0.003, 207->03 +0.003, 182->02 +0.003, 276->05 +0.003, 167->08 +0.004, 24->07 +0.005, 154->06 +0.008, 141->10 +0.009, 163->01 +0.013); covered 125, sum J_i 11.286 (92 s, 99 trials)
[03:32:37] step 13: +10 (99->03 +0.001, 290->05 +0.002, 3->04 +0.002, 99->08 +0.004, 185->02 +0.004, 199->07 +0.005, 73->11 +0.006, 126->10 +0.007, 74->06 +0.008, 47->01 +0.017, 241->09 +0.018); covered 135, sum J_i 11.357 (88 s, 92 trials)
[03:33:52] step 14: +11 (247->01 +0.001, 208->09 +0.001, 89->05 +0.002, 239->04 +0.006, 18->03 +0.006, 92->02 +0.007, 35->07 +0.009, 186->08 +0.010, 274->06 +0.011, 82->11 +0.014, 116->10 +0.014); covered 146, sum J_i 11.437 (75 s, 73 trials)
[03:35:02] step 15: +9 (152->10 +0.003, 233->04 +0.004, 168->05 +0.004, 259->01 +0.006, 260->02 +0.008, 200->08 +0.008, 71->03 +0.010, 152->07 +0.012, 249->06 +0.014, 269->09 +0.026); covered 155, sum J_i 11.520 (70 s, 64 trials)
[03:36:08] step 16: +9 (133->01 +0.000, 145->08 +0.000, 192->09 +0.000, 7->05 +0.001, 181->10 +0.003, 263->04 +0.005, 129->02 +0.008, 192->03 +0.011, 271->07 +0.015, 45->06 +0.015); covered 164, sum J_i 11.568 (67 s, 53 trials)
[03:37:13] step 17: +9 (268->06 -0.000, 292->01 +0.001, 225->09 +0.002, 195->02 +0.004, 195->05 +0.005, 216->10 +0.006, 173->04 +0.008, 299->03 +0.013, 94->08 +0.017, 244->07 +0.029); covered 173, sum J_i 11.648 (65 s, 53 trials)
[03:37:57] step 18: +5 (59->07 -0.000, 43->06 +0.004, 80->05 +0.008, 43->01 +0.014, 248->04 +0.014, 59->02 +0.017, 237->03 +0.021); covered 178, sum J_i 11.695 (44 s, 32 trials)
[03:38:24] step 19: +6 (230->05 +0.012, 132->07 +0.014, 265->04 +0.014, 266->02 +0.018, 270->06 +0.025, 279->01 +0.028); covered 184, sum J_i 11.806 (26 s, 20 trials)
[03:38:53] step 20: +6 (127->04 +0.002, 280->02 +0.005, 253->05 +0.014, 165->06 +0.030, 203->01 +0.031, 88->07 +0.036); covered 190, sum J_i 11.924 (29 s, 21 trials)
[03:39:20] step 21: +4 (21->05 +0.013, 180->04 +0.019, 84->06 +0.020, 212->02 +0.023); covered 194, sum J_i 12.000 (27 s, 17 trials)
[03:39:46] step 22: +3 (57->06 +0.004, 140->05 +0.037, 206->04 +0.050); covered 197, sum J_i 12.091 (26 s, 12 trials)
[03:39:59] step 23: no insertion <= lambda; stop with 101 unassigned
[03:39:59] final: 11 routes, covered 197, J 115.0907; 04:22@779 06:21@786 02:20@727 05:20@740 01:19@760 07:19@769 03:17@697 08:16@681 10:16@682 09:15@692 11:12@675; unassigned [5, 8, 9, 10, 11, 15, 16, 17, 19, 25, 31, 32, 36, 40, 41, 46, 48, 50, 51, 53, 54, 55, 56, 58, 62, 64, 66, 68, 69, 75, 78, 79, 85, 86, 87, 90, 91, 93, 97, 100, 101, 104, 105, 106, 107, 108, 109, 110, 114, 115, 118, 119, 120, 122, 124, 125, 130, 136, 137, 138, 139, 143, 147, 149, 150, 151, 155, 156, 157, 158, 160, 169, 172, 176, 177, 184, 191, 196, 197, 204, 205, 209, 213, 214, 217, 218, 219, 223, 224, 232, 234, 236, 240, 246, 258, 262, 264, 277, 282, 285, 298]
