[01:59:50] search start: 11 routes, covered 298, J 14.9404; 01:36@828 05:36@884 02:35@816 12:30@776 13:25@835 09:24@848 06:23@844 07:23@794 10:23@778 04:22@799 03:21@744
[01:59:50] dissolve 06 (cost 1.2043, 23 targets)
[02:06:05]   placed 83 on 03 at 3838 d: dJ +0.0005 (placed cost 0.001, misses 0, of 1.204)
[02:06:05]   placed 175 on 13 at 5186 d: dJ +0.0007 (placed cost 0.001, misses 0, of 1.204)
[02:06:05]   placed 76 on 02 at 1453 d: dJ +0.0014 (placed cost 0.003, misses 0, of 1.204)
[02:06:05]   placed 250 on 04 at 3002 d: dJ +0.0032 (placed cost 0.006, misses 0, of 1.204)
[02:06:05]   placed 107 on 10 at 1602 d: dJ +0.0165 (placed cost 0.022, misses 0, of 1.204)
[02:06:05]   placed 141 on 01 at 1747 d: dJ +0.0202 (placed cost 0.043, misses 0, of 1.204)
[02:06:05]   placed 152 on 07 at 2813 d: dJ +0.0205 (placed cost 0.063, misses 0, of 1.204)
[02:06:05]   placed 145 on 09 at 4114 d: dJ +0.0405 (placed cost 0.104, misses 0, of 1.204)
[02:06:05]   placed 224 on 12 at 3983 d: dJ +0.1516 (placed cost 0.255, misses 0, of 1.204)
[02:09:41]   7: no insertion (3 candidates within 0.30 AU), failure 1
[02:09:41]   34: no insertion (3 candidates within 0.30 AU), failure 1
[02:09:41]   placed 208 on 03 at 5065 d: dJ +0.0093 (placed cost 0.264, misses 0, of 1.204)
[02:09:41]   placed 134 on 04 at 2042 d: dJ +0.0152 (placed cost 0.280, misses 0, of 1.204)
[02:09:41]   placed 289 on 09 at 1765 d: dJ +0.0176 (placed cost 0.297, misses 0, of 1.204)
[02:09:41]   placed 85 on 10 at 3426 d: dJ +0.0211 (placed cost 0.318, misses 0, of 1.204)
[02:09:41]   placed 12 on 13 at 4079 d: dJ +0.0770 (placed cost 0.395, misses 0, of 1.204)
[02:09:41]   placed 75 on 01 at 4457 d: dJ +0.1298 (placed cost 0.525, misses 0, of 1.204)
[02:12:52]   34: no insertion (5 candidates within 0.45 AU), failure 2
[02:12:52]   placed 130 on 10 at 3936 d: dJ +0.0324 (placed cost 0.558, misses 0, of 1.204)
[02:12:52]   placed 15 on 03 at 3647 d: dJ +0.0458 (placed cost 0.603, misses 0, of 1.204)
[02:12:52]   placed 240 on 04 at 2579 d: dJ +0.1449 (placed cost 0.748, misses 0, of 1.204)
[02:12:52]   placed 7 on 07 at 4975 d: dJ +0.1464 (placed cost 0.895, misses 0, of 1.204)
[02:12:52]   placed 171 on 09 at 2830 d: dJ +0.1547 (placed cost 1.049, misses 0, of 1.204)
[02:14:03]   34: no insertion (7 candidates within 0.60 AU), failure 3
[02:14:03]   34: missed (+1)
[02:14:03]   placed 16 on 10 at 1994 d: dJ +0.0402 (placed cost 1.090, misses 1, of 1.204)
[02:14:03]   placed 149 on 04 at 4293 d: dJ +0.1815 (placed cost 1.271, misses 1, of 1.204)
[02:14:03]   placed cost 1.271 + misses 1 > 1.204 + slack: abort
[02:14:03] dissolve 09 (cost 1.2089, 24 targets)
[02:18:49]   placed 172 on 10 at 1115 d: dJ +0.0068 (placed cost 0.007, misses 0, of 1.209)
[02:18:49]   placed 251 on 03 at 3830 d: dJ +0.0078 (placed cost 0.015, misses 0, of 1.209)
[02:18:49]   placed 267 on 01 at 4316 d: dJ +0.0091 (placed cost 0.024, misses 0, of 1.209)
[02:18:49]   placed 124 on 04 at 3313 d: dJ +0.0102 (placed cost 0.034, misses 0, of 1.209)
[02:18:49]   placed 6 on 02 at 578 d: dJ +0.0112 (placed cost 0.045, misses 0, of 1.209)
[02:18:49]   placed 188 on 12 at 5125 d: dJ +0.0178 (placed cost 0.063, misses 0, of 1.209)
[02:18:49]   placed 2 on 06 at 4687 d: dJ +0.0220 (placed cost 0.085, misses 0, of 1.209)
[02:18:49]   placed 273 on 07 at 4616 d: dJ +0.0223 (placed cost 0.107, misses 0, of 1.209)
[02:18:49]   placed 165 on 13 at 2918 d: dJ +0.0525 (placed cost 0.160, misses 0, of 1.209)
[02:18:49]   placed 213 on 05 at 3417 d: dJ +0.1331 (placed cost 0.293, misses 0, of 1.209)
[02:21:38]   placed 49 on 13 at 2864 d: dJ +0.0211 (placed cost 0.314, misses 0, of 1.209)
[02:21:38]   placed 118 on 06 at 3217 d: dJ +0.0287 (placed cost 0.343, misses 0, of 1.209)
[02:21:38]   placed 270 on 10 at 4163 d: dJ +0.0343 (placed cost 0.377, misses 0, of 1.209)
[02:21:38]   placed 42 on 03 at 1680 d: dJ +0.0514 (placed cost 0.428, misses 0, of 1.209)
[02:21:38]   placed 271 on 07 at 4945 d: dJ +0.0556 (placed cost 0.484, misses 0, of 1.209)
[02:21:38]   placed 150 on 02 at 2799 d: dJ +0.0632 (placed cost 0.547, misses 0, of 1.209)
[02:21:38]   placed 8 on 04 at 2185 d: dJ +0.1821 (placed cost 0.729, misses 0, of 1.209)
[02:23:20]   placed 157 on 10 at 3251 d: dJ +0.0493 (placed cost 0.778, misses 0, of 1.209)
[02:23:20]   placed 260 on 03 at 2090 d: dJ +0.0681 (placed cost 0.846, misses 0, of 1.209)
[02:23:20]   placed 219 on 07 at 3489 d: dJ +0.0734 (placed cost 0.920, misses 0, of 1.209)
[02:24:22]   placed 248 on 07 at 1150 d: dJ +0.1132 (placed cost 1.033, misses 0, of 1.209)
[02:24:22]   placed 51 on 03 at 1717 d: dJ +0.2095 (placed cost 1.243, misses 0, of 1.209)
[02:24:22]   placed 71 on 06 at 1815 d: dJ +0.3362 (placed cost 1.579, misses 0, of 1.209)
[02:24:22]   placed cost 1.579 + misses 0 > 1.209 + slack: abort
[02:24:22] dissolve 07 (cost 1.1580, 23 targets)
[02:29:43]   53: no insertion (2 candidates within 0.30 AU), failure 1
[02:29:43]   280: no insertion (4 candidates within 0.30 AU), failure 1
[02:29:43]   placed 241 on 03 at 3890 d: dJ +0.0001 (placed cost 0.000, misses 0, of 1.158)
[02:29:43]   placed 50 on 13 at 1771 d: dJ +0.0023 (placed cost 0.002, misses 0, of 1.158)
[02:29:43]   placed 272 on 04 at 4207 d: dJ +0.0030 (placed cost 0.005, misses 0, of 1.158)
[02:29:43]   placed 117 on 06 at 3229 d: dJ +0.0097 (placed cost 0.015, misses 0, of 1.158)
[02:29:43]   placed 221 on 09 at 5427 d: dJ +0.0123 (placed cost 0.027, misses 0, of 1.158)
[02:29:43]   placed 283 on 12 at 3092 d: dJ +0.0478 (placed cost 0.075, misses 0, of 1.158)
[02:29:43]   placed 249 on 02 at 256 d: dJ +0.0529 (placed cost 0.128, misses 0, of 1.158)
[02:29:43]   placed 228 on 01 at 80 d: dJ +0.0790 (placed cost 0.207, misses 0, of 1.158)
[02:33:36]   53: no insertion (2 candidates within 0.45 AU), failure 2
[02:33:36]   280: no insertion (6 candidates within 0.45 AU), failure 2
[02:33:36]   placed 19 on 03 at 2269 d: dJ +0.0106 (placed cost 0.218, misses 0, of 1.158)
[02:33:36]   placed 59 on 04 at 3795 d: dJ +0.0113 (placed cost 0.229, misses 0, of 1.158)
[02:33:36]   placed 210 on 13 at 5255 d: dJ +0.0126 (placed cost 0.241, misses 0, of 1.158)
[02:33:36]   placed 268 on 09 at 571 d: dJ +0.0492 (placed cost 0.291, misses 0, of 1.158)
[02:33:36]   placed 27 on 06 at 5356 d: dJ +0.1301 (placed cost 0.421, misses 0, of 1.158)
[02:33:36]   placed 17 on 02 at 4958 d: dJ +0.4933 (placed cost 0.914, misses 0, of 1.158)
[02:36:17]   placed 296 on 03 at 5240 d: dJ +0.0118 (placed cost 0.926, misses 0, of 1.158)
[02:36:17]   placed 292 on 04 at 5317 d: dJ +0.0187 (placed cost 0.944, misses 0, of 1.158)
[02:36:17]   placed 53 on 13 at 5398 d: dJ +0.0505 (placed cost 0.995, misses 0, of 1.158)
[02:36:17]   placed 39 on 09 at 1447 d: dJ +0.0670 (placed cost 1.062, misses 0, of 1.158)
[02:36:17]   placed 222 on 01 at 4656 d: dJ +0.1312 (placed cost 1.193, misses 0, of 1.158)
[02:37:41]   placed 254 on 03 at 3714 d: dJ +0.0126 (placed cost 1.206, misses 0, of 1.158)
[02:37:41]   placed 198 on 04 at 3970 d: dJ +0.1023 (placed cost 1.308, misses 0, of 1.158)
[02:37:41]   placed cost 1.308 + misses 0 > 1.158 + slack: abort
[02:37:41] no improving move
[02:37:41] search done: 11 routes, covered 298, J 14.9404; 01:36@828 05:36@884 02:35@816 12:30@776 13:25@835 09:24@848 06:23@844 07:23@794 10:23@778 04:22@799 03:21@744
