[03:44:19] search start: 11 routes, covered 298, J 14.9404; 01:36@828 05:36@884 02:35@816 12:30@776 13:25@835 09:24@848 06:23@844 07:23@794 10:23@778 04:22@799 03:21@744
[03:44:19] dissolve 07 (cost 1.1580, 23 targets)
[03:49:22]   53: no insertion (2 candidates within 0.30 AU), failure 1
[03:49:22]   280: no insertion (4 candidates within 0.30 AU), failure 1
[03:49:22]   placed 241 on 03 at 3890 d: dJ +0.0001 (placed cost 0.000, misses 0, of 1.158)
[03:49:22]   placed 50 on 13 at 1771 d: dJ +0.0023 (placed cost 0.002, misses 0, of 1.158)
[03:49:22]   placed 272 on 04 at 4207 d: dJ +0.0030 (placed cost 0.005, misses 0, of 1.158)
[03:49:22]   placed 117 on 06 at 3229 d: dJ +0.0097 (placed cost 0.015, misses 0, of 1.158)
[03:49:22]   placed 221 on 09 at 5427 d: dJ +0.0123 (placed cost 0.027, misses 0, of 1.158)
[03:49:22]   placed 283 on 12 at 3092 d: dJ +0.0478 (placed cost 0.075, misses 0, of 1.158)
[03:49:22]   placed 249 on 02 at 256 d: dJ +0.0529 (placed cost 0.128, misses 0, of 1.158)
[03:49:22]   placed 228 on 01 at 80 d: dJ +0.0790 (placed cost 0.207, misses 0, of 1.158)
[03:53:12]   53: no insertion (2 candidates within 0.45 AU), failure 2
[03:53:12]   280: no insertion (6 candidates within 0.45 AU), failure 2
[03:53:12]   placed 19 on 03 at 2269 d: dJ +0.0106 (placed cost 0.218, misses 0, of 1.158)
[03:53:12]   placed 59 on 04 at 3795 d: dJ +0.0113 (placed cost 0.229, misses 0, of 1.158)
[03:53:12]   placed 210 on 13 at 5255 d: dJ +0.0126 (placed cost 0.241, misses 0, of 1.158)
[03:53:12]   placed 268 on 09 at 571 d: dJ +0.0492 (placed cost 0.291, misses 0, of 1.158)
[03:53:12]   placed 27 on 06 at 5356 d: dJ +0.1301 (placed cost 0.421, misses 0, of 1.158)
[03:53:12]   placed 17 on 02 at 4958 d: dJ +0.4933 (placed cost 0.914, misses 0, of 1.158)
[03:55:37]   placed 296 on 03 at 5240 d: dJ +0.0118 (placed cost 0.926, misses 0, of 1.158)
[03:55:37]   placed 292 on 04 at 5317 d: dJ +0.0187 (placed cost 0.944, misses 0, of 1.158)
[03:55:37]   placed 53 on 13 at 5398 d: dJ +0.0505 (placed cost 0.995, misses 0, of 1.158)
[03:55:37]   placed 39 on 09 at 1447 d: dJ +0.0670 (placed cost 1.062, misses 0, of 1.158)
[03:55:37]   placed 222 on 01 at 4656 d: dJ +0.1312 (placed cost 1.193, misses 0, of 1.158)
[03:56:57]   placed 254 on 03 at 3714 d: dJ +0.0126 (placed cost 1.206, misses 0, of 1.158)
[03:56:57]   placed 198 on 04 at 3970 d: dJ +0.1023 (placed cost 1.308, misses 0, of 1.158)
[03:57:45]   placed 205 on 03 at 728 d: dJ +0.0258 (placed cost 1.334, misses 0, of 1.158)
[03:57:45]   placed 280 on 09 at 2314 d: dJ +0.4422 (placed cost 1.776, misses 0, of 1.158)
[03:57:45] dissolve 07: J 14.9404 -> 15.5585 reject; misses []
[03:57:45]   annealed dissolve 07: relocating the trial fleet (J 15.5585, must end below 14.9404)
[04:00:51] relocate: top removal savings 17@02 0.494, 40@02 0.441, 273@09 0.274, 180@02 0.240, 178@02 0.179, 27@06 0.131, 222@01 0.131, 15@06 0.121, 285@01 0.107, 247@02 0.106, 280@09 0.100, 198@04 0.091
[04:08:50]   moved 273: 09 -> 05 gain 0.2509; J 15.3075
[04:08:50]   moved 180: 02 -> 04 gain 0.1881; J 15.1194
[04:08:50]   moved 15: 06 -> 03 gain 0.0661; J 15.0533
[04:08:50]   moved 237: 12 -> 10 gain 0.0470; J 15.0063
[04:08:50]   annealed 07 pass 1: J 15.0063
[04:12:00] relocate: top removal savings 17@02 0.263, 40@02 0.243, 266@02 0.152, 222@01 0.131, 285@01 0.107, 177@04 0.092, 287@13 0.076, 228@01 0.070, 198@04 0.066, 178@02 0.055, 53@13 0.054, 171@06 0.051
[04:18:36]   moved 266: 02 -> 05 gain 0.1058; J 14.9005
[04:18:36]   moved 272: 04 -> 09 gain 0.0726; J 14.8279
[04:18:36]   moved 255: 03 -> 10 gain 0.0365; J 14.7914
[04:18:36]   moved 210: 13 -> 12 gain 0.0034; J 14.7880
[04:18:36]   annealed 07 pass 2: J 14.7880
[04:18:36] annealed dissolve 07: J 14.9404 -> 14.7880 ACCEPT
[04:18:36] fleet: 10 routes, covered 298, J 14.7880; 01:38@1029 05:38@951 02:35@968 12:31@813 09:28@1098 13:27@865 03:26@825 04:26@939 10:25@787 06:24@863
[04:21:40] relocate: top removal savings 222@01 0.131, 17@02 0.122, 285@01 0.107, 40@02 0.096, 177@04 0.078, 228@01 0.070, 171@06 0.051, 287@13 0.046, 232@13 0.044, 39@09 0.039, 266@05 0.039, 137@13 0.036
[04:28:33]   moved 285: 01 -> 02 gain 0.0685; J 14.7196
[04:28:33]   moved 172: 09 -> 10 gain 0.0132; J 14.7064
[04:28:33] fleet: 10 routes, covered 298, J 14.7064; 05:38@951 01:37@932 02:36@1002 12:31@813 09:27@1078 13:27@865 03:26@825 04:26@939 10:26@799 06:24@863
[04:31:36] relocate: top removal savings 17@02 0.159, 40@02 0.133, 177@04 0.078, 228@01 0.055, 171@06 0.051, 287@13 0.046, 232@13 0.044, 266@05 0.039, 285@02 0.039, 137@13 0.036, 286@04 0.036, 274@02 0.035
[04:39:32]   moved 269: 12 -> 10 gain 0.0180; J 14.6884
[04:39:32]   moved 76: 06 -> 02 gain 0.0144; J 14.6739
[04:39:32] fleet: 10 routes, covered 298, J 14.6739; 05:38@951 01:37@932 02:37@1004 12:30@794 09:27@1078 10:27@798 13:27@865 03:26@825 04:26@939 06:23@846
[04:42:34] relocate: top removal savings 17@02 0.160, 40@02 0.131, 177@04 0.078, 228@01 0.055, 287@13 0.046, 232@13 0.044, 171@06 0.040, 266@05 0.039, 285@02 0.039, 137@13 0.036, 286@04 0.036, 274@02 0.035
[04:50:10]   moved 247: 02 -> 04 gain 0.0127; J 14.6612
[04:50:10]   moved 10: 10 -> 01 gain 0.0127; J 14.6485
[04:50:10]   moved 254: 03 -> 06 gain 0.0032; J 14.6453
[04:50:10]   moved 47: 05 -> 13 gain 0.0024; J 14.6429
[04:50:10] fleet: 10 routes, covered 298, J 14.6429; 01:38@934 05:37@937 02:36@982 12:30@794 13:28@877 04:27@951 09:27@1078 10:26@782 03:25@795 06:24@871
[04:52:54] relocate: top removal savings 40@02 0.119, 17@02 0.105, 177@04 0.074, 228@01 0.053, 286@04 0.051, 198@04 0.050, 178@02 0.049, 180@04 0.046, 266@05 0.046, 287@13 0.046, 232@13 0.044, 137@13 0.035
[05:00:31]   moved 178: 02 -> 03 gain 0.0439; J 14.5990
[05:00:31]   moved 120: 04 -> 06 gain 0.0085; J 14.5905
[05:00:31]   moved 291: 01 -> 05 gain 0.0084; J 14.5822
[05:00:31] fleet: 10 routes, covered 298, J 14.5822; 05:38@947 01:37@915 02:35@936 12:30@794 13:28@877 09:27@1078 03:26@800 04:26@921 10:26@782 06:25@894
[05:04:00] relocate: top removal savings 17@02 0.087, 40@02 0.080, 228@01 0.062, 286@04 0.056, 177@04 0.050, 180@04 0.047, 287@13 0.046, 266@05 0.045, 232@13 0.044, 198@04 0.043, 59@04 0.038, 160@04 0.036
[05:10:45]   moved 11: 04 -> 01 gain 0.0157; J 14.5665
[05:10:45]   moved 291: 05 -> 10 gain 0.0054; J 14.5611
[05:10:45] fleet: 10 routes, covered 298, J 14.5611; 01:38@931 05:37@924 02:35@936 12:30@794 13:28@877 09:27@1078 10:27@803 03:26@800 04:25@890 06:25@894
[05:13:47] relocate: top removal savings 17@02 0.087, 40@02 0.080, 198@04 0.059, 287@13 0.046, 232@13 0.044, 266@05 0.043, 177@04 0.042, 137@13 0.035, 58@13 0.029, 292@04 0.028, 271@09 0.027, 96@04 0.026
[05:20:11]   moved 145: 06 -> 04 gain 0.0198; J 14.5413
[05:20:11]   moved 140: 10 -> 13 gain 0.0146; J 14.5268
[05:20:11] fleet: 10 routes, covered 298, J 14.5268; 01:38@931 05:37@924 02:35@936 12:30@794 13:29@881 09:27@1078 03:26@800 04:26@885 10:26@783 06:24@878
[05:23:22] relocate: top removal savings 17@02 0.087, 40@02 0.080, 287@13 0.046, 232@13 0.044, 266@05 0.043, 137@13 0.036, 198@04 0.035, 177@04 0.033, 58@13 0.029, 271@09 0.027, 53@13 0.026, 268@09 0.025
[05:30:17]   moved 280: 09 -> 04 gain 0.0037; J 14.5231
[05:30:17] fleet: 10 routes, covered 298, J 14.5231; 01:38@931 05:37@924 02:35@936 12:30@794 13:29@881 04:27@894 03:26@800 09:26@1067 10:26@783 06:24@878
[05:34:04] relocate: top removal savings 268@09 0.106, 271@09 0.099, 17@02 0.087, 40@02 0.080, 287@13 0.046, 42@09 0.044, 232@13 0.044, 266@05 0.043, 137@13 0.036, 177@04 0.030, 39@09 0.030, 58@13 0.029
[05:42:04]   moved 268: 09 -> 12 gain 0.0546; J 14.4685
[05:42:04] fleet: 10 routes, covered 298, J 14.4685; 01:38@931 05:37@924 02:35@936 12:31@848 13:29@881 04:27@894 03:26@800 10:26@783 09:25@975 06:24@878
[05:45:30] relocate: top removal savings 17@02 0.087, 40@02 0.080, 39@09 0.070, 268@12 0.051, 68@12 0.049, 287@13 0.046, 8@09 0.045, 232@13 0.044, 165@09 0.043, 266@05 0.043, 168@09 0.042, 272@09 0.037
[05:53:28]   moved 68: 12 -> 09 gain 0.0715; J 14.3970
[05:53:28] fleet: 10 routes, covered 298, J 14.3970; 01:38@931 05:37@924 02:35@936 12:30@796 13:29@881 04:27@894 03:26@800 09:26@954 10:26@783 06:24@878
[05:56:50] relocate: top removal savings 17@02 0.087, 40@02 0.080, 68@09 0.050, 287@13 0.046, 150@09 0.045, 165@09 0.044, 232@13 0.044, 266@05 0.043, 137@13 0.036, 177@04 0.030, 39@09 0.030, 58@13 0.029
[06:03:55]   moved 273: 05 -> 09 gain 0.0094; J 14.3877
[06:03:55] fleet: 10 routes, covered 298, J 14.3877; 01:38@931 05:36@904 02:35@936 12:30@796 13:29@881 04:27@894 09:27@965 03:26@800 10:26@783 06:24@878
[06:07:18] relocate: top removal savings 17@02 0.087, 40@02 0.080, 150@09 0.051, 68@09 0.049, 287@13 0.046, 232@13 0.044, 266@05 0.041, 39@09 0.039, 165@09 0.038, 137@13 0.036, 177@04 0.030, 51@09 0.029
[06:14:18]   moved 292: 04 -> 09 gain 0.0098; J 14.3779
[06:14:18] fleet: 10 routes, covered 298, J 14.3779; 01:38@931 05:36@904 02:35@936 12:30@796 13:29@881 09:28@977 03:26@800 04:26@871 10:26@783 06:24@878
[06:17:36] relocate: top removal savings 17@02 0.087, 40@02 0.080, 68@09 0.053, 150@09 0.049, 287@13 0.046, 165@09 0.046, 232@13 0.044, 266@05 0.041, 137@13 0.036, 177@04 0.034, 51@09 0.029, 58@13 0.029
[06:24:22] dissolve 06 (cost 1.2385, 24 targets)
[06:30:10]   171: no insertion (8 candidates within 0.30 AU), failure 1
[06:30:10]   placed 175 on 13 at 5188 d: dJ +0.0046 (placed cost 0.005, misses 0, of 1.239)
[06:30:10]   placed 289 on 09 at 1768 d: dJ +0.0075 (placed cost 0.012, misses 0, of 1.239)
[06:30:10]   placed 107 on 02 at 4697 d: dJ +0.0169 (placed cost 0.029, misses 0, of 1.239)
[06:30:10]   placed 85 on 10 at 3427 d: dJ +0.0181 (placed cost 0.047, misses 0, of 1.239)
[06:30:10]   placed 141 on 01 at 1747 d: dJ +0.0239 (placed cost 0.071, misses 0, of 1.239)
[06:30:10]   placed 120 on 04 at 1755 d: dJ +0.0397 (placed cost 0.111, misses 0, of 1.239)
[06:30:10]   placed 254 on 03 at 3708 d: dJ +0.0731 (placed cost 0.184, misses 0, of 1.239)
[06:30:10]   placed 149 on 12 at 2178 d: dJ +0.1281 (placed cost 0.312, misses 0, of 1.239)
[06:33:38]   34: no insertion (3 candidates within 0.30 AU), failure 1
[06:33:38]   171: no insertion (8 candidates within 0.45 AU), failure 2
[06:33:38]   placed 83 on 13 at 4228 d: dJ +0.0162 (placed cost 0.328, misses 0, of 1.239)
[06:33:38]   placed 16 on 10 at 1994 d: dJ +0.0183 (placed cost 0.347, misses 0, of 1.239)
[06:33:38]   placed 134 on 04 at 2042 d: dJ +0.0226 (placed cost 0.369, misses 0, of 1.239)
[06:33:38]   placed 208 on 03 at 5072 d: dJ +0.1651 (placed cost 0.534, misses 0, of 1.239)
[06:33:38]   placed 250 on 02 at 4452 d: dJ +0.1836 (placed cost 0.718, misses 0, of 1.239)
[06:33:38]   placed 27 on 09 at 5346 d: dJ +0.1868 (placed cost 0.905, misses 0, of 1.239)
[06:33:38]   placed 224 on 12 at 3983 d: dJ +0.2280 (placed cost 1.133, misses 0, of 1.239)
[06:33:38]   placed 75 on 01 at 4455 d: dJ +0.2620 (placed cost 1.395, misses 0, of 1.239)
[06:35:49]   34: no insertion (4 candidates within 0.45 AU), failure 2
[06:35:49]   171: no insertion (8 candidates within 0.60 AU), failure 3
[06:35:49]   171: missed (+1)
[06:35:49]   placed 130 on 10 at 3931 d: dJ +0.0544 (placed cost 1.449, misses 1, of 1.239)
[06:35:49]   placed 12 on 13 at 4073 d: dJ +0.0710 (placed cost 1.520, misses 1, of 1.239)
[06:35:49]   placed 152 on 04 at 712 d: dJ +0.0968 (placed cost 1.617, misses 1, of 1.239)
[06:35:49]   placed 7 on 01 at 4980 d: dJ +0.6254 (placed cost 2.242, misses 1, of 1.239)
[06:35:49]   placed cost 2.242 + misses 1 > 1.239 + slack: abort
[06:39:04] relocate: top removal savings 17@02 0.087, 40@02 0.080, 68@09 0.053, 150@09 0.049, 287@13 0.046, 165@09 0.046, 232@13 0.044, 266@05 0.041, 137@13 0.036, 177@04 0.034, 51@09 0.029, 58@13 0.029
[06:45:44] dissolve 03 (cost 1.1635, 26 targets)
[06:50:56]   69: no insertion (3 candidates within 0.30 AU), failure 1
[06:50:56]   138: no insertion (2 candidates within 0.30 AU), failure 1
[06:50:56]   placed 13 on 02 at 589 d: dJ +0.0022 (placed cost 0.002, misses 0, of 1.164)
[06:50:56]   placed 43 on 10 at 4504 d: dJ +0.0039 (placed cost 0.006, misses 0, of 1.164)
[06:50:56]   placed 214 on 06 at 1067 d: dJ +0.0053 (placed cost 0.011, misses 0, of 1.164)
[06:50:56]   placed 103 on 04 at 3174 d: dJ +0.0114 (placed cost 0.023, misses 0, of 1.164)
[06:50:56]   placed 201 on 13 at 5232 d: dJ +0.0285 (placed cost 0.051, misses 0, of 1.164)
[06:50:56]   placed 241 on 09 at 496 d: dJ +0.0310 (placed cost 0.082, misses 0, of 1.164)
[06:50:56]   placed 15 on 05 at 1986 d: dJ +0.0469 (placed cost 0.129, misses 0, of 1.164)
