[22:31:02] search start: 13 routes, covered 298, J 16.6624; 01:38@825 05:35@806 02:34@805 12:31@794 04:24@747 07:24@810 13:24@784 10:19@726 09:18@761 03:17@704 06:16@711 08:14@754 11:4@639
[22:34:33] relocate: top removal savings 34@08 0.028, 196@07 0.025, 165@09 0.024, 27@07 0.023, 236@13 0.018, 51@09 0.018, 41@08 0.017, 260@09 0.017, 193@12 0.016, 23@02 0.016, 194@09 0.015, 2@09 0.014
[22:38:25]   moved 165: 09 -> 08 gain 0.0260; J 16.6364
[22:38:25]   moved 79: 12 -> 11 gain 0.0116; J 16.6248
[22:38:25]   moved 230: 04 -> 10 gain 0.0112; J 16.6136
[22:38:25]   moved 23: 02 -> 03 gain 0.0101; J 16.6035
[22:38:25] fleet: 13 routes, covered 298, J 16.6035; 01:38@825 05:35@806 02:33@788 12:30@781 07:24@810 13:24@784 04:23@732 10:20@727 03:18@711 09:17@733 06:16@711 08:15@752 11:5@640
[22:42:02] relocate: top removal savings 196@07 0.025, 27@07 0.023, 236@13 0.018, 51@09 0.016, 157@09 0.015, 213@09 0.015, 57@13 0.014, 270@13 0.014, 273@06 0.013, 58@13 0.013, 6@09 0.012, 205@07 0.012
[22:44:37]   moved 270: 13 -> 09 gain 0.0186; J 16.5849
[22:44:37]   moved 205: 07 -> 08 gain 0.0107; J 16.5742
[22:44:37] fleet: 13 routes, covered 298, J 16.5742; 01:38@825 05:35@806 02:33@788 12:30@781 04:23@732 07:23@797 13:23@769 10:20@727 03:18@711 09:18@728 06:16@711 08:16@754 11:5@640
[22:47:45] relocate: top removal savings 236@13 0.016, 17@07 0.015, 27@07 0.014, 57@13 0.013, 273@06 0.013, 196@07 0.013, 34@08 0.012, 10@01 0.012, 36@03 0.012, 16@08 0.012, 294@02 0.011, 172@01 0.011
[22:49:08]   moved 172: 01 -> 08 gain 0.0079; J 16.5663
[22:49:08]   moved 176: 04 -> 13 gain 0.0022; J 16.5641
[22:49:08] fleet: 13 routes, covered 298, J 16.5641; 01:37@813 05:35@806 02:33@788 12:30@781 13:24@778 07:23@797 04:22@720 10:20@727 03:18@711 09:18@728 08:17@757 06:16@711 11:5@640
[22:52:29] relocate: top removal savings 236@13 0.022, 22@13 0.019, 17@07 0.015, 57@13 0.014, 27@07 0.014, 273@06 0.013, 196@07 0.013, 16@08 0.013, 36@03 0.012, 10@01 0.012, 255@13 0.011, 294@02 0.011
[22:53:49]   moved 255: 13 -> 11 gain 0.0108; J 16.5533
[22:53:49]   moved 16: 08 -> 06 gain 0.0033; J 16.5500
[22:53:49] fleet: 13 routes, covered 298, J 16.5500; 01:37@813 05:35@806 02:33@788 12:30@781 07:23@797 13:23@765 04:22@720 10:20@727 03:18@711 09:18@728 06:17@722 08:16@743 11:6@641
[22:56:34] relocate: top removal savings 236@13 0.016, 17@07 0.015, 273@06 0.014, 27@07 0.014, 196@07 0.013, 57@13 0.013, 36@03 0.012, 10@01 0.012, 294@02 0.011, 15@06 0.011, 129@13 0.010, 235@13 0.010
[22:57:31]   moved 10: 01 -> 11 gain 0.0013; J 16.5488
[22:57:31] fleet: 13 routes, covered 298, J 16.5488; 01:36@801 05:35@806 02:33@788 12:30@781 07:23@797 13:23@765 04:22@720 10:20@727 03:18@711 09:18@728 06:17@722 08:16@743 11:7@655
[23:00:29] relocate: top removal savings 236@13 0.016, 17@07 0.015, 273@06 0.014, 27@07 0.014, 196@07 0.013, 57@13 0.013, 36@03 0.012, 294@02 0.011, 10@11 0.011, 15@06 0.011, 129@13 0.010, 235@13 0.010
[23:01:36] dissolve 11 (cost 1.0407, 7 targets)
[23:02:13]   280: no insertion (1 candidates) -> missed (+1)
[23:02:13]   placed 203 on 03 at 1979 d: dJ +0.0089 (spent 1.009 of 1.041)
[23:02:13]   placed 10 on 01 at 4346 d: dJ +0.0116 (spent 1.020 of 1.041)
[23:02:13]   placed 79 on 12 at 5360 d: dJ +0.0122 (spent 1.033 of 1.041)
[23:02:13]   placed 132 on 07 at 2824 d: dJ +0.0185 (spent 1.051 of 1.041)
[23:02:13]   placed 11 on 04 at 3167 d: dJ +0.1311 (spent 1.182 of 1.041)
[23:02:28]   placed 255 on 03 at 3545 d: dJ +0.0187 (spent 1.201 of 1.041)
[23:02:28] dissolve 11: J 16.5488 -> 16.7089 reject
[23:02:28] dissolve 08 (cost 1.1124, 16 targets)
[23:04:04]   218: no insertion (1 candidates) -> missed (+1)
[23:04:04]   287: no insertion (0 candidates) -> missed (+1)
[23:04:04]   placed 177 on 11 at 1014 d: dJ +0.0042 (spent 2.004 of 1.112)
[23:04:04]   placed 242 on 05 at 2726 d: dJ +0.0057 (spent 2.010 of 1.112)
[23:04:04]   placed 172 on 09 at 1668 d: dJ +0.0105 (spent 2.020 of 1.112)
[23:04:04]   placed 205 on 07 at 5056 d: dJ +0.0132 (spent 2.034 of 1.112)
[23:04:04]   placed 107 on 10 at 1601 d: dJ +0.0305 (spent 2.064 of 1.112)
[23:04:04]   placed 224 on 06 at 2452 d: dJ +0.0392 (spent 2.103 of 1.112)
[23:04:04]   placed 275 on 01 at 1395 d: dJ +0.0600 (spent 2.163 of 1.112)
[23:04:04]   placed 232 on 13 at 4448 d: dJ +0.0898 (spent 2.253 of 1.112)
[23:04:04]   spent 2.253 > 1.112: abort
[23:04:04] dissolve 06 (cost 1.0951, 17 targets)
