[02:40:33] search start: 11 routes, covered 298, J 14.9404; 01:36@828 05:36@884 02:35@816 12:30@776 13:25@835 09:24@848 06:23@844 07:23@794 10:23@778 04:22@799 03:21@744
[02:40:33] dissolve 07 (cost 1.1580, 23 targets)
[02:46:06]   53: no insertion (2 candidates within 0.30 AU), failure 1
[02:46:06]   280: no insertion (4 candidates within 0.30 AU), failure 1
[02:46:06]   placed 241 on 03 at 3890 d: dJ +0.0001 (placed cost 0.000, misses 0, of 1.158)
[02:46:06]   placed 50 on 13 at 1771 d: dJ +0.0023 (placed cost 0.002, misses 0, of 1.158)
[02:46:06]   placed 272 on 04 at 4207 d: dJ +0.0030 (placed cost 0.005, misses 0, of 1.158)
[02:46:06]   placed 117 on 06 at 3229 d: dJ +0.0097 (placed cost 0.015, misses 0, of 1.158)
[02:46:06]   placed 221 on 09 at 5427 d: dJ +0.0123 (placed cost 0.027, misses 0, of 1.158)
[02:46:06]   placed 283 on 12 at 3092 d: dJ +0.0478 (placed cost 0.075, misses 0, of 1.158)
[02:46:06]   placed 249 on 02 at 256 d: dJ +0.0529 (placed cost 0.128, misses 0, of 1.158)
[02:46:06]   placed 228 on 01 at 80 d: dJ +0.0790 (placed cost 0.207, misses 0, of 1.158)
[02:50:17]   53: no insertion (2 candidates within 0.45 AU), failure 2
[02:50:17]   280: no insertion (6 candidates within 0.45 AU), failure 2
[02:50:17]   placed 19 on 03 at 2269 d: dJ +0.0106 (placed cost 0.218, misses 0, of 1.158)
[02:50:17]   placed 59 on 04 at 3795 d: dJ +0.0113 (placed cost 0.229, misses 0, of 1.158)
[02:50:17]   placed 210 on 13 at 5255 d: dJ +0.0126 (placed cost 0.241, misses 0, of 1.158)
[02:50:17]   placed 268 on 09 at 571 d: dJ +0.0492 (placed cost 0.291, misses 0, of 1.158)
[02:50:17]   placed 27 on 06 at 5356 d: dJ +0.1301 (placed cost 0.421, misses 0, of 1.158)
[02:50:17]   placed 17 on 02 at 4958 d: dJ +0.4933 (placed cost 0.914, misses 0, of 1.158)
[02:53:07]   placed 296 on 03 at 5240 d: dJ +0.0118 (placed cost 0.926, misses 0, of 1.158)
[02:53:07]   placed 292 on 04 at 5317 d: dJ +0.0187 (placed cost 0.944, misses 0, of 1.158)
[02:53:07]   placed 53 on 13 at 5398 d: dJ +0.0505 (placed cost 0.995, misses 0, of 1.158)
[02:53:07]   placed 39 on 09 at 1447 d: dJ +0.0670 (placed cost 1.062, misses 0, of 1.158)
[02:53:07]   placed 222 on 01 at 4656 d: dJ +0.1312 (placed cost 1.193, misses 0, of 1.158)
[02:54:32]   placed 254 on 03 at 3714 d: dJ +0.0126 (placed cost 1.206, misses 0, of 1.158)
[02:54:32]   placed 198 on 04 at 3970 d: dJ +0.1023 (placed cost 1.308, misses 0, of 1.158)
[02:55:24]   placed 205 on 03 at 728 d: dJ +0.0258 (placed cost 1.334, misses 0, of 1.158)
[02:55:24]   placed 280 on 09 at 2314 d: dJ +0.4422 (placed cost 1.776, misses 0, of 1.158)
[02:55:24]   placed cost 1.776 + misses 0 > 1.158 + slack: abort
[02:55:24] dissolve 09 (cost 1.2089, 24 targets)
[03:00:05]   placed 172 on 10 at 1115 d: dJ +0.0068 (placed cost 0.007, misses 0, of 1.209)
[03:00:05]   placed 251 on 03 at 3830 d: dJ +0.0078 (placed cost 0.015, misses 0, of 1.209)
[03:00:05]   placed 267 on 01 at 4316 d: dJ +0.0091 (placed cost 0.024, misses 0, of 1.209)
[03:00:05]   placed 124 on 04 at 3313 d: dJ +0.0102 (placed cost 0.034, misses 0, of 1.209)
[03:00:05]   placed 6 on 02 at 578 d: dJ +0.0112 (placed cost 0.045, misses 0, of 1.209)
[03:00:05]   placed 188 on 12 at 5125 d: dJ +0.0178 (placed cost 0.063, misses 0, of 1.209)
[03:00:05]   placed 2 on 06 at 4687 d: dJ +0.0220 (placed cost 0.085, misses 0, of 1.209)
[03:00:05]   placed 273 on 07 at 4616 d: dJ +0.0223 (placed cost 0.107, misses 0, of 1.209)
[03:00:05]   placed 165 on 13 at 2918 d: dJ +0.0525 (placed cost 0.160, misses 0, of 1.209)
[03:00:05]   placed 213 on 05 at 3417 d: dJ +0.1331 (placed cost 0.293, misses 0, of 1.209)
