{'01': (55, 12), '02': (46, 11), '03': (35, 11), '04': (37, 9), '05': (36, 11), '06': (31, 11), '07': (22, 8), '08': (36, 14)}
/Users/mickey/solarsystem/ctoc14/ctoc14/lambert.py:23: RuntimeWarning: invalid value encountered in divide
  cosdnu = np.clip(np.einsum('...i,...i', r1, r2) / (r1n * r2n), -1, 1)
/Users/mickey/solarsystem/ctoc14/ctoc14/lambert.py:23: RuntimeWarning: invalid value encountered in divide
  cosdnu = np.clip(np.einsum('...i,...i', r1, r2) / (r1n * r2n), -1, 1)
/Users/mickey/solarsystem/ctoc14/ctoc14/lambert.py:23: RuntimeWarning: invalid value encountered in divide
  cosdnu = np.clip(np.einsum('...i,...i', r1, r2) / (r1n * r2n), -1, 1)
/Users/mickey/solarsystem/ctoc14/ctoc14/lambert.py:23: RuntimeWarning: invalid value encountered in divide
  cosdnu = np.clip(np.einsum('...i,...i', r1, r2) / (r1n * r2n), -1, 1)
/Users/mickey/solarsystem/ctoc14/ctoc14/lambert.py:23: RuntimeWarning: invalid value encountered in divide
  cosdnu = np.clip(np.einsum('...i,...i', r1, r2) / (r1n * r2n), -1, 1)
/Users/mickey/solarsystem/ctoc14/ctoc14/lambert.py:23: RuntimeWarning: invalid value encountered in divide
  cosdnu = np.clip(np.einsum('...i,...i', r1, r2) / (r1n * r2n), -1, 1)
/Users/mickey/solarsystem/ctoc14/ctoc14/lambert.py:23: RuntimeWarning: invalid value encountered in divide
  cosdnu = np.clip(np.einsum('...i,...i', r1, r2) / (r1n * r2n), -1, 1)
/Users/mickey/solarsystem/ctoc14/ctoc14/lambert.py:23: RuntimeWarning: invalid value encountered in divide
  cosdnu = np.clip(np.einsum('...i,...i', r1, r2) / (r1n * r2n), -1, 1)
subset 01: 55 targets (12 hard) -> best route 36 flybys (9 hard), fuel 357 kg, launch 0 d, end 14.9 yr  (66 s)
subset 02: 46 targets (11 hard) -> best route 33 flybys (9 hard), fuel 358 kg, launch 20 d, end 14.8 yr  (54 s)
/Users/mickey/solarsystem/ctoc14/ctoc14/lambert.py:23: RuntimeWarning: invalid value encountered in divide
  cosdnu = np.clip(np.einsum('...i,...i', r1, r2) / (r1n * r2n), -1, 1)
/Users/mickey/solarsystem/ctoc14/ctoc14/lambert.py:23: RuntimeWarning: invalid value encountered in divide
  cosdnu = np.clip(np.einsum('...i,...i', r1, r2) / (r1n * r2n), -1, 1)
/Users/mickey/solarsystem/ctoc14/ctoc14/lambert.py:23: RuntimeWarning: invalid value encountered in divide
  cosdnu = np.clip(np.einsum('...i,...i', r1, r2) / (r1n * r2n), -1, 1)
/Users/mickey/solarsystem/ctoc14/ctoc14/lambert.py:23: RuntimeWarning: invalid value encountered in divide
  cosdnu = np.clip(np.einsum('...i,...i', r1, r2) / (r1n * r2n), -1, 1)
/Users/mickey/solarsystem/ctoc14/ctoc14/lambert.py:23: RuntimeWarning: invalid value encountered in divide
  cosdnu = np.clip(np.einsum('...i,...i', r1, r2) / (r1n * r2n), -1, 1)
/Users/mickey/solarsystem/ctoc14/ctoc14/lambert.py:23: RuntimeWarning: invalid value encountered in divide
  cosdnu = np.clip(np.einsum('...i,...i', r1, r2) / (r1n * r2n), -1, 1)
/Users/mickey/solarsystem/ctoc14/ctoc14/lambert.py:23: RuntimeWarning: invalid value encountered in divide
  cosdnu = np.clip(np.einsum('...i,...i', r1, r2) / (r1n * r2n), -1, 1)
/Users/mickey/solarsystem/ctoc14/ctoc14/lambert.py:23: RuntimeWarning: invalid value encountered in divide
  cosdnu = np.clip(np.einsum('...i,...i', r1, r2) / (r1n * r2n), -1, 1)
/Users/mickey/solarsystem/ctoc14/ctoc14/lambert.py:23: RuntimeWarning: invalid value encountered in divide
  cosdnu = np.clip(np.einsum('...i,...i', r1, r2) / (r1n * r2n), -1, 1)
subset 03: 35 targets (11 hard) -> best route 22 flybys (8 hard), fuel 302 kg, launch 340 d, end 14.8 yr  (13 s)
subset 04: 37 targets (9 hard) -> best route 23 flybys (7 hard), fuel 314 kg, launch 40 d, end 14.9 yr  (35 s)
subset 05: 36 targets (11 hard) -> best route 23 flybys (5 hard), fuel 350 kg, launch 40 d, end 13.8 yr  (34 s)
subset 06: 31 targets (11 hard) -> best route 15 flybys (2 hard), fuel 248 kg, launch 0 d, end 10.7 yr  (11 s)
subset 07: 22 targets (8 hard) -> best route 6 flybys (2 hard), fuel 99 kg, launch 400 d, end 3.8 yr  (9 s)
subset 08: 36 targets (14 hard) -> best route 8 flybys (1 hard), fuel 121 kg, launch 280 d, end 7.6 yr  (9 s)
partition beam: 166 flybys, 166 distinct covered of 298; hard covered 43/87
