304589 columns; recosting 1665 with >= 35 targets on 8 procs
[    1/1665] col 203342 n 38: planner 1.166 (fuel 357) -> twin tank 823.8 J_i 1.185 dv 12.34 (0.325/flyby) lambert dv 18.8 miss0 0.0000 AU  17 s  [0.3 min]
[    2/1665] col 203345 n 38: planner 1.166 (fuel 357) -> twin tank 819.5 J_i 1.181 dv 12.13 (0.319/flyby) lambert dv 18.8 miss0 0.0000 AU  19 s  [0.3 min]
[    3/1665] col 203351 n 38: planner 1.164 (fuel 354) -> twin tank 835.2 J_i 1.196 dv 12.87 (0.339/flyby) lambert dv 19.7 miss0 0.0000 AU  20 s  [0.3 min]
[    4/1665] col 203353 n 38: planner 1.165 (fuel 356) -> twin tank 1005.8 J_i 1.374 dv 20.17 (0.531/flyby) lambert dv 24.0 miss0 0.0000 AU  23 s  [0.4 min]
[    5/1665] col 203359 n 38: planner 1.166 (fuel 357) -> twin tank 860.9 J_i 1.221 dv 14.06 (0.370/flyby) lambert dv 19.8 miss0 0.0000 AU  23 s  [0.4 min]
[    6/1665] col 203343 n 38: planner 1.162 (fuel 352) -> twin tank 826.3 J_i 1.188 dv 12.45 (0.328/flyby) lambert dv 19.5 miss0 0.0000 AU  25 s  [0.4 min]
[    7/1665] col 203355 n 38: planner 1.166 (fuel 357) -> twin tank 841.6 J_i 1.202 dv 13.18 (0.347/flyby) lambert dv 19.9 miss0 0.0000 AU  28 s  [0.5 min]
[    8/1665] col 203356 n 38: planner 1.166 (fuel 358) -> twin tank 821.2 J_i 1.183 dv 12.21 (0.321/flyby) lambert dv 18.9 miss0 0.0000 AU  18 s  [0.6 min]
[    9/1665] col 203346 n 38: planner 1.166 (fuel 357) -> twin tank 831.4 J_i 1.193 dv 12.70 (0.334/flyby) lambert dv 19.8 miss0 0.0000 AU  36 s  [0.6 min]
[   10/1665] col 203357 n 38: planner 1.166 (fuel 358) -> twin tank 822.5 J_i 1.184 dv 12.27 (0.323/flyby) lambert dv 18.9 miss0 0.0000 AU  17 s  [0.6 min]
[   11/1665] col 203352 n 38: planner 1.167 (fuel 359) -> twin tank 841.2 J_i 1.202 dv 13.16 (0.346/flyby) lambert dv 20.0 miss0 0.0000 AU  20 s  [0.7 min]
[   12/1665] col 203360 n 38: planner 1.167 (fuel 359) -> twin tank 839.4 J_i 1.200 dv 13.07 (0.344/flyby) lambert dv 19.9 miss0 0.0000 AU  21 s  [0.7 min]
[   13/1665] col 203358 n 38: planner 1.167 (fuel 359) -> twin tank 841.7 J_i 1.202 dv 13.18 (0.347/flyby) lambert dv 20.0 miss0 0.0000 AU  20 s  [0.7 min]
[   14/1665] col 203354 n 38: planner 1.167 (fuel 359) -> twin tank 839.2 J_i 1.200 dv 13.07 (0.344/flyby) lambert dv 21.5 miss0 0.0000 AU  20 s  [0.8 min]
[   15/1665] col 203347 n 38: planner 1.167 (fuel 359) -> twin tank 858.3 J_i 1.219 dv 13.95 (0.367/flyby) lambert dv 19.9 miss0 0.0000 AU  21 s  [0.8 min]
[   16/1665] col 203344 n 38: planner 1.167 (fuel 359) -> twin tank 825.1 J_i 1.187 dv 12.40 (0.326/flyby) lambert dv 19.0 miss0 0.0000 AU  18 s  [0.9 min]
[   17/1665] col 203349 n 38: planner 1.167 (fuel 360) -> twin tank 851.8 J_i 1.212 dv 13.65 (0.359/flyby) lambert dv 19.9 miss0 0.0000 AU  22 s  [1.0 min]
[   18/1665] col 203348 n 38: planner 1.167 (fuel 360) -> twin tank 863.2 J_i 1.223 dv 14.17 (0.373/flyby) lambert dv 24.6 miss0 0.0000 AU  23 s  [1.0 min]
[   19/1665] col 203112 n 37: planner 1.156 (fuel 343) -> twin tank 823.8 J_i 1.185 dv 12.34 (0.333/flyby) lambert dv 19.4 miss0 0.0000 AU  24 s  [1.1 min]
[   20/1665] col 203100 n 37: planner 1.157 (fuel 344) -> twin tank 830.0 J_i 1.191 dv 12.63 (0.341/flyby) lambert dv 19.1 miss0 0.0000 AU  21 s  [1.1 min]
[   21/1665] col 203106 n 37: planner 1.157 (fuel 344) -> twin tank 854.2 J_i 1.215 dv 13.76 (0.372/flyby) lambert dv 19.1 miss0 0.0000 AU  24 s  [1.1 min]
[   22/1665] col 203350 n 38: planner 1.168 (fuel 360) -> twin tank 849.5 J_i 1.210 dv 13.54 (0.356/flyby) lambert dv 19.9 miss0 0.0000 AU  30 s  [1.2 min]
[   23/1665] col 203187 n 37: planner 1.157 (fuel 344) -> twin tank 843.1 J_i 1.204 dv 13.24 (0.358/flyby) lambert dv 19.1 miss0 0.0000 AU  25 s  [1.2 min]
[   24/1665] col 203038 n 37: planner 1.158 (fuel 345) -> twin tank 833.5 J_i 1.195 dv 12.80 (0.346/flyby) lambert dv 19.2 miss0 0.0000 AU  23 s  [1.3 min]
[   25/1665] col 203129 n 37: planner 1.158 (fuel 346) -> twin tank 816.6 J_i 1.179 dv 11.99 (0.324/flyby) lambert dv 19.6 miss0 0.0000 AU  20 s  [1.3 min]
[   26/1665] col 203149 n 37: planner 1.158 (fuel 345) -> twin tank 838.9 J_i 1.200 dv 13.05 (0.353/flyby) lambert dv 19.2 miss0 0.0000 AU  23 s  [1.4 min]
[   27/1665] col 203061 n 37: planner 1.158 (fuel 346) -> twin tank 839.0 J_i 1.200 dv 13.05 (0.353/flyby) lambert dv 19.3 miss0 0.0000 AU  21 s  [1.5 min]
[   28/1665] col 203123 n 37: planner 1.158 (fuel 346) -> twin tank 827.1 J_i 1.189 dv 12.49 (0.338/flyby) lambert dv 19.3 miss0 0.0000 AU  23 s  [1.5 min]
[   29/1665] col 203131 n 37: planner 1.159 (fuel 347) -> twin tank 842.1 J_i 1.203 dv 13.20 (0.357/flyby) lambert dv 19.3 miss0 0.0000 AU  23 s  [1.6 min]
[   30/1665] col 203119 n 37: FAIL miss 1004709 km (miss0 1716 km, lambert dv 22.7, cap 0.71)  27 s
[   31/1665] col 203165 n 37: planner 1.159 (fuel 347) -> twin tank 823.7 J_i 1.185 dv 12.33 (0.333/flyby) lambert dv 22.2 miss0 0.0000 AU  20 s  [1.6 min]
[   32/1665] col 203126 n 37: planner 1.159 (fuel 348) -> twin tank 811.0 J_i 1.173 dv 11.72 (0.317/flyby) lambert dv 18.3 miss0 0.0000 AU  18 s  [1.7 min]
[   33/1665] col 203139 n 37: planner 1.159 (fuel 347) -> twin tank 838.3 J_i 1.199 dv 13.02 (0.352/flyby) lambert dv 18.2 miss0 0.0000 AU  20 s  [1.7 min]
[   34/1665] col 203121 n 37: planner 1.159 (fuel 347) -> twin tank 831.8 J_i 1.193 dv 12.72 (0.344/flyby) lambert dv 19.3 miss0 0.0000 AU  28 s  [1.7 min]
[   35/1665] col 203041 n 37: planner 1.159 (fuel 348) -> twin tank 813.3 J_i 1.176 dv 11.83 (0.320/flyby) lambert dv 18.3 miss0 0.0000 AU  18 s  [1.8 min]
[   36/1665] col 203147 n 37: planner 1.159 (fuel 348) -> twin tank 823.6 J_i 1.185 dv 12.33 (0.333/flyby) lambert dv 22.2 miss0 0.0000 AU  20 s  [1.9 min]
[   37/1665] col 203042 n 37: planner 1.160 (fuel 348) -> twin tank 814.2 J_i 1.176 dv 11.88 (0.321/flyby) lambert dv 18.3 miss0 0.0000 AU  19 s  [1.9 min]
[   38/1665] col 203179 n 37: planner 1.159 (fuel 348) -> twin tank 846.5 J_i 1.207 dv 13.40 (0.362/flyby) lambert dv 19.4 miss0 0.0000 AU  28 s  [2.0 min]
[   39/1665] col 203145 n 37: planner 1.160 (fuel 348) -> twin tank 839.5 J_i 1.200 dv 13.08 (0.353/flyby) lambert dv 19.4 miss0 0.0000 AU  25 s  [2.0 min]
[   40/1665] col 203178 n 37: planner 1.160 (fuel 348) -> twin tank 854.6 J_i 1.215 dv 13.78 (0.372/flyby) lambert dv 19.3 miss0 0.0000 AU  23 s  [2.0 min]
[   41/1665] col 203136 n 37: planner 1.160 (fuel 348) -> twin tank 837.0 J_i 1.198 dv 12.96 (0.350/flyby) lambert dv 19.4 miss0 0.0000 AU  25 s  [2.1 min]
[   42/1665] col 203132 n 37: planner 1.160 (fuel 349) -> twin tank 853.2 J_i 1.214 dv 13.71 (0.371/flyby) lambert dv 19.3 miss0 0.0000 AU  26 s  [2.1 min]
[   43/1665] col 203215 n 37: planner 1.160 (fuel 349) -> twin tank 817.9 J_i 1.180 dv 12.05 (0.326/flyby) lambert dv 19.4 miss0 0.0000 AU  25 s  [2.2 min]
[   44/1665] col 203235 n 37: planner 1.160 (fuel 349) -> twin tank 816.1 J_i 1.178 dv 11.97 (0.323/flyby) lambert dv 19.8 miss0 0.0000 AU  25 s  [2.3 min]
[   45/1665] col 203046 n 37: planner 1.160 (fuel 349) -> twin tank 852.5 J_i 1.213 dv 13.68 (0.370/flyby) lambert dv 19.3 miss0 0.0000 AU  26 s  [2.3 min]
[   46/1665] col 203143 n 37: planner 1.160 (fuel 349) -> twin tank 830.7 J_i 1.192 dv 12.66 (0.342/flyby) lambert dv 18.4 miss0 0.0000 AU  27 s  [2.4 min]
[   47/1665] col 203194 n 37: planner 1.160 (fuel 349) -> twin tank 826.7 J_i 1.188 dv 12.48 (0.337/flyby) lambert dv 19.5 miss0 0.0000 AU  26 s  [2.4 min]
[   48/1665] col 203039 n 37: planner 1.161 (fuel 350) -> twin tank 846.6 J_i 1.207 dv 13.41 (0.362/flyby) lambert dv 19.4 miss0 0.0000 AU  28 s  [2.5 min]
[   49/1665] col 203128 n 37: planner 1.161 (fuel 350) -> twin tank 817.6 J_i 1.180 dv 12.04 (0.325/flyby) lambert dv 19.1 miss0 0.0000 AU  23 s  [2.5 min]
[   50/1665] col 203116 n 37: planner 1.161 (fuel 350) -> twin tank 822.6 J_i 1.184 dv 12.28 (0.332/flyby) lambert dv 19.5 miss0 0.0000 AU  27 s  [2.5 min]
[   51/1665] col 203044 n 37: planner 1.161 (fuel 350) -> twin tank 985.5 J_i 1.351 dv 19.37 (0.523/flyby) lambert dv 23.6 miss0 0.0000 AU  28 s  [2.6 min]
[   52/1665] col 203045 n 37: planner 1.161 (fuel 350) -> twin tank 824.3 J_i 1.186 dv 12.36 (0.334/flyby) lambert dv 19.5 miss0 0.0000 AU  24 s  [2.7 min]
[   53/1665] col 203140 n 37: planner 1.161 (fuel 350) -> twin tank 827.6 J_i 1.189 dv 12.52 (0.338/flyby) lambert dv 19.5 miss0 0.0000 AU  23 s  [2.7 min]
[   54/1665] col 203127 n 37: planner 1.161 (fuel 350) -> twin tank 821.6 J_i 1.183 dv 12.23 (0.331/flyby) lambert dv 18.4 miss0 0.0000 AU  21 s  [2.8 min]
[   55/1665] col 203162 n 37: planner 1.161 (fuel 350) -> twin tank 825.4 J_i 1.187 dv 12.41 (0.335/flyby) lambert dv 19.5 miss0 0.0000 AU  25 s  [2.8 min]
[   56/1665] col 203150 n 37: planner 1.161 (fuel 351) -> twin tank 819.7 J_i 1.182 dv 12.14 (0.328/flyby) lambert dv 19.5 miss0 0.0000 AU  21 s  [2.9 min]
[   57/1665] col 203190 n 37: planner 1.161 (fuel 350) -> twin tank 820.2 J_i 1.182 dv 12.16 (0.329/flyby) lambert dv 18.5 miss0 0.0000 AU  27 s  [3.0 min]
[   58/1665] col 203138 n 37: planner 1.161 (fuel 350) -> twin tank 979.4 J_i 1.344 dv 19.12 (0.517/flyby) lambert dv 23.3 miss0 0.0000 AU  27 s  [3.0 min]
[   59/1665] col 203144 n 37: planner 1.161 (fuel 351) -> twin tank 836.4 J_i 1.197 dv 12.93 (0.350/flyby) lambert dv 19.7 miss0 0.0000 AU  21 s  [3.0 min]
[   60/1665] col 203040 n 37: planner 1.161 (fuel 351) -> twin tank 840.2 J_i 1.201 dv 13.11 (0.354/flyby) lambert dv 19.4 miss0 0.0000 AU  20 s  [3.0 min]
[   61/1665] col 203120 n 37: planner 1.161 (fuel 351) -> twin tank 817.6 J_i 1.180 dv 12.04 (0.325/flyby) lambert dv 19.6 miss0 0.0000 AU  23 s  [3.1 min]
[   62/1665] col 203157 n 37: planner 1.161 (fuel 351) -> twin tank 867.3 J_i 1.227 dv 14.35 (0.388/flyby) lambert dv 23.8 miss0 0.0000 AU  23 s  [3.1 min]
[   63/1665] col 203028 n 37: planner 1.162 (fuel 351) -> twin tank 828.4 J_i 1.190 dv 12.56 (0.339/flyby) lambert dv 19.4 miss0 0.0000 AU  19 s  [3.2 min]
[   64/1665] col 203065 n 37: planner 1.162 (fuel 351) -> twin tank 821.5 J_i 1.183 dv 12.23 (0.330/flyby) lambert dv 19.6 miss0 0.0000 AU  19 s  [3.2 min]
[   65/1665] col 203257 n 37: planner 1.162 (fuel 351) -> twin tank 817.9 J_i 1.180 dv 12.05 (0.326/flyby) lambert dv 19.6 miss0 0.0000 AU  20 s  [3.3 min]
[   66/1665] col 203264 n 37: planner 1.162 (fuel 351) -> twin tank 813.5 J_i 1.176 dv 11.85 (0.320/flyby) lambert dv 19.6 miss0 0.0000 AU  20 s  [3.3 min]
[   67/1665] col 203153 n 37: planner 1.162 (fuel 351) -> twin tank 828.3 J_i 1.190 dv 12.55 (0.339/flyby) lambert dv 19.6 miss0 0.0000 AU  20 s  [3.3 min]
[   68/1665] col 203148 n 37: planner 1.162 (fuel 351) -> twin tank 814.5 J_i 1.177 dv 11.89 (0.321/flyby) lambert dv 19.6 miss0 0.0000 AU  20 s  [3.4 min]
[   69/1665] col 203198 n 37: planner 1.162 (fuel 351) -> twin tank 817.1 J_i 1.179 dv 12.02 (0.325/flyby) lambert dv 18.4 miss0 0.0000 AU  22 s  [3.5 min]
[   70/1665] col 262192 n 37: planner 1.162 (fuel 351) -> twin tank 818.5 J_i 1.180 dv 12.08 (0.327/flyby) lambert dv 37.7 miss0 0.0000 AU  25 s  [3.5 min]
[   71/1665] col 203171 n 37: planner 1.162 (fuel 351) -> twin tank 817.4 J_i 1.179 dv 12.03 (0.325/flyby) lambert dv 19.6 miss0 0.0000 AU  23 s  [3.5 min]
[   72/1665] col 203164 n 37: planner 1.162 (fuel 352) -> twin tank 850.2 J_i 1.211 dv 13.58 (0.367/flyby) lambert dv 19.5 miss0 0.0000 AU  25 s  [3.6 min]
[   73/1665] col 203118 n 37: planner 1.162 (fuel 352) -> twin tank 813.7 J_i 1.176 dv 11.85 (0.320/flyby) lambert dv 18.4 miss0 0.0000 AU  27 s  [3.7 min]
[   74/1665] col 203299 n 37: planner 1.162 (fuel 352) -> twin tank 838.7 J_i 1.200 dv 13.04 (0.352/flyby) lambert dv 19.5 miss0 0.0000 AU  28 s  [3.8 min]
[   75/1665] col 203238 n 37: FAIL miss 875441 km (miss0 662 km, lambert dv 20.6, cap 0.74)  40 s
[   76/1665] col 203181 n 37: planner 1.162 (fuel 352) -> twin tank 819.6 J_i 1.181 dv 12.14 (0.328/flyby) lambert dv 19.6 miss0 0.0000 AU  32 s  [4.0 min]
[   77/1665] col 203159 n 37: FAIL miss 956907 km (miss0 1678 km, lambert dv 21.8, cap 0.72)  40 s
[   78/1665] col 203274 n 37: planner 1.162 (fuel 352) -> twin tank 824.9 J_i 1.186 dv 12.39 (0.335/flyby) lambert dv 19.6 miss0 0.0000 AU  30 s  [4.1 min]
[   79/1665] col 203172 n 37: planner 1.162 (fuel 352) -> twin tank 985.9 J_i 1.352 dv 19.38 (0.524/flyby) lambert dv 19.6 miss0 0.0000 AU  30 s  [4.1 min]
[   80/1665] col 203193 n 37: planner 1.162 (fuel 352) -> twin tank 816.7 J_i 1.179 dv 12.00 (0.324/flyby) lambert dv 18.5 miss0 0.0000 AU  28 s  [4.2 min]
[   81/1665] col 203224 n 37: FAIL miss 889549 km (miss0 180 km, lambert dv 20.4, cap 0.74)  41 s
[   82/1665] col 203155 n 37: planner 1.162 (fuel 352) -> twin tank 835.9 J_i 1.197 dv 12.91 (0.349/flyby) lambert dv 19.6 miss0 0.0000 AU  29 s  [4.3 min]
[   83/1665] col 203060 n 37: planner 1.162 (fuel 352) -> twin tank 817.9 J_i 1.180 dv 12.05 (0.326/flyby) lambert dv 18.5 miss0 0.0000 AU  26 s  [4.4 min]
[   84/1665] col 203158 n 37: planner 1.162 (fuel 352) -> twin tank 827.7 J_i 1.189 dv 12.52 (0.338/flyby) lambert dv 22.5 miss0 0.0000 AU  28 s  [4.5 min]
[   85/1665] col 203160 n 37: planner 1.162 (fuel 352) -> twin tank 853.5 J_i 1.214 dv 13.73 (0.371/flyby) lambert dv 23.5 miss0 0.0000 AU  30 s  [4.5 min]
[   86/1665] col 203287 n 37: planner 1.162 (fuel 352) -> twin tank 805.8 J_i 1.169 dv 11.47 (0.310/flyby) lambert dv 19.6 miss0 0.0000 AU  30 s  [4.6 min]
[   87/1665] col 203054 n 37: planner 1.163 (fuel 352) -> twin tank 823.9 J_i 1.185 dv 12.34 (0.334/flyby) lambert dv 19.6 miss0 0.0000 AU  29 s  [4.6 min]
[   88/1665] col 203185 n 37: planner 1.163 (fuel 353) -> twin tank 821.5 J_i 1.183 dv 12.22 (0.330/flyby) lambert dv 18.5 miss0 0.0000 AU  31 s  [4.7 min]
[   89/1665] col 203223 n 37: planner 1.163 (fuel 353) -> twin tank 802.1 J_i 1.165 dv 11.29 (0.305/flyby) lambert dv 89.2 miss0 0.0000 AU  29 s  [4.7 min]
[   90/1665] col 203027 n 37: planner 1.163 (fuel 353) -> twin tank 848.0 J_i 1.209 dv 13.47 (0.364/flyby) lambert dv 19.5 miss0 0.0000 AU  30 s  [4.7 min]
[   91/1665] col 203237 n 37: planner 1.163 (fuel 353) -> twin tank 810.5 J_i 1.173 dv 11.70 (0.316/flyby) lambert dv 18.5 miss0 0.0000 AU  32 s  [5.0 min]
[   92/1665] col 203072 n 37: planner 1.163 (fuel 353) -> twin tank 837.6 J_i 1.199 dv 12.99 (0.351/flyby) lambert dv 19.7 miss0 0.0000 AU  30 s  [5.1 min]
[   93/1665] col 203122 n 37: planner 1.163 (fuel 353) -> twin tank 844.6 J_i 1.205 dv 13.31 (0.360/flyby) lambert dv 19.6 miss0 0.0000 AU  30 s  [5.1 min]
[   94/1665] col 203302 n 37: planner 1.163 (fuel 353) -> twin tank 822.2 J_i 1.184 dv 12.26 (0.331/flyby) lambert dv 19.7 miss0 0.0000 AU  31 s  [5.1 min]
[   95/1665] col 203250 n 37: planner 1.163 (fuel 353) -> twin tank 825.8 J_i 1.187 dv 12.43 (0.336/flyby) lambert dv 19.7 miss0 0.0000 AU  31 s  [5.2 min]
[   96/1665] col 203174 n 37: planner 1.163 (fuel 353) -> twin tank 852.2 J_i 1.213 dv 13.67 (0.369/flyby) lambert dv 19.6 miss0 0.0000 AU  31 s  [5.2 min]
[   97/1665] col 203192 n 37: planner 1.163 (fuel 353) -> twin tank 817.5 J_i 1.179 dv 12.04 (0.325/flyby) lambert dv 19.7 miss0 0.0000 AU  30 s  [5.3 min]
[   98/1665] col 203169 n 37: planner 1.163 (fuel 353) -> twin tank 838.4 J_i 1.199 dv 13.03 (0.352/flyby) lambert dv 19.7 miss0 0.0000 AU  54 s  [5.3 min]
[   99/1665] col 203088 n 37: planner 1.163 (fuel 353) -> twin tank 847.3 J_i 1.208 dv 13.44 (0.363/flyby) lambert dv 19.6 miss0 0.0000 AU  31 s  [5.5 min]
[  100/1665] col 203210 n 37: planner 1.163 (fuel 354) -> twin tank 831.4 J_i 1.193 dv 12.70 (0.343/flyby) lambert dv 19.7 miss0 0.0000 AU  30 s  [5.6 min]
[  101/1665] col 203267 n 37: planner 1.163 (fuel 354) -> twin tank 826.4 J_i 1.188 dv 12.46 (0.337/flyby) lambert dv 21.1 miss0 0.0000 AU  30 s  [5.6 min]
[  102/1665] col 203168 n 37: planner 1.163 (fuel 354) -> twin tank 817.0 J_i 1.179 dv 12.01 (0.325/flyby) lambert dv 19.7 miss0 0.0000 AU  29 s  [5.6 min]
[  103/1665] col 203156 n 37: planner 1.163 (fuel 354) -> twin tank 848.8 J_i 1.209 dv 13.51 (0.365/flyby) lambert dv 18.5 miss0 0.0000 AU  30 s  [5.7 min]
[  104/1665] col 203247 n 37: planner 1.163 (fuel 354) -> twin tank 842.9 J_i 1.204 dv 13.24 (0.358/flyby) lambert dv 19.6 miss0 0.0000 AU  29 s  [5.7 min]
[  105/1665] col 203232 n 37: planner 1.163 (fuel 354) -> twin tank 822.6 J_i 1.184 dv 12.28 (0.332/flyby) lambert dv 19.7 miss0 0.0000 AU  29 s  [5.7 min]
[  106/1665] col 203202 n 37: planner 1.163 (fuel 354) -> twin tank 818.1 J_i 1.180 dv 12.07 (0.326/flyby) lambert dv 20.2 miss0 0.0000 AU  28 s  [5.8 min]
[  107/1665] col 203207 n 37: planner 1.163 (fuel 354) -> twin tank 822.9 J_i 1.185 dv 12.30 (0.332/flyby) lambert dv 18.5 miss0 0.0000 AU  30 s  [6.0 min]
[  108/1665] col 203117 n 37: planner 1.164 (fuel 354) -> twin tank 850.7 J_i 1.211 dv 13.60 (0.367/flyby) lambert dv 19.6 miss0 0.0000 AU  30 s  [6.1 min]
[  109/1665] col 203062 n 37: FAIL miss 835225 km (miss0 776 km, lambert dv 23.5, cap 0.70)  40 s
[  110/1665] col 203266 n 37: planner 1.164 (fuel 354) -> twin tank 819.6 J_i 1.181 dv 12.13 (0.328/flyby) lambert dv 19.7 miss0 0.0000 AU  31 s  [6.2 min]
[  111/1665] col 203310 n 37: planner 1.164 (fuel 354) -> twin tank 819.4 J_i 1.181 dv 12.13 (0.328/flyby) lambert dv 22.6 miss0 0.0000 AU  31 s  [6.3 min]
[  112/1665] col 203201 n 37: planner 1.163 (fuel 354) -> twin tank 818.6 J_i 1.180 dv 12.09 (0.327/flyby) lambert dv 19.7 miss0 0.0000 AU  43 s  [6.3 min]
[  113/1665] col 203109 n 37: planner 1.164 (fuel 354) -> twin tank 828.9 J_i 1.190 dv 12.58 (0.340/flyby) lambert dv 18.8 miss0 0.0000 AU  33 s  [6.3 min]
[  114/1665] col 203176 n 37: planner 1.164 (fuel 354) -> twin tank 827.3 J_i 1.189 dv 12.50 (0.338/flyby) lambert dv 19.7 miss0 0.0000 AU  31 s  [6.3 min]
[  115/1665] col 203196 n 37: planner 1.164 (fuel 354) -> twin tank 851.9 J_i 1.212 dv 13.65 (0.369/flyby) lambert dv 29.7 miss0 0.0000 AU  31 s  [6.5 min]
[  116/1665] col 203195 n 37: planner 1.164 (fuel 354) -> twin tank 814.0 J_i 1.176 dv 11.87 (0.321/flyby) lambert dv 20.2 miss0 0.0000 AU  31 s  [6.6 min]
[  117/1665] col 203047 n 37: planner 1.164 (fuel 354) -> twin tank 814.2 J_i 1.176 dv 11.88 (0.321/flyby) lambert dv 18.6 miss0 0.0000 AU  31 s  [6.7 min]
[  118/1665] col 203069 n 37: planner 1.164 (fuel 355) -> twin tank 838.9 J_i 1.200 dv 13.05 (0.353/flyby) lambert dv 18.6 miss0 0.0000 AU  31 s  [6.8 min]
[  119/1665] col 203068 n 37: planner 1.164 (fuel 355) -> twin tank 833.1 J_i 1.194 dv 12.78 (0.345/flyby) lambert dv 19.8 miss0 0.0000 AU  30 s  [6.8 min]
[  120/1665] col 203269 n 37: planner 1.164 (fuel 355) -> twin tank 854.4 J_i 1.215 dv 13.77 (0.372/flyby) lambert dv 18.6 miss0 0.0000 AU  31 s  [6.8 min]
[  121/1665] col 203154 n 37: planner 1.164 (fuel 355) -> twin tank 840.7 J_i 1.201 dv 13.13 (0.355/flyby) lambert dv 19.6 miss0 0.0000 AU  32 s  [6.8 min]
[  122/1665] col 203226 n 37: planner 1.164 (fuel 355) -> twin tank 838.0 J_i 1.199 dv 13.01 (0.352/flyby) lambert dv 19.8 miss0 0.0000 AU  43 s  [7.0 min]
[  123/1665] col 203229 n 37: planner 1.164 (fuel 355) -> twin tank 860.4 J_i 1.221 dv 14.04 (0.380/flyby) lambert dv 18.6 miss0 0.0000 AU  31 s  [7.0 min]
[  124/1665] col 203230 n 37: planner 1.164 (fuel 355) -> twin tank 819.7 J_i 1.182 dv 12.14 (0.328/flyby) lambert dv 18.8 miss0 0.0000 AU  32 s  [7.1 min]
[  125/1665] col 203324 n 37: planner 1.164 (fuel 355) -> twin tank 834.3 J_i 1.195 dv 12.83 (0.347/flyby) lambert dv 19.7 miss0 0.0000 AU  30 s  [7.3 min]
[  126/1665] col 203199 n 37: planner 1.164 (fuel 355) -> twin tank 863.0 J_i 1.223 dv 14.16 (0.383/flyby) lambert dv 18.6 miss0 0.0000 AU  31 s  [7.3 min]
[  127/1665] col 203285 n 37: planner 1.164 (fuel 355) -> twin tank 838.9 J_i 1.200 dv 13.05 (0.353/flyby) lambert dv 19.8 miss0 0.0000 AU  31 s  [7.3 min]
[  128/1665] col 203231 n 37: planner 1.164 (fuel 355) -> twin tank 846.5 J_i 1.207 dv 13.40 (0.362/flyby) lambert dv 18.8 miss0 0.0000 AU  32 s  [7.4 min]
[  129/1665] col 203258 n 37: FAIL miss 2181639 km (miss0 3482 km, lambert dv 22.1, cap 0.71)  40 s
[  130/1665] col 203188 n 37: planner 1.164 (fuel 355) -> twin tank 850.4 J_i 1.211 dv 13.59 (0.367/flyby) lambert dv 19.6 miss0 0.0000 AU  29 s  [7.5 min]
[  131/1665] col 203279 n 37: planner 1.164 (fuel 355) -> twin tank 848.8 J_i 1.209 dv 13.51 (0.365/flyby) lambert dv 23.6 miss0 0.0000 AU  28 s  [7.5 min]
[  132/1665] col 203323 n 37: planner 1.164 (fuel 355) -> twin tank 834.3 J_i 1.195 dv 12.83 (0.347/flyby) lambert dv 19.7 miss0 0.0000 AU  29 s  [7.6 min]
[  133/1665] col 203277 n 37: planner 1.164 (fuel 355) -> twin tank 855.3 J_i 1.216 dv 13.81 (0.373/flyby) lambert dv 18.6 miss0 0.0000 AU  29 s  [7.8 min]
[  134/1665] col 203052 n 37: planner 1.164 (fuel 355) -> twin tank 819.8 J_i 1.182 dv 12.15 (0.328/flyby) lambert dv 18.7 miss0 0.0000 AU  25 s  [7.8 min]
[  135/1665] col 203191 n 37: planner 1.164 (fuel 355) -> twin tank 859.5 J_i 1.220 dv 14.00 (0.378/flyby) lambert dv 19.7 miss0 0.0000 AU  30 s  [7.8 min]
[  136/1665] col 203239 n 37: planner 1.164 (fuel 355) -> twin tank 982.4 J_i 1.348 dv 19.24 (0.520/flyby) lambert dv 23.3 miss0 0.0000 AU  34 s  [8.0 min]
[  137/1665] col 203184 n 37: planner 1.164 (fuel 355) -> twin tank 832.7 J_i 1.194 dv 12.76 (0.345/flyby) lambert dv 19.8 miss0 0.0000 AU  42 s  [8.0 min]
[  138/1665] col 203291 n 37: planner 1.164 (fuel 355) -> twin tank 856.9 J_i 1.217 dv 13.88 (0.375/flyby) lambert dv 19.9 miss0 0.0000 AU  33 s  [8.0 min]
[  139/1665] col 203256 n 37: planner 1.164 (fuel 355) -> twin tank 1009.3 J_i 1.378 dv 20.30 (0.549/flyby) lambert dv 27.4 miss0 0.0000 AU  35 s  [8.1 min]
[  140/1665] col 203107 n 37: planner 1.164 (fuel 355) -> twin tank 841.5 J_i 1.202 dv 13.17 (0.356/flyby) lambert dv 19.7 miss0 0.0000 AU  29 s  [8.1 min]
[  141/1665] col 203051 n 37: planner 1.164 (fuel 355) -> twin tank 852.0 J_i 1.212 dv 13.66 (0.369/flyby) lambert dv 19.7 miss0 0.0000 AU  28 s  [8.2 min]
[  142/1665] col 203208 n 37: planner 1.164 (fuel 355) -> twin tank 830.2 J_i 1.192 dv 12.64 (0.342/flyby) lambert dv 18.9 miss0 0.0000 AU  29 s  [8.3 min]
[  143/1665] col 203288 n 37: planner 1.164 (fuel 355) -> twin tank 842.1 J_i 1.203 dv 13.20 (0.357/flyby) lambert dv 19.8 miss0 0.0000 AU  29 s  [8.3 min]
[  144/1665] col 203108 n 37: planner 1.164 (fuel 355) -> twin tank 845.9 J_i 1.207 dv 13.38 (0.362/flyby) lambert dv 19.7 miss0 0.0000 AU  28 s  [8.4 min]
[  145/1665] col 203110 n 37: planner 1.164 (fuel 355) -> twin tank 880.6 J_i 1.241 dv 14.95 (0.404/flyby) lambert dv 19.8 miss0 0.0000 AU  29 s  [8.5 min]
[  146/1665] col 203189 n 37: planner 1.164 (fuel 355) -> twin tank 875.5 J_i 1.236 dv 14.73 (0.398/flyby) lambert dv 24.3 miss0 0.0000 AU  33 s  [8.5 min]
[  147/1665] col 203036 n 37: planner 1.164 (fuel 355) -> twin tank 846.9 J_i 1.207 dv 13.42 (0.363/flyby) lambert dv 18.6 miss0 0.0000 AU  30 s  [8.6 min]
[  148/1665] col 203135 n 37: planner 1.164 (fuel 355) -> twin tank 843.3 J_i 1.204 dv 13.25 (0.358/flyby) lambert dv 19.7 miss0 0.0000 AU  29 s  [8.6 min]
[  149/1665] col 203311 n 37: planner 1.165 (fuel 355) -> twin tank 831.7 J_i 1.193 dv 12.71 (0.344/flyby) lambert dv 19.8 miss0 0.0000 AU  30 s  [8.7 min]
[  150/1665] col 203133 n 37: planner 1.165 (fuel 355) -> twin tank 829.2 J_i 1.190 dv 12.59 (0.340/flyby) lambert dv 19.8 miss0 0.0000 AU  31 s  [8.8 min]
[  151/1665] col 203212 n 37: planner 1.165 (fuel 355) -> twin tank 831.6 J_i 1.193 dv 12.70 (0.343/flyby) lambert dv 19.8 miss0 0.0000 AU  30 s  [8.8 min]
[  152/1665] col 203206 n 37: planner 1.165 (fuel 355) -> twin tank 864.1 J_i 1.224 dv 14.21 (0.384/flyby) lambert dv 18.6 miss0 0.0000 AU  29 s  [8.9 min]
[  153/1665] col 203216 n 37: planner 1.165 (fuel 356) -> twin tank 843.5 J_i 1.204 dv 13.26 (0.358/flyby) lambert dv 19.8 miss0 0.0000 AU  30 s  [9.0 min]
[  154/1665] col 203053 n 37: planner 1.165 (fuel 356) -> twin tank 831.8 J_i 1.193 dv 12.72 (0.344/flyby) lambert dv 19.7 miss0 0.0000 AU  28 s  [9.1 min]
[  155/1665] col 203183 n 37: planner 1.165 (fuel 356) -> twin tank 862.3 J_i 1.222 dv 14.13 (0.382/flyby) lambert dv 19.7 miss0 0.0000 AU  29 s  [9.1 min]
[  156/1665] col 203211 n 37: FAIL miss 12284985 km (miss0 3762 km, lambert dv 53.6, cap 0.55)  41 s
[  157/1665] col 203037 n 37: planner 1.165 (fuel 356) -> twin tank 841.6 J_i 1.202 dv 13.18 (0.356/flyby) lambert dv 18.7 miss0 0.0000 AU  27 s  [9.2 min]
[  158/1665] col 203087 n 37: planner 1.165 (fuel 356) -> twin tank 836.8 J_i 1.198 dv 12.95 (0.350/flyby) lambert dv 19.7 miss0 0.0000 AU  28 s  [9.3 min]
[  159/1665] col 203173 n 37: planner 1.165 (fuel 356) -> twin tank 849.0 J_i 1.210 dv 13.52 (0.365/flyby) lambert dv 19.8 miss0 0.0000 AU  29 s  [9.4 min]
[  160/1665] col 203200 n 37: planner 1.165 (fuel 356) -> twin tank 829.6 J_i 1.191 dv 12.61 (0.341/flyby) lambert dv 19.5 miss0 0.0000 AU  36 s  [9.4 min]
[  161/1665] col 203180 n 37: planner 1.165 (fuel 356) -> twin tank 854.7 J_i 1.215 dv 13.78 (0.372/flyby) lambert dv 18.7 miss0 0.0000 AU  27 s  [9.5 min]
[  162/1665] col 203175 n 37: planner 1.165 (fuel 356) -> twin tank 863.3 J_i 1.223 dv 14.17 (0.383/flyby) lambert dv 18.7 miss0 0.0000 AU  26 s  [9.5 min]
[  163/1665] col 203055 n 37: planner 1.165 (fuel 356) -> twin tank 841.5 J_i 1.202 dv 13.17 (0.356/flyby) lambert dv 19.7 miss0 0.0000 AU  28 s  [9.5 min]
[  164/1665] col 203209 n 37: planner 1.165 (fuel 356) -> twin tank 816.2 J_i 1.178 dv 11.97 (0.324/flyby) lambert dv 18.7 miss0 0.0000 AU  25 s  [9.6 min]
[  165/1665] col 203080 n 37: planner 1.165 (fuel 356) -> twin tank 839.1 J_i 1.200 dv 13.06 (0.353/flyby) lambert dv 19.8 miss0 0.0000 AU  31 s  [9.7 min]
[  166/1665] col 203043 n 37: planner 1.165 (fuel 356) -> twin tank 840.1 J_i 1.201 dv 13.11 (0.354/flyby) lambert dv 18.8 miss0 0.0000 AU  28 s  [9.7 min]
[  167/1665] col 203050 n 37: planner 1.165 (fuel 356) -> twin tank 820.3 J_i 1.182 dv 12.17 (0.329/flyby) lambert dv 18.7 miss0 0.0000 AU  24 s  [9.8 min]
[  168/1665] col 203298 n 37: planner 1.165 (fuel 356) -> twin tank 843.5 J_i 1.204 dv 13.26 (0.358/flyby) lambert dv 19.8 miss0 0.0000 AU  29 s  [9.9 min]
[  169/1665] col 203056 n 37: planner 1.165 (fuel 356) -> twin tank 838.8 J_i 1.200 dv 13.05 (0.353/flyby) lambert dv 19.7 miss0 0.0000 AU  29 s  [10.0 min]
[  170/1665] col 203092 n 37: planner 1.165 (fuel 356) -> twin tank 838.0 J_i 1.199 dv 13.01 (0.352/flyby) lambert dv 21.3 miss0 0.0000 AU  28 s  [10.0 min]
[  171/1665] col 203161 n 37: planner 1.165 (fuel 356) -> twin tank 838.5 J_i 1.199 dv 13.03 (0.352/flyby) lambert dv 19.9 miss0 0.0000 AU  32 s  [10.1 min]
[  172/1665] col 203177 n 37: planner 1.165 (fuel 356) -> twin tank 838.4 J_i 1.199 dv 13.02 (0.352/flyby) lambert dv 19.7 miss0 0.0000 AU  36 s  [10.1 min]
[  173/1665] col 203089 n 37: planner 1.165 (fuel 356) -> twin tank 855.2 J_i 1.215 dv 13.80 (0.373/flyby) lambert dv 23.6 miss0 0.0000 AU  30 s  [10.2 min]
[  174/1665] col 203137 n 37: planner 1.165 (fuel 356) -> twin tank 827.1 J_i 1.188 dv 12.49 (0.338/flyby) lambert dv 18.8 miss0 0.0000 AU  27 s  [10.2 min]
[  175/1665] col 203252 n 37: planner 1.165 (fuel 356) -> twin tank 826.2 J_i 1.188 dv 12.45 (0.337/flyby) lambert dv 20.4 miss0 0.0000 AU  30 s  [10.2 min]
[  176/1665] col 203275 n 37: planner 1.165 (fuel 356) -> twin tank 836.6 J_i 1.198 dv 12.94 (0.350/flyby) lambert dv 21.3 miss0 0.0000 AU  31 s  [10.4 min]
[  177/1665] col 203030 n 37: planner 1.165 (fuel 356) -> twin tank 815.3 J_i 1.177 dv 11.93 (0.322/flyby) lambert dv 20.2 miss0 0.0000 AU  31 s  [10.5 min]
[  178/1665] col 203213 n 37: planner 1.165 (fuel 356) -> twin tank 865.7 J_i 1.226 dv 14.28 (0.386/flyby) lambert dv 19.8 miss0 0.0000 AU  34 s  [10.5 min]
[  179/1665] col 203163 n 37: planner 1.165 (fuel 356) -> twin tank 831.8 J_i 1.193 dv 12.72 (0.344/flyby) lambert dv 19.9 miss0 0.0000 AU  31 s  [10.6 min]
[  180/1665] col 203297 n 37: planner 1.165 (fuel 356) -> twin tank 865.2 J_i 1.225 dv 14.26 (0.385/flyby) lambert dv 18.7 miss0 0.0000 AU  30 s  [10.7 min]
[  181/1665] col 203218 n 37: planner 1.165 (fuel 356) -> twin tank 845.4 J_i 1.206 dv 13.35 (0.361/flyby) lambert dv 19.9 miss0 0.0000 AU  32 s  [10.8 min]
[  182/1665] col 203217 n 37: planner 1.165 (fuel 356) -> twin tank 842.2 J_i 1.203 dv 13.20 (0.357/flyby) lambert dv 19.8 miss0 0.0000 AU  32 s  [10.8 min]
[  183/1665] col 203182 n 37: planner 1.165 (fuel 356) -> twin tank 839.6 J_i 1.200 dv 13.08 (0.354/flyby) lambert dv 19.8 miss0 0.0000 AU  44 s  [10.9 min]
[  184/1665] col 203186 n 37: planner 1.165 (fuel 356) -> twin tank 823.0 J_i 1.185 dv 12.30 (0.332/flyby) lambert dv 19.5 miss0 0.0000 AU  29 s  [11.0 min]
[  185/1665] col 203319 n 37: planner 1.165 (fuel 356) -> twin tank 840.0 J_i 1.201 dv 13.10 (0.354/flyby) lambert dv 18.9 miss0 0.0000 AU  38 s  [11.0 min]
[  186/1665] col 203318 n 37: planner 1.165 (fuel 356) -> twin tank 836.4 J_i 1.197 dv 12.93 (0.350/flyby) lambert dv 19.9 miss0 0.0000 AU  35 s  [11.1 min]
[  187/1665] col 203222 n 37: planner 1.165 (fuel 356) -> twin tank 828.0 J_i 1.189 dv 12.54 (0.339/flyby) lambert dv 21.8 miss0 0.0000 AU  31 s  [11.1 min]
[  188/1665] col 203225 n 37: planner 1.165 (fuel 357) -> twin tank 853.1 J_i 1.213 dv 13.71 (0.370/flyby) lambert dv 27.5 miss0 0.0000 AU  30 s  [11.2 min]
[  189/1665] col 203265 n 37: planner 1.165 (fuel 357) -> twin tank 797.4 J_i 1.161 dv 11.06 (0.299/flyby) lambert dv 20.0 miss0 0.0000 AU  30 s  [11.3 min]
[  190/1665] col 203057 n 37: planner 1.165 (fuel 357) -> twin tank 827.0 J_i 1.188 dv 12.49 (0.337/flyby) lambert dv 18.7 miss0 0.0000 AU  9 s  [11.3 min]
[  191/1665] col 203204 n 37: planner 1.165 (fuel 357) -> twin tank 840.8 J_i 1.202 dv 13.14 (0.355/flyby) lambert dv 19.9 miss0 0.0000 AU  32 s  [11.3 min]
[  192/1665] col 203321 n 37: planner 1.165 (fuel 357) -> twin tank 798.3 J_i 1.162 dv 11.10 (0.300/flyby) lambert dv 20.0 miss0 0.0000 AU  21 s  [11.4 min]
[  193/1665] col 203219 n 37: planner 1.165 (fuel 357) -> twin tank 844.2 J_i 1.205 dv 13.30 (0.359/flyby) lambert dv 18.9 miss0 0.0000 AU  33 s  [11.4 min]
[  194/1665] col 203115 n 37: planner 1.165 (fuel 357) -> twin tank 826.9 J_i 1.188 dv 12.49 (0.337/flyby) lambert dv 18.8 miss0 0.0000 AU  27 s  [11.5 min]
[  195/1665] col 203261 n 37: planner 1.165 (fuel 357) -> twin tank 869.2 J_i 1.229 dv 14.44 (0.390/flyby) lambert dv 18.7 miss0 0.0000 AU  30 s  [11.5 min]
[  196/1665] col 203071 n 37: planner 1.166 (fuel 357) -> twin tank 866.1 J_i 1.226 dv 14.30 (0.386/flyby) lambert dv 18.7 miss0 0.0000 AU  28 s  [11.8 min]
[  197/1665] col 203313 n 37: planner 1.166 (fuel 357) -> twin tank 821.7 J_i 1.183 dv 12.24 (0.331/flyby) lambert dv 20.1 miss0 0.0000 AU  30 s  [11.8 min]
[  198/1665] col 203141 n 37: planner 1.165 (fuel 357) -> twin tank 839.1 J_i 1.200 dv 13.06 (0.353/flyby) lambert dv 19.9 miss0 0.0000 AU  33 s  [11.8 min]
[  199/1665] col 203029 n 37: planner 1.166 (fuel 357) -> twin tank 853.0 J_i 1.213 dv 13.70 (0.370/flyby) lambert dv 19.7 miss0 0.0000 AU  30 s  [11.8 min]
[  200/1665] col 203101 n 37: planner 1.166 (fuel 357) -> twin tank 822.9 J_i 1.185 dv 12.29 (0.332/flyby) lambert dv 18.9 miss0 0.0000 AU  32 s  [11.9 min]
[  201/1665] col 203317 n 37: planner 1.166 (fuel 357) -> twin tank 817.9 J_i 1.180 dv 12.05 (0.326/flyby) lambert dv 18.8 miss0 0.0000 AU  27 s  [11.9 min]
[  202/1665] col 203234 n 37: planner 1.166 (fuel 357) -> twin tank 823.1 J_i 1.185 dv 12.31 (0.333/flyby) lambert dv 19.9 miss0 0.0000 AU  31 s  [11.9 min]
[  203/1665] col 203079 n 37: planner 1.166 (fuel 357) -> twin tank 847.7 J_i 1.208 dv 13.46 (0.364/flyby) lambert dv 19.8 miss0 0.0000 AU  31 s  [12.1 min]
[  204/1665] col 203058 n 37: planner 1.166 (fuel 357) -> twin tank 836.6 J_i 1.198 dv 12.94 (0.350/flyby) lambert dv 19.8 miss0 0.0000 AU  30 s  [12.3 min]
[  205/1665] col 203268 n 37: planner 1.166 (fuel 357) -> twin tank 826.2 J_i 1.188 dv 12.45 (0.337/flyby) lambert dv 20.4 miss0 0.0000 AU  31 s  [12.3 min]
[  206/1665] col 203103 n 37: planner 1.166 (fuel 357) -> twin tank 851.8 J_i 1.212 dv 13.65 (0.369/flyby) lambert dv 18.9 miss0 0.0000 AU  34 s  [12.3 min]
[  207/1665] col 203073 n 37: planner 1.166 (fuel 357) -> twin tank 834.6 J_i 1.196 dv 12.85 (0.347/flyby) lambert dv 19.9 miss0 0.0000 AU  37 s  [12.4 min]
[  208/1665] col 203245 n 37: planner 1.166 (fuel 357) -> twin tank 839.2 J_i 1.200 dv 13.06 (0.353/flyby) lambert dv 19.9 miss0 0.0000 AU  32 s  [12.5 min]
[  209/1665] col 203228 n 37: planner 1.166 (fuel 357) -> twin tank 854.5 J_i 1.215 dv 13.77 (0.372/flyby) lambert dv 19.8 miss0 0.0000 AU  33 s  [12.5 min]
[  210/1665] col 203334 n 37: planner 1.166 (fuel 357) -> twin tank 848.4 J_i 1.209 dv 13.49 (0.365/flyby) lambert dv 19.9 miss0 0.0000 AU  37 s  [12.5 min]
[  211/1665] col 203074 n 37: planner 1.166 (fuel 357) -> twin tank 813.8 J_i 1.176 dv 11.86 (0.320/flyby) lambert dv 20.2 miss0 0.0000 AU  31 s  [12.6 min]
[  212/1665] col 203241 n 37: planner 1.166 (fuel 357) -> twin tank 838.9 J_i 1.200 dv 13.05 (0.353/flyby) lambert dv 20.3 miss0 0.0000 AU  32 s  [12.8 min]
[  213/1665] col 203221 n 37: planner 1.166 (fuel 357) -> twin tank 856.5 J_i 1.217 dv 13.86 (0.375/flyby) lambert dv 19.8 miss0 0.0000 AU  33 s  [12.8 min]
[  214/1665] col 203290 n 37: planner 1.166 (fuel 357) -> twin tank 809.7 J_i 1.172 dv 11.66 (0.315/flyby) lambert dv 21.6 miss0 0.0000 AU  22 s  [12.8 min]
[  215/1665] col 203309 n 37: planner 1.166 (fuel 357) -> twin tank 869.8 J_i 1.230 dv 14.47 (0.391/flyby) lambert dv 19.8 miss0 0.0000 AU  34 s  [12.9 min]
[  216/1665] col 203240 n 37: planner 1.166 (fuel 357) -> twin tank 832.3 J_i 1.193 dv 12.74 (0.344/flyby) lambert dv 19.9 miss0 0.0000 AU  30 s  [13.0 min]
[  217/1665] col 203283 n 37: planner 1.166 (fuel 357) -> twin tank 837.5 J_i 1.198 dv 12.98 (0.351/flyby) lambert dv 19.9 miss0 0.0000 AU  33 s  [13.0 min]
[  218/1665] col 203289 n 37: planner 1.166 (fuel 357) -> twin tank 836.4 J_i 1.197 dv 12.93 (0.350/flyby) lambert dv 21.3 miss0 0.0000 AU  33 s  [13.1 min]
[  219/1665] col 203166 n 37: planner 1.166 (fuel 357) -> twin tank 859.7 J_i 1.220 dv 14.01 (0.379/flyby) lambert dv 19.8 miss0 0.0000 AU  31 s  [13.1 min]
