[19:48:51] start results/CTOC14_Result_TEAM.txt sc11: m0 720.16, fuel 115.81, flybys 9
[19:48:55]   it   0: fuel  114.55 kg, max miss     2723.6 km, median    404.7, rho       70, acc a=0.05 (2.7 s)
[19:48:57]   it   1: fuel  113.51 kg, max miss     5088.5 km, median    874.0, rho       49, acc a=0.03 (1.8 s)
[19:48:58]   it   2: fuel  112.69 kg, max miss     6972.7 km, median   1296.2, rho     34.3, acc a=0.02 (1.7 s)
[19:48:59]   it   3: fuel  110.81 kg, max miss    19114.0 km, median   4080.3, rho       24, acc a=0.04 (1.0 s)
[19:49:01]   it   4: fuel  109.44 kg, max miss    26015.3 km, median   5675.6, rho     16.8, acc a=0.03 (1.8 s)
[19:49:03]   it   5: fuel  108.46 kg, max miss    29530.1 km, median   6484.8, rho     11.8, acc a=0.02 (1.7 s)
[19:49:05]   it   6: fuel  107.78 kg, max miss    31152.0 km, median   6851.1, rho     8.24, acc a=0.01 (1.7 s)
[19:49:06]   it   7: fuel  106.36 kg, max miss    39002.7 km, median   8571.1, rho     5.76, acc a=0.03 (1.0 s)
[19:49:07]   restore  0: fuel  103.12 kg, max miss    2073.9 km, rho      500 (1.0 s)
[19:49:08]   restore  1: fuel  103.12 kg, max miss    2073.9 km, rho    2e+03 (1.0 s)
[19:49:09]   restore  2: fuel  101.58 kg, max miss     923.1 km, rho    1e+03 (1.0 s)
[19:49:10]   restore  3: fuel  101.58 kg, max miss     923.1 km, rho    4e+03 (1.0 s)
[19:49:11]   restore  4: fuel  100.83 kg, max miss     472.1 km, rho    2e+03 (1.0 s)
[19:49:12]   restore  5: fuel  100.83 kg, max miss     472.1 km, rho    8e+03 (1.0 s)
[19:49:13]   restore  6: fuel  100.46 kg, max miss     152.3 km, rho    4e+03 (1.0 s)
[19:49:14]   restore  7: fuel  100.46 kg, max miss     152.3 km, rho  1.6e+04 (1.0 s)
[19:49:15]   restore  8: fuel  100.28 kg, max miss      35.6 km, rho    8e+03 (1.0 s)
[19:49:15] stage 1: fuel 100.28 kg (23 s)
[19:49:17]   restore  0: fuel   99.16 kg, max miss 2633691.9 km, rho      500 (1.0 s)
[19:49:18]   restore  1: fuel   91.97 kg, max miss  170699.6 km, rho      250 (1.0 s)
[19:49:19]   restore  2: fuel   84.29 kg, max miss  103125.5 km, rho      125 (1.0 s)
[19:49:20]   restore  3: fuel   84.29 kg, max miss  103125.5 km, rho      500 (1.0 s)
[19:49:21]   restore  4: fuel   81.25 kg, max miss   20638.1 km, rho      250 (1.0 s)
[19:49:22]   restore  5: fuel   81.25 kg, max miss   20638.1 km, rho    1e+03 (1.0 s)
[19:49:23]   restore  6: fuel   79.91 kg, max miss    3947.0 km, rho      500 (1.0 s)
[19:49:24]   restore  7: fuel   79.91 kg, max miss    3947.0 km, rho    2e+03 (1.0 s)
[19:49:25]   restore  8: fuel   79.28 kg, max miss     797.7 km, rho    1e+03 (1.0 s)
[19:49:25]   restore  9: fuel   79.28 kg, max miss     797.7 km, rho    4e+03 (1.0 s)
[19:49:26]   restore 10: fuel   78.97 kg, max miss     174.0 km, rho    2e+03 (1.0 s)
[19:49:27]   restore 11: fuel   78.97 kg, max miss     174.0 km, rho    8e+03 (1.0 s)
[19:49:28]   restore 12: fuel   78.82 kg, max miss      44.7 km, rho    4e+03 (1.0 s)
[19:49:28] stage 2 (m0 701.78): fuel 78.82 kg
[19:49:32]   it   0: fuel   78.41 kg, max miss     1223.9 km, median    254.8, rho       70, acc a=0.05 (2.4 s)
[19:49:33]   it   1: fuel   78.07 kg, max miss     2055.4 km, median    432.1, rho       49, acc a=0.03 (1.7 s)
[19:49:34]   it   2: fuel   77.26 kg, max miss     7343.0 km, median   1545.9, rho     34.3, acc a=0.07 (1.0 s)
[19:49:36]   it   3: fuel   76.66 kg, max miss    10228.2 km, median   2144.4, rho       24, acc a=0.04 (1.8 s)
[19:49:38]   restore  0: fuel   75.62 kg, max miss    2423.9 km, rho      500 (1.0 s)
[19:49:39]   restore  1: fuel   75.62 kg, max miss    2423.9 km, rho    2e+03 (1.0 s)
[19:49:40]   restore  2: fuel   75.13 kg, max miss     319.3 km, rho    1e+03 (1.0 s)
[19:49:41]   restore  3: fuel   75.13 kg, max miss     319.3 km, rho    4e+03 (1.0 s)
[19:49:42]   restore  4: fuel   74.89 kg, max miss      48.7 km, rho    2e+03 (1.0 s)
[19:49:43]   restore  0: fuel   80.94 kg, max miss 5471334.9 km, rho      500 (1.0 s)
[19:49:44]   restore  1: fuel   70.70 kg, max miss  705853.3 km, rho      250 (1.0 s)
[19:49:45]   restore  2: fuel   67.78 kg, max miss    8587.9 km, rho      125 (1.0 s)
[19:49:46]   restore  3: fuel   67.78 kg, max miss    8587.9 km, rho      500 (1.0 s)
[19:49:47]   restore  4: fuel   66.75 kg, max miss    2204.4 km, rho      250 (1.0 s)
[19:49:48]   restore  5: fuel   66.75 kg, max miss    2204.4 km, rho    1e+03 (1.0 s)
[19:49:49]   restore  6: fuel   66.29 kg, max miss     659.1 km, rho      500 (1.0 s)
[19:49:50]   restore  7: fuel   66.29 kg, max miss     659.1 km, rho    2e+03 (1.0 s)
[19:49:51]   restore  8: fuel   66.07 kg, max miss     173.6 km, rho    1e+03 (1.0 s)
[19:49:52]   restore  9: fuel   66.07 kg, max miss     173.6 km, rho    4e+03 (1.0 s)
[19:49:53]   restore 10: fuel   65.96 kg, max miss      41.8 km, rho    2e+03 (1.0 s)
[19:49:53] stage 3 (m0 676.39): fuel 65.96 kg (62 s)
[19:52:05] RESULT {'src': 'results/CTOC14_Result_TEAM.txt', 'sc': 11, 'ok': True, 'errors': [], 'm0': np.float64(676.3943632878947), 'fuel': np.float64(65.96414446829294), 'fuel0': 115.80507892940238, 'm0_0': 720.159150469904, 'flybys': 9, 'flybys0': 9, 'peak_thrust': 0.1205603052674027, 'J_i': 1.057545003747559, 'J_i0': 1.0931944041324053, 'runtime': 193.3013870716095}
