[13:48:34] === s14_twinbeam free route 00: pool 37 (own targets), source 37 fb @ 918.2 kg; gate lintwin dv 1.2 drmax 0.15 beam 60 tries 90 roots 300 k_epochs 3 lin_cap 3.0 res_max 1.5e+08
[13:48:47] roots: 1327 launch legs -> 291 kept (max root miss 0.2 km)
[13:56:05] depth  2: 291 parents -> 3978 children (2565 unique) -> tried 83, settled 60, kept 46; t_end 223-550 d, tank 602-722; best 2 @ 601.8 kg (438 s)
[13:58:21] depth  3: 46 parents -> 687 children (681 unique) -> tried 72, settled 60, kept 52; t_end 369-689 d, tank 608-670; best 3 @ 608.4 kg (135 s)
[14:00:46] depth  4: 52 parents -> 896 children (883 unique) -> tried 65, settled 60, kept 55; t_end 482-767 d, tank 613-826; best 4 @ 613.2 kg (145 s)
[14:03:24] depth  5: 55 parents -> 894 children (894 unique) -> tried 65, settled 60, kept 56; t_end 615-999 d, tank 618-729; best 5 @ 617.8 kg (159 s)
[14:06:05] depth  6: 56 parents -> 939 children (931 unique) -> tried 60, settled 60, kept 51; t_end 790-1096 d, tank 625-738; best 6 @ 624.6 kg (160 s)
[14:08:24] depth  7: 51 parents -> 843 children (843 unique) -> tried 60, settled 60, kept 54; t_end 945-1185 d, tank 626-685; best 7 @ 626.2 kg (140 s)
[14:10:54] depth  8: 54 parents -> 855 children (855 unique) -> tried 60, settled 60, kept 58; t_end 998-1254 d, tank 632-688; best 8 @ 632.3 kg (150 s)
[14:13:34] depth  9: 58 parents -> 828 children (828 unique) -> tried 60, settled 60, kept 60; t_end 1091-1361 d, tank 639-707; best 9 @ 638.8 kg (160 s)
[14:16:20] depth 10: 60 parents -> 773 children (773 unique) -> tried 60, settled 60, kept 59; t_end 1165-1428 d, tank 642-708; best 10 @ 642.2 kg (165 s)
[14:19:17] depth 11: 59 parents -> 678 children (678 unique) -> tried 60, settled 60, kept 60; t_end 1252-1441 d, tank 650-731; best 11 @ 649.8 kg (177 s)
[14:24:14] depth 12: 60 parents -> 634 children (634 unique) -> tried 72, settled 60, kept 60; t_end 1325-1705 d, tank 656-826; best 12 @ 656.5 kg (297 s)
[14:29:48] depth 13: 60 parents -> 524 children (524 unique) -> tried 64, settled 60, kept 60; t_end 1394-1793 d, tank 663-896; best 13 @ 663.4 kg (334 s)
[14:36:25] depth 14: 60 parents -> 551 children (551 unique) -> tried 60, settled 60, kept 58; t_end 1423-2091 d, tank 668-823; best 14 @ 668.4 kg (397 s)
[14:42:36] depth 15: 58 parents -> 521 children (520 unique) -> tried 60, settled 60, kept 59; t_end 1697-2140 d, tank 689-873; best 15 @ 688.6 kg (371 s)
[14:47:41] depth 16: 59 parents -> 586 children (585 unique) -> tried 60, settled 60, kept 60; t_end 1796-2301 d, tank 693-858; best 16 @ 692.6 kg (305 s)
[14:52:17] depth 17: 60 parents -> 655 children (655 unique) -> tried 60, settled 60, kept 59; t_end 1941-2565 d, tank 697-883; best 17 @ 696.9 kg (277 s)
[14:56:42] depth 18: 59 parents -> 645 children (645 unique) -> tried 60, settled 60, kept 57; t_end 2052-2671 d, tank 703-950; best 18 @ 703.2 kg (265 s)
[15:01:09] depth 19: 57 parents -> 518 children (518 unique) -> tried 60, settled 60, kept 54; t_end 2151-2901 d, tank 708-973; best 19 @ 708.3 kg (267 s)
[15:05:44] depth 20: 54 parents -> 383 children (381 unique) -> tried 60, settled 60, kept 57; t_end 2735-2982 d, tank 715-844; best 20 @ 715.2 kg (275 s)
[15:10:50] depth 21: 57 parents -> 358 children (358 unique) -> tried 60, settled 60, kept 60; t_end 2880-3389 d, tank 719-854; best 21 @ 719.0 kg (306 s)
[15:17:07] depth 22: 60 parents -> 481 children (481 unique) -> tried 61, settled 60, kept 60; t_end 3094-3601 d, tank 735-880; best 22 @ 735.2 kg (377 s)
[15:22:51] depth 23: 60 parents -> 518 children (512 unique) -> tried 60, settled 60, kept 54; t_end 3282-3716 d, tank 737-892; best 23 @ 736.9 kg (344 s)
[15:29:28] depth 24: 54 parents -> 440 children (440 unique) -> tried 60, settled 60, kept 55; t_end 3324-3838 d, tank 740-917; best 24 @ 739.6 kg (397 s)
[15:35:00] depth 25: 55 parents -> 495 children (494 unique) -> tried 60, settled 60, kept 55; t_end 3436-4074 d, tank 753-965; best 25 @ 752.7 kg (332 s)
[15:39:42] depth 26: 55 parents -> 414 children (413 unique) -> tried 60, settled 60, kept 59; t_end 3802-4186 d, tank 759-981; best 26 @ 758.8 kg (282 s)
[15:45:04] depth 27: 59 parents -> 408 children (408 unique) -> tried 60, settled 60, kept 59; t_end 4074-4518 d, tank 760-1121; best 27 @ 760.2 kg (322 s)
[15:50:14] depth 28: 59 parents -> 443 children (443 unique) -> tried 60, settled 60, kept 57; t_end 4182-4648 d, tank 774-886; best 28 @ 773.5 kg (310 s)
[15:55:02] depth 29: 57 parents -> 458 children (458 unique) -> tried 60, settled 60, kept 48; t_end 4347-4662 d, tank 783-896; best 29 @ 782.7 kg (288 s)
[16:00:34] depth 30: 48 parents -> 274 children (273 unique) -> tried 60, settled 60, kept 45; t_end 4493-4895 d, tank 791-923; best 30 @ 791.0 kg (332 s)
[16:06:27] depth 31: 45 parents -> 173 children (170 unique) -> tried 60, settled 60, kept 57; t_end 4651-5028 d, tank 798-1106; best 31 @ 798.0 kg (353 s)
[16:13:59] depth 32: 57 parents -> 183 children (180 unique) -> tried 61, settled 60, kept 58; t_end 4813-5374 d, tank 807-1287; best 32 @ 806.9 kg (452 s)
[16:21:15] depth 33: 58 parents -> 108 children (105 unique) -> tried 62, settled 60, kept 54; t_end 5016-5452 d, tank 808-1069; best 33 @ 808.5 kg (436 s)
[16:26:53] depth 34: 54 parents -> 53 children (47 unique) -> tried 47, settled 47, kept 40; t_end 5285-5460 d, tank 815-1095; best 34 @ 814.7 kg (338 s)
[16:27:45] depth 35: 40 parents -> 7 children (6 unique) -> tried 6, settled 6, kept 6; t_end 5373-5454 d, tank 847-1117; best 35 @ 846.8 kg (52 s)
[16:27:46] depth 36: 6 parents -> 0 children (0 unique) -> tried 0, settled 0, kept 0; best 35 @ 846.8 kg (1 s)
[16:27:46] RESULT route 00: re-flown 35/37 at twin tank 846.8 kg (source 918.2); end {'kind': 'no_children', 'depth': 35, 'time_left_d': 25.1}; settles 2038 (1973 ok), wall 9539 s
