[14:15:35] === s14_twinbeam free route 07: pool 27 (own targets), source 27 fb @ 815.1 kg; gate lintwin dv 1.2 drmax 0.15 beam 60 tries 90 roots 300 k_epochs 3 lin_cap 3.0 res_max 1.5e+08
[14:15:47] roots: 1308 launch legs -> 194 kept (max root miss 0.0 km)
[14:20:28] depth  2: 194 parents -> 2054 children (1470 unique) -> tried 87, settled 60, kept 45; t_end 268-615 d, tank 602-675; best 2 @ 601.7 kg (281 s)
[14:22:59] depth  3: 45 parents -> 412 children (402 unique) -> tried 81, settled 60, kept 55; t_end 312-811 d, tank 611-810; best 3 @ 610.6 kg (151 s)
[14:26:10] depth  4: 55 parents -> 543 children (534 unique) -> tried 68, settled 60, kept 56; t_end 450-1049 d, tank 620-709; best 4 @ 619.5 kg (191 s)
[14:29:41] depth  5: 56 parents -> 532 children (530 unique) -> tried 62, settled 60, kept 57; t_end 534-1099 d, tank 636-804; best 5 @ 636.0 kg (211 s)
[14:34:17] depth  6: 57 parents -> 550 children (542 unique) -> tried 60, settled 60, kept 56; t_end 730-1148 d, tank 644-907; best 6 @ 643.5 kg (276 s)
[14:38:40] depth  7: 56 parents -> 495 children (491 unique) -> tried 61, settled 60, kept 58; t_end 918-1328 d, tank 668-808; best 7 @ 668.4 kg (263 s)
[14:44:04] depth  8: 58 parents -> 503 children (498 unique) -> tried 61, settled 60, kept 54; t_end 1097-1472 d, tank 680-787; best 8 @ 679.6 kg (323 s)
[14:48:09] depth  9: 54 parents -> 470 children (468 unique) -> tried 62, settled 60, kept 53; t_end 1168-1623 d, tank 688-838; best 9 @ 687.6 kg (245 s)
[14:52:19] depth 10: 53 parents -> 355 children (355 unique) -> tried 63, settled 60, kept 56; t_end 1306-1840 d, tank 706-911; best 10 @ 706.3 kg (250 s)
[14:56:26] depth 11: 56 parents -> 342 children (338 unique) -> tried 60, settled 60, kept 58; t_end 1454-2061 d, tank 716-918; best 11 @ 716.1 kg (247 s)
[15:01:38] depth 12: 58 parents -> 226 children (225 unique) -> tried 62, settled 60, kept 57; t_end 1565-2276 d, tank 727-1040; best 12 @ 727.1 kg (312 s)
[15:07:17] depth 13: 57 parents -> 184 children (183 unique) -> tried 63, settled 60, kept 53; t_end 1779-2547 d, tank 746-1166; best 13 @ 746.2 kg (340 s)
[15:12:26] depth 14: 53 parents -> 190 children (186 unique) -> tried 60, settled 60, kept 56; t_end 2117-2709 d, tank 774-1112; best 14 @ 774.3 kg (309 s)
[15:19:51] depth 15: 56 parents -> 186 children (184 unique) -> tried 62, settled 60, kept 56; t_end 2385-3072 d, tank 788-1062; best 15 @ 787.5 kg (445 s)
[15:27:44] depth 16: 56 parents -> 161 children (159 unique) -> tried 60, settled 60, kept 55; t_end 2518-3231 d, tank 836-1183; best 16 @ 835.6 kg (473 s)
[15:35:24] depth 17: 55 parents -> 138 children (137 unique) -> tried 62, settled 60, kept 54; t_end 2792-3434 d, tank 869-1079; best 17 @ 868.6 kg (460 s)
[15:42:53] depth 18: 54 parents -> 107 children (103 unique) -> tried 60, settled 60, kept 56; t_end 2993-3633 d, tank 887-1131; best 18 @ 887.3 kg (449 s)
[15:51:07] depth 19: 56 parents -> 110 children (109 unique) -> tried 60, settled 60, kept 56; t_end 3180-3974 d, tank 904-1278; best 19 @ 903.5 kg (493 s)
[16:00:03] depth 20: 56 parents -> 81 children (81 unique) -> tried 60, settled 60, kept 54; t_end 3417-4374 d, tank 933-1242; best 20 @ 933.4 kg (537 s)
[16:06:07] depth 21: 54 parents -> 37 children (36 unique) -> tried 36, settled 36, kept 33; t_end 3618-4702 d, tank 974-1146; best 21 @ 974.5 kg (364 s)
[16:10:04] depth 22: 33 parents -> 23 children (23 unique) -> tried 23, settled 23, kept 21; t_end 4263-5288 d, tank 988-1204; best 22 @ 988.1 kg (237 s)
[16:13:33] depth 23: 21 parents -> 20 children (20 unique) -> tried 20, settled 20, kept 19; t_end 4672-5439 d, tank 1024-2140; best 23 @ 1023.8 kg (210 s)
[16:14:33] depth 24: 19 parents -> 5 children (5 unique) -> tried 5, settled 5, kept 5; t_end 4982-5426 d, tank 1033-1197; best 24 @ 1032.7 kg (60 s)
[16:14:36] depth 25: 5 parents -> 0 children (0 unique) -> tried 0, settled 0, kept 0; best 24 @ 1032.7 kg (3 s)
[16:14:36] RESULT route 07: re-flown 24/27 at twin tank 1032.7 kg (source 815.1); end {'kind': 'no_children', 'depth': 24, 'time_left_d': 52.9}; settles 1298 (1224 ok), wall 7129 s
