[11:33:45] === s14_twinbeam free route 09: pool 24 (own targets), source 24 fb @ 876.5 kg; gate lintwin dv 1.2 drmax 0.15 beam 60 tries 90 roots 300 k_epochs 3 lin_cap 3.0 res_max 1.5e+08
[11:33:57] roots: 482 launch legs -> 113 kept (max root miss 0.0 km)
[11:37:32] depth  2: 113 parents -> 994 children (742 unique) -> tried 83, settled 60, kept 46; t_end 463-945 d, tank 602-692; best 2 @ 602.1 kg (215 s)
[11:40:42] depth  3: 46 parents -> 377 children (357 unique) -> tried 75, settled 60, kept 50; t_end 564-1091 d, tank 607-746; best 3 @ 607.1 kg (190 s)
[11:45:51] depth  4: 50 parents -> 337 children (333 unique) -> tried 75, settled 60, kept 53; t_end 778-1311 d, tank 609-752; best 4 @ 609.2 kg (309 s)
[11:51:40] depth  5: 53 parents -> 372 children (368 unique) -> tried 79, settled 60, kept 56; t_end 964-1489 d, tank 628-926; best 5 @ 628.1 kg (349 s)
[11:55:46] depth  6: 56 parents -> 435 children (429 unique) -> tried 69, settled 60, kept 59; t_end 1091-1635 d, tank 636-794; best 6 @ 636.1 kg (247 s)
[12:00:15] depth  7: 59 parents -> 500 children (498 unique) -> tried 72, settled 60, kept 57; t_end 1257-1778 d, tank 650-787; best 7 @ 649.8 kg (269 s)
[12:04:22] depth  8: 57 parents -> 465 children (460 unique) -> tried 64, settled 60, kept 52; t_end 1460-2059 d, tank 655-803; best 8 @ 654.8 kg (247 s)
[12:08:36] depth  9: 52 parents -> 298 children (296 unique) -> tried 67, settled 60, kept 55; t_end 1642-2273 d, tank 669-887; best 9 @ 668.6 kg (255 s)
[12:13:02] depth 10: 55 parents -> 229 children (228 unique) -> tried 64, settled 60, kept 56; t_end 1855-2380 d, tank 691-827; best 10 @ 691.3 kg (266 s)
[12:18:01] depth 11: 56 parents -> 218 children (218 unique) -> tried 64, settled 60, kept 58; t_end 2049-2592 d, tank 694-1032; best 11 @ 694.2 kg (299 s)
[12:22:44] depth 12: 58 parents -> 344 children (336 unique) -> tried 62, settled 60, kept 53; t_end 2269-2796 d, tank 700-1115; best 12 @ 699.9 kg (283 s)
[12:26:31] depth 13: 53 parents -> 286 children (282 unique) -> tried 60, settled 60, kept 58; t_end 2455-2908 d, tank 722-860; best 13 @ 721.5 kg (227 s)
[12:32:28] depth 14: 58 parents -> 297 children (296 unique) -> tried 66, settled 60, kept 60; t_end 2519-3062 d, tank 724-865; best 14 @ 723.7 kg (357 s)
[12:36:38] depth 15: 60 parents -> 296 children (296 unique) -> tried 60, settled 60, kept 58; t_end 2758-3416 d, tank 742-931; best 15 @ 741.6 kg (250 s)
[12:40:53] depth 16: 58 parents -> 260 children (258 unique) -> tried 60, settled 60, kept 53; t_end 2801-3558 d, tank 744-960; best 16 @ 743.5 kg (255 s)
[12:45:21] depth 17: 53 parents -> 197 children (195 unique) -> tried 60, settled 60, kept 49; t_end 3063-3679 d, tank 755-1165; best 17 @ 754.9 kg (268 s)
[12:50:06] depth 18: 49 parents -> 121 children (116 unique) -> tried 60, settled 60, kept 46; t_end 3480-3890 d, tank 770-913; best 18 @ 769.5 kg (284 s)
[12:54:57] depth 19: 46 parents -> 65 children (62 unique) -> tried 60, settled 60, kept 54; t_end 3535-4519 d, tank 781-1109; best 19 @ 781.1 kg (291 s)
[13:01:46] depth 20: 54 parents -> 55 children (53 unique) -> tried 53, settled 53, kept 49; t_end 3848-5030 d, tank 809-1143; best 20 @ 808.7 kg (410 s)
[13:09:22] depth 21: 49 parents -> 89 children (86 unique) -> tried 60, settled 60, kept 52; t_end 4549-5353 d, tank 821-1010; best 21 @ 821.1 kg (455 s)
[13:16:55] depth 22: 52 parents -> 63 children (57 unique) -> tried 57, settled 57, kept 47; t_end 4883-5405 d, tank 854-948; best 22 @ 854.3 kg (453 s)
[13:19:16] depth 23: 47 parents -> 25 children (20 unique) -> tried 20, settled 20, kept 15; t_end 5298-5359 d, tank 893-976; best 23 @ 893.3 kg (142 s)
[13:19:21] depth 24: 15 parents -> 1 children (1 unique) -> tried 1, settled 1, kept 1; t_end 5357-5357 d, tank 952-952; best 24 @ 952.3 kg (5 s)
[13:19:21] RESULT route 09: re-flown 24/24 at twin tank 952.3 kg (source 876.5); end {'kind': 'pool_exhausted', 'depth': 24}; settles 1391 (1271 ok), wall 6324 s
