[11:08:57] === s14_twinbeam free route 08: pool 26 (own targets), source 26 fb @ 870.6 kg; gate lintwin dv 1.2 drmax 0.15 beam 60 tries 90 roots 300 k_epochs 3 lin_cap 3.0 res_max 1.5e+08
[11:09:09] roots: 730 launch legs -> 127 kept (max root miss 0.1 km)
[11:12:48] depth  2: 127 parents -> 910 children (628 unique) -> tried 83, settled 60, kept 46; t_end 457-876 d, tank 602-628; best 2 @ 601.7 kg (219 s)
[11:16:17] depth  3: 46 parents -> 292 children (263 unique) -> tried 85, settled 60, kept 56; t_end 582-1070 d, tank 605-703; best 3 @ 605.1 kg (209 s)
[11:20:06] depth  4: 56 parents -> 460 children (451 unique) -> tried 77, settled 60, kept 51; t_end 842-1401 d, tank 610-802; best 4 @ 610.5 kg (229 s)
[11:24:03] depth  5: 51 parents -> 364 children (360 unique) -> tried 72, settled 60, kept 57; t_end 1003-1587 d, tank 619-756; best 5 @ 618.7 kg (237 s)
[11:28:44] depth  6: 57 parents -> 338 children (333 unique) -> tried 76, settled 60, kept 53; t_end 1314-1657 d, tank 633-767; best 6 @ 632.6 kg (281 s)
[11:32:00] depth  7: 53 parents -> 261 children (259 unique) -> tried 63, settled 60, kept 57; t_end 1443-2077 d, tank 639-849; best 7 @ 639.2 kg (195 s)
[11:35:31] depth  8: 57 parents -> 232 children (232 unique) -> tried 61, settled 60, kept 56; t_end 1587-2083 d, tank 659-827; best 8 @ 659.3 kg (212 s)
[11:40:52] depth  9: 56 parents -> 290 children (289 unique) -> tried 67, settled 60, kept 60; t_end 1832-2469 d, tank 670-1126; best 9 @ 669.6 kg (321 s)
[11:47:06] depth 10: 60 parents -> 352 children (352 unique) -> tried 62, settled 60, kept 59; t_end 1913-2781 d, tank 678-1059; best 10 @ 677.5 kg (374 s)
[11:52:53] depth 11: 59 parents -> 326 children (324 unique) -> tried 61, settled 60, kept 48; t_end 2028-2828 d, tank 692-923; best 11 @ 692.2 kg (348 s)
[11:58:04] depth 12: 48 parents -> 261 children (261 unique) -> tried 62, settled 60, kept 54; t_end 2289-2935 d, tank 719-925; best 12 @ 718.9 kg (311 s)
[12:03:18] depth 13: 54 parents -> 238 children (236 unique) -> tried 62, settled 60, kept 56; t_end 2735-3124 d, tank 740-910; best 13 @ 739.6 kg (314 s)
[12:08:46] depth 14: 56 parents -> 254 children (248 unique) -> tried 60, settled 60, kept 53; t_end 2918-3569 d, tank 745-916; best 14 @ 744.8 kg (328 s)
[12:14:32] depth 15: 53 parents -> 234 children (231 unique) -> tried 61, settled 60, kept 56; t_end 3104-3593 d, tank 772-904; best 15 @ 771.9 kg (346 s)
[12:20:57] depth 16: 56 parents -> 185 children (181 unique) -> tried 61, settled 60, kept 51; t_end 3310-3764 d, tank 785-981; best 16 @ 785.4 kg (385 s)
[12:29:27] depth 17: 51 parents -> 122 children (118 unique) -> tried 63, settled 60, kept 55; t_end 3554-4169 d, tank 796-1030; best 17 @ 795.6 kg (510 s)
[12:37:04] depth 18: 55 parents -> 112 children (111 unique) -> tried 60, settled 60, kept 52; t_end 3686-4605 d, tank 796-1070; best 18 @ 795.6 kg (457 s)
[12:44:08] depth 19: 52 parents -> 89 children (88 unique) -> tried 61, settled 60, kept 54; t_end 4002-4927 d, tank 809-1241; best 19 @ 808.9 kg (424 s)
[12:51:40] depth 20: 54 parents -> 134 children (133 unique) -> tried 61, settled 60, kept 54; t_end 4276-5248 d, tank 815-1075; best 20 @ 815.0 kg (453 s)
[12:57:49] depth 21: 54 parents -> 135 children (133 unique) -> tried 60, settled 60, kept 57; t_end 4578-5248 d, tank 822-1354; best 21 @ 821.8 kg (369 s)
[13:03:15] depth 22: 57 parents -> 78 children (72 unique) -> tried 60, settled 60, kept 51; t_end 4924-5423 d, tank 831-989; best 22 @ 831.4 kg (326 s)
[13:05:22] depth 23: 51 parents -> 23 children (20 unique) -> tried 20, settled 20, kept 16; t_end 5117-5423 d, tank 857-995; best 23 @ 856.9 kg (127 s)
[13:05:31] depth 24: 16 parents -> 2 children (1 unique) -> tried 1, settled 1, kept 1; t_end 5248-5248 d, tank 890-890; best 24 @ 890.2 kg (8 s)
[13:05:31] depth 25: 1 parents -> 0 children (0 unique) -> tried 0, settled 0, kept 0; best 24 @ 890.2 kg (0 s)
[13:05:31] RESULT route 08: re-flown 24/26 at twin tank 890.2 kg (source 870.6); end {'kind': 'no_children', 'depth': 24, 'time_left_d': 231.2}; settles 1399 (1281 ok), wall 6983 s
