[10:17:14] === s14_twinbeam free route 06: pool 27 (own targets), source 27 fb @ 791.9 kg; gate lintwin dv 1.2 drmax 0.15 beam 20 tries 60 roots 300 k_epochs 3 lin_cap 3.0 res_max 1.5e+08
[10:17:26] roots: 652 launch legs -> 140 kept (max root miss 0.0 km)
[10:19:55] depth  2: 140 parents -> 1426 children (1009 unique) -> tried 23, settled 20, kept 16; t_end 399-559 d, tank 602-620; best 2 @ 601.9 kg (149 s)
[10:20:22] depth  3: 16 parents -> 165 children (158 unique) -> tried 20, settled 20, kept 18; t_end 563-712 d, tank 610-640; best 3 @ 610.0 kg (28 s)
[10:21:03] depth  4: 18 parents -> 218 children (217 unique) -> tried 21, settled 20, kept 20; t_end 632-930 d, tank 617-672; best 4 @ 617.2 kg (41 s)
[10:21:58] depth  5: 20 parents -> 234 children (225 unique) -> tried 22, settled 20, kept 16; t_end 822-1124 d, tank 620-702; best 5 @ 620.1 kg (55 s)
[10:22:50] depth  6: 16 parents -> 136 children (135 unique) -> tried 21, settled 20, kept 18; t_end 918-1244 d, tank 641-693; best 6 @ 640.6 kg (52 s)
[10:23:49] depth  7: 18 parents -> 149 children (149 unique) -> tried 21, settled 20, kept 19; t_end 1076-1412 d, tank 645-872; best 7 @ 645.1 kg (59 s)
[10:25:06] depth  8: 19 parents -> 128 children (128 unique) -> tried 22, settled 20, kept 19; t_end 1134-2161 d, tank 649-798; best 8 @ 649.1 kg (77 s)
[10:26:27] depth  9: 19 parents -> 97 children (97 unique) -> tried 23, settled 20, kept 18; t_end 1354-1836 d, tank 663-934; best 9 @ 663.3 kg (81 s)
[10:27:48] depth 10: 18 parents -> 82 children (82 unique) -> tried 21, settled 20, kept 19; t_end 1501-2057 d, tank 668-961; best 10 @ 667.7 kg (81 s)
[10:28:59] depth 11: 19 parents -> 94 children (94 unique) -> tried 20, settled 20, kept 18; t_end 1673-2302 d, tank 673-885; best 11 @ 672.9 kg (71 s)
[10:30:17] depth 12: 18 parents -> 91 children (90 unique) -> tried 20, settled 20, kept 19; t_end 1836-2650 d, tank 686-888; best 12 @ 685.7 kg (79 s)
[10:31:27] depth 13: 19 parents -> 81 children (80 unique) -> tried 20, settled 20, kept 19; t_end 2207-2733 d, tank 688-792; best 13 @ 688.2 kg (69 s)
[10:32:47] depth 14: 19 parents -> 90 children (87 unique) -> tried 20, settled 20, kept 20; t_end 2461-2860 d, tank 692-885; best 14 @ 692.1 kg (81 s)
[10:34:00] depth 15: 20 parents -> 85 children (84 unique) -> tried 20, settled 20, kept 14; t_end 2786-3147 d, tank 693-766; best 15 @ 692.7 kg (73 s)
[10:35:28] depth 16: 14 parents -> 79 children (75 unique) -> tried 20, settled 20, kept 20; t_end 3003-3394 d, tank 694-814; best 16 @ 694.3 kg (88 s)
[10:36:58] depth 17: 20 parents -> 82 children (79 unique) -> tried 20, settled 20, kept 18; t_end 3200-3661 d, tank 704-801; best 17 @ 704.5 kg (90 s)
[10:38:05] depth 18: 18 parents -> 66 children (65 unique) -> tried 20, settled 20, kept 11; t_end 3578-3770 d, tank 708-778; best 18 @ 707.9 kg (67 s)
[10:39:07] depth 19: 11 parents -> 40 children (40 unique) -> tried 20, settled 20, kept 16; t_end 3768-4060 d, tank 718-793; best 19 @ 718.3 kg (62 s)
[10:40:28] depth 20: 16 parents -> 23 children (23 unique) -> tried 20, settled 20, kept 17; t_end 4056-4454 d, tank 728-803; best 20 @ 727.6 kg (81 s)
[10:42:03] depth 21: 17 parents -> 23 children (23 unique) -> tried 20, settled 20, kept 19; t_end 4369-5163 d, tank 730-824; best 21 @ 729.7 kg (94 s)
[10:43:28] depth 22: 19 parents -> 75 children (75 unique) -> tried 20, settled 20, kept 17; t_end 4815-5165 d, tank 741-812; best 22 @ 740.7 kg (85 s)
[10:44:45] depth 23: 17 parents -> 51 children (50 unique) -> tried 20, settled 20, kept 16; t_end 5093-5250 d, tank 744-817; best 23 @ 744.1 kg (77 s)
[10:46:41] depth 24: 16 parents -> 22 children (22 unique) -> tried 22, settled 20, kept 16; t_end 5236-5458 d, tank 753-823; best 24 @ 753.0 kg (116 s)
[10:46:46] depth 25: 16 parents -> 3 children (2 unique) -> tried 2, settled 2, kept 2; t_end 5456-5456 d, tank 765-830; best 25 @ 764.7 kg (5 s)
[10:46:46] depth 26: 2 parents -> 0 children (0 unique) -> tried 0, settled 0, kept 0; best 25 @ 764.7 kg (0 s)
[10:46:46] RESULT route 06: re-flown 25/27 at twin tank 764.7 kg (source 791.9); end {'kind': 'no_children', 'depth': 25, 'time_left_d': 22.2}; settles 478 (462 ok), wall 1760 s
