[13:00:57] === s14_twinbeam free route 02: pool 33 (own targets), source 33 fb @ 903.7 kg; gate lintwin dv 1.2 drmax 0.15 beam 20 tries 60 roots 300 k_epochs 3 lin_cap 3.0 res_max 1.5e+08
[13:01:09] roots: 1188 launch legs -> 230 kept (max root miss 0.0 km)
[13:05:53] depth  2: 230 parents -> 2991 children (2058 unique) -> tried 25, settled 20, kept 16; t_end 254-474 d, tank 602-688; best 2 @ 601.5 kg (284 s)
[13:06:39] depth  3: 16 parents -> 194 children (187 unique) -> tried 26, settled 20, kept 18; t_end 460-746 d, tank 618-667; best 3 @ 617.8 kg (46 s)
[13:07:22] depth  4: 18 parents -> 179 children (179 unique) -> tried 21, settled 20, kept 16; t_end 641-844 d, tank 622-746; best 4 @ 622.4 kg (42 s)
[13:08:01] depth  5: 16 parents -> 172 children (171 unique) -> tried 20, settled 20, kept 19; t_end 756-1010 d, tank 630-690; best 5 @ 629.9 kg (39 s)
[13:08:49] depth  6: 19 parents -> 193 children (192 unique) -> tried 20, settled 20, kept 20; t_end 913-1197 d, tank 643-746; best 6 @ 642.8 kg (48 s)
[13:09:54] depth  7: 20 parents -> 180 children (180 unique) -> tried 21, settled 20, kept 20; t_end 1161-1378 d, tank 652-748; best 7 @ 652.0 kg (65 s)
[13:11:02] depth  8: 20 parents -> 170 children (170 unique) -> tried 20, settled 20, kept 18; t_end 1284-1498 d, tank 668-732; best 8 @ 668.5 kg (68 s)
[13:12:18] depth  9: 18 parents -> 108 children (108 unique) -> tried 20, settled 20, kept 20; t_end 1400-1755 d, tank 687-806; best 9 @ 687.3 kg (76 s)
[13:13:47] depth 10: 20 parents -> 160 children (160 unique) -> tried 20, settled 20, kept 18; t_end 1476-1839 d, tank 706-796; best 10 @ 705.5 kg (89 s)
[13:15:00] depth 11: 18 parents -> 160 children (160 unique) -> tried 20, settled 20, kept 17; t_end 1683-1992 d, tank 715-796; best 11 @ 714.9 kg (73 s)
[13:16:20] depth 12: 17 parents -> 153 children (153 unique) -> tried 20, settled 20, kept 17; t_end 1895-2235 d, tank 724-872; best 12 @ 724.5 kg (79 s)
[13:17:56] depth 13: 17 parents -> 136 children (134 unique) -> tried 20, settled 20, kept 18; t_end 2102-2454 d, tank 738-903; best 13 @ 737.8 kg (97 s)
[13:19:48] depth 14: 18 parents -> 142 children (142 unique) -> tried 20, settled 20, kept 18; t_end 2237-2527 d, tank 750-923; best 14 @ 749.7 kg (112 s)
[13:21:44] depth 15: 18 parents -> 166 children (166 unique) -> tried 21, settled 20, kept 18; t_end 2453-2919 d, tank 758-875; best 15 @ 758.2 kg (115 s)
[13:24:20] depth 16: 18 parents -> 103 children (103 unique) -> tried 24, settled 20, kept 20; t_end 2510-2921 d, tank 778-906; best 16 @ 778.5 kg (156 s)
[13:26:16] depth 17: 20 parents -> 101 children (101 unique) -> tried 21, settled 20, kept 19; t_end 2643-2912 d, tank 808-876; best 17 @ 807.7 kg (117 s)
[13:28:07] depth 18: 19 parents -> 97 children (96 unique) -> tried 20, settled 20, kept 20; t_end 2820-3106 d, tank 823-906; best 18 @ 823.1 kg (110 s)
[13:30:15] depth 19: 20 parents -> 76 children (75 unique) -> tried 20, settled 20, kept 20; t_end 3090-3400 d, tank 849-964; best 19 @ 849.4 kg (128 s)
[13:32:39] depth 20: 20 parents -> 78 children (77 unique) -> tried 20, settled 20, kept 20; t_end 3268-3670 d, tank 862-990; best 20 @ 862.3 kg (144 s)
[13:35:31] depth 21: 20 parents -> 80 children (80 unique) -> tried 20, settled 20, kept 17; t_end 3440-4139 d, tank 868-1210; best 21 @ 868.2 kg (173 s)
[13:38:42] depth 22: 17 parents -> 65 children (64 unique) -> tried 21, settled 20, kept 17; t_end 3699-4411 d, tank 886-1147; best 22 @ 885.8 kg (191 s)
[13:41:49] depth 23: 17 parents -> 49 children (49 unique) -> tried 21, settled 20, kept 18; t_end 4004-4452 d, tank 909-1160; best 23 @ 908.9 kg (188 s)
[13:46:37] depth 24: 18 parents -> 38 children (38 unique) -> tried 22, settled 20, kept 18; t_end 4133-4560 d, tank 1018-1270; best 24 @ 1018.1 kg (288 s)
[13:49:49] depth 25: 18 parents -> 21 children (21 unique) -> tried 20, settled 20, kept 20; t_end 4399-5110 d, tank 1041-1272; best 25 @ 1040.7 kg (192 s)
[13:54:15] depth 26: 20 parents -> 16 children (16 unique) -> tried 16, settled 14, kept 13; t_end 4503-5449 d, tank 1076-1427; best 26 @ 1076.1 kg (266 s)
[13:55:55] depth 27: 13 parents -> 7 children (7 unique) -> tried 7, settled 7, kept 7; t_end 5372-5453 d, tank 1098-1208; best 27 @ 1097.5 kg (100 s)
[13:56:11] depth 28: 7 parents -> 2 children (2 unique) -> tried 2, settled 2, kept 2; t_end 5446-5446 d, tank 1126-1131; best 28 @ 1126.1 kg (16 s)
[13:56:11] depth 29: 2 parents -> 0 children (0 unique) -> tried 0, settled 0, kept 0; best 28 @ 1126.1 kg (0 s)
[13:56:11] RESULT route 02: re-flown 28/33 at twin tank 1126.1 kg (source 903.7); end {'kind': 'no_children', 'depth': 28, 'time_left_d': 32.4}; settles 528 (503 ok), wall 3302 s
