[11:01:34] === s14_twinbeam free route 04: pool 30 (own targets), source 30 fb @ 886.7 kg; gate leg dv 1.2 drmax 0.15 beam 20 tries 40 roots 300
[11:01:47] roots: 556 launch legs -> 104 kept (max root miss 0.0 km)
[11:02:01] depth  2: 104 parents -> 108 children (60 unique) -> tried 20, settled 20, kept 15; t_end 569-791 d, tank 603-617; best 2 @ 603.1 kg (14 s)
[11:02:25] depth  3: 15 parents -> 23 children (17 unique) -> tried 17, settled 17, kept 13; t_end 675-1232 d, tank 604-624; best 3 @ 603.8 kg (24 s)
[11:02:47] depth  4: 13 parents -> 26 children (15 unique) -> tried 15, settled 15, kept 15; t_end 868-1780 d, tank 610-637; best 4 @ 609.9 kg (21 s)
[11:03:21] depth  5: 15 parents -> 45 children (29 unique) -> tried 20, settled 20, kept 19; t_end 1366-1812 d, tank 612-644; best 5 @ 611.6 kg (34 s)
[11:03:51] depth  6: 19 parents -> 49 children (32 unique) -> tried 20, settled 20, kept 18; t_end 1495-2032 d, tank 620-650; best 6 @ 620.5 kg (29 s)
[11:04:20] depth  7: 18 parents -> 53 children (30 unique) -> tried 21, settled 20, kept 20; t_end 1641-2134 d, tank 636-662; best 7 @ 636.5 kg (30 s)
[11:04:48] depth  8: 20 parents -> 69 children (41 unique) -> tried 20, settled 20, kept 20; t_end 1772-2331 d, tank 638-668; best 8 @ 638.4 kg (27 s)
[11:05:06] depth  9: 20 parents -> 59 children (34 unique) -> tried 20, settled 20, kept 19; t_end 1880-2368 d, tank 644-664; best 9 @ 644.2 kg (19 s)
[11:05:23] depth 10: 19 parents -> 49 children (27 unique) -> tried 20, settled 20, kept 19; t_end 2008-2451 d, tank 655-668; best 10 @ 654.7 kg (17 s)
[11:05:45] depth 11: 19 parents -> 31 children (19 unique) -> tried 19, settled 19, kept 17; t_end 2301-3017 d, tank 661-670; best 11 @ 660.6 kg (21 s)
[11:06:06] depth 12: 17 parents -> 25 children (14 unique) -> tried 14, settled 14, kept 14; t_end 2448-3347 d, tank 664-680; best 12 @ 664.5 kg (22 s)
[11:06:38] depth 13: 14 parents -> 28 children (16 unique) -> tried 16, settled 16, kept 15; t_end 2900-3683 d, tank 670-689; best 13 @ 669.5 kg (32 s)
[11:07:21] depth 14: 15 parents -> 41 children (25 unique) -> tried 20, settled 20, kept 19; t_end 3016-3691 d, tank 678-704; best 14 @ 677.6 kg (43 s)
[11:07:47] depth 15: 19 parents -> 41 children (25 unique) -> tried 20, settled 20, kept 18; t_end 3280-3679 d, tank 692-709; best 15 @ 692.5 kg (26 s)
[11:08:10] depth 16: 18 parents -> 45 children (29 unique) -> tried 20, settled 20, kept 18; t_end 3530-3699 d, tank 697-722; best 16 @ 697.2 kg (24 s)
[11:08:44] depth 17: 18 parents -> 26 children (19 unique) -> tried 19, settled 19, kept 14; t_end 3636-4026 d, tank 704-725; best 17 @ 704.0 kg (33 s)
[11:08:53] depth 18: 14 parents -> 9 children (5 unique) -> tried 5, settled 5, kept 5; t_end 3703-4273 d, tank 712-727; best 18 @ 712.3 kg (9 s)
[11:08:54] depth 19: 5 parents -> 2 children (1 unique) -> tried 1, settled 1, kept 1; t_end 4272-4272 d, tank 732-732; best 19 @ 732.5 kg (1 s)
[11:08:54] depth 20: 1 parents -> 0 children (0 unique) -> tried 0, settled 0, kept 0; best 19 @ 732.5 kg (0 s)
[11:08:54] RESULT route 04: re-flown 19/30 at twin tank 732.5 kg (source 886.7); end {'kind': 'no_children', 'depth': 19, 'time_left_d': 1207.0}; settles 307 (306 ok), wall 427 s
