[11:33:50] === s14_twinbeam free route 00: pool 37 (own targets), source 37 fb @ 918.2 kg; gate leg dv 1.2 drmax 0.15 beam 20 tries 40 roots 300
[11:34:03] roots: 1327 launch legs -> 291 kept (max root miss 0.2 km)
[11:34:20] depth  2: 291 parents -> 438 children (208 unique) -> tried 21, settled 20, kept 19; t_end 308-614 d, tank 602-618; best 2 @ 601.8 kg (18 s)
[11:34:40] depth  3: 19 parents -> 41 children (26 unique) -> tried 20, settled 20, kept 19; t_end 527-952 d, tank 604-634; best 3 @ 603.7 kg (19 s)
[11:34:55] depth  4: 19 parents -> 59 children (33 unique) -> tried 20, settled 20, kept 20; t_end 714-998 d, tank 610-640; best 4 @ 610.5 kg (15 s)
[11:35:07] depth  5: 20 parents -> 77 children (43 unique) -> tried 20, settled 20, kept 20; t_end 863-1100 d, tank 618-636; best 5 @ 617.8 kg (12 s)
[11:35:20] depth  6: 20 parents -> 83 children (51 unique) -> tried 20, settled 20, kept 19; t_end 999-1186 d, tank 628-638; best 6 @ 628.4 kg (13 s)
[11:35:30] depth  7: 19 parents -> 98 children (59 unique) -> tried 20, settled 20, kept 19; t_end 1094-1326 d, tank 633-643; best 7 @ 632.8 kg (10 s)
[11:35:42] depth  8: 19 parents -> 73 children (46 unique) -> tried 20, settled 20, kept 18; t_end 1251-1425 d, tank 640-654; best 8 @ 640.0 kg (12 s)
[11:35:56] depth  9: 18 parents -> 61 children (36 unique) -> tried 20, settled 20, kept 20; t_end 1398-1677 d, tank 646-670; best 9 @ 646.0 kg (14 s)
[11:36:17] depth 10: 20 parents -> 48 children (32 unique) -> tried 20, settled 20, kept 20; t_end 1675-2045 d, tank 649-669; best 10 @ 648.8 kg (21 s)
[11:36:58] depth 11: 20 parents -> 30 children (25 unique) -> tried 20, settled 20, kept 16; t_end 2039-2048 d, tank 658-676; best 11 @ 658.0 kg (41 s)
[11:37:06] depth 12: 16 parents -> 5 children (4 unique) -> tried 4, settled 4, kept 4; t_end 2299-2409 d, tank 669-686; best 12 @ 669.2 kg (8 s)
[11:37:50] depth 13: 4 parents -> 17 children (13 unique) -> tried 13, settled 13, kept 10; t_end 2504-2896 d, tank 674-702; best 13 @ 674.4 kg (44 s)
[11:38:19] depth 14: 10 parents -> 27 children (15 unique) -> tried 15, settled 15, kept 15; t_end 2664-3405 d, tank 677-699; best 14 @ 677.0 kg (28 s)
[11:39:14] depth 15: 15 parents -> 25 children (17 unique) -> tried 17, settled 17, kept 17; t_end 2816-3714 d, tank 682-705; best 15 @ 682.4 kg (55 s)
[11:39:57] depth 16: 17 parents -> 26 children (17 unique) -> tried 17, settled 17, kept 16; t_end 2901-3834 d, tank 686-719; best 16 @ 685.7 kg (43 s)
[11:41:24] depth 17: 16 parents -> 42 children (30 unique) -> tried 20, settled 20, kept 18; t_end 3389-4182 d, tank 698-726; best 17 @ 698.0 kg (87 s)
[11:43:10] depth 18: 18 parents -> 57 children (41 unique) -> tried 20, settled 20, kept 19; t_end 3453-4183 d, tank 703-719; best 18 @ 703.0 kg (106 s)
[11:45:19] depth 19: 19 parents -> 60 children (45 unique) -> tried 20, settled 20, kept 16; t_end 3596-4347 d, tank 711-732; best 19 @ 710.6 kg (129 s)
[11:46:56] depth 20: 16 parents -> 79 children (50 unique) -> tried 20, settled 20, kept 19; t_end 4072-4518 d, tank 711-734; best 20 @ 710.6 kg (97 s)
[11:48:30] depth 21: 19 parents -> 94 children (58 unique) -> tried 20, settled 20, kept 19; t_end 4181-4524 d, tank 723-753; best 21 @ 722.6 kg (94 s)
[11:49:38] depth 22: 19 parents -> 67 children (52 unique) -> tried 20, settled 20, kept 17; t_end 4347-4881 d, tank 722-755; best 22 @ 722.3 kg (67 s)
[11:50:43] depth 23: 17 parents -> 50 children (31 unique) -> tried 20, settled 20, kept 18; t_end 4523-4893 d, tank 737-757; best 23 @ 737.1 kg (65 s)
[11:52:10] depth 24: 18 parents -> 31 children (18 unique) -> tried 18, settled 18, kept 17; t_end 4876-5424 d, tank 746-771; best 24 @ 745.9 kg (87 s)
[11:53:28] depth 25: 17 parents -> 36 children (19 unique) -> tried 19, settled 19, kept 19; t_end 5028-5425 d, tank 753-789; best 25 @ 752.8 kg (79 s)
[11:54:34] depth 26: 19 parents -> 48 children (27 unique) -> tried 20, settled 20, kept 20; t_end 5276-5452 d, tank 753-780; best 26 @ 753.0 kg (66 s)
[11:55:32] depth 27: 20 parents -> 27 children (15 unique) -> tried 15, settled 15, kept 15; t_end 5374-5452 d, tank 759-790; best 27 @ 758.8 kg (58 s)
[11:55:51] depth 28: 15 parents -> 6 children (3 unique) -> tried 3, settled 3, kept 3; t_end 5452-5452 d, tank 779-783; best 28 @ 778.7 kg (19 s)
[11:55:51] depth 29: 3 parents -> 0 children (0 unique) -> tried 0, settled 0, kept 0; best 28 @ 778.7 kg (0 s)
[11:55:51] RESULT route 00: re-flown 28/37 at twin tank 778.7 kg (source 918.2); end {'kind': 'no_children', 'depth': 28, 'time_left_d': 26.6}; settles 482 (481 ok), wall 1308 s
