[13:56:12] === s14_twinbeam free route 01: pool 36 (own targets), source 36 fb @ 904.4 kg; gate leg dv 2.0 drmax 0.25 beam 20 tries 40 roots 300
[13:56:26] roots: 1336 launch legs -> 220 kept (max root miss 0.0 km)
[13:56:41] depth  2: 220 parents -> 774 children (384 unique) -> tried 20, settled 20, kept 17; t_end 332-470 d, tank 602-620; best 2 @ 601.7 kg (16 s)
[13:56:56] depth  3: 17 parents -> 50 children (32 unique) -> tried 20, settled 20, kept 19; t_end 459-721 d, tank 607-654; best 3 @ 606.6 kg (15 s)
[13:57:16] depth  4: 19 parents -> 65 children (50 unique) -> tried 21, settled 20, kept 19; t_end 582-946 d, tank 611-645; best 4 @ 610.6 kg (20 s)
[13:57:40] depth  5: 19 parents -> 90 children (64 unique) -> tried 20, settled 20, kept 19; t_end 721-1207 d, tank 620-666; best 5 @ 619.5 kg (24 s)
[13:57:55] depth  6: 19 parents -> 131 children (87 unique) -> tried 20, settled 20, kept 18; t_end 932-1312 d, tank 633-654; best 6 @ 632.6 kg (15 s)
[13:58:15] depth  7: 18 parents -> 141 children (96 unique) -> tried 20, settled 20, kept 20; t_end 1203-1442 d, tank 641-664; best 7 @ 641.2 kg (20 s)
[13:58:39] depth  8: 20 parents -> 152 children (102 unique) -> tried 20, settled 20, kept 18; t_end 1321-1541 d, tank 645-665; best 8 @ 644.7 kg (24 s)
[13:59:09] depth  9: 18 parents -> 116 children (80 unique) -> tried 20, settled 20, kept 18; t_end 1520-1774 d, tank 653-681; best 9 @ 653.1 kg (30 s)
[13:59:57] depth 10: 18 parents -> 97 children (56 unique) -> tried 20, settled 20, kept 20; t_end 1639-1962 d, tank 668-701; best 10 @ 668.4 kg (48 s)
[14:00:39] depth 11: 20 parents -> 138 children (100 unique) -> tried 20, settled 20, kept 20; t_end 1883-2045 d, tank 673-717; best 11 @ 672.6 kg (42 s)
[14:01:01] depth 12: 20 parents -> 154 children (107 unique) -> tried 20, settled 20, kept 18; t_end 2023-2310 d, tank 676-716; best 12 @ 676.2 kg (22 s)
[14:01:22] depth 13: 18 parents -> 191 children (115 unique) -> tried 20, settled 20, kept 20; t_end 2266-2367 d, tank 688-716; best 13 @ 687.6 kg (21 s)
[14:01:46] depth 14: 20 parents -> 129 children (84 unique) -> tried 20, settled 20, kept 20; t_end 2367-2582 d, tank 692-724; best 14 @ 691.6 kg (24 s)
[14:02:12] depth 15: 20 parents -> 139 children (102 unique) -> tried 20, settled 20, kept 20; t_end 2448-2722 d, tank 695-745; best 15 @ 695.4 kg (26 s)
[14:02:34] depth 16: 20 parents -> 152 children (103 unique) -> tried 20, settled 20, kept 15; t_end 2680-2872 d, tank 703-722; best 16 @ 702.7 kg (22 s)
[14:03:05] depth 17: 15 parents -> 124 children (83 unique) -> tried 20, settled 20, kept 20; t_end 2809-3008 d, tank 716-732; best 17 @ 715.7 kg (31 s)
[14:03:25] depth 18: 20 parents -> 110 children (77 unique) -> tried 20, settled 20, kept 20; t_end 3009-3160 d, tank 719-746; best 18 @ 719.4 kg (20 s)
[14:04:00] depth 19: 20 parents -> 113 children (62 unique) -> tried 20, settled 20, kept 20; t_end 3203-3434 d, tank 729-760; best 19 @ 728.8 kg (35 s)
[14:04:21] depth 20: 20 parents -> 133 children (80 unique) -> tried 20, settled 20, kept 18; t_end 3379-3436 d, tank 734-754; best 20 @ 734.2 kg (21 s)
[14:05:15] depth 21: 18 parents -> 85 children (69 unique) -> tried 20, settled 20, kept 18; t_end 3507-3715 d, tank 740-775; best 21 @ 739.9 kg (53 s)
[14:06:02] depth 22: 18 parents -> 126 children (92 unique) -> tried 20, settled 20, kept 12; t_end 3707-3830 d, tank 761-778; best 22 @ 760.9 kg (47 s)
[14:06:42] depth 23: 12 parents -> 51 children (41 unique) -> tried 20, settled 20, kept 19; t_end 3921-3981 d, tank 772-792; best 23 @ 771.9 kg (40 s)
[14:07:57] depth 24: 19 parents -> 39 children (26 unique) -> tried 20, settled 20, kept 13; t_end 4156-4330 d, tank 774-794; best 24 @ 774.4 kg (76 s)
[14:09:57] depth 25: 13 parents -> 49 children (37 unique) -> tried 20, settled 20, kept 20; t_end 4332-4643 d, tank 779-813; best 25 @ 778.7 kg (120 s)
[14:10:59] depth 26: 20 parents -> 61 children (48 unique) -> tried 20, settled 20, kept 20; t_end 4603-4924 d, tank 785-819; best 26 @ 784.9 kg (62 s)
[14:12:01] depth 27: 20 parents -> 117 children (86 unique) -> tried 20, settled 20, kept 20; t_end 4827-5040 d, tank 805-826; best 27 @ 805.3 kg (62 s)
[14:13:52] depth 28: 20 parents -> 135 children (98 unique) -> tried 20, settled 20, kept 20; t_end 4924-5041 d, tank 815-828; best 28 @ 815.1 kg (111 s)
[14:14:27] depth 29: 20 parents -> 72 children (41 unique) -> tried 20, settled 20, kept 20; t_end 5041-5278 d, tank 820-829; best 29 @ 820.4 kg (34 s)
[14:15:10] depth 30: 20 parents -> 48 children (24 unique) -> tried 20, settled 20, kept 20; t_end 5276-5398 d, tank 829-842; best 30 @ 828.8 kg (43 s)
[14:15:25] depth 31: 20 parents -> 12 children (6 unique) -> tried 6, settled 6, kept 6; t_end 5397-5397 d, tank 839-847; best 31 @ 839.0 kg (15 s)
[14:15:25] depth 32: 6 parents -> 0 children (0 unique) -> tried 0, settled 0, kept 0; best 31 @ 839.0 kg (0 s)
[14:15:25] RESULT route 01: re-flown 31/36 at twin tank 839.0 kg (source 904.4); end {'kind': 'no_children', 'depth': 31, 'time_left_d': 81.6}; settles 587 (586 ok), wall 1139 s
