[09:46:03] === s14_twinbeam free route 06: pool 27 (own targets), source 27 fb @ 791.9 kg; gate leg dv 2.0 drmax 0.25 beam 20 tries 40 roots 300
[09:46:17] roots: 652 launch legs -> 140 kept (max root miss 0.0 km)
[09:46:29] depth  2: 140 parents -> 471 children (224 unique) -> tried 20, settled 20, kept 15; t_end 485-630 d, tank 603-619; best 2 @ 603.0 kg (12 s)
[09:46:45] depth  3: 15 parents -> 48 children (31 unique) -> tried 20, settled 20, kept 16; t_end 627-939 d, tank 609-633; best 3 @ 608.8 kg (16 s)
[09:47:06] depth  4: 16 parents -> 80 children (58 unique) -> tried 20, settled 20, kept 15; t_end 854-1123 d, tank 614-659; best 4 @ 614.5 kg (21 s)
[09:47:39] depth  5: 15 parents -> 43 children (29 unique) -> tried 20, settled 20, kept 17; t_end 1104-1453 d, tank 622-655; best 5 @ 621.8 kg (32 s)
[09:48:30] depth  6: 17 parents -> 28 children (18 unique) -> tried 18, settled 18, kept 15; t_end 1454-1889 d, tank 646-668; best 6 @ 645.5 kg (51 s)
[09:49:31] depth  7: 15 parents -> 55 children (39 unique) -> tried 20, settled 20, kept 13; t_end 1675-2056 d, tank 651-679; best 7 @ 650.6 kg (61 s)
[09:50:30] depth  8: 13 parents -> 42 children (30 unique) -> tried 20, settled 20, kept 17; t_end 1837-2252 d, tank 661-691; best 8 @ 661.2 kg (59 s)
[09:51:14] depth  9: 17 parents -> 72 children (45 unique) -> tried 20, settled 20, kept 18; t_end 2048-2453 d, tank 661-700; best 9 @ 661.2 kg (44 s)
[09:52:13] depth 10: 18 parents -> 72 children (45 unique) -> tried 21, settled 20, kept 20; t_end 2209-2548 d, tank 679-709; best 10 @ 679.3 kg (59 s)
[09:53:12] depth 11: 20 parents -> 71 children (42 unique) -> tried 20, settled 20, kept 18; t_end 2456-2794 d, tank 692-725; best 11 @ 691.8 kg (59 s)
[09:54:54] depth 12: 18 parents -> 27 children (21 unique) -> tried 20, settled 20, kept 17; t_end 2708-3167 d, tank 699-752; best 12 @ 699.0 kg (102 s)
[09:56:29] depth 13: 17 parents -> 48 children (34 unique) -> tried 20, settled 20, kept 19; t_end 2860-3396 d, tank 701-754; best 13 @ 700.8 kg (95 s)
[09:58:13] depth 14: 19 parents -> 72 children (48 unique) -> tried 20, settled 20, kept 20; t_end 3059-3601 d, tank 705-773; best 14 @ 705.3 kg (104 s)
[09:59:59] depth 15: 20 parents -> 72 children (51 unique) -> tried 20, settled 20, kept 18; t_end 3142-3656 d, tank 716-781; best 15 @ 716.3 kg (107 s)
[10:01:15] depth 16: 18 parents -> 72 children (53 unique) -> tried 20, settled 20, kept 18; t_end 3600-3839 d, tank 717-780; best 16 @ 717.3 kg (76 s)
[10:02:43] depth 17: 18 parents -> 44 children (33 unique) -> tried 20, settled 20, kept 18; t_end 3770-4280 d, tank 721-784; best 17 @ 721.2 kg (87 s)
[10:04:20] depth 18: 18 parents -> 86 children (56 unique) -> tried 20, settled 20, kept 19; t_end 4056-4371 d, tank 732-766; best 18 @ 732.3 kg (97 s)
[10:05:23] depth 19: 19 parents -> 77 children (47 unique) -> tried 20, settled 20, kept 18; t_end 4258-4532 d, tank 738-775; best 19 @ 738.3 kg (62 s)
[10:06:42] depth 20: 18 parents -> 39 children (31 unique) -> tried 20, settled 20, kept 14; t_end 4369-4529 d, tank 741-791; best 20 @ 741.3 kg (80 s)
[10:08:24] depth 21: 14 parents -> 47 children (33 unique) -> tried 20, settled 20, kept 18; t_end 4524-5060 d, tank 748-790; best 21 @ 747.7 kg (102 s)
[10:09:39] depth 22: 18 parents -> 62 children (32 unique) -> tried 20, settled 20, kept 18; t_end 4815-5101 d, tank 757-804; best 22 @ 756.7 kg (74 s)
[10:13:10] depth 23: 18 parents -> 31 children (18 unique) -> tried 18, settled 18, kept 18; t_end 5060-5457 d, tank 768-809; best 23 @ 767.8 kg (211 s)
[10:13:31] depth 24: 18 parents -> 3 children (2 unique) -> tried 2, settled 2, kept 2; t_end 5456-5456 d, tank 779-789; best 24 @ 779.3 kg (22 s)
[10:13:31] depth 25: 2 parents -> 0 children (0 unique) -> tried 0, settled 0, kept 0; best 24 @ 779.3 kg (0 s)
[10:13:31] RESULT route 06: re-flown 24/27 at twin tank 779.3 kg (source 791.9); end {'kind': 'no_children', 'depth': 24, 'time_left_d': 22.4}; settles 439 (438 ok), wall 1634 s
