[11:15:54] === s14_twinbeam free route 04: pool 30 (own targets), source 30 fb @ 886.7 kg; gate leg dv 2.0 drmax 0.25 beam 20 tries 40 roots 300
[11:16:06] roots: 556 launch legs -> 104 kept (max root miss 0.0 km)
[11:16:19] depth  2: 104 parents -> 289 children (140 unique) -> tried 21, settled 20, kept 17; t_end 520-770 d, tank 603-628; best 2 @ 603.1 kg (14 s)
[11:16:39] depth  3: 17 parents -> 48 children (33 unique) -> tried 20, settled 20, kept 16; t_end 675-1232 d, tank 604-637; best 3 @ 603.8 kg (19 s)
[11:16:59] depth  4: 16 parents -> 45 children (33 unique) -> tried 20, settled 20, kept 16; t_end 833-1375 d, tank 612-647; best 4 @ 611.5 kg (21 s)
[11:17:21] depth  5: 16 parents -> 51 children (32 unique) -> tried 20, settled 20, kept 18; t_end 1186-1651 d, tank 620-663; best 5 @ 619.6 kg (22 s)
[11:17:53] depth  6: 18 parents -> 93 children (68 unique) -> tried 20, settled 20, kept 20; t_end 1367-1778 d, tank 634-676; best 6 @ 633.9 kg (31 s)
[11:18:11] depth  7: 20 parents -> 120 children (83 unique) -> tried 20, settled 20, kept 18; t_end 1641-1883 d, tank 637-653; best 7 @ 636.9 kg (19 s)
[11:18:28] depth  8: 18 parents -> 93 children (59 unique) -> tried 20, settled 20, kept 20; t_end 1771-2006 d, tank 640-660; best 8 @ 639.9 kg (17 s)
[11:18:44] depth  9: 20 parents -> 124 children (89 unique) -> tried 20, settled 20, kept 20; t_end 1879-2008 d, tank 646-667; best 9 @ 645.7 kg (16 s)
[11:19:02] depth 10: 20 parents -> 142 children (91 unique) -> tried 20, settled 20, kept 20; t_end 2007-2327 d, tank 651-668; best 10 @ 651.2 kg (18 s)
[11:19:18] depth 11: 20 parents -> 61 children (34 unique) -> tried 20, settled 20, kept 20; t_end 2301-2368 d, tank 664-683; best 11 @ 664.1 kg (17 s)
[11:19:59] depth 12: 20 parents -> 46 children (24 unique) -> tried 20, settled 20, kept 19; t_end 2448-2696 d, tank 666-702; best 12 @ 665.8 kg (41 s)
[11:20:22] depth 13: 19 parents -> 51 children (37 unique) -> tried 20, settled 20, kept 20; t_end 2650-3017 d, tank 672-685; best 13 @ 672.1 kg (23 s)
[11:20:37] depth 14: 20 parents -> 75 children (45 unique) -> tried 20, settled 20, kept 15; t_end 2900-3018 d, tank 675-692; best 14 @ 674.9 kg (15 s)
[11:20:56] depth 15: 15 parents -> 68 children (34 unique) -> tried 20, settled 20, kept 20; t_end 3016-3345 d, tank 680-699; best 15 @ 680.1 kg (20 s)
[11:21:28] depth 16: 20 parents -> 86 children (48 unique) -> tried 20, settled 20, kept 20; t_end 3280-3530 d, tank 692-712; best 16 @ 692.2 kg (31 s)
[11:21:52] depth 17: 20 parents -> 90 children (59 unique) -> tried 20, settled 20, kept 19; t_end 3530-3679 d, tank 700-720; best 17 @ 700.4 kg (24 s)
[11:22:19] depth 18: 19 parents -> 64 children (39 unique) -> tried 20, settled 20, kept 20; t_end 3636-3678 d, tank 702-735; best 18 @ 702.2 kg (27 s)
[11:22:36] depth 19: 20 parents -> 24 children (13 unique) -> tried 13, settled 13, kept 13; t_end 3703-4165 d, tank 718-737; best 19 @ 717.8 kg (17 s)
[11:23:18] depth 20: 13 parents -> 19 children (15 unique) -> tried 15, settled 15, kept 15; t_end 4030-4449 d, tank 726-747; best 20 @ 725.7 kg (42 s)
[11:24:01] depth 21: 15 parents -> 49 children (25 unique) -> tried 20, settled 20, kept 20; t_end 4361-4450 d, tank 733-756; best 21 @ 732.8 kg (43 s)
[11:26:18] depth 22: 20 parents -> 40 children (20 unique) -> tried 20, settled 20, kept 20; t_end 4450-4666 d, tank 746-776; best 22 @ 745.6 kg (138 s)
[11:28:59] depth 23: 20 parents -> 31 children (20 unique) -> tried 20, settled 20, kept 20; t_end 4665-5019 d, tank 752-795; best 23 @ 751.6 kg (161 s)
[11:30:05] depth 24: 20 parents -> 11 children (11 unique) -> tried 11, settled 11, kept 11; t_end 5018-5018 d, tank 781-801; best 24 @ 781.1 kg (66 s)
[11:30:06] depth 25: 11 parents -> 0 children (0 unique) -> tried 0, settled 0, kept 0; best 24 @ 781.1 kg (0 s)
[11:30:06] RESULT route 04: re-flown 24/30 at twin tank 781.1 kg (source 886.7); end {'kind': 'no_children', 'depth': 24, 'time_left_d': 460.3}; settles 440 (439 ok), wall 840 s
