[13:19:30] === s14_twinbeam free route 00: pool 37 (own targets), source 37 fb @ 918.2 kg; gate leg dv 2.0 drmax 0.25 beam 20 tries 40 roots 300
[13:19:42] roots: 1327 launch legs -> 291 kept (max root miss 0.2 km)
[13:20:00] depth  2: 291 parents -> 1149 children (526 unique) -> tried 20, settled 20, kept 18; t_end 223-507 d, tank 602-631; best 2 @ 601.8 kg (17 s)
[13:20:17] depth  3: 18 parents -> 95 children (73 unique) -> tried 20, settled 20, kept 17; t_end 385-734 d, tank 607-636; best 3 @ 606.8 kg (18 s)
[13:20:37] depth  4: 17 parents -> 90 children (64 unique) -> tried 20, settled 20, kept 19; t_end 607-993 d, tank 610-655; best 4 @ 610.5 kg (19 s)
[13:20:50] depth  5: 19 parents -> 138 children (87 unique) -> tried 20, settled 20, kept 19; t_end 863-1100 d, tank 618-656; best 5 @ 617.8 kg (14 s)
[13:21:02] depth  6: 19 parents -> 190 children (116 unique) -> tried 20, settled 20, kept 19; t_end 950-1098 d, tank 625-660; best 6 @ 624.7 kg (12 s)
[13:21:11] depth  7: 19 parents -> 191 children (113 unique) -> tried 20, settled 20, kept 20; t_end 998-1185 d, tank 626-641; best 7 @ 626.3 kg (9 s)
[13:21:21] depth  8: 20 parents -> 226 children (151 unique) -> tried 20, settled 20, kept 20; t_end 1090-1326 d, tank 632-642; best 8 @ 632.5 kg (10 s)
[13:21:32] depth  9: 20 parents -> 214 children (143 unique) -> tried 20, settled 20, kept 18; t_end 1184-1424 d, tank 639-654; best 9 @ 639.0 kg (11 s)
[13:21:46] depth 10: 18 parents -> 142 children (88 unique) -> tried 20, settled 20, kept 19; t_end 1325-1426 d, tank 642-662; best 10 @ 642.4 kg (14 s)
[13:22:01] depth 11: 19 parents -> 113 children (60 unique) -> tried 20, settled 20, kept 20; t_end 1399-1705 d, tank 646-658; best 11 @ 645.6 kg (15 s)
[13:22:35] depth 12: 20 parents -> 82 children (63 unique) -> tried 20, settled 20, kept 18; t_end 1676-2045 d, tank 648-685; best 12 @ 648.0 kg (34 s)
[13:23:06] depth 13: 18 parents -> 79 children (44 unique) -> tried 20, settled 20, kept 16; t_end 1924-2141 d, tank 661-689; best 13 @ 661.4 kg (32 s)
[13:23:51] depth 14: 16 parents -> 97 children (52 unique) -> tried 20, settled 20, kept 20; t_end 2047-2301 d, tank 669-696; best 14 @ 669.0 kg (44 s)
[13:24:47] depth 15: 20 parents -> 117 children (103 unique) -> tried 20, settled 20, kept 19; t_end 2282-2573 d, tank 677-708; best 15 @ 677.1 kg (56 s)
[13:25:32] depth 16: 19 parents -> 99 children (74 unique) -> tried 20, settled 20, kept 16; t_end 2471-2669 d, tank 680-720; best 16 @ 679.6 kg (45 s)
[13:26:04] depth 17: 16 parents -> 83 children (52 unique) -> tried 20, settled 20, kept 18; t_end 2584-2901 d, tank 680-728; best 17 @ 680.5 kg (32 s)
[13:27:00] depth 18: 18 parents -> 59 children (41 unique) -> tried 20, settled 20, kept 19; t_end 2815-3244 d, tank 686-757; best 18 @ 686.3 kg (56 s)
[13:28:37] depth 19: 19 parents -> 69 children (47 unique) -> tried 20, settled 20, kept 17; t_end 3089-3255 d, tank 704-764; best 19 @ 703.6 kg (98 s)
[13:29:35] depth 20: 17 parents -> 84 children (44 unique) -> tried 20, settled 20, kept 20; t_end 3331-3530 d, tank 706-740; best 20 @ 706.5 kg (58 s)
[13:30:59] depth 21: 20 parents -> 85 children (57 unique) -> tried 20, settled 20, kept 19; t_end 3454-3717 d, tank 720-759; best 21 @ 720.0 kg (84 s)
[13:31:50] depth 22: 19 parents -> 93 children (66 unique) -> tried 20, settled 20, kept 19; t_end 3597-3837 d, tank 731-755; best 22 @ 730.7 kg (51 s)
[13:32:49] depth 23: 19 parents -> 134 children (88 unique) -> tried 20, settled 20, kept 19; t_end 3715-4074 d, tank 733-765; best 23 @ 733.1 kg (59 s)
[13:33:51] depth 24: 19 parents -> 170 children (109 unique) -> tried 20, settled 20, kept 16; t_end 3838-4143 d, tank 742-772; best 24 @ 742.1 kg (62 s)
[13:34:47] depth 25: 16 parents -> 108 children (74 unique) -> tried 20, settled 20, kept 18; t_end 4074-4348 d, tank 755-777; best 25 @ 755.1 kg (56 s)
[13:35:35] depth 26: 18 parents -> 116 children (81 unique) -> tried 20, settled 20, kept 20; t_end 4182-4518 d, tank 757-784; best 26 @ 756.7 kg (48 s)
[13:36:28] depth 27: 20 parents -> 152 children (97 unique) -> tried 20, settled 20, kept 19; t_end 4347-4666 d, tank 764-797; best 27 @ 763.9 kg (53 s)
[13:39:03] depth 28: 19 parents -> 125 children (77 unique) -> tried 20, settled 20, kept 20; t_end 4523-4881 d, tank 766-803; best 28 @ 766.2 kg (155 s)
[13:41:03] depth 29: 20 parents -> 36 children (21 unique) -> tried 20, settled 20, kept 18; t_end 4661-5293 d, tank 778-823; best 29 @ 778.1 kg (120 s)
[13:42:46] depth 30: 18 parents -> 22 children (12 unique) -> tried 12, settled 12, kept 12; t_end 4878-5452 d, tank 789-824; best 30 @ 789.0 kg (102 s)
[13:43:27] depth 31: 12 parents -> 24 children (12 unique) -> tried 12, settled 12, kept 12; t_end 5028-5453 d, tank 794-824; best 31 @ 794.1 kg (41 s)
[13:44:03] depth 32: 12 parents -> 24 children (13 unique) -> tried 13, settled 13, kept 12; t_end 5276-5452 d, tank 800-814; best 32 @ 799.5 kg (36 s)
[13:44:20] depth 33: 12 parents -> 12 children (7 unique) -> tried 7, settled 7, kept 6; t_end 5374-5452 d, tank 805-815; best 33 @ 805.0 kg (17 s)
[13:44:21] depth 34: 6 parents -> 2 children (1 unique) -> tried 1, settled 1, kept 1; t_end 5452-5452 d, tank 818-818; best 34 @ 817.9 kg (1 s)
[13:44:21] depth 35: 1 parents -> 0 children (0 unique) -> tried 0, settled 0, kept 0; best 34 @ 817.9 kg (0 s)
[13:44:21] RESULT route 00: re-flown 34/37 at twin tank 817.9 kg (source 918.2); end {'kind': 'no_children', 'depth': 34, 'time_left_d': 26.9}; settles 605 (605 ok), wall 1479 s
