roots: 2261 launch options
depth   2:   2042 children -> beam  300; best n=2 t= 1.04yr fuel=    65kg dv_sum=  1.2 launch=   60d
depth   3:   2128 children -> beam  300; best n=3 t= 1.59yr fuel=   106kg dv_sum=  1.8 launch=   20d
depth   4:   2077 children -> beam  300; best n=4 t= 2.53yr fuel=    93kg dv_sum=  1.7 launch=    0d
depth   5:   2384 children -> beam  300; best n=5 t= 2.98yr fuel=   179kg dv_sum=  3.4 launch=   60d
depth   6:   2421 children -> beam  300; best n=6 t= 3.82yr fuel=   229kg dv_sum=  4.5 launch=   20d
depth   7:   2285 children -> beam  300; best n=7 t= 4.09yr fuel=   305kg dv_sum=  6.0 launch=    0d
depth   8:   2585 children -> beam  300; best n=8 t= 4.97yr fuel=   332kg dv_sum=  6.6 launch=    0d
depth   9:   2182 children -> beam  300; best n=9 t= 5.46yr fuel=   373kg dv_sum=  7.6 launch=  100d
depth  10:   2233 children -> beam  300; best n=10 t= 5.46yr fuel=   499kg dv_sum=  9.8 launch=  160d
depth  11:   2546 children -> beam  300; best n=11 t= 6.71yr fuel=   448kg dv_sum=  9.4 launch=  100d
depth  12:   2576 children -> beam  300; best n=12 t= 6.71yr fuel=   525kg dv_sum= 11.2 launch=  100d
depth  13:   2678 children -> beam  300; best n=13 t= 7.34yr fuel=   584kg dv_sum= 12.5 launch=   40d
depth  14:   2527 children -> beam  300; best n=14 t= 7.61yr fuel=   650kg dv_sum= 13.9 launch=    0d
depth  15:   2251 children -> beam  300; best n=15 t= 8.36yr fuel=   658kg dv_sum= 14.4 launch=  100d
depth  16:   1806 children -> beam  300; best n=16 t= 8.58yr fuel=   726kg dv_sum= 16.2 launch=    0d
depth  17:   1706 children -> beam  300; best n=17 t= 8.86yr fuel=   766kg dv_sum= 17.4 launch=    0d
depth  18:   1623 children -> beam  300; best n=18 t= 9.12yr fuel=   804kg dv_sum= 18.5 launch=   40d
depth  19:   1625 children -> beam  300; best n=19 t= 9.94yr fuel=   837kg dv_sum= 19.6 launch=   40d
depth  20:   1742 children -> beam  300; best n=20 t= 9.64yr fuel=   996kg dv_sum= 23.7 launch=   40d
depth  21:   1805 children -> beam  300; best n=21 t=10.09yr fuel=  1049kg dv_sum= 25.6 launch=   40d
depth  22:   1809 children -> beam  300; best n=22 t=11.79yr fuel=   972kg dv_sum= 24.0 launch=    0d
depth  23:   1448 children -> beam  300; best n=23 t=12.48yr fuel=   986kg dv_sum= 24.9 launch=   40d
depth  24:   1482 children -> beam  300; best n=24 t=12.59yr fuel=  1063kg dv_sum= 27.2 launch=    0d
depth  25:   1008 children -> beam  300; best n=25 t=13.06yr fuel=  1127kg dv_sum= 29.5 launch=    0d
depth  26:    693 children -> beam  300; best n=26 t=13.52yr fuel=  1163kg dv_sum= 31.0 launch=    0d
depth  27:    365 children -> beam  270; best n=27 t=14.66yr fuel=  1118kg dv_sum= 29.7 launch=    0d
depth  28:     44 children -> beam   37; best n=28 t=14.92yr fuel=  1187kg dv_sum= 32.9 launch=    0d
BEST: 28 flybys, fuel 1187 kg, launch day 0, end 14.92 yr, runtime 143 s
sequence: [277, 192, 49, 180, 58, 69, 157, 28, 147, 241, 31, 281, 234, 203, 220, 124, 89, 22, 196, 12, 216, 290, 178, 66, 280, 204, 142, 171]
