[17:21:11] === s14_lookback free 02: pool 33; L 2 beam 60 over 1.5 roots 300 dvcap 3.0 drmax 1.0 mcap 1100.0 (tcap 0.675) tofs 74 npt 2 mc 80 w_fuel 0.5197 ref 6/100.0/1000.0/rho 30.0; source 903.7 kg
[17:21:23] roots: 1188 launch legs -> 230 kept (max root miss 0.0 km)
[17:21:29] depth  2: 230 parents -> 2172 children (1438 unique) -> refined 90, ok 81, kept 60; t_end 255-545 d, tank 604-647; best 2 @ 604.4 kg (price 3.6 s, refine 3.0 s)
[17:21:33] depth  3: 60 parents -> 526 children (446 unique) -> refined 90, ok 90, kept 60; t_end 455-848 d, tank 610-673; best 3 @ 609.9 kg (price 0.8 s, refine 2.9 s)
[17:21:37] depth  4: 60 parents -> 388 children (360 unique) -> refined 90, ok 90, kept 60; t_end 640-1009 d, tank 628-711; best 4 @ 627.9 kg (price 0.7 s, refine 2.9 s)
[17:21:40] depth  5: 60 parents -> 380 children (373 unique) -> refined 90, ok 90, kept 60; t_end 758-1189 d, tank 639-720; best 5 @ 639.4 kg (price 0.7 s, refine 3.1 s)
[17:21:44] depth  6: 60 parents -> 493 children (473 unique) -> refined 90, ok 89, kept 60; t_end 923-1410 d, tank 652-773; best 6 @ 652.0 kg (price 0.7 s, refine 3.1 s)
[17:21:48] depth  7: 60 parents -> 490 children (470 unique) -> refined 90, ok 89, kept 60; t_end 1151-1585 d, tank 668-782; best 7 @ 668.5 kg (price 0.7 s, refine 3.2 s)
[17:21:52] depth  8: 60 parents -> 393 children (377 unique) -> refined 90, ok 90, kept 60; t_end 1280-1711 d, tank 678-794; best 8 @ 678.2 kg (price 0.7 s, refine 3.1 s)
[17:21:55] depth  9: 60 parents -> 313 children (298 unique) -> refined 90, ok 89, kept 60; t_end 1400-1992 d, tank 680-834; best 9 @ 679.8 kg (price 0.6 s, refine 2.9 s)
[17:21:59] depth 10: 60 parents -> 278 children (267 unique) -> refined 90, ok 87, kept 60; t_end 1537-1966 d, tank 753-893; best 10 @ 752.6 kg (price 0.6 s, refine 2.9 s)
[17:22:03] depth 11: 60 parents -> 330 children (307 unique) -> refined 90, ok 86, kept 60; t_end 1604-1995 d, tank 791-952; best 11 @ 791.2 kg (price 0.6 s, refine 3.4 s)
[17:22:07] depth 12: 60 parents -> 325 children (306 unique) -> refined 90, ok 90, kept 60; t_end 1853-2276 d, tank 809-1012; best 12 @ 808.9 kg (price 0.6 s, refine 3.2 s)
[17:22:11] depth 13: 60 parents -> 322 children (299 unique) -> refined 90, ok 88, kept 60; t_end 2092-2483 d, tank 821-978; best 13 @ 821.4 kg (price 0.6 s, refine 3.3 s)
[17:22:14] depth 14: 60 parents -> 297 children (278 unique) -> refined 90, ok 90, kept 60; t_end 2177-2593 d, tank 865-1037; best 14 @ 864.9 kg (price 0.6 s, refine 3.0 s)
[17:22:18] depth 15: 60 parents -> 201 children (189 unique) -> refined 90, ok 89, kept 60; t_end 2375-2836 d, tank 914-1107; best 15 @ 914.3 kg (price 0.5 s, refine 3.0 s)
[17:22:21] depth 16: 60 parents -> 200 children (180 unique) -> refined 90, ok 90, kept 60; t_end 2510-2990 d, tank 933-1122; best 16 @ 932.6 kg (price 0.5 s, refine 3.3 s)
[17:22:25] depth 17: 60 parents -> 226 children (217 unique) -> refined 90, ok 90, kept 60; t_end 2639-3220 d, tank 971-1176; best 17 @ 970.9 kg (price 0.5 s, refine 3.2 s)
[17:22:29] depth 18: 60 parents -> 232 children (223 unique) -> refined 90, ok 89, kept 60; t_end 2814-3248 d, tank 1034-1273; best 18 @ 1033.7 kg (price 0.5 s, refine 3.3 s)
[17:22:33] depth 19: 60 parents -> 165 children (155 unique) -> refined 90, ok 90, kept 60; t_end 2901-3550 d, tank 1037-1359; best 19 @ 1037.3 kg (price 0.5 s, refine 3.6 s)
[17:22:37] depth 20: 60 parents -> 146 children (141 unique) -> refined 90, ok 89, kept 60; t_end 3187-3857 d, tank 1045-1410; best 20 @ 1044.8 kg (price 0.4 s, refine 3.6 s)
[17:22:41] depth 21: 60 parents -> 157 children (152 unique) -> refined 90, ok 89, kept 60; t_end 3472-3980 d, tank 1053-1418; best 21 @ 1053.0 kg (price 0.4 s, refine 3.8 s)
[17:22:45] depth 22: 60 parents -> 130 children (124 unique) -> refined 90, ok 87, kept 60; t_end 3830-4514 d, tank 1074-1424; best 22 @ 1074.1 kg (price 0.4 s, refine 3.7 s)
[17:22:50] depth 23: 60 parents -> 124 children (121 unique) -> refined 90, ok 89, kept 60; t_end 4123-4524 d, tank 1096-1511; best 23 @ 1096.0 kg (price 0.4 s, refine 4.0 s)
[17:22:55] depth 24: 60 parents -> 117 children (103 unique) -> refined 90, ok 87, kept 60; t_end 4246-4962 d, tank 1104-1385; best 24 @ 1104.2 kg (price 0.4 s, refine 4.3 s)
[17:22:59] depth 25: 60 parents -> 154 children (121 unique) -> refined 90, ok 90, kept 60; t_end 4508-5445 d, tank 1120-1391; best 25 @ 1120.5 kg (price 0.4 s, refine 4.4 s)
[17:23:02] depth 26: 60 parents -> 89 children (67 unique) -> refined 67, ok 67, kept 60; t_end 4907-5460 d, tank 1140-1396; best 26 @ 1139.8 kg (price 0.2 s, refine 2.9 s)
[17:23:03] depth 27: 60 parents -> 17 children (10 unique) -> refined 10, ok 10, kept 10; t_end 5336-5464 d, tank 1154-1398; best 27 @ 1153.5 kg (price 0.1 s, refine 0.5 s)
[17:23:03] depth 28: 10 parents -> 0 children (0 unique) -> refined 0, ok 0, kept 0; best 27 @ 1153.5 kg (price 0.0 s, refine 0.0 s)
[17:23:03] PLANNED 02: 27/33 @ 1153.5 kg (max miss 80 km); end {'kind': 'no_children', 'depth': 27, 'time_left_d': np.float64(15.3)}; refines 2237 (2205 ok); wall 100 s
[17:23:10]   settle depth 27 alt 0: planned 1153.5 kg (max miss 80 km) -> twin 991.8 kg, miss 10 km (7 s)
[17:23:10] RESULT 02: settled 27/33 @ 991.8 kg (14.51 kg/fb, J_i 1.3581); planned 1153.5 kg; total wall 119 s
