[17:21:13] === s14_lookback free 03: pool 30; L 2 beam 60 over 1.5 roots 300 dvcap 3.0 drmax 1.0 mcap 1100.0 (tcap 0.675) tofs 74 npt 2 mc 80 w_fuel 0.5197 ref 6/100.0/1000.0/rho 30.0; source 795.3 kg
[17:21:25] roots: 1599 launch legs -> 246 kept (max root miss 0.3 km)
[17:21:32] depth  2: 246 parents -> 2074 children (1379 unique) -> refined 90, ok 84, kept 60; t_end 345-629 d, tank 607-647; best 2 @ 607.2 kg (price 4.2 s, refine 2.9 s)
[17:21:35] depth  3: 60 parents -> 589 children (543 unique) -> refined 90, ok 90, kept 60; t_end 483-861 d, tank 613-680; best 3 @ 613.4 kg (price 0.9 s, refine 2.6 s)
[17:21:38] depth  4: 60 parents -> 597 children (568 unique) -> refined 90, ok 89, kept 60; t_end 573-985 d, tank 618-704; best 4 @ 618.3 kg (price 0.9 s, refine 2.2 s)
[17:21:42] depth  5: 60 parents -> 517 children (487 unique) -> refined 90, ok 89, kept 60; t_end 705-1003 d, tank 632-722; best 5 @ 631.7 kg (price 0.9 s, refine 2.3 s)
[17:21:45] depth  6: 60 parents -> 435 children (411 unique) -> refined 90, ok 88, kept 60; t_end 794-1166 d, tank 651-757; best 6 @ 651.4 kg (price 0.9 s, refine 2.4 s)
[17:21:48] depth  7: 60 parents -> 438 children (397 unique) -> refined 90, ok 88, kept 60; t_end 901-1422 d, tank 666-809; best 7 @ 665.7 kg (price 0.8 s, refine 2.6 s)
[17:21:52] depth  8: 60 parents -> 417 children (396 unique) -> refined 90, ok 90, kept 60; t_end 1021-1610 d, tank 674-851; best 8 @ 674.0 kg (price 0.8 s, refine 3.1 s)
[17:21:56] depth  9: 60 parents -> 418 children (418 unique) -> refined 90, ok 90, kept 60; t_end 1288-1759 d, tank 686-795; best 9 @ 685.9 kg (price 0.8 s, refine 3.0 s)
[17:22:00] depth 10: 60 parents -> 492 children (473 unique) -> refined 90, ok 90, kept 60; t_end 1466-1998 d, tank 691-858; best 10 @ 691.3 kg (price 0.8 s, refine 3.1 s)
[17:22:03] depth 11: 60 parents -> 577 children (528 unique) -> refined 90, ok 90, kept 60; t_end 1776-2090 d, tank 695-799; best 11 @ 695.3 kg (price 0.8 s, refine 2.8 s)
[17:22:07] depth 12: 60 parents -> 663 children (607 unique) -> refined 90, ok 89, kept 60; t_end 1937-2254 d, tank 706-820; best 12 @ 705.6 kg (price 1.0 s, refine 2.8 s)
[17:22:11] depth 13: 60 parents -> 529 children (519 unique) -> refined 90, ok 88, kept 60; t_end 2000-2547 d, tank 722-857; best 13 @ 721.5 kg (price 0.8 s, refine 2.7 s)
[17:22:14] depth 14: 60 parents -> 520 children (495 unique) -> refined 90, ok 90, kept 60; t_end 2200-2566 d, tank 744-883; best 14 @ 744.5 kg (price 0.8 s, refine 2.7 s)
[17:22:17] depth 15: 60 parents -> 369 children (364 unique) -> refined 90, ok 90, kept 60; t_end 2360-2767 d, tank 751-916; best 15 @ 750.7 kg (price 0.8 s, refine 2.3 s)
[17:22:20] depth 16: 60 parents -> 275 children (272 unique) -> refined 90, ok 90, kept 60; t_end 2572-2892 d, tank 788-917; best 16 @ 787.8 kg (price 0.7 s, refine 2.4 s)
[17:22:24] depth 17: 60 parents -> 277 children (275 unique) -> refined 90, ok 90, kept 60; t_end 2679-3206 d, tank 810-965; best 17 @ 809.6 kg (price 0.7 s, refine 3.3 s)
[17:22:28] depth 18: 60 parents -> 366 children (354 unique) -> refined 90, ok 90, kept 60; t_end 2878-3226 d, tank 832-993; best 18 @ 831.8 kg (price 0.7 s, refine 2.9 s)
[17:22:32] depth 19: 60 parents -> 336 children (317 unique) -> refined 90, ok 90, kept 60; t_end 3077-3527 d, tank 836-1014; best 19 @ 836.2 kg (price 0.6 s, refine 3.3 s)
[17:22:36] depth 20: 60 parents -> 234 children (226 unique) -> refined 90, ok 88, kept 60; t_end 3308-3723 d, tank 881-1110; best 20 @ 880.9 kg (price 0.5 s, refine 3.3 s)
[17:22:39] depth 21: 60 parents -> 242 children (224 unique) -> refined 90, ok 89, kept 60; t_end 3512-3872 d, tank 906-1078; best 21 @ 906.0 kg (price 0.5 s, refine 3.1 s)
[17:22:43] depth 22: 60 parents -> 192 children (187 unique) -> refined 90, ok 90, kept 60; t_end 3681-4073 d, tank 910-1131; best 22 @ 910.4 kg (price 0.4 s, refine 2.9 s)
[17:22:46] depth 23: 60 parents -> 194 children (175 unique) -> refined 90, ok 90, kept 60; t_end 3847-4283 d, tank 914-1186; best 23 @ 913.6 kg (price 0.4 s, refine 3.2 s)
[17:22:50] depth 24: 60 parents -> 220 children (200 unique) -> refined 90, ok 90, kept 60; t_end 4038-4500 d, tank 933-1160; best 24 @ 933.3 kg (price 0.5 s, refine 3.1 s)
[17:22:54] depth 25: 60 parents -> 226 children (193 unique) -> refined 90, ok 90, kept 60; t_end 4229-4755 d, tank 934-1181; best 25 @ 934.4 kg (price 0.4 s, refine 3.3 s)
[17:22:57] depth 26: 60 parents -> 221 children (203 unique) -> refined 90, ok 90, kept 60; t_end 4423-4908 d, tank 941-1210; best 26 @ 941.3 kg (price 0.4 s, refine 2.9 s)
[17:23:00] depth 27: 60 parents -> 221 children (214 unique) -> refined 90, ok 90, kept 60; t_end 4729-5195 d, tank 963-1179; best 27 @ 962.6 kg (price 0.4 s, refine 2.8 s)
[17:23:03] depth 28: 60 parents -> 182 children (142 unique) -> refined 90, ok 90, kept 60; t_end 4887-5426 d, tank 981-1272; best 28 @ 981.0 kg (price 0.3 s, refine 2.9 s)
[17:23:05] depth 29: 60 parents -> 74 children (42 unique) -> refined 42, ok 42, kept 37; t_end 5304-5441 d, tank 1008-1380; best 29 @ 1008.3 kg (price 0.2 s, refine 1.3 s)
[17:23:05] depth 30: 37 parents -> 7 children (3 unique) -> refined 3, ok 3, kept 1; t_end 5425-5425 d, tank 1054-1054; best 30 @ 1054.3 kg (price 0.0 s, refine 0.1 s)
[17:23:05] PLANNED 03: 30/30 @ 1054.3 kg (max miss 85 km); end {'kind': 'pool_exhausted', 'depth': 30}; refines 2475 (2457 ok); wall 100 s
[17:23:10]   settle depth 30 alt 0: planned 1054.3 kg (max miss 85 km) -> twin 830.9 kg, miss 75 km (5 s)
[17:23:10] RESULT 03: settled 30/30 @ 830.9 kg (7.70 kg/fb, J_i 1.1921); planned 1054.3 kg; total wall 118 s
