[17:23:11] === s14_lookback free 04: pool 30; L 2 beam 60 over 1.5 roots 300 dvcap 3.0 drmax 1.0 mcap 1100.0 (tcap 0.675) tofs 74 npt 2 mc 80 w_fuel 0.5197 ref 6/100.0/1000.0/rho 30.0; source 886.7 kg
[17:23:23] roots: 556 launch legs -> 104 kept (max root miss 0.0 km)
[17:23:27] depth  2: 104 parents -> 580 children (367 unique) -> refined 90, ok 78, kept 60; t_end 410-795 d, tank 605-649; best 2 @ 605.0 kg (price 1.1 s, refine 3.2 s)
[17:23:31] depth  3: 60 parents -> 319 children (268 unique) -> refined 90, ok 89, kept 60; t_end 636-914 d, tank 620-684; best 3 @ 620.5 kg (price 0.6 s, refine 3.2 s)
[17:23:34] depth  4: 60 parents -> 329 children (306 unique) -> refined 90, ok 89, kept 60; t_end 775-1244 d, tank 631-734; best 4 @ 631.2 kg (price 0.6 s, refine 3.1 s)
[17:23:39] depth  5: 60 parents -> 334 children (316 unique) -> refined 90, ok 90, kept 60; t_end 882-1454 d, tank 638-735; best 5 @ 638.3 kg (price 0.6 s, refine 3.8 s)
[17:23:43] depth  6: 60 parents -> 403 children (365 unique) -> refined 90, ok 89, kept 60; t_end 1189-1501 d, tank 655-741; best 6 @ 655.2 kg (price 0.7 s, refine 3.3 s)
[17:23:46] depth  7: 60 parents -> 450 children (436 unique) -> refined 90, ok 90, kept 60; t_end 1394-1774 d, tank 661-751; best 7 @ 660.7 kg (price 0.6 s, refine 2.4 s)
[17:23:48] depth  8: 60 parents -> 493 children (489 unique) -> refined 90, ok 90, kept 60; t_end 1495-1884 d, tank 666-732; best 8 @ 666.2 kg (price 0.6 s, refine 2.0 s)
[17:23:51] depth  9: 60 parents -> 557 children (551 unique) -> refined 90, ok 90, kept 60; t_end 1640-1885 d, tank 674-745; best 9 @ 673.7 kg (price 0.6 s, refine 2.0 s)
[17:23:54] depth 10: 60 parents -> 572 children (563 unique) -> refined 90, ok 90, kept 60; t_end 1756-2019 d, tank 684-768; best 10 @ 683.8 kg (price 0.7 s, refine 1.9 s)
[17:23:56] depth 11: 60 parents -> 557 children (537 unique) -> refined 90, ok 90, kept 60; t_end 1867-2137 d, tank 693-773; best 11 @ 693.4 kg (price 0.6 s, refine 1.8 s)
[17:23:59] depth 12: 60 parents -> 494 children (455 unique) -> refined 90, ok 80, kept 60; t_end 2003-2447 d, tank 697-808; best 12 @ 697.1 kg (price 0.6 s, refine 2.2 s)
[17:24:02] depth 13: 60 parents -> 401 children (378 unique) -> refined 90, ok 88, kept 60; t_end 2064-2506 d, tank 708-795; best 13 @ 707.6 kg (price 0.6 s, refine 2.8 s)
[17:24:06] depth 14: 60 parents -> 259 children (246 unique) -> refined 90, ok 90, kept 60; t_end 2294-2647 d, tank 727-829; best 14 @ 727.3 kg (price 0.7 s, refine 2.8 s)
[17:24:10] depth 15: 60 parents -> 145 children (138 unique) -> refined 90, ok 88, kept 60; t_end 2354-3017 d, tank 724-900; best 15 @ 724.0 kg (price 0.6 s, refine 3.2 s)
[17:24:13] depth 16: 60 parents -> 183 children (180 unique) -> refined 90, ok 89, kept 60; t_end 2594-3280 d, tank 735-926; best 16 @ 735.1 kg (price 0.4 s, refine 3.5 s)
[17:24:17] depth 17: 60 parents -> 244 children (237 unique) -> refined 90, ok 90, kept 60; t_end 2848-3433 d, tank 756-958; best 17 @ 755.9 kg (price 0.5 s, refine 3.3 s)
[17:24:20] depth 18: 60 parents -> 322 children (296 unique) -> refined 90, ok 90, kept 60; t_end 3254-3533 d, tank 779-885; best 18 @ 778.7 kg (price 0.5 s, refine 2.8 s)
[17:24:24] depth 19: 60 parents -> 250 children (228 unique) -> refined 90, ok 90, kept 60; t_end 3342-3690 d, tank 791-919; best 19 @ 791.4 kg (price 0.5 s, refine 2.8 s)
[17:24:26] depth 20: 60 parents -> 176 children (159 unique) -> refined 90, ok 90, kept 60; t_end 3528-3721 d, tank 812-905; best 20 @ 812.1 kg (price 0.4 s, refine 2.4 s)
[17:24:30] depth 21: 60 parents -> 104 children (103 unique) -> refined 90, ok 90, kept 60; t_end 3636-4276 d, tank 822-938; best 21 @ 821.8 kg (price 0.3 s, refine 3.0 s)
[17:24:34] depth 22: 60 parents -> 183 children (176 unique) -> refined 90, ok 90, kept 60; t_end 3703-4451 d, tank 835-962; best 22 @ 835.1 kg (price 0.4 s, refine 3.4 s)
[17:24:37] depth 23: 60 parents -> 230 children (226 unique) -> refined 90, ok 90, kept 60; t_end 4162-4452 d, tank 850-971; best 23 @ 850.3 kg (price 0.5 s, refine 3.0 s)
[17:24:40] depth 24: 60 parents -> 154 children (150 unique) -> refined 90, ok 90, kept 60; t_end 4260-4723 d, tank 865-1019; best 24 @ 865.0 kg (price 0.4 s, refine 2.6 s)
[17:24:43] depth 25: 60 parents -> 131 children (124 unique) -> refined 90, ok 90, kept 60; t_end 4362-4728 d, tank 908-1051; best 25 @ 907.5 kg (price 0.3 s, refine 2.6 s)
[17:24:47] depth 26: 60 parents -> 141 children (140 unique) -> refined 90, ok 90, kept 60; t_end 4452-5155 d, tank 921-1075; best 26 @ 920.8 kg (price 0.3 s, refine 3.4 s)
[17:24:51] depth 27: 60 parents -> 99 children (96 unique) -> refined 90, ok 90, kept 60; t_end 4662-5246 d, tank 952-1105; best 27 @ 951.8 kg (price 0.3 s, refine 3.6 s)
[17:24:53] depth 28: 60 parents -> 65 children (60 unique) -> refined 60, ok 60, kept 59; t_end 5012-5422 d, tank 998-1230; best 28 @ 997.8 kg (price 0.2 s, refine 2.2 s)
[17:24:54] depth 29: 59 parents -> 22 children (19 unique) -> refined 19, ok 19, kept 18; t_end 5142-5422 d, tank 1051-1287; best 29 @ 1051.1 kg (price 0.1 s, refine 0.6 s)
[17:24:54] depth 30: 18 parents -> 1 children (1 unique) -> refined 1, ok 1, kept 1; t_end 5413-5413 d, tank 1103-1103; best 30 @ 1103.0 kg (price 0.0 s, refine 0.0 s)
[17:24:54] PLANNED 04: 30/30 @ 1103.0 kg (max miss 8 km); end {'kind': 'pool_exhausted', 'depth': 30}; refines 2420 (2390 ok); wall 91 s
[17:24:56]   settle depth 30 alt 0: planned 1103.0 kg (max miss 8 km) -> twin 892.8 kg, miss 70 km (3 s)
[17:24:56] RESULT 04: settled 30/30 @ 892.8 kg (9.76 kg/fb, J_i 1.2529); planned 1103.0 kg; total wall 105 s
