[17:23:13] === s14_lookback free 05: pool 28; L 2 beam 60 over 1.5 roots 300 dvcap 3.0 drmax 1.0 mcap 1100.0 (tcap 0.675) tofs 74 npt 2 mc 80 w_fuel 0.5197 ref 6/100.0/1000.0/rho 30.0; source 976.3 kg
[17:23:25] roots: 1140 launch legs -> 193 kept (max root miss 0.1 km)
[17:23:30] depth  2: 193 parents -> 1458 children (897 unique) -> refined 90, ok 84, kept 60; t_end 360-741 d, tank 602-652; best 2 @ 602.4 kg (price 2.8 s, refine 2.8 s)
[17:23:34] depth  3: 60 parents -> 397 children (356 unique) -> refined 90, ok 88, kept 60; t_end 558-915 d, tank 619-686; best 3 @ 619.4 kg (price 0.8 s, refine 2.9 s)
[17:23:38] depth  4: 60 parents -> 416 children (367 unique) -> refined 90, ok 87, kept 60; t_end 692-1172 d, tank 625-716; best 4 @ 625.4 kg (price 0.7 s, refine 3.2 s)
[17:23:42] depth  5: 60 parents -> 316 children (292 unique) -> refined 90, ok 86, kept 60; t_end 844-1370 d, tank 636-742; best 5 @ 636.5 kg (price 0.7 s, refine 3.4 s)
[17:23:46] depth  6: 60 parents -> 382 children (376 unique) -> refined 90, ok 90, kept 60; t_end 1014-1522 d, tank 650-749; best 6 @ 649.8 kg (price 0.7 s, refine 3.2 s)
[17:23:49] depth  7: 60 parents -> 359 children (353 unique) -> refined 90, ok 86, kept 60; t_end 1230-1636 d, tank 657-781; best 7 @ 657.1 kg (price 0.6 s, refine 3.0 s)
[17:23:53] depth  8: 60 parents -> 357 children (335 unique) -> refined 90, ok 90, kept 60; t_end 1442-1866 d, tank 670-792; best 8 @ 670.5 kg (price 0.6 s, refine 3.0 s)
[17:23:57] depth  9: 60 parents -> 298 children (288 unique) -> refined 90, ok 90, kept 60; t_end 1634-2083 d, tank 693-797; best 9 @ 692.8 kg (price 0.6 s, refine 3.4 s)
[17:24:01] depth 10: 60 parents -> 246 children (239 unique) -> refined 90, ok 89, kept 60; t_end 1763-2190 d, tank 704-848; best 10 @ 703.7 kg (price 0.6 s, refine 3.6 s)
[17:24:05] depth 11: 60 parents -> 289 children (285 unique) -> refined 90, ok 89, kept 60; t_end 1868-2581 d, tank 724-924; best 11 @ 723.9 kg (price 0.5 s, refine 3.6 s)
[17:24:10] depth 12: 60 parents -> 264 children (252 unique) -> refined 90, ok 84, kept 60; t_end 2076-2670 d, tank 747-912; best 12 @ 746.8 kg (price 0.6 s, refine 3.9 s)
[17:24:13] depth 13: 60 parents -> 249 children (239 unique) -> refined 90, ok 90, kept 60; t_end 2472-2880 d, tank 756-942; best 13 @ 756.2 kg (price 0.6 s, refine 3.2 s)
[17:24:17] depth 14: 60 parents -> 228 children (211 unique) -> refined 90, ok 90, kept 60; t_end 2730-3090 d, tank 804-974; best 14 @ 803.6 kg (price 0.6 s, refine 3.3 s)
[17:24:21] depth 15: 60 parents -> 225 children (202 unique) -> refined 90, ok 90, kept 60; t_end 2803-3284 d, tank 823-1042; best 15 @ 822.7 kg (price 0.5 s, refine 2.8 s)
[17:24:24] depth 16: 60 parents -> 210 children (196 unique) -> refined 90, ok 88, kept 60; t_end 2934-3526 d, tank 833-1071; best 16 @ 833.1 kg (price 0.5 s, refine 3.2 s)
[17:24:28] depth 17: 60 parents -> 155 children (144 unique) -> refined 90, ok 90, kept 60; t_end 3127-3696 d, tank 856-1136; best 17 @ 856.1 kg (price 0.4 s, refine 3.4 s)
[17:24:32] depth 18: 60 parents -> 160 children (149 unique) -> refined 90, ok 90, kept 60; t_end 3225-4032 d, tank 864-1307; best 18 @ 863.8 kg (price 0.4 s, refine 3.5 s)
[17:24:36] depth 19: 60 parents -> 140 children (134 unique) -> refined 90, ok 90, kept 60; t_end 3538-4346 d, tank 868-1377; best 19 @ 867.8 kg (price 0.4 s, refine 3.7 s)
[17:24:41] depth 20: 60 parents -> 126 children (114 unique) -> refined 90, ok 88, kept 60; t_end 4027-4754 d, tank 899-1216; best 20 @ 899.2 kg (price 0.4 s, refine 4.2 s)
[17:24:45] depth 21: 60 parents -> 150 children (131 unique) -> refined 90, ok 90, kept 60; t_end 4097-5046 d, tank 909-1289; best 21 @ 909.1 kg (price 0.4 s, refine 3.9 s)
[17:24:50] depth 22: 60 parents -> 170 children (148 unique) -> refined 90, ok 89, kept 60; t_end 4260-5257 d, tank 934-1270; best 22 @ 934.0 kg (price 0.4 s, refine 3.9 s)
[17:24:53] depth 23: 60 parents -> 106 children (102 unique) -> refined 90, ok 89, kept 60; t_end 4550-5398 d, tank 1001-1353; best 23 @ 1001.0 kg (price 0.3 s, refine 3.6 s)
[17:24:55] depth 24: 60 parents -> 43 children (43 unique) -> refined 43, ok 42, kept 41; t_end 5004-5462 d, tank 1036-1399; best 24 @ 1036.3 kg (price 0.2 s, refine 1.6 s)
[17:24:56] depth 25: 41 parents -> 14 children (14 unique) -> refined 14, ok 14, kept 14; t_end 5299-5445 d, tank 1098-1347; best 25 @ 1098.1 kg (price 0.1 s, refine 0.4 s)
[17:24:56] depth 26: 14 parents -> 4 children (4 unique) -> refined 4, ok 4, kept 4; t_end 5423-5454 d, tank 1349-1378; best 26 @ 1349.3 kg (price 0.0 s, refine 0.1 s)
[17:24:56] depth 27: 4 parents -> 0 children (0 unique) -> refined 0, ok 0, kept 0; best 26 @ 1349.3 kg (price 0.0 s, refine 0.0 s)
[17:24:56] PLANNED 05: 26/28 @ 1349.3 kg (max miss 92 km); end {'kind': 'no_children', 'depth': 26, 'time_left_d': np.float64(25.0)}; refines 2041 (2007 ok); wall 91 s
[17:25:42]   settle depth 26 alt 0: planned 1349.3 kg (max miss 92 km) -> twin 1308.4 kg, miss 4182 km (46 s)
[17:26:28]   settle depth 26 alt 1: planned 1352.3 kg (max miss 92 km) -> twin 1304.1 kg, miss 5854 km (46 s)
[17:26:35]   settle depth 25 alt 0: planned 1098.1 kg (max miss 46 km) -> twin 917.7 kg, miss 3 km (7 s)
[17:26:35] RESULT 05: settled 25/28 @ 917.7 kg (12.71 kg/fb, J_i 1.2784); planned 1098.1 kg; total wall 202 s
