[17:23:25] === s14_lookback free 06: pool 27; L 2 beam 60 over 1.5 roots 300 dvcap 3.0 drmax 1.0 mcap 1100.0 (tcap 0.675) tofs 74 npt 2 mc 80 w_fuel 0.5197 ref 6/100.0/1000.0/rho 30.0; source 791.9 kg
[17:23:37] roots: 652 launch legs -> 140 kept (max root miss 0.0 km)
[17:23:42] depth  2: 140 parents -> 1097 children (784 unique) -> refined 90, ok 83, kept 60; t_end 382-681 d, tank 604-648; best 2 @ 604.0 kg (price 2.0 s, refine 3.2 s)
[17:23:46] depth  3: 60 parents -> 516 children (470 unique) -> refined 90, ok 88, kept 60; t_end 527-864 d, tank 616-692; best 3 @ 615.6 kg (price 0.8 s, refine 2.8 s)
[17:23:49] depth  4: 60 parents -> 537 children (518 unique) -> refined 90, ok 90, kept 60; t_end 634-1066 d, tank 626-695; best 4 @ 626.0 kg (price 0.7 s, refine 2.7 s)
[17:23:53] depth  5: 60 parents -> 479 children (436 unique) -> refined 90, ok 88, kept 60; t_end 809-1209 d, tank 631-724; best 5 @ 631.3 kg (price 0.6 s, refine 3.0 s)
[17:23:56] depth  6: 60 parents -> 396 children (382 unique) -> refined 90, ok 90, kept 60; t_end 919-1365 d, tank 646-732; best 6 @ 645.9 kg (price 0.7 s, refine 2.5 s)
[17:23:59] depth  7: 60 parents -> 337 children (326 unique) -> refined 90, ok 88, kept 60; t_end 1065-1507 d, tank 665-786; best 7 @ 664.6 kg (price 0.7 s, refine 2.7 s)
[17:24:03] depth  8: 60 parents -> 326 children (318 unique) -> refined 90, ok 90, kept 60; t_end 1265-1687 d, tank 680-816; best 8 @ 679.7 kg (price 0.6 s, refine 3.2 s)
[17:24:07] depth  9: 60 parents -> 340 children (327 unique) -> refined 90, ok 90, kept 60; t_end 1477-1892 d, tank 688-823; best 9 @ 687.7 kg (price 0.6 s, refine 3.3 s)
[17:24:11] depth 10: 60 parents -> 282 children (262 unique) -> refined 90, ok 90, kept 60; t_end 1654-2208 d, tank 692-874; best 10 @ 691.8 kg (price 0.6 s, refine 3.3 s)
[17:24:14] depth 11: 60 parents -> 265 children (259 unique) -> refined 90, ok 90, kept 60; t_end 1832-2242 d, tank 707-875; best 11 @ 707.0 kg (price 0.5 s, refine 3.1 s)
[17:24:17] depth 12: 60 parents -> 274 children (266 unique) -> refined 90, ok 86, kept 60; t_end 2011-2468 d, tank 722-869; best 12 @ 721.5 kg (price 0.4 s, refine 2.6 s)
[17:24:21] depth 13: 60 parents -> 217 children (210 unique) -> refined 90, ok 88, kept 60; t_end 2201-2732 d, tank 725-922; best 13 @ 725.1 kg (price 0.4 s, refine 3.1 s)
[17:24:24] depth 14: 60 parents -> 257 children (249 unique) -> refined 90, ok 90, kept 60; t_end 2231-2879 d, tank 730-961; best 14 @ 730.3 kg (price 0.4 s, refine 3.1 s)
[17:24:28] depth 15: 60 parents -> 213 children (203 unique) -> refined 90, ok 90, kept 60; t_end 2705-3170 d, tank 732-904; best 15 @ 731.8 kg (price 0.4 s, refine 3.3 s)
[17:24:32] depth 16: 60 parents -> 238 children (231 unique) -> refined 90, ok 88, kept 60; t_end 2836-3394 d, tank 748-927; best 16 @ 748.0 kg (price 0.4 s, refine 3.3 s)
[17:24:36] depth 17: 60 parents -> 246 children (235 unique) -> refined 90, ok 84, kept 60; t_end 3126-3657 d, tank 755-981; best 17 @ 754.8 kg (price 0.5 s, refine 3.4 s)
[17:24:39] depth 18: 60 parents -> 179 children (170 unique) -> refined 90, ok 77, kept 60; t_end 3202-3837 d, tank 770-1073; best 18 @ 769.7 kg (price 0.4 s, refine 3.1 s)
[17:24:43] depth 19: 60 parents -> 154 children (145 unique) -> refined 90, ok 88, kept 60; t_end 3735-4081 d, tank 782-965; best 19 @ 782.0 kg (price 0.4 s, refine 3.5 s)
[17:24:46] depth 20: 60 parents -> 130 children (118 unique) -> refined 90, ok 90, kept 60; t_end 3936-4374 d, tank 791-947; best 20 @ 791.4 kg (price 0.3 s, refine 3.0 s)
[17:24:49] depth 21: 60 parents -> 83 children (69 unique) -> refined 69, ok 69, kept 60; t_end 4060-4819 d, tank 806-984; best 21 @ 806.5 kg (price 0.3 s, refine 2.4 s)
[17:24:54] depth 22: 60 parents -> 110 children (104 unique) -> refined 90, ok 90, kept 60; t_end 4363-5247 d, tank 831-999; best 22 @ 830.8 kg (price 0.3 s, refine 4.3 s)
[17:24:57] depth 23: 60 parents -> 181 children (158 unique) -> refined 90, ok 90, kept 60; t_end 4811-5263 d, tank 832-995; best 23 @ 832.1 kg (price 0.3 s, refine 3.6 s)
[17:25:01] depth 24: 60 parents -> 115 children (99 unique) -> refined 90, ok 90, kept 60; t_end 5086-5459 d, tank 845-965; best 24 @ 845.4 kg (price 0.2 s, refine 3.0 s)
[17:25:02] depth 25: 60 parents -> 46 children (35 unique) -> refined 35, ok 35, kept 28; t_end 5229-5466 d, tank 854-996; best 25 @ 854.1 kg (price 0.1 s, refine 1.2 s)
[17:25:02] depth 26: 28 parents -> 4 children (3 unique) -> refined 3, ok 3, kept 2; t_end 5454-5458 d, tank 907-922; best 26 @ 906.8 kg (price 0.0 s, refine 0.1 s)
[17:25:02] depth 27: 2 parents -> 0 children (0 unique) -> refined 0, ok 0, kept 0; best 26 @ 906.8 kg (price 0.0 s, refine 0.0 s)
[17:25:02] PLANNED 06: 26/27 @ 906.8 kg (max miss 49 km); end {'kind': 'no_children', 'depth': 26, 'time_left_d': np.float64(20.8)}; refines 2087 (2045 ok); wall 85 s
[17:25:04]   settle depth 26 alt 0: planned 906.8 kg (max miss 49 km) -> twin 796.8 kg, miss 31 km (2 s)
[17:25:04] RESULT 06: settled 26/27 @ 796.8 kg (7.57 kg/fb, J_i 1.1604); planned 906.8 kg; total wall 99 s
