[17:23:27] === s14_lookback free 07: pool 27; L 2 beam 60 over 1.5 roots 300 dvcap 3.0 drmax 1.0 mcap 1100.0 (tcap 0.675) tofs 74 npt 2 mc 80 w_fuel 0.5197 ref 6/100.0/1000.0/rho 30.0; source 815.1 kg
[17:23:39] roots: 1308 launch legs -> 194 kept (max root miss 0.0 km)
[17:23:45] depth  2: 194 parents -> 1482 children (990 unique) -> refined 90, ok 82, kept 60; t_end 269-630 d, tank 607-652; best 2 @ 606.7 kg (price 2.7 s, refine 2.8 s)
[17:23:48] depth  3: 60 parents -> 337 children (319 unique) -> refined 90, ok 90, kept 60; t_end 310-810 d, tank 619-701; best 3 @ 619.3 kg (price 0.6 s, refine 2.8 s)
[17:23:52] depth  4: 60 parents -> 347 children (343 unique) -> refined 90, ok 88, kept 60; t_end 452-963 d, tank 631-716; best 4 @ 631.0 kg (price 0.6 s, refine 3.2 s)
[17:23:56] depth  5: 60 parents -> 421 children (394 unique) -> refined 90, ok 89, kept 60; t_end 596-1144 d, tank 654-724; best 5 @ 653.6 kg (price 0.7 s, refine 3.6 s)
[17:24:00] depth  6: 60 parents -> 440 children (423 unique) -> refined 90, ok 89, kept 60; t_end 735-1221 d, tank 670-761; best 6 @ 669.8 kg (price 0.7 s, refine 3.3 s)
[17:24:04] depth  7: 60 parents -> 428 children (414 unique) -> refined 90, ok 90, kept 60; t_end 926-1401 d, tank 691-783; best 7 @ 690.8 kg (price 0.6 s, refine 3.1 s)
[17:24:07] depth  8: 60 parents -> 392 children (364 unique) -> refined 90, ok 85, kept 60; t_end 1074-1621 d, tank 709-835; best 8 @ 709.2 kg (price 0.6 s, refine 2.8 s)
[17:24:11] depth  9: 60 parents -> 368 children (353 unique) -> refined 90, ok 84, kept 60; t_end 1275-1807 d, tank 718-894; best 9 @ 718.3 kg (price 0.6 s, refine 3.2 s)
[17:24:15] depth 10: 60 parents -> 340 children (331 unique) -> refined 90, ok 89, kept 60; t_end 1479-1997 d, tank 730-930; best 10 @ 729.8 kg (price 0.6 s, refine 3.0 s)
[17:24:18] depth 11: 60 parents -> 248 children (241 unique) -> refined 90, ok 89, kept 60; t_end 1557-2084 d, tank 773-938; best 11 @ 773.2 kg (price 0.5 s, refine 2.8 s)
[17:24:22] depth 12: 60 parents -> 177 children (162 unique) -> refined 90, ok 88, kept 60; t_end 1786-2302 d, tank 792-989; best 12 @ 791.7 kg (price 0.5 s, refine 3.2 s)
[17:24:26] depth 13: 60 parents -> 172 children (156 unique) -> refined 90, ok 88, kept 60; t_end 1989-2703 d, tank 814-1092; best 13 @ 814.2 kg (price 0.4 s, refine 3.5 s)
[17:24:30] depth 14: 60 parents -> 191 children (179 unique) -> refined 90, ok 82, kept 60; t_end 2145-2917 d, tank 853-1127; best 14 @ 853.3 kg (price 0.4 s, refine 4.1 s)
[17:24:34] depth 15: 60 parents -> 197 children (178 unique) -> refined 90, ok 84, kept 60; t_end 2479-3034 d, tank 897-1188; best 15 @ 897.3 kg (price 0.4 s, refine 3.8 s)
[17:24:38] depth 16: 60 parents -> 179 children (173 unique) -> refined 90, ok 88, kept 60; t_end 2583-3265 d, tank 908-1269; best 16 @ 908.2 kg (price 0.4 s, refine 3.2 s)
[17:24:42] depth 17: 60 parents -> 139 children (131 unique) -> refined 90, ok 90, kept 60; t_end 2933-3419 d, tank 964-1229; best 17 @ 964.3 kg (price 0.4 s, refine 3.7 s)
[17:24:46] depth 18: 60 parents -> 126 children (123 unique) -> refined 90, ok 89, kept 60; t_end 3122-3836 d, tank 998-1316; best 18 @ 997.5 kg (price 0.4 s, refine 3.8 s)
[17:24:50] depth 19: 60 parents -> 191 children (184 unique) -> refined 90, ok 90, kept 60; t_end 3390-3980 d, tank 1008-1355; best 19 @ 1007.7 kg (price 0.4 s, refine 3.6 s)
[17:24:54] depth 20: 60 parents -> 144 children (140 unique) -> refined 90, ok 90, kept 60; t_end 3621-4091 d, tank 1049-1329; best 20 @ 1048.7 kg (price 0.3 s, refine 3.5 s)
[17:24:57] depth 21: 60 parents -> 122 children (113 unique) -> refined 90, ok 89, kept 60; t_end 3890-4270 d, tank 1072-1402; best 21 @ 1071.8 kg (price 0.3 s, refine 3.0 s)
[17:25:01] depth 22: 60 parents -> 103 children (101 unique) -> refined 90, ok 90, kept 60; t_end 3980-4578 d, tank 1089-1385; best 22 @ 1088.6 kg (price 0.2 s, refine 3.7 s)
[17:25:05] depth 23: 60 parents -> 158 children (142 unique) -> refined 90, ok 90, kept 60; t_end 4260-4790 d, tank 1111-1286; best 23 @ 1110.6 kg (price 0.3 s, refine 3.6 s)
[17:25:09] depth 24: 60 parents -> 109 children (105 unique) -> refined 90, ok 90, kept 60; t_end 4505-5113 d, tank 1128-1368; best 24 @ 1128.0 kg (price 0.3 s, refine 3.7 s)
[17:25:11] depth 25: 60 parents -> 40 children (38 unique) -> refined 38, ok 38, kept 37; t_end 4765-5338 d, tank 1168-1373; best 25 @ 1168.0 kg (price 0.2 s, refine 1.4 s)
[17:25:11] depth 26: 37 parents -> 4 children (4 unique) -> refined 4, ok 4, kept 4; t_end 4985-5278 d, tank 1201-1346; best 26 @ 1200.7 kg (price 0.1 s, refine 0.1 s)
[17:25:11] depth 27: 4 parents -> 0 children (0 unique) -> refined 0, ok 0, kept 0; best 26 @ 1200.7 kg (price 0.0 s, refine 0.0 s)
[17:25:11] PLANNED 07: 26/27 @ 1200.7 kg (max miss 82 km); end {'kind': 'no_children', 'depth': 26, 'time_left_d': np.float64(201.0)}; refines 2112 (2065 ok); wall 92 s
[17:25:17]   settle depth 26 alt 0: planned 1200.7 kg (max miss 82 km) -> twin 1033.8 kg, miss 0 km (6 s)
[17:25:17] RESULT 07: settled 26/27 @ 1033.8 kg (16.68 kg/fb, J_i 1.4058); planned 1200.7 kg; total wall 110 s
