[17:25:01] === s14_lookback free 08: pool 26; L 2 beam 60 over 1.5 roots 300 dvcap 3.0 drmax 1.0 mcap 1100.0 (tcap 0.675) tofs 74 npt 2 mc 80 w_fuel 0.5197 ref 6/100.0/1000.0/rho 30.0; source 870.6 kg
[17:25:13] roots: 730 launch legs -> 127 kept (max root miss 0.1 km)
[17:25:18] depth  2: 127 parents -> 743 children (490 unique) -> refined 90, ok 79, kept 60; t_end 409-875 d, tank 604-678; best 2 @ 604.3 kg (price 1.6 s, refine 3.5 s)
[17:25:22] depth  3: 60 parents -> 278 children (239 unique) -> refined 90, ok 90, kept 60; t_end 585-1067 d, tank 613-696; best 3 @ 613.0 kg (price 0.6 s, refine 3.2 s)
[17:25:25] depth  4: 60 parents -> 291 children (278 unique) -> refined 90, ok 90, kept 60; t_end 837-1118 d, tank 634-730; best 4 @ 634.1 kg (price 0.7 s, refine 3.1 s)
[17:25:29] depth  5: 60 parents -> 354 children (332 unique) -> refined 90, ok 85, kept 60; t_end 968-1511 d, tank 642-799; best 5 @ 642.4 kg (price 0.6 s, refine 3.3 s)
[17:25:33] depth  6: 60 parents -> 302 children (289 unique) -> refined 90, ok 90, kept 60; t_end 1127-1624 d, tank 661-833; best 6 @ 661.4 kg (price 0.6 s, refine 3.5 s)
[17:25:38] depth  7: 60 parents -> 275 children (255 unique) -> refined 90, ok 90, kept 60; t_end 1378-1996 d, tank 678-808; best 7 @ 678.2 kg (price 0.6 s, refine 3.7 s)
[17:25:41] depth  8: 60 parents -> 234 children (221 unique) -> refined 90, ok 89, kept 60; t_end 1587-2080 d, tank 703-856; best 8 @ 702.7 kg (price 0.5 s, refine 3.3 s)
[17:25:46] depth  9: 60 parents -> 172 children (168 unique) -> refined 90, ok 89, kept 60; t_end 1846-2428 d, tank 722-865; best 9 @ 721.9 kg (price 0.5 s, refine 3.7 s)
[17:25:49] depth 10: 60 parents -> 275 children (272 unique) -> refined 90, ok 90, kept 60; t_end 2024-2630 d, tank 738-899; best 10 @ 738.2 kg (price 0.5 s, refine 3.0 s)
[17:25:53] depth 11: 60 parents -> 272 children (270 unique) -> refined 90, ok 88, kept 60; t_end 2304-2827 d, tank 767-952; best 11 @ 767.0 kg (price 0.5 s, refine 3.4 s)
[17:25:56] depth 12: 60 parents -> 345 children (297 unique) -> refined 90, ok 90, kept 60; t_end 2404-2937 d, tank 783-906; best 12 @ 783.0 kg (price 0.5 s, refine 2.9 s)
[17:26:00] depth 13: 60 parents -> 249 children (234 unique) -> refined 90, ok 90, kept 60; t_end 2624-3039 d, tank 809-977; best 13 @ 809.4 kg (price 0.4 s, refine 3.1 s)
[17:26:04] depth 14: 60 parents -> 171 children (155 unique) -> refined 90, ok 90, kept 60; t_end 2738-3460 d, tank 820-1001; best 14 @ 820.3 kg (price 0.4 s, refine 3.5 s)
[17:26:08] depth 15: 60 parents -> 211 children (203 unique) -> refined 90, ok 90, kept 60; t_end 2905-3532 d, tank 848-1049; best 15 @ 848.4 kg (price 0.4 s, refine 3.5 s)
[17:26:11] depth 16: 60 parents -> 212 children (201 unique) -> refined 90, ok 90, kept 60; t_end 3227-3587 d, tank 873-1074; best 16 @ 872.7 kg (price 0.4 s, refine 3.0 s)
[17:26:15] depth 17: 60 parents -> 145 children (126 unique) -> refined 90, ok 90, kept 60; t_end 3449-3970 d, tank 917-1133; best 17 @ 916.9 kg (price 0.3 s, refine 3.3 s)
[17:26:19] depth 18: 60 parents -> 106 children (92 unique) -> refined 90, ok 84, kept 60; t_end 3574-4517 d, tank 919-1213; best 18 @ 918.7 kg (price 0.3 s, refine 4.3 s)
[17:26:25] depth 19: 60 parents -> 135 children (123 unique) -> refined 90, ok 87, kept 60; t_end 3918-4574 d, tank 939-1364; best 19 @ 939.1 kg (price 0.4 s, refine 5.0 s)
[17:26:29] depth 20: 60 parents -> 170 children (152 unique) -> refined 90, ok 90, kept 60; t_end 4379-4928 d, tank 938-1265; best 20 @ 938.2 kg (price 0.5 s, refine 4.2 s)
[17:26:33] depth 21: 60 parents -> 151 children (133 unique) -> refined 90, ok 90, kept 60; t_end 4494-4940 d, tank 971-1372; best 21 @ 970.9 kg (price 0.3 s, refine 3.2 s)
[17:26:37] depth 22: 60 parents -> 126 children (110 unique) -> refined 90, ok 87, kept 60; t_end 4651-5416 d, tank 984-1315; best 22 @ 983.5 kg (price 0.3 s, refine 3.5 s)
[17:26:39] depth 23: 60 parents -> 72 children (50 unique) -> refined 50, ok 46, kept 42; t_end 4911-5426 d, tank 1013-1398; best 23 @ 1012.7 kg (price 0.2 s, refine 2.0 s)
[17:26:39] depth 24: 42 parents -> 12 children (8 unique) -> refined 8, ok 8, kept 8; t_end 5237-5421 d, tank 1112-1434; best 24 @ 1112.0 kg (price 0.1 s, refine 0.2 s)
[17:26:39] depth 25: 8 parents -> 0 children (0 unique) -> refined 0, ok 0, kept 0; best 24 @ 1112.0 kg (price 0.0 s, refine 0.0 s)
[17:26:39] PLANNED 08: 24/26 @ 1112.0 kg (max miss 0 km); end {'kind': 'no_children', 'depth': 24, 'time_left_d': np.float64(57.4)}; refines 1948 (1912 ok); wall 87 s
[17:26:51]   settle depth 24 alt 0: planned 1112.0 kg (max miss 0 km) -> twin 920.8 kg, miss 4824 km (11 s)
[17:26:53]   settle depth 24 alt 1: planned 1370.8 kg (max miss 76 km) -> twin 1357.4 kg, miss 0 km (3 s)
[17:26:53] RESULT 08: settled 24/26 @ 1357.4 kg (31.56 kg/fb, J_i 1.8337); planned 1370.8 kg; total wall 112 s
