[2026-09-24 01:08:13] prefix: route_r1.npz truncated at 540 d -> 4 flybys, honest tank 620.8 kg, miss 3.6 km, honest True (MEASURED 0.1 s)
[01:08:13] job s00_c0 (craft, craft 0): T 540 d H 540 L 360; remaining 294; prize >1 on 0, tank_prev 620.8
[01:08:13] prefix craft_0.npz: 4 flybys, t_end 464.5 d, tank 620.8 kg (planner view), miss 3.6 km, nreg 23
[01:08:13] start: 1 craft state(s), remaining 294, horizon (540, 1080] + L 360 d, B 3 tries 4 k_epochs 3 price_cap 250 max_levels 3 wall 2400 s
[01:08:18]   price_cap: 250 of 868 horizon candidates priced (1 parents)
[01:08:18] depth  2: 1/1 parents -> 90 children (90 unique) -> tried 3, settled 3 (3 in H), kept 3; t_end 647-822 d, tank 623-626 (5 s: price 4, settle 0)
[01:08:34]   price_cap: 750 of 2612 horizon candidates priced (3 parents)
[01:08:35] depth  3: 3/3 parents -> 250 children (250 unique) -> tried 3, settled 3 (3 in H), kept 3; t_end 765-830 d, tank 626-627 (17 s: price 16, settle 0)
[01:08:52]   price_cap: 750 of 2599 horizon candidates priced (3 parents)
[01:08:53] depth  4: 3/3 parents -> 227 children (227 unique) -> tried 3, settled 3 (3 in H), kept 3; t_end 824-893 d, tank 627-633 (18 s: price 17, settle 1)
[01:08:53] beam end {'kind': 'max_levels', 'depth': 4}: 10 settled states, 9 settles (9 ok), wall 39 s (price 38, settle 2)
[01:08:53] RESULT s00_c0: 9 columns (n_new 1-3, potential 0-0), 10 states, end max_levels, wall 39 s
[2026-09-24 01:08:53] test-craft: 9 columns, n_new 1-3, 0 with potential > 0; stats {"levels": 3, "n_states": 10, "n_columns": 9, "settles": 9, "settle_ok": 9, "price_s": 37.8, "settle_s": 1.5, "wall_s": 39.2, "end": {"kind": "max_levels", "depth": 4}}
  k  id                n_new  depth  pot   tank    dtank   miss  t_launch  t_end   classes         targets @ epochs [d]
           s00_c0_k0      3      4    0   627.4     6.6    0.9      41.0   828.9  p1/m1/f1  1@647 292@766 59@829
           s00_c0_k1      3      4    0   629.7     8.9    1.2      41.0   824.4  p1/m0/f2  1@647 292@767 202@824
           s00_c0_k2      3      4    0   633.3    12.5   17.5      41.0   893.2  p0/m0/f3  292@767 202@826 42@893
           s00_c0_k3      2      3    0   625.9     5.1    2.5      41.0   829.8  p0/m1/f1  292@766 59@830
           s00_c0_k4      2      3    0   626.1     5.3    0.6      41.0   765.3  p1/m0/f1  1@647 292@765
           s00_c0_k5      2      3    0   626.6     5.8    0.2      41.0   823.5  p0/m0/f2  292@768 202@823
           s00_c0_k6      1      2    0   622.7     1.9    2.7      41.0   822.0  p0/m0/f1  202@822
           s00_c0_k7      1      2    0   624.8     4.0   27.0      41.0   766.3  p0/m0/f1  292@766
           s00_c0_k8      1      2    0   625.7     4.8   25.9      41.0   647.5  p1/m0/f0  1@647
  level {'depth': 2, 'parents': 1, 'children': 90, 'unique': 90, 'tried': 3, 'settled': 3, 'kept': 3, 'in_H': 3, 'wall_s': 4.7, 'price_s': 4.2, 'settle_s': 0.5, 'n_epochs': 868, 'n_priced': 250, 'drift': 0}
  level {'depth': 3, 'parents': 3, 'children': 250, 'unique': 250, 'tried': 3, 'settled': 3, 'kept': 3, 'in_H': 3, 'wall_s': 16.7, 'price_s': 16.3, 'settle_s': 0.4, 'n_epochs': 2612, 'n_priced': 750, 'drift': 0}
  level {'depth': 4, 'parents': 3, 'children': 227, 'unique': 227, 'tried': 3, 'settled': 3, 'kept': 3, 'in_H': 3, 'wall_s': 17.8, 'price_s': 17.3, 'settle_s': 0.6, 'n_epochs': 2599, 'n_priced': 750, 'drift': 0}
Traceback (most recent call last):
  File "/Users/mickey/solarsystem/ctoc14/tools/s18_segbeam.py", line 690, in <module>
    main()
    ~~~~^^
  File "/Users/mickey/solarsystem/ctoc14/tools/s18_segbeam.py", line 684, in main
    test_craft(a.arg, a.route, a.T, a.H, a.L, a.B, a.tries, a.levels, a.w_t, a.w_fuel)
    ~~~~~~~~~~^^^^^^^^^^^^^^^^^^^^^^^^^^^^^^^^^^^^^^^^^^^^^^^^^^^^^^^^^^^^^^^^^^^^^^^^
  File "/Users/mickey/solarsystem/ctoc14/tools/s18_segbeam.py", line 623, in test_craft
    assert npos >= 1, 'no column with potential > 0'
           ^^^^^^^^^
AssertionError: no column with potential > 0
