[11:22:22] pass start: {'out': 'results/s13/gen/g01/tail5', 'start': '/Users/mickey/solarsystem/ctoc14/results/s13/gen/g00/master/N8_B10.75/fleet', 'keep': '01,02,03,04,05', 'prem': 'results/s13/gen/prem/PREM_01.json', 'delta': 0.01, 'dvt': 1.8, 'beam': 100, 'npt': 6, 'mc': 150, 'tail_from': 6, 'members': 'T1,T2,T3,T5,T6', 'kappa': 90.0, 'cap_head': 1050.0, 'cap_tail': 1080.0, 'grid': '0,800,20', 'pilot': 0, 'seed': 1011, 'jitter': 0.004, 'nproc': 1, 'repair': True, 'n': 8, 'cache': 'results/s13/gen/cache', 'choice': 'lex', 'settle_timeout': 240.0}; lambda {'n_prem': 67, 'n_pos': 180, 'n_neg': 120, 'mean': 0.00226, 'max': 0.0139, 'prize_min': 1.0, 'prize_max': 1.0139, 'sha1': '04255f845299', 'src': 'results/s13/gen/prem/PREM_01.json', 'jitter': 0.004, 'seed': 1011}; kept 5 routes, covered 199, J 107.7240; 01:48@1048 02:42@993 03:39@1038 04:36@930 05:34@880
[11:32:38]   route 06 T1: pool 99, front 28:887 27:879 26:868 25:851 24:847 (103 s)
[11:32:38]   route 06 T2: pool 99, front 32:1031 31:1003 30:984 29:909 28:887 (122 s)
[11:32:38]   route 06 T3: pool 99, front 31:922 30:910 29:904 28:881 27:873 (132 s)
[11:32:38]   route 06 T5: pool 99, front 29:909 28:887 27:879 26:870 25:860 (114 s)
[11:32:38]   route 06 T6: pool 99, front 32:1016 31:978 30:972 29:962 28:945 (146 s)
[11:34:36]     T6 32 fb planner 1016 -> twin 1106 (miss 73) over cap (23 s)
[11:34:36]     T2 32 fb planner 1031 -> twin 1235 (miss 78) fail (28 s)
[11:34:36]     T3 31 fb planner 922 -> twin 938 (miss 66) OK (6 s, cached)
[11:34:36]     T6 31 fb planner 978 -> twin 1045 (miss 84) OK (12 s)
[11:34:36]     T2 31 fb planner 1003 -> twin 1022 (miss 77) OK (47 s)
[11:34:36]     T3 30 fb planner 910 -> twin 926 (miss 16) OK (8 s)
[11:34:36] route 06: TOOK T3 31 fb @ 938 kg; covered 230, sum J_i 8.0239 (734 s)
[11:42:05]   route 07 T1: pool 68, front 22:836 21:771 20:765 19:763 18:751 (84 s)
[11:42:05]   route 07 T2: pool 68, front 24:874 23:821 22:801 21:777 20:769 (80 s)
[11:42:05]   route 07 T3: pool 68, front 26:1024 25:896 24:860 23:830 22:824 (93 s)
[11:42:05]   route 07 T5: pool 68, front 23:817 22:788 21:766 20:743 19:724 (80 s)
[11:42:05]   route 07 T6: pool 68, front 27:1028 26:931 25:906 24:898 23:878 (112 s)
[11:46:57]     T6 27 fb planner 1028 -> twin 1079 (miss 92) OK (12 s)
[11:46:57]     T6 26 fb planner 931 -> twin 1217 (miss 32) fail (93 s)
[11:46:57]     T3 26 fb planner 1024 -> twin 1011 (miss 16) OK (59 s)
[11:46:57]     T3 25 fb planner 896 -> twin 864 (miss 10) OK (15 s)
[11:46:57]     T6 25 fb planner 906 -> twin None (miss 4300) fail (108 s)
[11:46:57]     T3 24 fb planner 860 -> twin 844 (miss 36) OK (6 s)
[11:46:57] route 07: TOOK T6 27 fb @ 1079 kg; covered 257, sum J_i 9.4826 (742 s)
[11:52:17]   route 08 T1: pool 41, front 11:730 10:710 9:699 8:687 7:670 (26 s)
[11:52:17]   route 08 T2: pool 41, front 20:848 19:839 18:815 17:801 16:782 (60 s)
[11:52:17]   route 08 T3: pool 41, front 19:842 18:810 17:787 16:774 15:763 (76 s)
[11:52:17]   route 08 T5: pool 41, front 20:848 19:833 18:815 17:801 16:779 (56 s)
[11:52:17]   route 08 T6: pool 41, front 21:923 20:868 19:842 18:830 17:814 (102 s)
[11:56:12]     T6 21 fb planner 923 -> twin None (miss 19226) fail (66 s)
[11:56:12]     T2 20 fb planner 848 -> twin None (miss 24392074) fail (55 s)
[11:56:12]     T6 20 fb planner 868 -> twin 855 (miss 22) OK (13 s)
[11:56:12]     T5 19 fb planner 833 -> twin None (miss 7628) fail (49 s)
[11:56:12]     T2 19 fb planner 839 -> twin 930 (miss 71) OK (25 s)
[11:56:12]     T3 19 fb planner 842 -> twin 897 (miss 66) OK (26 s)
[11:56:12]   route 08: REPAIR -- deepest T6 21 failed; bisecting
[11:56:15]       bisect prefix 10/21: OK (twin 681 vs planner 737, miss 13 km, 3 s)
[11:56:26]       bisect prefix 16/21: OK (twin 817 vs planner 844, miss 13 km, 11 s)
[11:56:37]       bisect prefix 18/21: OK (twin 823 vs planner 885, miss 10 km, 11 s)
[11:57:35]       bisect prefix 20/21: fail (twin None vs planner 910, miss 235406679 km, 59 s)
[11:58:15]       bisect prefix 19/21: OK (twin 847 vs planner 898, miss 8 km, 39 s)
[11:58:15]   route 08: failing leg 20 (target 244); last settling prefix 19; banning 244 and re-planning T6 (5 settles, 123 s)
[11:59:34]   route 08 T6-ban244: front 21:941 20:874 19:842 18:830 17:814 (80 s)
[11:59:48]     T6r 21 fb planner 941 -> twin 919 (miss 6) OK (14 s)
[11:59:48]   route 08: repair TOOK T6r 21 @ 919 (was 20 @ 855)
[11:59:48] route 08: TOOK T6r 21 fb @ 919 kg; covered 278, sum J_i 10.7627 (771 s)
[11:59:48] PASS {"covered": 278, "sumJi": 10.7627, "J": 32.7627, "depths": [48, 42, 39, 36, 34, 31, 27, 21], "tanks": [1048, 993, 1038, 930, 880, 938, 1079, 919], "n_routes": 8, "wall_s": 2246}
