[10:02:32] pass start: {'out': 'results/s13/g0/pass_repro', 'start': 'results/s13/seed_passes/N6a', 'keep': '01,02,03,04,05', 'prem': '', 'delta': 0.0, 'dvt': 1.8, 'beam': 100, 'npt': 6, 'mc': 150, 'tail_from': 6, 'members': 'T1,T2,T3,T5,T6', 'kappa': 90.0, 'cap_head': 1050.0, 'cap_tail': 1050.0, 'grid': '0,800,20', 'pilot': 0, 'seed': 0, 'jitter': 0.0, 'nproc': 4, 'repair': False, 'n': 8, 'cache': 'results/s13/gen/cache', 'choice': 'lex', 'settle_timeout': 40.0}; lambda {'n_prem': 0, 'n_pos': 0, 'n_neg': 0, 'mean': 0.0, 'max': 0.0, 'prize_min': 1.0, 'prize_max': 1.0, 'sha1': '97d55e5d2061', 'src': 'delta 0.0 on gc16 hard set', 'jitter': 0.0, 'seed': 0}; kept 5 routes, covered 199, J 107.7263; 01:48@1048 03:42@993 02:39@1039 04:36@930 05:34@881
[10:02:32]   route 06 T1: pool 99, front 26:874 25:825 24:807 23:792 22:789 (94 s, cached)
[10:02:32]   route 06 T2: pool 99, front 29:904 28:892 27:871 26:866 25:837 (113 s, cached)
[10:02:32]   route 06 T3: pool 99, front 32:1008 31:922 30:908 29:886 28:881 (132 s, cached)
[10:02:32]   route 06 T5: pool 99, front 30:945 29:932 28:869 27:839 26:820 (115 s, cached)
[10:02:32]   route 06 T6: pool 99, front 31:995 30:975 29:961 28:889 27:850 (149 s, cached)
[10:03:21]     T3 32 fb planner 1008 -> twin None (miss inf) fail (40 s)
[10:03:21]     T3 31 fb planner 922 -> twin 938 (miss 66) OK (7 s)
[10:03:21]     T6 31 fb planner 995 -> twin None (miss inf) fail (40 s)
[10:03:21]     T3 30 fb planner 908 -> twin 912 (miss 38) OK (9 s)
[10:03:21]     T5 30 fb planner 945 -> twin 912 (miss 50) OK (15 s)
[10:03:21]     T6 30 fb planner 975 -> twin None (miss inf) fail (40 s)
[10:03:21] route 06: TOOK T3 31 fb @ 938 kg; covered 230, sum J_i 8.0262 (49 s)
[10:06:29]   route 07 T1: pool 68, front 22:800 21:771 20:765 19:753 18:740 (76 s)
[10:06:29]   route 07 T2: pool 68, front 23:821 22:801 21:782 20:771 19:749 (115 s)
[10:06:29]   route 07 T3: pool 68, front 25:997 24:879 23:830 22:817 21:809 (112 s)
[10:06:29]   route 07 T5: pool 68, front 23:817 22:788 21:766 20:753 19:724 (116 s)
[10:06:29]   route 07 T6: pool 68, front 27:1015 26:954 25:945 24:935 23:911 (150 s)
[10:07:12]     T6 27 fb planner 1015 -> twin 1067 (miss 2) over cap (17 s)
[10:07:12]     T6 26 fb planner 954 -> twin None (miss inf) fail (40 s)
[10:07:12]     T6 25 fb planner 945 -> twin 949 (miss 34) OK (16 s)
[10:07:12]     T3 25 fb planner 997 -> twin 1042 (miss 81) OK (14 s)
[10:07:12]     T3 24 fb planner 879 -> twin 843 (miss 7) OK (12 s)
[10:07:12]     T6 24 fb planner 935 -> twin 894 (miss 19) OK (27 s)
[10:07:12] route 07: TOOK T6 25 fb @ 949 kg; covered 255, sum J_i 9.3379 (230 s)
[10:08:43]   route 08 T1: pool 43, front 8:660 7:653 6:641 5:631 4:620 (22 s)
[10:08:43]   route 08 T2: pool 43, front 18:790 17:773 16:757 15:736 14:730 (58 s)
[10:08:43]   route 08 T3: pool 43, front 20:879 19:858 18:820 17:803 16:787 (71 s)
[10:08:43]   route 08 T5: pool 43, front 19:822 18:808 17:769 16:755 15:747 (52 s)
[10:08:43]   route 08 T6: pool 43, front 22:953 21:907 20:881 19:843 18:806 (91 s)
[10:10:03]     T6 22 fb planner 953 -> twin None (miss inf) fail (40 s)
[10:10:03]     T6 21 fb planner 907 -> twin None (miss inf) fail (40 s)
[10:10:03]     T3 20 fb planner 879 -> twin None (miss inf) fail (40 s)
[10:10:03]     T6 20 fb planner 881 -> twin None (miss inf) fail (40 s)
[10:10:03]     T5 19 fb planner 822 -> twin None (miss inf) fail (40 s)
[10:10:03]     T6 19 fb planner 843 -> twin None (miss inf) fail (40 s)
[10:10:57]     T3 19 fb planner 858 -> twin None (miss inf) fail (40 s)
[10:10:57]     T2 18 fb planner 790 -> twin 772 (miss 102) OK (39 s)
[10:10:57]     T6 18 fb planner 806 -> twin 2223 (miss 77) fail (12 s)
[10:10:57]     T5 18 fb planner 808 -> twin None (miss inf) fail (40 s)
[10:10:57]     T3 18 fb planner 820 -> twin None (miss inf) fail (40 s)
[10:10:57]     T5 17 fb planner 769 -> twin 817 (miss 49) OK (15 s)
[10:10:57] route 08: TOOK T2 18 fb @ 772 kg; covered 273, sum J_i 10.4757 (226 s)
[10:10:57] PASS {"covered": 273, "sumJi": 10.4757, "J": 37.4757, "depths": [48, 39, 42, 36, 34, 31, 25, 18], "tanks": [1048, 1039, 993, 930, 881, 938, 949, 772], "n_routes": 8, "wall_s": 505}
