[17:33:06] === s14_lookback free 00: pool 37; L 3 beam 100 over 1.5 roots 300 dvcap 3.0 drmax 1.0 mcap 1100.0 (tcap 0.675) tofs 74 npt 2 mc 80 w_fuel 0.5197 ref 6/100.0/1000.0/rho 30.0; source 918.2 kg
[17:33:19] roots: 1327 launch legs -> 291 kept (max root miss 0.2 km)
[17:33:29] depth  2: 291 parents -> 2793 children (1724 unique) -> refined 150, ok 136, kept 100; t_end 179-710 d, tank 603-654; best 2 @ 603.1 kg (price 5.7 s, refine 5.1 s)
[17:33:39] depth  3: 100 parents -> 1318 children (1195 unique) -> refined 150, ok 146, kept 100; t_end 320-734 d, tank 610-680; best 3 @ 609.6 kg (price 2.8 s, refine 6.8 s)
[17:33:49] depth  4: 100 parents -> 1312 children (1268 unique) -> refined 150, ok 147, kept 100; t_end 458-890 d, tank 617-706; best 4 @ 616.8 kg (price 3.2 s, refine 7.3 s)
[17:33:59] depth  5: 100 parents -> 1254 children (1236 unique) -> refined 150, ok 149, kept 100; t_end 556-1030 d, tank 626-713; best 5 @ 625.8 kg (price 3.0 s, refine 6.6 s)
[17:34:08] depth  6: 100 parents -> 1201 children (1164 unique) -> refined 150, ok 149, kept 100; t_end 637-1164 d, tank 635-766; best 6 @ 635.2 kg (price 2.5 s, refine 6.3 s)
[17:34:16] depth  7: 100 parents -> 1224 children (1167 unique) -> refined 150, ok 150, kept 100; t_end 904-1187 d, tank 646-731; best 7 @ 646.4 kg (price 2.7 s, refine 5.0 s)
[17:34:22] depth  8: 100 parents -> 1194 children (1154 unique) -> refined 150, ok 150, kept 100; t_end 949-1325 d, tank 653-758; best 8 @ 652.8 kg (price 2.6 s, refine 4.1 s)
[17:34:29] depth  9: 100 parents -> 1224 children (1208 unique) -> refined 150, ok 150, kept 100; t_end 1092-1425 d, tank 657-747; best 9 @ 656.8 kg (price 2.6 s, refine 4.3 s)
[17:34:36] depth 10: 100 parents -> 1065 children (1059 unique) -> refined 150, ok 145, kept 100; t_end 1164-1431 d, tank 662-760; best 10 @ 662.2 kg (price 2.2 s, refine 4.4 s)
[17:34:43] depth 11: 100 parents -> 946 children (931 unique) -> refined 150, ok 133, kept 100; t_end 1253-1431 d, tank 674-775; best 11 @ 673.6 kg (price 2.1 s, refine 4.6 s)
[17:34:49] depth 12: 100 parents -> 864 children (858 unique) -> refined 150, ok 142, kept 100; t_end 1324-1707 d, tank 682-825; best 12 @ 681.5 kg (price 1.8 s, refine 4.7 s)
[17:34:56] depth 13: 100 parents -> 772 children (770 unique) -> refined 150, ok 149, kept 100; t_end 1393-1926 d, tank 704-823; best 13 @ 704.3 kg (price 1.7 s, refine 5.6 s)
[17:35:04] depth 14: 100 parents -> 813 children (807 unique) -> refined 150, ok 144, kept 100; t_end 1423-2050 d, tank 711-858; best 14 @ 710.9 kg (price 1.7 s, refine 6.0 s)
[17:35:13] depth 15: 100 parents -> 774 children (760 unique) -> refined 150, ok 148, kept 100; t_end 1708-2144 d, tank 726-889; best 15 @ 726.4 kg (price 1.8 s, refine 7.2 s)
[17:35:22] depth 16: 100 parents -> 712 children (701 unique) -> refined 150, ok 150, kept 100; t_end 1894-2403 d, tank 744-905; best 16 @ 743.5 kg (price 1.8 s, refine 6.7 s)
[17:35:30] depth 17: 100 parents -> 905 children (900 unique) -> refined 150, ok 150, kept 100; t_end 2043-2632 d, tank 745-970; best 17 @ 745.3 kg (price 1.8 s, refine 6.7 s)
[17:35:39] depth 18: 100 parents -> 988 children (984 unique) -> refined 150, ok 149, kept 100; t_end 2093-2818 d, tank 748-1017; best 18 @ 748.2 kg (price 2.1 s, refine 6.2 s)
[17:35:47] depth 19: 100 parents -> 845 children (834 unique) -> refined 150, ok 147, kept 100; t_end 2236-2918 d, tank 759-1060; best 19 @ 759.0 kg (price 2.0 s, refine 6.3 s)
[17:35:55] depth 20: 100 parents -> 681 children (663 unique) -> refined 150, ok 148, kept 100; t_end 2509-2997 d, tank 769-1032; best 20 @ 768.8 kg (price 1.9 s, refine 5.9 s)
[17:36:02] depth 21: 100 parents -> 602 children (574 unique) -> refined 150, ok 150, kept 100; t_end 2747-3254 d, tank 791-1000; best 21 @ 790.9 kg (price 1.6 s, refine 6.2 s)
[17:36:11] depth 22: 100 parents -> 600 children (565 unique) -> refined 150, ok 150, kept 100; t_end 2883-3523 d, tank 796-1074; best 22 @ 796.2 kg (price 1.5 s, refine 6.6 s)
[17:36:19] depth 23: 100 parents -> 645 children (605 unique) -> refined 150, ok 149, kept 100; t_end 3186-3700 d, tank 821-1059; best 23 @ 821.3 kg (price 1.7 s, refine 6.8 s)
[17:36:28] depth 24: 100 parents -> 719 children (688 unique) -> refined 150, ok 149, kept 100; t_end 3336-3838 d, tank 834-1071; best 24 @ 833.6 kg (price 1.7 s, refine 6.8 s)
[17:36:36] depth 25: 100 parents -> 672 children (647 unique) -> refined 150, ok 140, kept 100; t_end 3514-4120 d, tank 841-1126; best 25 @ 841.0 kg (price 1.8 s, refine 6.5 s)
[17:36:44] depth 26: 100 parents -> 623 children (588 unique) -> refined 150, ok 147, kept 100; t_end 3624-4199 d, tank 861-1168; best 26 @ 861.0 kg (price 1.9 s, refine 6.3 s)
[17:36:51] depth 27: 100 parents -> 686 children (637 unique) -> refined 150, ok 145, kept 100; t_end 4059-4433 d, tank 864-1054; best 27 @ 864.0 kg (price 1.6 s, refine 5.7 s)
[17:36:59] depth 28: 100 parents -> 698 children (652 unique) -> refined 150, ok 150, kept 100; t_end 4134-4533 d, tank 876-1104; best 28 @ 876.1 kg (price 1.4 s, refine 6.2 s)
[17:37:07] depth 29: 100 parents -> 593 children (574 unique) -> refined 150, ok 149, kept 100; t_end 4343-4665 d, tank 894-1093; best 29 @ 893.6 kg (price 1.4 s, refine 6.1 s)
[17:37:14] depth 30: 100 parents -> 446 children (416 unique) -> refined 150, ok 150, kept 100; t_end 4468-4896 d, tank 910-1106; best 30 @ 909.6 kg (price 1.3 s, refine 6.0 s)
[17:37:22] depth 31: 100 parents -> 362 children (330 unique) -> refined 150, ok 150, kept 100; t_end 4638-5030 d, tank 916-1182; best 31 @ 915.9 kg (price 1.2 s, refine 6.6 s)
[17:37:30] depth 32: 100 parents -> 302 children (278 unique) -> refined 150, ok 150, kept 100; t_end 4808-5377 d, tank 928-1240; best 32 @ 927.5 kg (price 0.9 s, refine 6.9 s)
[17:37:37] depth 33: 100 parents -> 251 children (216 unique) -> refined 150, ok 149, kept 100; t_end 4994-5454 d, tank 931-1296; best 33 @ 930.9 kg (price 0.7 s, refine 7.1 s)
[17:37:41] depth 34: 100 parents -> 113 children (76 unique) -> refined 76, ok 76, kept 70; t_end 5255-5466 d, tank 949-1353; best 34 @ 949.2 kg (price 0.3 s, refine 3.4 s)
[17:37:42] depth 35: 70 parents -> 32 children (22 unique) -> refined 22, ok 22, kept 19; t_end 5358-5456 d, tank 970-1358; best 35 @ 969.9 kg (price 0.1 s, refine 0.9 s)
[17:37:42] depth 36: 19 parents -> 2 children (2 unique) -> refined 2, ok 2, kept 2; t_end 5449-5452 d, tank 1237-1270; best 36 @ 1236.9 kg (price 0.0 s, refine 0.1 s)
[17:37:42] depth 37: 2 parents -> 0 children (0 unique) -> refined 0, ok 0, kept 0; best 36 @ 1236.9 kg (price 0.0 s, refine 0.0 s)
[17:37:42] PLANNED 00: 36/37 @ 1236.9 kg (max miss 24 km); end {'kind': 'no_children', 'depth': 36, 'time_left_d': np.float64(26.5)}; refines 4900 (4810 ok); wall 264 s
[17:37:54]   settle depth 36 alt 0: planned 1236.9 kg (max miss 24 km) -> twin 1063.6 kg, miss 43 km [B; A 1179.92 B 1063.58/42.6 km] (12 s)
[17:37:54] RESULT 00: settled 36/37 @ 1063.6 kg (12.88 kg/fb, J_i 1.4408); planned 1236.9 kg; total wall 288 s
