[17:35:45] === s14_lookback free 03: pool 30; L 3 beam 100 over 1.5 roots 300 dvcap 3.0 drmax 1.0 mcap 1100.0 (tcap 0.675) tofs 74 npt 2 mc 80 w_fuel 0.5197 ref 6/100.0/1000.0/rho 30.0; source 795.3 kg
[17:35:57] roots: 1599 launch legs -> 246 kept (max root miss 0.3 km)
[17:36:06] depth  2: 246 parents -> 2074 children (1379 unique) -> refined 150, ok 138, kept 100; t_end 345-756 d, tank 604-658; best 2 @ 604.4 kg (price 4.2 s, refine 5.2 s)
[17:36:14] depth  3: 100 parents -> 1114 children (1011 unique) -> refined 150, ok 148, kept 100; t_end 393-861 d, tank 608-694; best 3 @ 608.4 kg (price 2.3 s, refine 6.2 s)
[17:36:23] depth  4: 100 parents -> 1036 children (948 unique) -> refined 150, ok 150, kept 100; t_end 497-985 d, tank 612-703; best 4 @ 612.5 kg (price 2.2 s, refine 6.0 s)
[17:36:30] depth  5: 100 parents -> 947 children (886 unique) -> refined 150, ok 150, kept 100; t_end 562-1001 d, tank 627-717; best 5 @ 626.9 kg (price 2.1 s, refine 5.7 s)
[17:36:39] depth  6: 100 parents -> 870 children (812 unique) -> refined 150, ok 150, kept 100; t_end 794-1167 d, tank 642-736; best 6 @ 641.6 kg (price 2.2 s, refine 5.9 s)
[17:36:46] depth  7: 100 parents -> 828 children (743 unique) -> refined 150, ok 149, kept 100; t_end 893-1297 d, tank 653-770; best 7 @ 652.9 kg (price 2.0 s, refine 5.7 s)
[17:36:54] depth  8: 100 parents -> 750 children (707 unique) -> refined 150, ok 149, kept 100; t_end 1158-1507 d, tank 662-767; best 8 @ 661.7 kg (price 1.8 s, refine 6.2 s)
[17:37:03] depth  9: 100 parents -> 778 children (760 unique) -> refined 150, ok 150, kept 100; t_end 1286-1620 d, tank 668-781; best 9 @ 668.2 kg (price 2.0 s, refine 6.4 s)
[17:37:11] depth 10: 100 parents -> 826 children (800 unique) -> refined 150, ok 150, kept 100; t_end 1466-1771 d, tank 683-798; best 10 @ 683.1 kg (price 1.9 s, refine 7.0 s)
[17:37:20] depth 11: 100 parents -> 938 children (885 unique) -> refined 150, ok 150, kept 100; t_end 1567-2023 d, tank 683-822; best 11 @ 683.1 kg (price 1.9 s, refine 6.7 s)
[17:37:29] depth 12: 100 parents -> 1082 children (1003 unique) -> refined 150, ok 149, kept 100; t_end 1757-2209 d, tank 692-838; best 12 @ 692.2 kg (price 2.1 s, refine 6.7 s)
[17:37:37] depth 13: 100 parents -> 1172 children (1025 unique) -> refined 150, ok 139, kept 100; t_end 1928-2440 d, tank 700-834; best 13 @ 700.5 kg (price 2.2 s, refine 6.2 s)
[17:37:46] depth 14: 100 parents -> 843 children (763 unique) -> refined 150, ok 149, kept 100; t_end 2027-2561 d, tank 708-904; best 14 @ 708.5 kg (price 1.9 s, refine 6.6 s)
[17:37:54] depth 15: 100 parents -> 758 children (708 unique) -> refined 150, ok 150, kept 100; t_end 2084-2770 d, tank 717-931; best 15 @ 717.1 kg (price 1.9 s, refine 6.7 s)
[17:38:02] depth 16: 100 parents -> 555 children (535 unique) -> refined 150, ok 147, kept 100; t_end 2512-2896 d, tank 727-872; best 16 @ 726.6 kg (price 1.6 s, refine 6.5 s)
[17:38:11] depth 17: 100 parents -> 509 children (499 unique) -> refined 150, ok 150, kept 100; t_end 2576-3210 d, tank 734-971; best 17 @ 733.9 kg (price 1.6 s, refine 6.7 s)
[17:38:19] depth 18: 100 parents -> 579 children (563 unique) -> refined 150, ok 149, kept 100; t_end 2873-3397 d, tank 748-932; best 18 @ 747.9 kg (price 1.4 s, refine 6.6 s)
[17:38:28] depth 19: 100 parents -> 533 children (501 unique) -> refined 150, ok 150, kept 100; t_end 3079-3527 d, tank 774-950; best 19 @ 773.8 kg (price 1.4 s, refine 7.9 s)
[17:38:37] depth 20: 100 parents -> 524 children (500 unique) -> refined 150, ok 142, kept 100; t_end 3205-3815 d, tank 787-972; best 20 @ 786.7 kg (price 1.3 s, refine 7.9 s)
[17:38:46] depth 21: 100 parents -> 431 children (411 unique) -> refined 150, ok 148, kept 100; t_end 3338-3870 d, tank 804-1023; best 21 @ 804.4 kg (price 1.2 s, refine 7.8 s)
[17:38:55] depth 22: 100 parents -> 410 children (375 unique) -> refined 150, ok 150, kept 100; t_end 3632-4063 d, tank 814-1049; best 22 @ 813.6 kg (price 1.2 s, refine 7.5 s)
[17:39:03] depth 23: 100 parents -> 370 children (330 unique) -> refined 150, ok 150, kept 100; t_end 3846-4270 d, tank 821-1049; best 23 @ 821.2 kg (price 1.3 s, refine 7.4 s)
[17:39:11] depth 24: 100 parents -> 354 children (300 unique) -> refined 150, ok 150, kept 100; t_end 4031-4500 d, tank 826-1058; best 24 @ 826.2 kg (price 1.1 s, refine 6.5 s)
[17:39:19] depth 25: 100 parents -> 397 children (320 unique) -> refined 150, ok 150, kept 100; t_end 4225-4754 d, tank 831-1055; best 25 @ 831.1 kg (price 1.1 s, refine 7.3 s)
[17:39:27] depth 26: 100 parents -> 369 children (344 unique) -> refined 150, ok 150, kept 100; t_end 4409-4906 d, tank 832-1112; best 26 @ 832.5 kg (price 1.0 s, refine 7.1 s)
[17:39:35] depth 27: 100 parents -> 371 children (345 unique) -> refined 150, ok 150, kept 100; t_end 4623-5201 d, tank 849-1151; best 27 @ 849.2 kg (price 1.0 s, refine 6.4 s)
[17:39:43] depth 28: 100 parents -> 339 children (225 unique) -> refined 150, ok 150, kept 100; t_end 4874-5426 d, tank 864-1122; best 28 @ 863.5 kg (price 0.8 s, refine 7.5 s)
[17:39:46] depth 29: 100 parents -> 128 children (59 unique) -> refined 59, ok 59, kept 52; t_end 5315-5439 d, tank 878-1172; best 29 @ 878.1 kg (price 0.5 s, refine 2.4 s)
[17:39:46] depth 30: 52 parents -> 11 children (4 unique) -> refined 4, ok 4, kept 4; t_end 5412-5435 d, tank 902-1117; best 30 @ 902.3 kg (price 0.1 s, refine 0.2 s)
[17:39:46] PLANNED 03: 30/30 @ 902.3 kg (max miss 51 km); end {'kind': 'pool_exhausted', 'depth': 30}; refines 4113 (4070 ok); wall 230 s
[17:39:50]   settle depth 30 alt 0: planned 902.3 kg (max miss 51 km) -> twin 809.5 kg, miss 9 km [B; A 902.32 B 809.48/9.3 km] (4 s)
[17:39:50] RESULT 03: settled 30/30 @ 809.5 kg (6.98 kg/fb, J_i 1.1720); planned 902.3 kg; total wall 245 s
