[17:38:15] === s14_lookback free 05: pool 28; L 3 beam 100 over 1.5 roots 300 dvcap 3.0 drmax 1.0 mcap 1100.0 (tcap 0.675) tofs 74 npt 2 mc 80 w_fuel 0.5197 ref 6/100.0/1000.0/rho 30.0; source 976.3 kg
[17:38:28] roots: 1140 launch legs -> 193 kept (max root miss 0.1 km)
[17:38:37] depth  2: 193 parents -> 1458 children (897 unique) -> refined 150, ok 141, kept 100; t_end 360-761 d, tank 602-659; best 2 @ 602.4 kg (price 2.9 s, refine 5.7 s)
[17:38:46] depth  3: 100 parents -> 796 children (682 unique) -> refined 150, ok 148, kept 100; t_end 480-920 d, tank 613-714; best 3 @ 613.1 kg (price 1.9 s, refine 7.5 s)
[17:38:56] depth  4: 100 parents -> 744 children (642 unique) -> refined 150, ok 147, kept 100; t_end 683-1164 d, tank 619-726; best 4 @ 618.9 kg (price 1.7 s, refine 7.6 s)
[17:39:05] depth  5: 100 parents -> 558 children (504 unique) -> refined 150, ok 147, kept 100; t_end 732-1331 d, tank 633-745; best 5 @ 633.0 kg (price 1.7 s, refine 7.5 s)
[17:39:13] depth  6: 100 parents -> 705 children (664 unique) -> refined 150, ok 147, kept 100; t_end 1015-1532 d, tank 640-773; best 6 @ 640.1 kg (price 1.7 s, refine 6.9 s)
[17:39:22] depth  7: 100 parents -> 605 children (571 unique) -> refined 150, ok 145, kept 100; t_end 1163-1645 d, tank 651-782; best 7 @ 651.4 kg (price 1.6 s, refine 7.1 s)
[17:39:32] depth  8: 100 parents -> 616 children (559 unique) -> refined 150, ok 148, kept 100; t_end 1372-1866 d, tank 655-803; best 8 @ 654.7 kg (price 1.5 s, refine 7.9 s)
[17:39:41] depth  9: 100 parents -> 577 children (525 unique) -> refined 150, ok 143, kept 100; t_end 1565-1967 d, tank 682-819; best 9 @ 681.9 kg (price 1.5 s, refine 7.6 s)
[17:39:49] depth 10: 100 parents -> 422 children (399 unique) -> refined 150, ok 147, kept 100; t_end 1705-2192 d, tank 712-861; best 10 @ 712.4 kg (price 1.4 s, refine 7.1 s)
[17:39:58] depth 11: 100 parents -> 446 children (430 unique) -> refined 150, ok 150, kept 100; t_end 1848-2441 d, tank 720-930; best 11 @ 720.4 kg (price 1.2 s, refine 7.9 s)
[17:40:08] depth 12: 100 parents -> 408 children (399 unique) -> refined 150, ok 146, kept 100; t_end 1948-2590 d, tank 752-955; best 12 @ 751.7 kg (price 1.3 s, refine 7.9 s)
[17:40:16] depth 13: 100 parents -> 447 children (436 unique) -> refined 150, ok 149, kept 100; t_end 2186-2823 d, tank 764-948; best 13 @ 763.9 kg (price 1.3 s, refine 7.6 s)
[17:40:26] depth 14: 100 parents -> 422 children (388 unique) -> refined 150, ok 146, kept 100; t_end 2366-3032 d, tank 770-1017; best 14 @ 770.2 kg (price 1.3 s, refine 7.8 s)
[17:40:34] depth 15: 100 parents -> 418 children (384 unique) -> refined 150, ok 150, kept 100; t_end 2731-3300 d, tank 778-999; best 15 @ 778.2 kg (price 1.2 s, refine 7.1 s)
[17:40:42] depth 16: 100 parents -> 404 children (376 unique) -> refined 150, ok 149, kept 100; t_end 2897-3446 d, tank 803-1046; best 16 @ 803.4 kg (price 1.2 s, refine 7.2 s)
[17:40:50] depth 17: 100 parents -> 334 children (320 unique) -> refined 150, ok 149, kept 100; t_end 3072-3677 d, tank 804-1083; best 17 @ 804.2 kg (price 1.0 s, refine 6.9 s)
[17:40:59] depth 18: 100 parents -> 197 children (196 unique) -> refined 150, ok 150, kept 100; t_end 3186-3966 d, tank 815-1190; best 18 @ 815.2 kg (price 0.9 s, refine 8.3 s)
[17:41:10] depth 19: 100 parents -> 211 children (199 unique) -> refined 150, ok 150, kept 100; t_end 3363-4266 d, tank 816-1269; best 19 @ 815.7 kg (price 0.9 s, refine 9.8 s)
[17:41:20] depth 20: 100 parents -> 201 children (184 unique) -> refined 150, ok 148, kept 100; t_end 3702-4596 d, tank 846-1328; best 20 @ 846.4 kg (price 0.9 s, refine 9.1 s)
[17:41:34] depth 21: 100 parents -> 192 children (168 unique) -> refined 150, ok 150, kept 100; t_end 3872-5047 d, tank 845-1350; best 21 @ 844.8 kg (price 1.1 s, refine 12.4 s)
[17:41:45] depth 22: 100 parents -> 216 children (197 unique) -> refined 150, ok 150, kept 100; t_end 4255-5171 d, tank 876-1470; best 22 @ 876.2 kg (price 0.9 s, refine 10.6 s)
[17:41:56] depth 23: 100 parents -> 228 children (210 unique) -> refined 150, ok 143, kept 100; t_end 4547-5390 d, tank 934-1396; best 23 @ 934.4 kg (price 0.8 s, refine 9.6 s)
[17:42:05] depth 24: 100 parents -> 190 children (174 unique) -> refined 150, ok 135, kept 100; t_end 4906-5438 d, tank 977-1314; best 24 @ 976.8 kg (price 0.6 s, refine 8.9 s)
[17:42:09] depth 25: 100 parents -> 93 children (83 unique) -> refined 83, ok 77, kept 73; t_end 5007-5451 d, tank 1019-1383; best 25 @ 1018.7 kg (price 0.3 s, refine 3.8 s)
[17:42:10] depth 26: 73 parents -> 27 children (27 unique) -> refined 27, ok 26, kept 26; t_end 5301-5463 d, tank 1032-1445; best 26 @ 1031.7 kg (price 0.1 s, refine 1.1 s)
[17:42:10] depth 27: 26 parents -> 2 children (2 unique) -> refined 2, ok 2, kept 2; t_end 5422-5435 d, tank 1339-1368; best 27 @ 1338.9 kg (price 0.0 s, refine 0.1 s)
[17:42:10] depth 28: 2 parents -> 0 children (0 unique) -> refined 0, ok 0, kept 0; best 27 @ 1338.9 kg (price 0.0 s, refine 0.0 s)
[17:42:10] PLANNED 05: 27/28 @ 1338.9 kg (max miss 1 km); end {'kind': 'no_children', 'depth': 27, 'time_left_d': np.float64(43.6)}; refines 3562 (3483 ok); wall 222 s
[17:42:21]   settle depth 27 alt 0: planned 1338.9 kg (max miss 0 km) -> twin 1158.1 kg, miss 14 km [B; A 1296.58 B 1158.12/13.7 km] (11 s)
[17:42:21] RESULT 05: settled 27/28 @ 1158.1 kg (20.67 kg/fb, J_i 1.5576); planned 1338.9 kg; total wall 246 s
