[17:39:54] === s14_lookback free 06: pool 27; L 3 beam 100 over 1.5 roots 300 dvcap 3.0 drmax 1.0 mcap 1100.0 (tcap 0.675) tofs 74 npt 2 mc 80 w_fuel 0.5197 ref 6/100.0/1000.0/rho 30.0; source 791.9 kg
[17:40:07] roots: 652 launch legs -> 140 kept (max root miss 0.0 km)
[17:40:14] depth  2: 140 parents -> 1097 children (784 unique) -> refined 150, ok 136, kept 100; t_end 382-789 d, tank 604-652; best 2 @ 604.0 kg (price 1.8 s, refine 5.3 s)
[17:40:23] depth  3: 100 parents -> 1042 children (905 unique) -> refined 150, ok 140, kept 100; t_end 535-914 d, tank 613-686; best 3 @ 613.2 kg (price 1.9 s, refine 6.8 s)
[17:40:31] depth  4: 100 parents -> 939 children (894 unique) -> refined 150, ok 150, kept 100; t_end 634-1106 d, tank 619-713; best 4 @ 619.3 kg (price 1.8 s, refine 6.3 s)
[17:40:39] depth  5: 100 parents -> 878 children (813 unique) -> refined 150, ok 144, kept 100; t_end 799-1206 d, tank 625-734; best 5 @ 624.8 kg (price 1.5 s, refine 6.5 s)
[17:40:47] depth  6: 100 parents -> 746 children (677 unique) -> refined 150, ok 143, kept 100; t_end 916-1365 d, tank 640-731; best 6 @ 639.8 kg (price 1.9 s, refine 6.4 s)
[17:40:55] depth  7: 100 parents -> 625 children (591 unique) -> refined 150, ok 144, kept 100; t_end 1051-1507 d, tank 652-761; best 7 @ 651.9 kg (price 1.4 s, refine 6.0 s)
[17:41:02] depth  8: 100 parents -> 545 children (527 unique) -> refined 150, ok 146, kept 100; t_end 1133-1682 d, tank 659-800; best 8 @ 659.3 kg (price 1.3 s, refine 5.8 s)
[17:41:11] depth  9: 100 parents -> 548 children (519 unique) -> refined 150, ok 150, kept 100; t_end 1316-1893 d, tank 672-854; best 9 @ 672.4 kg (price 1.4 s, refine 8.2 s)
[17:41:19] depth 10: 100 parents -> 477 children (444 unique) -> refined 150, ok 149, kept 100; t_end 1490-2215 d, tank 676-903; best 10 @ 676.0 kg (price 1.2 s, refine 6.7 s)
[17:41:30] depth 11: 100 parents -> 499 children (479 unique) -> refined 150, ok 150, kept 100; t_end 1668-2304 d, tank 684-915; best 11 @ 683.7 kg (price 1.3 s, refine 9.8 s)
[17:41:38] depth 12: 100 parents -> 463 children (435 unique) -> refined 150, ok 150, kept 100; t_end 1837-2467 d, tank 700-908; best 12 @ 700.0 kg (price 1.3 s, refine 6.7 s)
[17:41:46] depth 13: 100 parents -> 439 children (413 unique) -> refined 150, ok 150, kept 100; t_end 2214-2731 d, tank 704-895; best 13 @ 704.4 kg (price 1.0 s, refine 6.7 s)
[17:41:54] depth 14: 100 parents -> 349 children (327 unique) -> refined 150, ok 150, kept 100; t_end 2230-2879 d, tank 710-953; best 14 @ 709.5 kg (price 0.9 s, refine 7.2 s)
[17:42:02] depth 15: 100 parents -> 395 children (370 unique) -> refined 150, ok 150, kept 100; t_end 2699-3169 d, tank 710-902; best 15 @ 710.3 kg (price 0.9 s, refine 7.1 s)
[17:42:10] depth 16: 100 parents -> 381 children (339 unique) -> refined 150, ok 146, kept 100; t_end 2764-3397 d, tank 731-960; best 16 @ 731.2 kg (price 1.0 s, refine 7.0 s)
[17:42:20] depth 17: 100 parents -> 400 children (360 unique) -> refined 150, ok 135, kept 100; t_end 3117-3677 d, tank 727-945; best 17 @ 727.2 kg (price 1.0 s, refine 8.6 s)
[17:42:29] depth 18: 100 parents -> 296 children (262 unique) -> refined 150, ok 144, kept 100; t_end 3198-3926 d, tank 747-1050; best 18 @ 747.0 kg (price 1.3 s, refine 8.4 s)
[17:42:38] depth 19: 100 parents -> 250 children (222 unique) -> refined 150, ok 147, kept 100; t_end 3290-4080 d, tank 747-1091; best 19 @ 747.4 kg (price 1.0 s, refine 8.1 s)
[17:42:47] depth 20: 100 parents -> 204 children (184 unique) -> refined 150, ok 150, kept 100; t_end 3879-4374 d, tank 760-954; best 20 @ 759.5 kg (price 0.8 s, refine 7.7 s)
[17:42:55] depth 21: 100 parents -> 152 children (131 unique) -> refined 131, ok 131, kept 100; t_end 4056-4861 d, tank 774-1021; best 21 @ 774.0 kg (price 0.7 s, refine 7.3 s)
[17:43:05] depth 22: 100 parents -> 208 children (195 unique) -> refined 150, ok 149, kept 100; t_end 4320-5110 d, tank 775-1062; best 22 @ 774.6 kg (price 0.8 s, refine 9.3 s)
[17:43:14] depth 23: 100 parents -> 243 children (201 unique) -> refined 150, ok 150, kept 100; t_end 4813-5266 d, tank 783-1025; best 23 @ 782.9 kg (price 0.7 s, refine 8.4 s)
[17:43:22] depth 24: 100 parents -> 141 children (109 unique) -> refined 109, ok 109, kept 96; t_end 5033-5461 d, tank 794-1090; best 24 @ 793.7 kg (price 0.5 s, refine 6.9 s)
[17:43:24] depth 25: 96 parents -> 42 children (26 unique) -> refined 26, ok 26, kept 22; t_end 5233-5467 d, tank 808-1065; best 25 @ 807.9 kg (price 0.3 s, refine 1.9 s)
[17:43:24] depth 26: 22 parents -> 5 children (3 unique) -> refined 3, ok 3, kept 3; t_end 5454-5470 d, tank 844-944; best 26 @ 843.7 kg (price 0.0 s, refine 0.2 s)
[17:43:24] depth 27: 3 parents -> 0 children (0 unique) -> refined 0, ok 0, kept 0; best 26 @ 843.7 kg (price 0.0 s, refine 0.0 s)
[17:43:24] PLANNED 06: 26/27 @ 843.7 kg (max miss 7 km); end {'kind': 'no_children', 'depth': 26, 'time_left_d': np.float64(8.8)}; refines 3419 (3342 ok); wall 197 s
[17:43:29]   settle depth 26 alt 0: planned 843.7 kg (max miss 7 km) -> twin 797.0 kg, miss 33 km [B; A 843.69 B 796.99/33.2 km] (5 s)
[17:43:29] RESULT 06: settled 26/27 @ 797.0 kg (7.58 kg/fb, J_i 1.1605); planned 843.7 kg; total wall 215 s
