==============================================================================
validator2  --  results/CTOC14_Result_t10d.txt
==============================================================================
rows: 52791   segments integrated: 52781   runtime: 36.9 s
SC 1: rows=5491 arcs=1 samples=5452 flyby_rows=37  m0=919.891837 kg  m_final=600.808382 kg  J_i=1.280704
      launch t=0.000 s  pos err=0.000000 km  v_inf=3.598152 km/s   end t=471052860.000 s   min row mass=600.808382 kg
      max seg err: pos=4.824799e-07 km  vel=6.235e-13 km/s  mass=3.016e-06 kg   max|T| sample=0.428365643 interp=0.443033082 N
SC 2: rows=5467 arcs=1 samples=5432 flyby_rows=33  m0=904.463311 kg  m_final=600.828036 kg  J_i=1.264769
      launch t=0.000 s  pos err=0.000000 km  v_inf=3.339421 km/s   end t=469324860.000 s   min row mass=600.828036 kg
      max seg err: pos=7.006573e-07 km  vel=2.628e-12 km/s  mass=2.433e-06 kg   max|T| sample=0.364607150 interp=0.387592811 N
SC 3: rows=4902 arcs=1 samples=4873 flyby_rows=27  m0=816.690602 kg  m_final=600.582963 kg  J_i=1.178736
      launch t=48384000.000 s  pos err=0.000000 km  v_inf=2.934927 km/s   end t=469411260.000 s   min row mass=600.582963 kg
      max seg err: pos=6.076594e-07 km  vel=2.615e-12 km/s  mass=7.492e-06 kg   max|T| sample=0.367864436 interp=0.391188909 N
SC 4: rows=5231 arcs=1 samples=5203 flyby_rows=26  m0=871.931801 kg  m_final=600.997576 kg  J_i=1.231965
      launch t=19008000.000 s  pos err=0.000000 km  v_inf=3.066679 km/s   end t=468547260.000 s   min row mass=600.997576 kg
      max seg err: pos=4.461803e-07 km  vel=1.140e-12 km/s  mass=1.611e-06 kg   max|T| sample=0.364641292 interp=0.386512203 N
SC 5: rows=5415 arcs=1 samples=5377 flyby_rows=36  m0=906.440360 kg  m_final=600.787621 kg  J_i=1.266797
      launch t=1728000.000 s  pos err=0.000000 km  v_inf=1.786931 km/s   end t=466300860.000 s   min row mass=600.787621 kg
      max seg err: pos=7.601847e-07 km  vel=1.748e-12 km/s  mass=1.070e-06 kg   max|T| sample=0.389389692 interp=0.411287287 N
SC 6: rows=5047 arcs=1 samples=5021 flyby_rows=24  m0=877.215268 kg  m_final=600.803199 kg  J_i=1.237219
      launch t=29376000.000 s  pos err=0.000000 km  v_inf=2.183501 km/s   end t=463190460.000 s   min row mass=600.803199 kg
      max seg err: pos=5.232748e-07 km  vel=2.257e-12 km/s  mass=5.572e-06 kg   max|T| sample=0.388609383 interp=0.402391945 N
SC 7: rows=5107 arcs=1 samples=5077 flyby_rows=28  m0=977.649034 kg  m_final=600.646054 kg  J_i=1.342514
      launch t=31104000.000 s  pos err=0.000000 km  v_inf=2.576172 km/s   end t=469756860.000 s   min row mass=600.646054 kg
      max seg err: pos=7.968454e-07 km  vel=1.157e-12 km/s  mass=4.981e-06 kg   max|T| sample=0.417413840 interp=0.434549131 N
SC 8: rows=5486 arcs=1 samples=5457 flyby_rows=27  m0=792.663003 kg  m_final=601.179679 kg  J_i=1.156555
      launch t=0.000 s  pos err=0.000000 km  v_inf=3.846431 km/s   end t=471484860.000 s   min row mass=601.179679 kg
      max seg err: pos=3.761068e-07 km  vel=1.601e-12 km/s  mass=2.381e-06 kg   max|T| sample=0.328006076 interp=0.346314882 N
SC 9: rows=5436 arcs=1 samples=5404 flyby_rows=30  m0=796.707349 kg  m_final=600.911506 kg  J_i=1.160247
      launch t=1728000.000 s  pos err=0.000000 km  v_inf=0.821888 km/s   end t=468633660.000 s   min row mass=600.911506 kg
      max seg err: pos=7.778151e-07 km  vel=3.516e-12 km/s  mass=1.020e-05 kg   max|T| sample=0.330438036 interp=0.341864116 N
SC 10: rows=5209 arcs=1 samples=5177 flyby_rows=30  m0=886.528596 kg  m_final=600.790143 kg  J_i=1.246550
      launch t=20736000.000 s  pos err=0.000000 km  v_inf=1.548144 km/s   end t=468028860.000 s   min row mass=600.790143 kg
      max seg err: pos=8.339181e-07 km  vel=5.630e-13 km/s  mass=1.694e-06 kg   max|T| sample=0.380970989 interp=0.400555953 N
global max errors: pos 8.339181e-07 km at (10, 52410, 52411) | vel 3.516e-12 km/s (3.516e-09 m/s) at (9, 44943, 44944) | mass 1.020e-05 kg at (9, 43435, 43436)
max |T| at samples 0.428365643 N at (1, 122); max interpolated |T(t)| 0.443033082 N (sc 1, from Line 122, t=10404506.861 s)
cross-checks: DOP853 vs universal-variable Kepler on coasts 3.332e-08 km; polynomial vs direct Lagrange 3.930e-14 N; DOP853 vs RK4(2000 steps) on worst thrust segments 4.472e-07 km
------------------------------------------------------------------------------
flybys (sc Line t[s] asteroid d[km] vrel[km/s] status):
   1     95      8047709.168  228        0.001    7.822 COUNTED
   1    212     18075621.166  163        0.925   22.708 COUNTED
   1    388     33220150.278   11        2.209   24.679 COUNTED
   1    607     52065508.854  111        5.271   18.488 COUNTED
   1    720     61759098.445   63        4.034   30.596 COUNTED
   1    889     76282540.133  126        1.612    8.302 COUNTED
   1    958     82082113.661  297        0.655   13.318 COUNTED
   1   1007     86293532.061   52        0.849   26.345 COUNTED
   1   1099     94149327.457   14        3.121   11.127 COUNTED
   1   1195    102334054.417  114       10.340   20.899 COUNTED
   1   1337    114536549.274   78       20.913   20.773 COUNTED
   1   1409    120676407.419  275       25.995   19.315 COUNTED
   1   1440    123246752.454  193       29.731   19.073 COUNTED
   1   1691    144863016.433   24       45.372   32.907 COUNTED
   1   2060    176631835.686   65       67.585   18.110 COUNTED
   1   2314    198530806.696  139       93.229   34.322 COUNTED
   1   2524    216526069.225  112      126.470   31.473 COUNTED
   1   2677    229674797.132  122      143.459    9.507 COUNTED
   1   2837    243468937.706  245      170.512   16.110 COUNTED
   1   2925    250974848.847  174      189.672   10.620 COUNTED
   1   3021    259147932.710  153      190.871   21.541 COUNTED
   1   3261    279836538.064  102      160.199   13.303 COUNTED
   1   3411    292664863.452  253      192.857   24.995 COUNTED
   1   3483    298796837.769   77      169.452   11.351 COUNTED
   1   3624    310902342.558   21      103.775   16.535 COUNTED
   1   3741    320945312.714  215       79.474   16.865 COUNTED
   1   3866    331617597.910  261       45.215   14.535 COUNTED
   1   4103    352062288.946  187       28.876   11.797 COUNTED
   1   4212    361375583.635  197       43.960   10.329 COUNTED
   1   4378    375597707.767   10      132.002   28.415 COUNTED
   1   4560    391258524.582   73      138.315   15.993 COUNTED
   1   4694    402731763.376  222      192.603   10.733 COUNTED
   1   4926    422713106.342  265      222.242   29.038 COUNTED
   1   5063    434435794.658    4      286.937   32.324 COUNTED
   1   5313    455942593.262  109      335.281   15.232 COUNTED
   1   5411    464333043.592  195      385.573   19.290 COUNTED
   1   5489    471047214.657  194      444.604   25.593 COUNTED
   2   5729     20406318.529  278        0.014   34.859 COUNTED
   2   5749     22070229.900  249        0.012   14.497 COUNTED
   2   6229     63457916.309  217        1.102   17.583 COUNTED
   2   6444     81964509.681  104        0.718   17.215 COUNTED
   2   6532     89443050.059  264        1.093   19.516 COUNTED
   2   6614     96422755.396  164        1.365   20.984 COUNTED
   2   6738    107108280.656  231        1.474   14.614 COUNTED
   2   6830    114941124.603  258        1.118   10.615 COUNTED
   2   6954    125578871.887   76        3.814   14.390 COUNTED
   2   6976    127383098.868  135        4.985   21.619 COUNTED
   2   7088    136992217.243  227        6.926   15.182 COUNTED
   2   7229    149122402.289   55       12.118   13.893 COUNTED
   2   7436    166853272.304   97       14.025   17.661 COUNTED
   2   7740    193077547.490  190       17.357   11.450 COUNTED
   2   7806    198651289.304   29       18.006   31.261 COUNTED
   2   7925    208875167.078  189       25.017   12.438 COUNTED
   2   8236    235665464.309   32       34.814    9.431 COUNTED
   2   8399    249635083.877  142       38.545   17.934 COUNTED
   2   8498    258101765.717  183       34.471   12.606 COUNTED
   2   8598    266695431.052   60       42.328   20.918 COUNTED
   2   8725    277597023.915   82       42.445   17.059 COUNTED
   2   8966    298326587.739   30       39.901   19.112 COUNTED
   2   9053    305728114.106   33       41.599   19.420 COUNTED
   2   9166    315430399.581  173       36.603   16.334 COUNTED
   2   9318    328434096.034   25       46.570   15.830 COUNTED
   2   9376    333415196.164  295       50.152   10.175 COUNTED
   2   9633    355485734.527  279       63.605   16.804 COUNTED
   2   9789    368884210.617  223       69.069   26.215 COUNTED
   2  10045    390928852.806   28       79.947    8.710 COUNTED
   2  10391    420740643.247   40       38.376   11.474 COUNTED
   2  10473    427696192.194   17       38.218   19.721 COUNTED
   2  10881    462923481.720  274       23.496   10.451 COUNTED
   2  10956    469255475.391  285       32.531   24.326 COUNTED
   3  11134     63445397.122  205        0.531   11.880 COUNTED
   3  11296     77364816.082  181        3.462    8.309 COUNTED
   3  11619    105179673.520  103        9.450   10.080 COUNTED
   3  11837    123973919.009  138       22.744   28.158 COUNTED
   3  12189    154251182.921  214       12.383   17.008 COUNTED
   3  12390    171548616.830  203        8.576   14.328 COUNTED
   3  12612    190662721.426  201       14.696   15.530 COUNTED
   3  12671    195680863.301   19       27.410   17.796 COUNTED
   3  12911    216279508.905   88        9.973   15.635 COUNTED
   3  13017    225393771.303   69        3.681    9.230 COUNTED
   3  13328    252151969.852  299       49.130   15.136 COUNTED
   3  13362    255008283.250  106       45.623   22.216 COUNTED
   3  13719    285758341.619  191       74.735   24.173 COUNTED
   3  13821    294470369.907  119       69.535   11.705 COUNTED
   3  14050    314221836.665   15      120.740   12.387 COUNTED
   3  14206    327557959.686  178      151.952   25.910 COUNTED
   3  14305    336040808.807  241      206.275   33.275 COUNTED
   3  14398    343983882.783   87      262.672   23.403 COUNTED
   3  14683    368521894.107    3      399.604   32.442 COUNTED
   3  14925    389326195.942   43      465.500   23.602 COUNTED
   3  15109    405142008.212  170      572.845   10.699 COUNTED
   3  15188    411889194.353   36      597.192   32.301 COUNTED
   3  15409    430891260.685   23      745.847   35.633 COUNTED
   3  15472    436287233.075  294      735.881    8.543 COUNTED
   3  15654    451877399.013  296      735.836   12.148 COUNTED
   3  15696    455462208.129   13      739.166   20.172 COUNTED
   3  15858    469353461.982  184      643.585   11.599 COUNTED
   4  16264     53817865.434  225        0.242   14.250 COUNTED
   4  16499     74023630.652   98        0.266   16.738 COUNTED
   4  16653     87252695.345   86        0.472   31.063 COUNTED
   4  16929    110991091.118  108        5.366   19.036 COUNTED
   4  17062    122345542.399  196        8.245   11.410 COUNTED
   4  17607    169369501.940  154       20.391    8.846 COUNTED
   4  17948    198736309.987  257       29.686   11.031 COUNTED
   4  18114    212988797.762   93       36.557   18.323 COUNTED
   4  18186    219122282.691  177       35.822   18.679 COUNTED
   4  18435    240582273.049  160       46.064    8.536 COUNTED
   4  18690    262516031.043  180       35.238   21.750 COUNTED
   4  18918    282117287.755  145       19.467   12.466 COUNTED
   4  19071    295239845.206  286       18.522   11.538 COUNTED
   4  19167    303508144.665  247        9.908    9.218 COUNTED
   4  19436    326597061.689   59       14.678   14.196 COUNTED
   4  19633    343564840.817  198        5.702   30.298 COUNTED
   4  19741    352848747.407    1        9.633   14.735 COUNTED
   4  19957    371380984.873  280       20.219   23.284 COUNTED
   4  20107    384257881.542   96        3.899   11.686 COUNTED
   4  20168    389443256.898  110        9.096   19.329 COUNTED
   4  20288    399766963.036   70       25.783    7.765 COUNTED
   4  20582    425005137.891  148       21.091   14.037 COUNTED
   4  20779    441965904.769  244       22.680   12.797 COUNTED
   4  20833    446595610.864   91       15.863    9.311 COUNTED
   4  20911    453243880.306   64       19.098   27.490 COUNTED
   4  21089    468527189.758   95       38.704   33.348 COUNTED
   5  21267     16818468.331   81        0.004   23.481 COUNTED
   5  21518     38429956.645   35        0.780   24.342 COUNTED
   5  21656     50266196.961  192        2.986   20.084 COUNTED
   5  21797     62315962.039  226        3.130   23.031 COUNTED
   5  21909     71968707.073  101        5.382   11.860 COUNTED
   5  22136     91427584.616   80        9.644   20.466 COUNTED
   5  22288    104460958.677   46       11.469   10.843 COUNTED
   5  22393    113524769.189  100       13.423   18.169 COUNTED
   5  22483    121192050.269  115       10.928   14.727 COUNTED
   5  22612    132239976.609  209        5.236    9.994 COUNTED
   5  22726    141987358.815  182        4.727   22.732 COUNTED
   5  22972    163147549.813   61        1.249   20.025 COUNTED
   5  23106    174676812.332   45        3.349   21.204 COUNTED
   5  23351    195700471.798  220        4.347   28.546 COUNTED
   5  23456    204718451.926  284        3.433   14.205 COUNTED
   5  23535    211480369.802  229        1.899   15.816 COUNTED
   5  23606    217524047.913  127        2.702   16.886 COUNTED
   5  23771    231664707.287   41        1.436   28.125 COUNTED
   5  23901    242799331.119  132        4.703   15.809 COUNTED
   5  23965    248293137.758  262        6.004   26.367 COUNTED
   5  24223    270500039.990    5        1.649   24.322 COUNTED
   5  24292    276356052.322   67        4.728    4.977 COUNTED
   5  24479    292392958.102  156        4.185   16.059 COUNTED
   5  24659    307868312.287  147        7.950   40.628 COUNTED
   5  24802    320116182.977  266        9.555   16.470 COUNTED
   5  24871    326054455.789  238        9.570   10.314 COUNTED
   5  25073    343400955.981  288       16.682    6.603 COUNTED
   5  25328    365329669.087  263       21.110    6.654 COUNTED
   5  25434    374447914.123  211       26.395   16.343 COUNTED
   5  25707    397902484.903  179       25.929   31.271 COUNTED
   5  25929    417000786.124   37       29.652   14.719 COUNTED
   5  26028    425442795.530  281       26.793   18.787 COUNTED
   5  26145    435541102.164  185       34.651   26.172 COUNTED
   5  26288    447798955.899  155       28.198   13.007 COUNTED
   5  26383    455914147.655  200       24.716   16.076 COUNTED
   5  26504    466266294.993  298       27.367   16.103 COUNTED
   6  26881     61679871.929  152        0.390   17.571 COUNTED
   6  26922     65112050.706   16        0.577   16.159 COUNTED
   6  27057     76697178.039  289        1.589   15.201 COUNTED
   6  27324     99623088.561   12        8.310    8.108 COUNTED
   6  27425    108337159.650  141        8.469   20.700 COUNTED
   6  27798    140457643.964  175       21.108   10.746 COUNTED
   6  28193    174496593.319  208       29.430    8.362 COUNTED
   6  28434    195200218.489  149       34.285   14.426 COUNTED
   6  28531    203512195.334  107       44.057    9.947 COUNTED
   6  28640    212820121.343  224       46.655   11.849 COUNTED
   6  28697    217642865.170   85       47.944   24.293 COUNTED
   6  28973    241485387.465    7       87.608   25.831 COUNTED
   6  29087    251166820.983  250      117.149   27.280 COUNTED
   6  29239    264256982.115   75      118.081   15.284 COUNTED
   6  29419    279687202.858  117      195.762    9.717 COUNTED
   6  29669    301207777.579  171      182.099   22.750 COUNTED
   6  29720    305579579.392   34      211.323    9.585 COUNTED
   6  30035    332723877.657  240      224.266   18.023 COUNTED
   6  30210    347742449.757   83      293.955   17.828 COUNTED
   6  30592    380664167.256  134      343.446   18.024 COUNTED
   6  30791    397705015.814  120      351.339   14.995 COUNTED
   6  31085    423051531.168  130      372.241   11.154 COUNTED
   6  31422    452089930.986  254      411.390   15.769 COUNTED
   6  31551    463105947.339   27      432.023   32.156 COUNTED
   7  31894     60439535.270  271        0.166   12.207 COUNTED
   7  32090     77287508.677   42        0.189   16.553 COUNTED
   7  32295     94892886.523  270        1.338    8.442 COUNTED
   7  32533    115395812.907    8        1.553   26.641 COUNTED
   7  32645    124949894.924   39        3.554   34.612 COUNTED
   7  32837    141448874.058   49        0.381   30.457 COUNTED
   7  33059    160617464.211  251        2.240   19.437 COUNTED
   7  33218    174241862.542  292       12.255   15.552 COUNTED
   7  33385    188533980.880  273       16.833   13.724 COUNTED
   7  33639    210403792.857  165       22.318   33.108 COUNTED
   7  33763    221062340.284  118       25.598   38.715 COUNTED
   7  33968    238654484.229  150       28.436    8.618 COUNTED
   7  34027    243659827.381   68       31.522    5.926 COUNTED
   7  34142    253547849.246  260       33.013   35.479 COUNTED
   7  34427    278073700.901  272       61.571   23.440 COUNTED
   7  34624    295025846.295  213       51.828   36.500 COUNTED
   7  34895    318323521.562  267       39.628   33.156 COUNTED
   7  35089    335020323.681   51       67.630   12.358 COUNTED
   7  35262    349898214.505  248       52.431   14.349 COUNTED
   7  35486    369119246.113  168       90.866   14.146 COUNTED
   7  35741    391102727.172  124       49.851   14.287 COUNTED
   7  35850    400447399.492   71       82.144   14.587 COUNTED
   7  35915    405952911.803    2       83.616   15.872 COUNTED
   7  36120    423584966.907  157       78.233   17.742 COUNTED
   7  36225    432572562.396    6       71.574   24.922 COUNTED
   7  36342    442544297.445  188       57.589   30.337 COUNTED
   7  36525    458308718.079  219       95.376   33.399 COUNTED
   7  36658    469674394.952  221      173.770    6.664 COUNTED
   8  36992     28522213.705  218        0.309   16.885 COUNTED
   8  37202     46600215.958  169        0.721   17.090 COUNTED
   8  37339     58349268.271   31        0.803   33.637 COUNTED
   8  37595     80382869.338  293        2.553   23.286 COUNTED
   8  37733     92226795.349  242        1.027    8.819 COUNTED
   8  37779     96160149.975  172        0.393   12.965 COUNTED
   8  37908    107170834.351  166        2.614   15.412 COUNTED
   8  38172    129917251.963  269        1.885    7.920 COUNTED
   8  38345    144770925.795  233        6.234   11.277 COUNTED
   8  38510    158956064.154  199       17.088   17.696 COUNTED
   8  38724    177343703.058  207       21.933   14.404 COUNTED
   8  38882    190863724.381  121       39.220   14.267 COUNTED
   8  39136    212727308.520   62       59.899   16.642 COUNTED
   8  39381    233860449.061  230       85.478   21.621 COUNTED
   8  39536    247157121.850  116      101.734   15.698 COUNTED
   8  39806    270404172.997  290      121.559   19.694 COUNTED
   8  40070    293128173.601   56      150.944   20.176 COUNTED
   8  40279    311098528.613   18      178.742   18.346 COUNTED
   8  40450    325747576.280  282      179.197   22.079 COUNTED
   8  40735    350327477.424  255      216.617   10.933 COUNTED
   8  40963    369914190.816  237      245.196   22.695 COUNTED
   8  41049    377281865.771  234      264.416   19.043 COUNTED
   8  41212    391224114.609  291      278.280   13.677 COUNTED
   8  41499    415987886.374  167      320.993   41.737 COUNTED
   8  41782    440330212.651  146      344.970   19.671 COUNTED
   8  41934    453411843.861  212      365.978   14.361 COUNTED
   8  42144    471436008.138   94      392.468   16.596 COUNTED
   9  42314     16115636.102  162        0.021    8.393 COUNTED
   9  42627     43029892.972   72        0.360   24.099 COUNTED
   9  42712     50293159.684  268        0.387   11.455 COUNTED
   9  42874     64233349.877   74        0.433    7.482 COUNTED
   9  42929     68929746.222   99        1.075   14.115 COUNTED
   9  43094     83059158.146  204        2.623   12.947 COUNTED
   9  43296    100421154.846  113        5.628   30.162 COUNTED
   9  43426    111583092.093  105        5.252   18.541 COUNTED
   9  43642    130166032.339  206        6.990   21.192 COUNTED
   9  43894    151813341.236  128        5.093    6.128 COUNTED
   9  44071    167020448.322  136        4.756   13.063 COUNTED
   9  44138    172751642.335   20        6.996   10.030 COUNTED
   9  44346    190621130.653  246       21.261   11.544 COUNTED
   9  44579    210727542.545  277       26.843   23.703 COUNTED
   9  44685    219784624.118  202       33.055   18.459 COUNTED
   9  44911    239236256.696  252       43.316   12.723 COUNTED
   9  45030    249388472.815  210       47.710   11.489 COUNTED
   9  45244    267764055.464  283       86.472   12.552 COUNTED
   9  45351    276990430.422  300       99.545   30.706 COUNTED
   9  45539    293102650.265  143      117.497   22.265 COUNTED
   9  45673    304626829.813   26      123.140   22.685 COUNTED
   9  45851    319886643.707  133      122.139   27.018 COUNTED
   9  46015    333940090.640  256      107.857   10.592 COUNTED
   9  46200    349902876.534   89      106.038   11.591 COUNTED
   9  46391    366319357.111   54       97.246   11.228 COUNTED
   9  46649    388529071.808   90       79.168   15.045 COUNTED
   9  46903    410362661.211  259       88.378   18.897 COUNTED
   9  47055    423370201.540  151       71.288   12.029 COUNTED
   9  47516    463162016.887   79       89.445    6.670 COUNTED
   9  47580    468600874.570  243       99.122   17.927 COUNTED
  10  47730     33397997.408  186        0.001   15.043 COUNTED
  10  48021     58442494.565  161        0.565   25.325 COUNTED
  10  48128     67566660.277   47        1.684    9.772 COUNTED
  10  48591    107512974.625   84        4.695    7.940 COUNTED
  10  48719    118474918.339  140        5.088   17.816 COUNTED
  10  48803    125634559.298   57        1.567   30.485 COUNTED
  10  48845    129244214.159  235        0.790   28.310 COUNTED
  10  48992    141792206.792  125        7.414   34.141 COUNTED
  10  49121    152852279.465   50        5.748   12.266 COUNTED
  10  49233    162442690.390  276        2.934   12.614 COUNTED
  10  49366    173920911.762   92        3.691   12.389 COUNTED
  10  49491    184551355.046   48       10.426   30.684 COUNTED
  10  49683    201081488.327   38        2.037   10.887 COUNTED
  10  49806    211643534.467  123       14.390   11.492 COUNTED
  10  50007    228884988.844  239        6.926   27.948 COUNTED
  10  50259    250568542.911   66       28.276   24.646 COUNTED
  10  50376    260644659.700  158       23.581   16.140 COUNTED
  10  50638    283136894.787  159       28.381   15.873 COUNTED
  10  50707    289045818.652    9       21.724   13.934 COUNTED
  10  50893    305017060.407  236       35.391   42.357 COUNTED
  10  51001    314283897.731   22       33.451   24.587 COUNTED
  10  51069    320041193.967  176       28.051    8.539 COUNTED
  10  51531    359941817.537  216       39.201   28.986 COUNTED
  10  51641    369349682.563   44       48.082   18.194 COUNTED
  10  51731    377032833.769  137       45.519   13.746 COUNTED
  10  51817    384374189.175  232       42.746   33.923 COUNTED
  10  52032    402848219.246  129       74.201   31.797 COUNTED
  10  52385    433224322.822   58       93.995   18.990 COUNTED
  10  52512    444136798.791  287       92.199   11.862 COUNTED
  10  52789    467947438.329   53       69.200   19.593 COUNTED
------------------------------------------------------------------------------
N_covered = 298   N_miss = 2   sum J_i = 12.366055   J = 14.366055
VERDICT: VALID
