[16:18:39] pass start: {'out': 'results/s13/gen/g02x/tailB55', 'start': 'results/s13/gen/g01/master/N8_B10.55/fleet', 'keep': '01,02,03,04,05', 'prem': 'results/s13/gen/prem/PREM_02.json', 'delta': 0.01, 'dvt': 1.8, 'beam': 100, 'npt': 6, 'mc': 150, 'tail_from': 6, 'members': 'T1,T2,T3,T5,T6', 'kappa': 90.0, 'cap_head': 1050.0, 'cap_tail': 1080.0, 'grid': '0,800,20', 'pilot': 0, 'seed': 2031, 'jitter': 0.004, 'nproc': 1, 'repair': True, 'n': 8, 'cache': 'results/s13/gen/cache', 'choice': 'value', 'settle_timeout': 240.0}; lambda {'n_prem': 58, 'n_pos': 57, 'n_neg': 1, 'n_jittered': 58, 'mean': 0.00171, 'max': 0.0188, 'prize_min': 1.0, 'prize_max': 1.0188, 'sha1': '0b319cfe5ae1', 'src': 'results/s13/gen/prem/PREM_02.json', 'jitter': 0.004, 'seed': 2031, 'jitter_mode': 'prem', 'front': 24, 'tool': 's13_pass2'}; kept 5 routes, covered 202, J 104.7031; 01:46@1004 02:46@1029 03:44@1045 04:35@882 05:31@909
[16:29:16]   route 06 T1: pool 96, front 27:864 26:848 25:819 24:812 23:782 (111 s)
[16:29:16]   route 06 T2: pool 96, front 28:942 27:870 26:850 25:834 24:830 (135 s)
[16:29:16]   route 06 T3: pool 96, front 30:1007 29:970 28:963 27:942 26:930 (132 s)
[16:29:16]   route 06 T5: pool 96, front 27:872 26:844 25:822 24:789 23:773 (119 s)
[16:29:16]   route 06 T6: pool 96, front 31:1016 30:978 29:936 28:912 27:903 (141 s)
[16:30:46]     T6 31 fb planner 1016 -> twin None (miss 113557272) fail (65 s)
[16:30:46]     T6 30 fb planner 978 -> twin 1070 (miss 29) OK (10 s)
[16:30:46]     T3 30 fb planner 1007 -> twin 1084 (miss 66) over cap (11 s, cached)
[16:30:46]     T6 29 fb planner 936 -> twin 984 (miss 74) OK (8 s)
[16:30:46]     T3 29 fb planner 970 -> twin 1004 (miss 64) OK (11 s, cached)
[16:30:46]     T6 28 fb planner 912 -> twin 949 (miss 92) OK (7 s)
[16:30:46]   route 06: REPAIR -- deepest T6 31 failed; bisecting
[16:30:52]       bisect prefix 16/31: OK (twin 781 vs planner 789, miss 69 km, 6 s)
[16:31:02]       bisect prefix 24/31: OK (twin 946 vs planner 901, miss 77 km, 10 s)
[16:31:12]       bisect prefix 28/31: OK (twin 1018 vs planner 947, miss 8 km, 10 s)
[16:31:22]       bisect prefix 30/31: OK (twin 1090 vs planner 995, miss 9 km, 10 s)
[16:31:22]   route 06: failing leg 31 (target 253); last settling prefix 30; banning 253 and re-planning T6 (4 settles, 36 s)
[16:33:48]   route 06 T6-ban253: front 30:978 29:936 28:912 27:903 26:898 (146 s)
[16:33:48] route 06: TOOK T6 30 fb @ 1070 kg; covered 232, sum J_i 8.1520 (909 s)
[16:41:10]   route 07 T1: pool 66, front 22:847 21:831 20:819 19:800 18:787 (66 s)
[16:41:10]   route 07 T2: pool 66, front 24:855 23:830 22:804 21:782 20:770 (84 s)
[16:41:10]   route 07 T3: pool 66, front 25:966 24:887 23:877 22:869 21:861 (98 s)
[16:41:10]   route 07 T5: pool 66, front 24:942 23:887 22:855 21:811 20:783 (82 s)
[16:41:10]   route 07 T6: pool 66, front 25:947 24:901 23:885 22:876 21:854 (113 s)
[16:45:12]     T6 25 fb planner 947 -> twin None (miss 97626589) fail (77 s)
[16:45:12]     T3 25 fb planner 966 -> twin 1046 (miss 35) OK (11 s)
[16:45:12]     T2 24 fb planner 855 -> twin None (miss 274060118) fail (58 s)
[16:45:12]     T3 24 fb planner 887 -> twin 906 (miss 79) OK (11 s)
[16:45:12]     T6 24 fb planner 901 -> twin 934 (miss 69) OK (12 s)
[16:45:12]     T5 24 fb planner 942 -> twin None (miss 98605785) fail (74 s)
[16:45:12]   route 07: REPAIR -- deepest T6 25 failed; bisecting
[16:45:19]       bisect prefix 12/25: OK (twin 758 vs planner 750, miss 73 km, 6 s)
[16:45:28]       bisect prefix 18/25: OK (twin 875 vs planner 849, miss 61 km, 10 s)
[16:46:51]       bisect prefix 22/25: fail (twin 1743 vs planner 887, miss 88 km, 82 s)
[16:47:48]       bisect prefix 20/25: fail (twin 1288 vs planner 859, miss 22 km, 57 s)
[16:48:13]       bisect prefix 19/25: fail (twin 1091 vs planner 851, miss 33 km, 24 s)
[16:48:13]   route 07: failing leg 19 (target 137); last settling prefix 18; banning 137 and re-planning T6 (5 settles, 180 s)
[16:49:56]   route 07 T6-ban137: front 25:956 24:901 23:878 22:861 21:846 (104 s)
[16:50:11]     T6r 25 fb planner 956 -> twin 979 (miss 85) OK (15 s)
[16:50:11]   route 07: repair TOOK T6r 25 @ 979 (was 24 @ 906)
[16:50:11] route 07: TOOK T6r 25 fb @ 979 kg; covered 257, sum J_i 9.4959 (983 s)
[16:53:40]   route 08 T1: pool 41, front 8:660 7:645 6:643 5:634 4:622 (20 s)
[16:53:40]   route 08 T2: pool 41, front 13:755 12:739 11:715 10:710 9:701 (33 s)
[16:53:40]   route 08 T3: pool 41, front 17:834 16:784 15:763 14:733 13:724 (50 s)
[16:53:40]   route 08 T5: pool 41, front 14:804 13:755 12:739 11:715 10:710 (34 s)
[16:53:40]   route 08 T6: pool 41, front 19:862 18:846 17:830 16:822 15:793 (73 s)
[16:55:41]     T6 19 fb planner 862 -> twin 865 (miss 8) OK (10 s)
[16:55:41]     T6 18 fb planner 846 -> twin None (miss inf) fail (0 s)
[16:55:41]     T6 17 fb planner 830 -> twin None (miss inf) fail (0 s)
[16:55:41]     T3 17 fb planner 834 -> twin 940 (miss 47) OK (13 s)
[16:55:41]     T3 16 fb planner 784 -> twin None (miss 259243182) fail (87 s)
[16:55:41]     T6 16 fb planner 822 -> twin 834 (miss 81) OK (10 s)
[16:55:41] route 08: TOOK T6 19 fb @ 865 kg; covered 276, sum J_i 10.7214 (330 s)
[16:55:41] PASS {"covered": 276, "sumJi": 10.7214, "J": 34.7214, "depths": [46, 46, 44, 35, 31, 30, 25, 19], "tanks": [1004, 1029, 1045, 882, 909, 1070, 979, 865], "n_routes": 8, "wall_s": 2222}
