[17:06:50] pass start: {'out': 'results/s13/gen/g02x/tailK4k5v', 'start': 'results/s13/gen/g02x/tailB55k4', 'keep': '01,02,03,04,05', 'prem': 'results/s13/gen/prem/PREM_02.json', 'delta': 0.01, 'dvt': 1.8, 'beam': 100, 'npt': 6, 'mc': 150, 'tail_from': 6, 'members': 'T1,T2,T3,T5,T6', 'kappa': 90.0, 'cap_head': 1050.0, 'cap_tail': 1080.0, 'grid': '0,800,20', 'pilot': 0, 'seed': 2034, 'jitter': 0.004, 'nproc': 1, 'repair': True, 'n': 8, 'cache': 'results/s13/gen/cache', 'choice': 'value', 'settle_timeout': 240.0}; lambda {'n_prem': 58, 'n_pos': 58, 'n_neg': 0, 'n_jittered': 58, 'mean': 0.00172, 'max': 0.0142, 'prize_min': 1.0, 'prize_max': 1.0142, 'sha1': '2df115ff2c57', 'src': 'results/s13/gen/prem/PREM_02.json', 'jitter': 0.004, 'seed': 2034, 'jitter_mode': 'prem', 'front': 24, 'tool': 's13_pass2'}; kept 5 routes, covered 203, J 103.7669; 01:46@1004 02:46@1029 03:44@1045 04:35@882 05:32@969
[17:16:29]   route 06 T1: pool 95, front 26:859 25:827 24:807 23:797 22:788 (94 s)
[17:16:29]   route 06 T2: pool 95, front 29:922 28:901 27:889 26:880 25:873 (116 s)
[17:16:29]   route 06 T3: pool 95, front 30:983 29:964 28:930 27:905 26:890 (123 s)
[17:16:29]   route 06 T5: pool 95, front 29:935 28:922 27:869 26:859 25:817 (113 s)
[17:16:29]   route 06 T6: pool 95, front 30:982 29:956 28:941 27:926 26:920 (133 s)
[17:18:56]     T6 30 fb planner 982 -> twin None (miss 103887775) fail (76 s, cached)
[17:18:56]     T3 30 fb planner 983 -> twin 2028 (miss 78) fail (62 s)
[17:18:56]     T2 29 fb planner 922 -> twin 950 (miss 54) OK (6 s, cached)
[17:18:56]     T5 29 fb planner 935 -> twin 912 (miss 77) OK (6 s)
[17:18:56]     T6 29 fb planner 956 -> twin None (miss 71867502) fail (79 s, cached)
[17:18:56]     T3 29 fb planner 964 -> twin None (miss 198912137) fail (79 s)
[17:18:56]   route 06: REPAIR -- deepest T6 30 failed; bisecting
[17:19:31]       bisect prefix 15/30: fail (twin None vs planner 762, miss 88123576 km, 35 s)
[17:19:31]       bisect prefix 8/30: fail (twin 796 vs planner 679, miss 0 km, 13 s)
[17:19:31]       bisect prefix 4/30: OK (twin 659 vs planner 648, miss 71 km, 1 s)
[17:19:31]       bisect prefix 6/30: fail (twin None vs planner 663, miss 22249 km, 19 s)
[17:19:31]       bisect prefix 5/30: OK (twin 665 vs planner 650, miss 31 km, 1 s)
[17:19:31]   route 06: failing leg 6 (target 158); last settling prefix 5; banning 158 and re-planning T6 (5 settles, 35 s)
[17:21:53]   route 06 T6-ban158: front 32:1004 31:959 30:943 29:933 28:912 (142 s)
[17:23:03]     T6r 32 fb planner 1004 -> twin None (miss 107510768) fail (69 s, cached)
[17:23:03]     T6r 31 fb planner 959 -> twin None (miss 143994524) fail (71 s, cached)
[17:23:03]     T6r 30 fb planner 943 -> twin None (miss 101273581) fail (70 s)
[17:23:03] route 06: TOOK T5 29 fb @ 912 kg; covered 232, sum J_i 8.0391 (974 s)
[17:31:34]   route 07 T1: pool 66, front 19:791 18:768 17:754 16:748 15:735 (57 s)
[17:31:34]   route 07 T2: pool 66, front 24:882 23:856 22:838 21:818 20:804 (84 s)
[17:31:34]   route 07 T3: pool 66, front 26:994 25:930 24:893 23:856 22:841 (152 s)
[17:31:34]   route 07 T5: pool 66, front 23:856 22:838 21:818 20:788 19:775 (79 s)
[17:31:34]   route 07 T6: pool 66, front 27:997 26:960 25:910 24:890 23:875 (139 s)
