  ... 1000 segments integrated (3.5 s)
  ... 2000 segments integrated (4.8 s)
  ... 3000 segments integrated (6.1 s)
  ... 4000 segments integrated (7.3 s)
  ... 5000 segments integrated (8.7 s)
==============================================================================
validator2  --  results/review/sub_sc2_mass_shift.txt
==============================================================================
rows: 5261   segments integrated: 5260   runtime: 10.4 s
SC 1: rows=5261 arcs=1 samples=5211 flyby_rows=48  m0=2000.000000 kg  m_final=622.529886 kg  J_i=3.000000
      launch t=3456000.000 s  pos err=0.000000 km  v_inf=2.847509 km/s   end t=453686460.000 s   min row mass=622.529886 kg
      max seg err: pos=2.865356e-03 km  vel=6.627e-08 km/s  mass=2.000e-02 kg   max|T| sample=0.450000000 interp=0.482675460 N
global max errors: pos 2.865356e-03 km at (1, 2599, 2600) | vel 6.627e-08 km/s (6.627e-05 m/s) at (1, 2599, 2600) | mass 2.000e-02 kg at (1, 2598, 2599)
max |T| at samples 0.450000000 N at (1, 50); max interpolated |T(t)| 0.482675460 N (sc 1, from Line 289, t=28116494.533 s)
cross-checks: DOP853 vs universal-variable Kepler on coasts 2.107e-08 km; polynomial vs direct Lagrange 1.707e-15 N; DOP853 vs RK4(2000 steps) on worst thrust segments 9.258e-07 km
------------------------------------------------------------------------------
flybys (sc Line t[s] asteroid d[km] vrel[km/s] status):
   1     47      7395824.348  174        3.112   15.455 COUNTED
   1    204     20839499.263  278        1.473   33.531 COUNTED
   1    286     27903487.595   67        0.005    8.256 COUNTED
   1    406     38115539.593  185        4.107   24.627 COUNTED
   1    541     49705371.630   48        0.056   30.064 COUNTED
   1    636     57816576.812  161        0.009   24.910 COUNTED
   1    915     81854073.427  104      118.936   17.241 COUNTED
   1   1004     89482877.472  264        0.121   19.717 COUNTED
   1   1085     96357123.670  164        0.077   21.344 COUNTED
   1   1194    105729713.871  153        0.130   17.126 COUNTED
   1   1302    114921783.340    6        0.061   23.969 COUNTED
   1   1447    127387351.159  135        0.313   21.569 COUNTED
   1   1560    137047850.453  227        0.023   15.887 COUNTED
   1   1697    148826890.913  253        6.740   24.337 COUNTED
   1   1785    156369266.686   72        7.167   23.543 COUNTED
   1   1836    160623084.170  270        0.026    8.497 COUNTED
   1   1912    167112443.537  231        0.033   14.363 COUNTED
   1   2103    183552238.511  299       10.401   12.781 COUNTED
   1   2200    191870363.286  297        5.700   13.108 COUNTED
   1   2280    198662309.820   29        0.114   30.794 COUNTED
   1   2381    207279608.925   46        0.291   11.912 COUNTED
   1   2457    213781724.898  109        0.739   15.812 COUNTED
   1   2552    221893630.729  273        0.895   11.497 COUNTED
   1   2685    233332998.173  108        0.492   16.893 COUNTED
   1   2835    246189896.599   53        0.013   20.368 COUNTED
   1   2959    256810590.797  111        0.466   20.378 COUNTED
   1   3089    267944141.634   25        0.311   14.851 COUNTED
   1   3223    279469725.567  214        1.543   16.686 COUNTED
   1   3350    290347530.236  288        1.429    8.766 COUNTED
   1   3380    292869613.115   56        0.009   19.786 COUNTED
   1   3572    309323379.910  126        5.971   12.115 COUNTED
   1   3678    318428772.828  154        0.022    8.806 COUNTED
   1   3805    329280982.178   62        0.358   16.883 COUNTED
   1   3855    333547477.162   32        0.569    9.137 COUNTED
   1   3936    340422452.889  150        0.108    7.732 COUNTED
   1   3999    345845373.747  170        0.045   12.762 COUNTED
   1   4077    352432393.249  255        6.321    9.703 COUNTED
   1   4190    362111311.084   63       30.011   28.093 COUNTED
   1   4270    368993071.768  237        0.461   20.998 COUNTED
   1   4398    379971298.707  239        0.826   23.604 COUNTED
   1   4546    392644063.505  226        0.026   24.558 COUNTED
   1   4602    397424038.457  238        4.211    8.344 COUNTED
   1   4724    407844112.200  102        2.533   13.911 COUNTED
   1   4889    422056949.065  210       17.614   13.733 COUNTED
   1   4961    428114953.329  206        0.104   26.932 COUNTED
   1   5066    437112166.460   68        0.524   11.376 COUNTED
   1   5131    442683493.729   34        0.570   12.566 COUNTED
   1   5259    453628901.130   85        5.885   23.329 COUNTED
------------------------------------------------------------------------------
N_covered = 48   N_miss = 252   sum J_i = 3.000000   J = 255.000000
ERRORS (2):
  [mass] SC 1: Line 2598 -> Line 2599: mass error 0.020000 kg > 0.01 kg
  [mass] SC 1: Line 2599 -> Line 2600: mass error 0.020000 kg > 0.01 kg
VERDICT: INVALID
exit=1 wall=12.189345000 s
