# fleet_aco 2026-09-21 16:03:35  carriers 240, targets 298
# model F0 +200.8 KB 2.59 KX 1.81 QD 3.01 sel(-3.93,-1.54)  (calib rmse 54 kg, R2 0.47)
# alpha 1.0 beta 2.0 rho 0.1 ants 96 gens 150 nmax 14 depth 38 breakeven 0.0369
gen   0  best  12.619  eliteMean  13.528  ever  12.619 (8 craft, 298/298 cov, sumJi 10.619)  [2 s]
gen   1  best  12.578  eliteMean  13.553  ever  12.578 (8 craft, 298/298 cov, sumJi 10.578)  [4 s]
gen   2  best  12.647  eliteMean  13.688  ever  12.578 (8 craft, 298/298 cov, sumJi 10.578)  [6 s]
gen   3  best  12.559  eliteMean  13.404  ever  12.559 (8 craft, 298/298 cov, sumJi 10.559)  [8 s]
gen   4  best  12.517  eliteMean  13.388  ever  12.517 (8 craft, 298/298 cov, sumJi 10.517)  [10 s]
gen   5  best  12.488  eliteMean  13.490  ever  12.488 (8 craft, 298/298 cov, sumJi 10.488)  [12 s]
gen   6  best  12.457  eliteMean  13.397  ever  12.457 (8 craft, 298/298 cov, sumJi 10.457)  [14 s]
gen   7  best  12.523  eliteMean  13.271  ever  12.457 (8 craft, 298/298 cov, sumJi 10.457)  [15 s]
gen   8  best  12.564  eliteMean  13.342  ever  12.457 (8 craft, 298/298 cov, sumJi 10.457)  [17 s]
gen   9  best  12.514  eliteMean  13.433  ever  12.457 (8 craft, 298/298 cov, sumJi 10.457)  [19 s]
gen  10  best  12.461  eliteMean  13.168  ever  12.457 (8 craft, 298/298 cov, sumJi 10.457)  [21 s]
gen  11  best  12.432  eliteMean  13.176  ever  12.432 (8 craft, 298/298 cov, sumJi 10.432)  [23 s]
gen  12  best  12.463  eliteMean  13.125  ever  12.432 (8 craft, 298/298 cov, sumJi 10.432)  [25 s]
gen  13  best  12.479  eliteMean  13.229  ever  12.432 (8 craft, 298/298 cov, sumJi 10.432)  [26 s]
gen  14  best  12.488  eliteMean  13.431  ever  12.432 (8 craft, 298/298 cov, sumJi 10.432)  [28 s]
gen  15  best  12.502  eliteMean  13.204  ever  12.432 (8 craft, 298/298 cov, sumJi 10.432)  [30 s]
gen  16  best  12.490  eliteMean  13.226  ever  12.432 (8 craft, 298/298 cov, sumJi 10.432)  [32 s]
gen  17  best  12.410  eliteMean  13.056  ever  12.410 (8 craft, 298/298 cov, sumJi 10.410)  [34 s]
gen  18  best  12.417  eliteMean  13.257  ever  12.410 (8 craft, 298/298 cov, sumJi 10.410)  [36 s]
gen  19  best  12.457  eliteMean  13.095  ever  12.410 (8 craft, 298/298 cov, sumJi 10.410)  [38 s]
gen  20  best  12.469  eliteMean  13.005  ever  12.410 (8 craft, 298/298 cov, sumJi 10.410)  [40 s]
gen  21  best  12.475  eliteMean  13.011  ever  12.410 (8 craft, 298/298 cov, sumJi 10.410)  [41 s]
gen  22  best  12.477  eliteMean  13.255  ever  12.410 (8 craft, 298/298 cov, sumJi 10.410)  [43 s]
gen  23  best  12.420  eliteMean  12.872  ever  12.410 (8 craft, 298/298 cov, sumJi 10.410)  [44 s]
gen  24  best  12.452  eliteMean  12.995  ever  12.410 (8 craft, 298/298 cov, sumJi 10.410)  [45 s]
gen  25  best  12.421  eliteMean  12.860  ever  12.410 (8 craft, 298/298 cov, sumJi 10.410)  [45 s]
gen  26  best  12.420  eliteMean  12.907  ever  12.410 (8 craft, 298/298 cov, sumJi 10.410)  [46 s]
gen  27  best  12.443  eliteMean  13.045  ever  12.410 (8 craft, 298/298 cov, sumJi 10.410)  [47 s]
gen  28  best  12.419  eliteMean  13.052  ever  12.410 (8 craft, 298/298 cov, sumJi 10.410)  [48 s]
gen  29  best  12.450  eliteMean  12.982  ever  12.410 (8 craft, 298/298 cov, sumJi 10.410)  [48 s]
gen  30  best  12.436  eliteMean  12.982  ever  12.410 (8 craft, 298/298 cov, sumJi 10.410)  [49 s]
gen  31  best  12.438  eliteMean  13.270  ever  12.410 (8 craft, 298/298 cov, sumJi 10.410)  [50 s]
gen  32  best  12.390  eliteMean  13.101  ever  12.390 (8 craft, 298/298 cov, sumJi 10.390)  [50 s]
gen  33  best  12.432  eliteMean  12.888  ever  12.390 (8 craft, 298/298 cov, sumJi 10.390)  [51 s]
gen  34  best  12.370  eliteMean  12.894  ever  12.370 (8 craft, 298/298 cov, sumJi 10.370)  [52 s]
gen  35  best  12.379  eliteMean  12.836  ever  12.370 (8 craft, 298/298 cov, sumJi 10.370)  [53 s]
gen  36  best  12.398  eliteMean  12.960  ever  12.370 (8 craft, 298/298 cov, sumJi 10.370)  [53 s]
gen  37  best  12.417  eliteMean  12.943  ever  12.370 (8 craft, 298/298 cov, sumJi 10.370)  [54 s]
gen  38  best  12.436  eliteMean  12.894  ever  12.370 (8 craft, 298/298 cov, sumJi 10.370)  [55 s]
gen  39  best  12.382  eliteMean  12.807  ever  12.370 (8 craft, 298/298 cov, sumJi 10.370)  [55 s]
gen  40  best  12.402  eliteMean  12.891  ever  12.370 (8 craft, 298/298 cov, sumJi 10.370)  [56 s]
gen  41  best  12.406  eliteMean  12.868  ever  12.370 (8 craft, 298/298 cov, sumJi 10.370)  [57 s]
gen  42  best  12.394  eliteMean  12.847  ever  12.370 (8 craft, 298/298 cov, sumJi 10.370)  [57 s]
gen  43  best  12.385  eliteMean  12.791  ever  12.370 (8 craft, 298/298 cov, sumJi 10.370)  [58 s]
gen  44  best  12.414  eliteMean  12.912  ever  12.370 (8 craft, 298/298 cov, sumJi 10.370)  [59 s]
gen  45  best  12.379  eliteMean  12.718  ever  12.370 (8 craft, 298/298 cov, sumJi 10.370)  [59 s]
gen  46  best  12.379  eliteMean  12.725  ever  12.370 (8 craft, 298/298 cov, sumJi 10.370)  [60 s]
gen  47  best  12.382  eliteMean  12.600  ever  12.370 (8 craft, 298/298 cov, sumJi 10.370)  [61 s]
gen  48  best  12.336  eliteMean  12.691  ever  12.336 (8 craft, 298/298 cov, sumJi 10.336)  [62 s]
gen  49  best  12.398  eliteMean  12.914  ever  12.336 (8 craft, 298/298 cov, sumJi 10.336)  [62 s]
gen  50  best  12.375  eliteMean  12.587  ever  12.336 (8 craft, 298/298 cov, sumJi 10.336)  [63 s]
gen  51  best  12.379  eliteMean  12.781  ever  12.336 (8 craft, 298/298 cov, sumJi 10.336)  [64 s]
gen  52  best  12.403  eliteMean  12.792  ever  12.336 (8 craft, 298/298 cov, sumJi 10.336)  [64 s]
gen  53  best  12.416  eliteMean  12.838  ever  12.336 (8 craft, 298/298 cov, sumJi 10.336)  [65 s]
gen  54  best  12.350  eliteMean  12.683  ever  12.336 (8 craft, 298/298 cov, sumJi 10.336)  [66 s]
gen  55  best  12.370  eliteMean  12.689  ever  12.336 (8 craft, 298/298 cov, sumJi 10.336)  [66 s]
gen  56  best  12.335  eliteMean  12.610  ever  12.335 (8 craft, 298/298 cov, sumJi 10.335)  [67 s]
gen  57  best  12.337  eliteMean  12.528  ever  12.335 (8 craft, 298/298 cov, sumJi 10.335)  [68 s]
gen  58  best  12.343  eliteMean  12.650  ever  12.335 (8 craft, 298/298 cov, sumJi 10.335)  [68 s]
gen  59  best  12.349  eliteMean  12.806  ever  12.335 (8 craft, 298/298 cov, sumJi 10.335)  [69 s]
gen  60  best  12.391  eliteMean  12.797  ever  12.335 (8 craft, 298/298 cov, sumJi 10.335)  [70 s]
gen  61  best  12.329  eliteMean  12.843  ever  12.329 (8 craft, 298/298 cov, sumJi 10.329)  [70 s]
gen  62  best  12.363  eliteMean  12.598  ever  12.329 (8 craft, 298/298 cov, sumJi 10.329)  [71 s]
gen  63  best  12.319  eliteMean  12.743  ever  12.319 (8 craft, 298/298 cov, sumJi 10.319)  [72 s]
gen  64  best  12.324  eliteMean  12.830  ever  12.319 (8 craft, 298/298 cov, sumJi 10.319)  [72 s]
gen  65  best  12.358  eliteMean  12.772  ever  12.319 (8 craft, 298/298 cov, sumJi 10.319)  [73 s]
gen  66  best  12.362  eliteMean  12.841  ever  12.319 (8 craft, 298/298 cov, sumJi 10.319)  [74 s]
gen  67  best  12.330  eliteMean  12.718  ever  12.319 (8 craft, 298/298 cov, sumJi 10.319)  [74 s]
gen  68  best  12.347  eliteMean  12.811  ever  12.319 (8 craft, 298/298 cov, sumJi 10.319)  [75 s]
gen  69  best  12.363  eliteMean  12.853  ever  12.319 (8 craft, 298/298 cov, sumJi 10.319)  [76 s]
gen  70  best  12.332  eliteMean  12.687  ever  12.319 (8 craft, 298/298 cov, sumJi 10.319)  [76 s]
gen  71  best  12.293  eliteMean  12.714  ever  12.293 (8 craft, 298/298 cov, sumJi 10.293)  [77 s]
gen  72  best  12.364  eliteMean  12.561  ever  12.293 (8 craft, 298/298 cov, sumJi 10.293)  [78 s]
gen  73  best  12.342  eliteMean  12.576  ever  12.293 (8 craft, 298/298 cov, sumJi 10.293)  [78 s]
gen  74  best  12.378  eliteMean  12.919  ever  12.293 (8 craft, 298/298 cov, sumJi 10.293)  [79 s]
gen  75  best  12.329  eliteMean  12.712  ever  12.293 (8 craft, 298/298 cov, sumJi 10.293)  [80 s]
gen  76  best  12.361  eliteMean  12.834  ever  12.293 (8 craft, 298/298 cov, sumJi 10.293)  [80 s]
gen  77  best  12.284  eliteMean  12.593  ever  12.284 (8 craft, 298/298 cov, sumJi 10.284)  [81 s]
gen  78  best  12.381  eliteMean  12.572  ever  12.284 (8 craft, 298/298 cov, sumJi 10.284)  [82 s]
gen  79  best  12.338  eliteMean  12.830  ever  12.284 (8 craft, 298/298 cov, sumJi 10.284)  [82 s]
gen  80  best  12.373  eliteMean  12.710  ever  12.284 (8 craft, 298/298 cov, sumJi 10.284)  [83 s]
gen  81  best  12.317  eliteMean  12.623  ever  12.284 (8 craft, 298/298 cov, sumJi 10.284)  [83 s]
gen  82  best  12.343  eliteMean  12.713  ever  12.284 (8 craft, 298/298 cov, sumJi 10.284)  [84 s]
gen  83  best  12.288  eliteMean  12.619  ever  12.284 (8 craft, 298/298 cov, sumJi 10.284)  [85 s]
gen  84  best  12.367  eliteMean  12.582  ever  12.284 (8 craft, 298/298 cov, sumJi 10.284)  [85 s]
gen  85  best  12.289  eliteMean  12.443  ever  12.284 (8 craft, 298/298 cov, sumJi 10.284)  [86 s]
gen  86  best  12.336  eliteMean  12.641  ever  12.284 (8 craft, 298/298 cov, sumJi 10.284)  [87 s]
gen  87  best  12.354  eliteMean  12.637  ever  12.284 (8 craft, 298/298 cov, sumJi 10.284)  [87 s]
gen  88  best  12.361  eliteMean  12.661  ever  12.284 (8 craft, 298/298 cov, sumJi 10.284)  [88 s]
gen  89  best  12.268  eliteMean  12.508  ever  12.268 (8 craft, 298/298 cov, sumJi 10.268)  [89 s]
gen  90  best  12.325  eliteMean  12.513  ever  12.268 (8 craft, 298/298 cov, sumJi 10.268)  [89 s]
gen  91  best  12.323  eliteMean  12.574  ever  12.268 (8 craft, 298/298 cov, sumJi 10.268)  [90 s]
gen  92  best  12.304  eliteMean  12.608  ever  12.268 (8 craft, 298/298 cov, sumJi 10.268)  [91 s]
gen  93  best  12.321  eliteMean  12.700  ever  12.268 (8 craft, 298/298 cov, sumJi 10.268)  [91 s]
gen  94  best  12.324  eliteMean  12.658  ever  12.268 (8 craft, 298/298 cov, sumJi 10.268)  [92 s]
gen  95  best  12.369  eliteMean  12.709  ever  12.268 (8 craft, 298/298 cov, sumJi 10.268)  [93 s]
gen  96  best  12.298  eliteMean  12.698  ever  12.268 (8 craft, 298/298 cov, sumJi 10.268)  [94 s]
gen  97  best  12.328  eliteMean  12.617  ever  12.268 (8 craft, 298/298 cov, sumJi 10.268)  [94 s]
gen  98  best  12.279  eliteMean  12.661  ever  12.268 (8 craft, 298/298 cov, sumJi 10.268)  [95 s]
gen  99  best  12.353  eliteMean  12.452  ever  12.268 (8 craft, 298/298 cov, sumJi 10.268)  [96 s]
gen 100  best  12.327  eliteMean  12.580  ever  12.268 (8 craft, 298/298 cov, sumJi 10.268)  [96 s]
gen 101  best  12.333  eliteMean  12.786  ever  12.268 (8 craft, 298/298 cov, sumJi 10.268)  [97 s]
gen 102  best  12.341  eliteMean  12.665  ever  12.268 (8 craft, 298/298 cov, sumJi 10.268)  [97 s]
gen 103  best  12.356  eliteMean  12.666  ever  12.268 (8 craft, 298/298 cov, sumJi 10.268)  [98 s]
gen 104  best  12.259  eliteMean  12.568  ever  12.259 (8 craft, 298/298 cov, sumJi 10.259)  [99 s]
gen 105  best  12.323  eliteMean  12.749  ever  12.259 (8 craft, 298/298 cov, sumJi 10.259)  [99 s]
gen 106  best  12.311  eliteMean  12.630  ever  12.259 (8 craft, 298/298 cov, sumJi 10.259)  [100 s]
gen 107  best  12.333  eliteMean  12.503  ever  12.259 (8 craft, 298/298 cov, sumJi 10.259)  [100 s]
gen 108  best  12.360  eliteMean  12.708  ever  12.259 (8 craft, 298/298 cov, sumJi 10.259)  [101 s]
gen 109  best  12.333  eliteMean  12.492  ever  12.259 (8 craft, 298/298 cov, sumJi 10.259)  [102 s]
gen 110  best  12.315  eliteMean  12.573  ever  12.259 (8 craft, 298/298 cov, sumJi 10.259)  [102 s]
gen 111  best  12.326  eliteMean  12.528  ever  12.259 (8 craft, 298/298 cov, sumJi 10.259)  [103 s]
gen 112  best  12.326  eliteMean  12.514  ever  12.259 (8 craft, 298/298 cov, sumJi 10.259)  [104 s]
gen 113  best  12.361  eliteMean  12.682  ever  12.259 (8 craft, 298/298 cov, sumJi 10.259)  [104 s]
gen 114  best  12.341  eliteMean  12.483  ever  12.259 (8 craft, 298/298 cov, sumJi 10.259)  [105 s]
gen 115  best  12.328  eliteMean  12.567  ever  12.259 (8 craft, 298/298 cov, sumJi 10.259)  [106 s]
