state  0 t=0.5yr pool=297 | Lambert n(<=0.5/1/1.5/2.5 km/s)=[1, 2, 5, 12] | linear=[2, 7, 14, 32] | lin-only<=1: 5  med ratio lam/lin=0.90  medTOF(<=1) lam 225 lin 440 d  (1s)
state  1 t=0.7yr pool=296 | Lambert n(<=0.5/1/1.5/2.5 km/s)=[1, 4, 6, 16] | linear=[0, 4, 18, 33] | lin-only<=1: 2  med ratio lam/lin=0.64  medTOF(<=1) lam 235 lin 420 d  (1s)
state  2 t=0.9yr pool=295 | Lambert n(<=0.5/1/1.5/2.5 km/s)=[2, 3, 5, 13] | linear=[1, 11, 16, 31] | lin-only<=1: 9  med ratio lam/lin=0.70  medTOF(<=1) lam 210 lin 410 d  (2s)
state  3 t=1.4yr pool=294 | Lambert n(<=0.5/1/1.5/2.5 km/s)=[0, 4, 11, 17] | linear=[1, 13, 22, 33] | lin-only<=1: 12  med ratio lam/lin=0.93  medTOF(<=1) lam 285 lin 520 d  (2s)
state  4 t=1.8yr pool=293 | Lambert n(<=0.5/1/1.5/2.5 km/s)=[0, 5, 11, 22] | linear=[3, 7, 21, 39] | lin-only<=1: 3  med ratio lam/lin=0.97  medTOF(<=1) lam 270 lin 300 d  (3s)
state  5 t=2.3yr pool=292 | Lambert n(<=0.5/1/1.5/2.5 km/s)=[2, 4, 8, 16] | linear=[4, 11, 18, 43] | lin-only<=1: 7  med ratio lam/lin=0.81  medTOF(<=1) lam 210 lin 360 d  (4s)
state  6 t=2.6yr pool=291 | Lambert n(<=0.5/1/1.5/2.5 km/s)=[0, 2, 5, 11] | linear=[0, 11, 24, 38] | lin-only<=1: 9  med ratio lam/lin=1.25  medTOF(<=1) lam 240 lin 400 d  (4s)
state  7 t=3.2yr pool=290 | Lambert n(<=0.5/1/1.5/2.5 km/s)=[0, 3, 6, 16] | linear=[1, 7, 17, 36] | lin-only<=1: 6  med ratio lam/lin=0.84  medTOF(<=1) lam 240 lin 440 d  (5s)
state  8 t=3.5yr pool=289 | Lambert n(<=0.5/1/1.5/2.5 km/s)=[2, 4, 8, 19] | linear=[5, 8, 17, 39] | lin-only<=1: 5  med ratio lam/lin=0.84  medTOF(<=1) lam 235 lin 385 d  (6s)
state  9 t=3.8yr pool=288 | Lambert n(<=0.5/1/1.5/2.5 km/s)=[1, 3, 8, 24] | linear=[4, 13, 27, 43] | lin-only<=1: 11  med ratio lam/lin=0.93  medTOF(<=1) lam 240 lin 480 d  (6s)
state 10 t=4.0yr pool=287 | Lambert n(<=0.5/1/1.5/2.5 km/s)=[2, 3, 7, 16] | linear=[1, 9, 22, 43] | lin-only<=1: 7  med ratio lam/lin=1.03  medTOF(<=1) lam 120 lin 420 d  (7s)
state 11 t=4.3yr pool=286 | Lambert n(<=0.5/1/1.5/2.5 km/s)=[1, 7, 9, 21] | linear=[3, 9, 20, 44] | lin-only<=1: 5  med ratio lam/lin=0.91  medTOF(<=1) lam 280 lin 350 d  (8s)
state 12 t=4.6yr pool=285 | Lambert n(<=0.5/1/1.5/2.5 km/s)=[0, 3, 6, 18] | linear=[1, 3, 18, 39] | lin-only<=1: 2  med ratio lam/lin=0.95  medTOF(<=1) lam 240 lin 410 d  (8s)
state 13 t=4.8yr pool=284 | Lambert n(<=0.5/1/1.5/2.5 km/s)=[1, 5, 8, 22] | linear=[0, 5, 11, 36] | lin-only<=1: 3  med ratio lam/lin=0.87  medTOF(<=1) lam 200 lin 290 d  (9s)
state 14 t=5.3yr pool=283 | Lambert n(<=0.5/1/1.5/2.5 km/s)=[0, 2, 6, 17] | linear=[0, 5, 13, 24] | lin-only<=1: 5  med ratio lam/lin=0.83  medTOF(<=1) lam 280 lin 420 d  (9s)
state 15 t=5.7yr pool=282 | Lambert n(<=0.5/1/1.5/2.5 km/s)=[0, 2, 3, 15] | linear=[0, 7, 10, 25] | lin-only<=1: 6  med ratio lam/lin=0.84  medTOF(<=1) lam 165 lin 350 d  (10s)
state 16 t=6.0yr pool=281 | Lambert n(<=0.5/1/1.5/2.5 km/s)=[0, 5, 9, 20] | linear=[0, 5, 12, 31] | lin-only<=1: 2  med ratio lam/lin=0.98  medTOF(<=1) lam 290 lin 290 d  (11s)
state 17 t=6.4yr pool=280 | Lambert n(<=0.5/1/1.5/2.5 km/s)=[1, 5, 9, 19] | linear=[1, 6, 11, 34] | lin-only<=1: 3  med ratio lam/lin=0.95  medTOF(<=1) lam 290 lin 245 d  (11s)
state 18 t=6.7yr pool=279 | Lambert n(<=0.5/1/1.5/2.5 km/s)=[0, 1, 7, 18] | linear=[0, 4, 11, 28] | lin-only<=1: 3  med ratio lam/lin=0.77  medTOF(<=1) lam 200 lin 360 d  (12s)
state 19 t=6.9yr pool=278 | Lambert n(<=0.5/1/1.5/2.5 km/s)=[1, 2, 4, 14] | linear=[1, 6, 13, 30] | lin-only<=1: 6  med ratio lam/lin=0.79  medTOF(<=1) lam 105 lin 485 d  (13s)
state 20 t=7.0yr pool=277 | Lambert n(<=0.5/1/1.5/2.5 km/s)=[0, 0, 2, 13] | linear=[1, 5, 15, 35] | lin-only<=1: 5  med ratio lam/lin=0.98  medTOF(<=1) lam nan lin 470 d  (13s)
state 21 t=7.4yr pool=276 | Lambert n(<=0.5/1/1.5/2.5 km/s)=[0, 0, 6, 12] | linear=[2, 4, 16, 35] | lin-only<=1: 4  med ratio lam/lin=0.74  medTOF(<=1) lam nan lin 450 d  (14s)
state 22 t=7.7yr pool=275 | Lambert n(<=0.5/1/1.5/2.5 km/s)=[0, 1, 6, 16] | linear=[2, 8, 17, 34] | lin-only<=1: 8  med ratio lam/lin=1.00  medTOF(<=1) lam 270 lin 450 d  (14s)
state 23 t=7.9yr pool=274 | Lambert n(<=0.5/1/1.5/2.5 km/s)=[1, 4, 6, 7] | linear=[1, 9, 15, 31] | lin-only<=1: 7  med ratio lam/lin=0.99  medTOF(<=1) lam 200 lin 330 d  (15s)
state 24 t=8.4yr pool=273 | Lambert n(<=0.5/1/1.5/2.5 km/s)=[0, 1, 5, 15] | linear=[1, 7, 15, 35] | lin-only<=1: 6  med ratio lam/lin=1.09  medTOF(<=1) lam 160 lin 350 d  (16s)
state 25 t=8.5yr pool=272 | Lambert n(<=0.5/1/1.5/2.5 km/s)=[2, 4, 6, 19] | linear=[2, 5, 9, 35] | lin-only<=1: 3  med ratio lam/lin=0.91  medTOF(<=1) lam 295 lin 320 d  (16s)
state 26 t=8.9yr pool=271 | Lambert n(<=0.5/1/1.5/2.5 km/s)=[0, 2, 4, 10] | linear=[0, 5, 11, 24] | lin-only<=1: 4  med ratio lam/lin=0.93  medTOF(<=1) lam 190 lin 320 d  (17s)
state 27 t=9.1yr pool=270 | Lambert n(<=0.5/1/1.5/2.5 km/s)=[0, 2, 5, 16] | linear=[2, 7, 17, 30] | lin-only<=1: 7  med ratio lam/lin=0.82  medTOF(<=1) lam 85 lin 550 d  (18s)
state 28 t=9.3yr pool=269 | Lambert n(<=0.5/1/1.5/2.5 km/s)=[1, 3, 4, 17] | linear=[0, 5, 16, 31] | lin-only<=1: 4  med ratio lam/lin=0.67  medTOF(<=1) lam 120 lin 380 d  (18s)
state 29 t=9.6yr pool=268 | Lambert n(<=0.5/1/1.5/2.5 km/s)=[0, 2, 7, 8] | linear=[0, 3, 6, 28] | lin-only<=1: 2  med ratio lam/lin=0.65  medTOF(<=1) lam 255 lin 360 d  (19s)
state 30 t=10.0yr pool=267 | Lambert n(<=0.5/1/1.5/2.5 km/s)=[0, 0, 4, 13] | linear=[0, 0, 6, 18] | lin-only<=1: 0  med ratio lam/lin=0.73  medTOF(<=1) lam nan lin nan d  (19s)
state 31 t=10.3yr pool=266 | Lambert n(<=0.5/1/1.5/2.5 km/s)=[0, 0, 2, 9] | linear=[1, 3, 6, 18] | lin-only<=1: 3  med ratio lam/lin=0.39  medTOF(<=1) lam nan lin 390 d  (20s)
state 32 t=10.6yr pool=265 | Lambert n(<=0.5/1/1.5/2.5 km/s)=[0, 1, 4, 12] | linear=[0, 3, 9, 23] | lin-only<=1: 2  med ratio lam/lin=0.91  medTOF(<=1) lam 230 lin 240 d  (21s)
state 33 t=10.8yr pool=264 | Lambert n(<=0.5/1/1.5/2.5 km/s)=[0, 0, 2, 10] | linear=[0, 4, 14, 32] | lin-only<=1: 4  med ratio lam/lin=0.98  medTOF(<=1) lam nan lin 435 d  (21s)
state 34 t=11.3yr pool=263 | Lambert n(<=0.5/1/1.5/2.5 km/s)=[0, 2, 2, 9] | linear=[0, 5, 13, 40] | lin-only<=1: 4  med ratio lam/lin=0.60  medTOF(<=1) lam 155 lin 490 d  (22s)
state 35 t=11.4yr pool=262 | Lambert n(<=0.5/1/1.5/2.5 km/s)=[0, 0, 3, 6] | linear=[0, 5, 17, 40] | lin-only<=1: 5  med ratio lam/lin=1.20  medTOF(<=1) lam nan lin 420 d  (23s)
state 36 t=11.5yr pool=261 | Lambert n(<=0.5/1/1.5/2.5 km/s)=[0, 1, 2, 11] | linear=[0, 4, 12, 34] | lin-only<=1: 3  med ratio lam/lin=0.94  medTOF(<=1) lam 150 lin 275 d  (23s)
state 37 t=12.0yr pool=260 | Lambert n(<=0.5/1/1.5/2.5 km/s)=[0, 1, 5, 10] | linear=[0, 2, 8, 33] | lin-only<=1: 2  med ratio lam/lin=0.80  medTOF(<=1) lam 130 lin 340 d  (24s)
state 38 t=12.3yr pool=259 | Lambert n(<=0.5/1/1.5/2.5 km/s)=[0, 0, 2, 10] | linear=[0, 6, 9, 31] | lin-only<=1: 6  med ratio lam/lin=0.92  medTOF(<=1) lam nan lin 540 d  (24s)
state 39 t=12.4yr pool=258 | Lambert n(<=0.5/1/1.5/2.5 km/s)=[1, 3, 6, 10] | linear=[2, 9, 9, 30] | lin-only<=1: 6  med ratio lam/lin=0.94  medTOF(<=1) lam 110 lin 450 d  (25s)
state 40 t=12.6yr pool=257 | Lambert n(<=0.5/1/1.5/2.5 km/s)=[0, 2, 3, 8] | linear=[1, 7, 14, 23] | lin-only<=1: 6  med ratio lam/lin=0.83  medTOF(<=1) lam 130 lin 390 d  (26s)
state 41 t=12.7yr pool=256 | Lambert n(<=0.5/1/1.5/2.5 km/s)=[0, 1, 2, 6] | linear=[2, 9, 14, 26] | lin-only<=1: 8  med ratio lam/lin=0.54  medTOF(<=1) lam 80 lin 420 d  (26s)
state 42 t=12.9yr pool=255 | Lambert n(<=0.5/1/1.5/2.5 km/s)=[0, 1, 3, 12] | linear=[0, 4, 9, 29] | lin-only<=1: 4  med ratio lam/lin=0.62  medTOF(<=1) lam 190 lin 440 d  (27s)
state 43 t=13.4yr pool=254 | Lambert n(<=0.5/1/1.5/2.5 km/s)=[0, 0, 1, 12] | linear=[1, 4, 14, 27] | lin-only<=1: 4  med ratio lam/lin=0.78  medTOF(<=1) lam nan lin 470 d  (27s)
state 44 t=13.7yr pool=253 | Lambert n(<=0.5/1/1.5/2.5 km/s)=[0, 1, 4, 17] | linear=[0, 3, 8, 19] | lin-only<=1: 3  med ratio lam/lin=0.62  medTOF(<=1) lam 140 lin 440 d  (28s)
MEAN per state  Lambert [ 0.4  2.2  5.3 14.1]  linear [ 1.   6.2 14.1 32. ]  lin-only<=1 per state 4.9
