[17:54:09] === s14_lookback free 01: pool 38; L 3 beam 100 over 1.5 roots 300 dvcap 3.0 drmax 1.0 mcap 1100.0 (tcap 0.675) tofs 74 npt 2 mc 80 w_fuel 0.5197 ref 6/100.0/1000.0/rho 30.0
[17:54:24] roots: 1343 launch legs -> 224 kept (max root miss 0.0 km)
[17:54:34] depth  2: 224 parents -> 1960 children (1247 unique) -> refined 150, ok 138, kept 100; t_end 308-600 d, tank 604-643; best 2 @ 603.5 kg (price 4.5 s, refine 5.5 s)
[17:54:43] depth  3: 100 parents -> 952 children (878 unique) -> refined 150, ok 148, kept 100; t_end 385-721 d, tank 609-683; best 3 @ 608.6 kg (price 2.5 s, refine 6.4 s)
[17:54:52] depth  4: 100 parents -> 820 children (778 unique) -> refined 150, ok 149, kept 100; t_end 487-942 d, tank 618-703; best 4 @ 618.2 kg (price 2.2 s, refine 7.0 s)
[17:55:00] depth  5: 100 parents -> 761 children (749 unique) -> refined 150, ok 149, kept 100; t_end 549-1066 d, tank 628-710; best 5 @ 628.1 kg (price 2.2 s, refine 6.0 s)
[17:55:10] depth  6: 100 parents -> 968 children (951 unique) -> refined 150, ok 145, kept 100; t_end 696-1105 d, tank 641-742; best 6 @ 641.0 kg (price 2.7 s, refine 6.9 s)
[17:55:19] depth  7: 100 parents -> 1213 children (1169 unique) -> refined 150, ok 141, kept 100; t_end 852-1316 d, tank 648-770; best 7 @ 648.1 kg (price 2.7 s, refine 6.6 s)
[17:55:29] depth  8: 100 parents -> 1500 children (1469 unique) -> refined 150, ok 146, kept 100; t_end 1066-1443 d, tank 649-742; best 8 @ 648.8 kg (price 3.7 s, refine 6.8 s)
[17:55:39] depth  9: 100 parents -> 1324 children (1290 unique) -> refined 150, ok 149, kept 100; t_end 1249-1535 d, tank 666-745; best 9 @ 666.1 kg (price 3.5 s, refine 6.3 s)
[17:55:47] depth 10: 100 parents -> 1128 children (1069 unique) -> refined 150, ok 150, kept 100; t_end 1338-1696 d, tank 679-764; best 10 @ 679.1 kg (price 2.4 s, refine 5.2 s)
[17:55:54] depth 11: 100 parents -> 1019 children (936 unique) -> refined 150, ok 143, kept 100; t_end 1482-1885 d, tank 684-793; best 11 @ 683.7 kg (price 2.3 s, refine 5.4 s)
[17:56:02] depth 12: 100 parents -> 1017 children (970 unique) -> refined 150, ok 142, kept 100; t_end 1623-2035 d, tank 704-822; best 12 @ 704.0 kg (price 2.1 s, refine 5.6 s)
[17:56:10] depth 13: 100 parents -> 929 children (910 unique) -> refined 150, ok 150, kept 100; t_end 1781-2124 d, tank 708-826; best 13 @ 708.3 kg (price 2.0 s, refine 6.0 s)
[17:56:19] depth 14: 100 parents -> 1021 children (1004 unique) -> refined 150, ok 150, kept 100; t_end 1898-2263 d, tank 722-849; best 14 @ 721.5 kg (price 2.2 s, refine 6.6 s)
[17:56:28] depth 15: 100 parents -> 998 children (985 unique) -> refined 150, ok 150, kept 100; t_end 2024-2443 d, tank 724-858; best 15 @ 723.7 kg (price 2.2 s, refine 6.7 s)
[17:56:37] depth 16: 100 parents -> 1044 children (998 unique) -> refined 150, ok 150, kept 100; t_end 2267-2537 d, tank 742-859; best 16 @ 741.9 kg (price 2.0 s, refine 6.6 s)
[17:56:45] depth 17: 100 parents -> 1143 children (1106 unique) -> refined 150, ok 150, kept 100; t_end 2380-2722 d, tank 763-888; best 17 @ 762.6 kg (price 2.1 s, refine 6.7 s)
[17:56:53] depth 18: 100 parents -> 1026 children (996 unique) -> refined 150, ok 148, kept 100; t_end 2428-2904 d, tank 759-932; best 18 @ 759.2 kg (price 2.0 s, refine 6.0 s)
[17:57:02] depth 19: 100 parents -> 875 children (872 unique) -> refined 150, ok 150, kept 100; t_end 2781-3010 d, tank 765-855; best 19 @ 765.4 kg (price 2.4 s, refine 5.9 s)
[17:57:10] depth 20: 100 parents -> 667 children (654 unique) -> refined 150, ok 143, kept 100; t_end 2860-3038 d, tank 796-901; best 20 @ 795.9 kg (price 2.1 s, refine 6.1 s)
[17:57:17] depth 21: 100 parents -> 549 children (546 unique) -> refined 150, ok 149, kept 100; t_end 2930-3264 d, tank 824-955; best 21 @ 823.9 kg (price 1.8 s, refine 5.6 s)
[17:57:25] depth 22: 100 parents -> 665 children (649 unique) -> refined 150, ok 148, kept 100; t_end 3136-3437 d, tank 829-962; best 22 @ 829.4 kg (price 1.7 s, refine 5.8 s)
[17:57:34] depth 23: 100 parents -> 695 children (670 unique) -> refined 150, ok 150, kept 100; t_end 3376-3598 d, tank 834-950; best 23 @ 834.3 kg (price 1.8 s, refine 7.4 s)
[17:57:41] depth 24: 100 parents -> 620 children (599 unique) -> refined 150, ok 150, kept 100; t_end 3501-3773 d, tank 845-988; best 24 @ 845.4 kg (price 1.5 s, refine 5.6 s)
[17:57:49] depth 25: 100 parents -> 577 children (568 unique) -> refined 150, ok 150, kept 100; t_end 3589-3967 d, tank 863-1036; best 25 @ 863.1 kg (price 1.4 s, refine 6.8 s)
[17:57:58] depth 26: 100 parents -> 430 children (423 unique) -> refined 150, ok 141, kept 100; t_end 3762-4236 d, tank 873-1054; best 26 @ 873.1 kg (price 1.4 s, refine 7.5 s)
[17:58:07] depth 27: 100 parents -> 512 children (458 unique) -> refined 150, ok 139, kept 100; t_end 3887-4352 d, tank 885-1095; best 27 @ 885.1 kg (price 1.5 s, refine 7.0 s)
[17:58:14] depth 28: 100 parents -> 500 children (462 unique) -> refined 150, ok 146, kept 100; t_end 4099-4403 d, tank 924-1077; best 28 @ 924.5 kg (price 1.3 s, refine 6.0 s)
[17:58:22] depth 29: 100 parents -> 383 children (360 unique) -> refined 150, ok 147, kept 100; t_end 4263-4611 d, tank 935-1135; best 29 @ 934.7 kg (price 1.1 s, refine 6.9 s)
[17:58:29] depth 30: 100 parents -> 318 children (298 unique) -> refined 150, ok 150, kept 100; t_end 4403-4922 d, tank 932-1192; best 30 @ 932.5 kg (price 1.2 s, refine 6.3 s)
[17:58:39] depth 31: 100 parents -> 309 children (298 unique) -> refined 150, ok 150, kept 100; t_end 4582-5181 d, tank 952-1238; best 31 @ 952.0 kg (price 1.2 s, refine 7.9 s)
[17:58:47] depth 32: 100 parents -> 261 children (257 unique) -> refined 150, ok 150, kept 100; t_end 4912-5291 d, tank 962-1266; best 32 @ 961.9 kg (price 0.9 s, refine 7.5 s)
[17:58:54] depth 33: 100 parents -> 147 children (140 unique) -> refined 140, ok 140, kept 100; t_end 5040-5401 d, tank 984-1169; best 33 @ 984.5 kg (price 0.5 s, refine 6.7 s)
[17:58:56] depth 34: 100 parents -> 34 children (34 unique) -> refined 34, ok 34, kept 29; t_end 5277-5417 d, tank 990-1379; best 34 @ 990.2 kg (price 0.3 s, refine 1.2 s)
[17:58:56] depth 35: 29 parents -> 2 children (2 unique) -> refined 2, ok 2, kept 1; t_end 5397-5397 d, tank 1026-1026; best 35 @ 1026.5 kg (price 0.0 s, refine 0.1 s)
[17:58:56] depth 36: 1 parents -> 0 children (0 unique) -> refined 0, ok 0, kept 0; best 35 @ 1026.5 kg (price 0.0 s, refine 0.0 s)
[17:58:56] PLANNED 01: 35/38 @ 1026.5 kg (max miss 77 km); end {'kind': 'no_children', 'depth': 35, 'time_left_d': np.float64(82.0)}; refines 4826 (4737 ok); wall 272 s
[17:59:00]   settle depth 35 alt 0: planned 1026.5 kg (max miss 78 km) -> twin 938.5 kg, miss 78 km [B; A 1026.5 B 938.55/78.5 km] (4 s)
[17:59:00] RESULT 01: settled 35/38 @ 938.5 kg (9.67 kg/fb, J_i 1.3003); planned 1026.5 kg; total wall 291 s
