[17:59:02] === s14_lookback free 03: pool 38; L 3 beam 100 over 1.5 roots 300 dvcap 3.0 drmax 1.0 mcap 1100.0 (tcap 0.675) tofs 74 npt 2 mc 80 w_fuel 0.5197 ref 6/100.0/1000.0/rho 30.0
[17:59:14] roots: 1683 launch legs -> 267 kept (max root miss 0.3 km)
[17:59:26] depth  2: 267 parents -> 2600 children (1728 unique) -> refined 150, ok 139, kept 100; t_end 345-715 d, tank 602-655; best 2 @ 602.3 kg (price 5.7 s, refine 6.6 s)
[17:59:37] depth  3: 100 parents -> 1211 children (1095 unique) -> refined 150, ok 150, kept 100; t_end 393-856 d, tank 608-673; best 3 @ 608.4 kg (price 3.0 s, refine 7.5 s)
[17:59:46] depth  4: 100 parents -> 1235 children (1136 unique) -> refined 150, ok 150, kept 100; t_end 497-971 d, tank 612-703; best 4 @ 612.5 kg (price 2.7 s, refine 6.6 s)
[17:59:55] depth  5: 100 parents -> 1112 children (1048 unique) -> refined 150, ok 148, kept 100; t_end 562-1001 d, tank 627-717; best 5 @ 626.9 kg (price 2.4 s, refine 6.2 s)
[18:00:03] depth  6: 100 parents -> 1073 children (981 unique) -> refined 150, ok 147, kept 100; t_end 777-1167 d, tank 642-742; best 6 @ 641.6 kg (price 2.5 s, refine 5.8 s)
[18:00:12] depth  7: 100 parents -> 993 children (908 unique) -> refined 150, ok 149, kept 100; t_end 832-1294 d, tank 653-777; best 7 @ 652.9 kg (price 2.6 s, refine 6.6 s)
[18:00:21] depth  8: 100 parents -> 933 children (885 unique) -> refined 150, ok 149, kept 100; t_end 1074-1506 d, tank 662-776; best 8 @ 661.7 kg (price 2.2 s, refine 6.7 s)
[18:00:30] depth  9: 100 parents -> 880 children (858 unique) -> refined 150, ok 150, kept 100; t_end 1159-1620 d, tank 668-805; best 9 @ 668.2 kg (price 2.5 s, refine 7.0 s)
[18:00:40] depth 10: 100 parents -> 1008 children (981 unique) -> refined 150, ok 150, kept 100; t_end 1300-1866 d, tank 679-814; best 10 @ 678.7 kg (price 2.3 s, refine 6.8 s)
[18:00:49] depth 11: 100 parents -> 1149 children (1121 unique) -> refined 150, ok 150, kept 100; t_end 1465-2022 d, tank 683-843; best 11 @ 683.1 kg (price 2.4 s, refine 6.9 s)
[18:00:58] depth 12: 100 parents -> 1449 children (1406 unique) -> refined 150, ok 149, kept 100; t_end 1514-2087 d, tank 692-886; best 12 @ 692.2 kg (price 3.0 s, refine 6.3 s)
[18:01:07] depth 13: 100 parents -> 1871 children (1754 unique) -> refined 150, ok 139, kept 100; t_end 1765-2252 d, tank 705-884; best 13 @ 705.2 kg (price 2.9 s, refine 5.8 s)
[18:01:15] depth 14: 100 parents -> 1609 children (1541 unique) -> refined 150, ok 141, kept 100; t_end 1879-2479 d, tank 708-889; best 14 @ 708.5 kg (price 2.6 s, refine 5.9 s)
[18:01:24] depth 15: 100 parents -> 1227 children (1174 unique) -> refined 150, ok 147, kept 100; t_end 2090-2571 d, tank 720-900; best 15 @ 720.0 kg (price 2.6 s, refine 6.5 s)
[18:01:32] depth 16: 100 parents -> 994 children (947 unique) -> refined 150, ok 123, kept 100; t_end 2305-2766 d, tank 727-899; best 16 @ 726.6 kg (price 2.4 s, refine 5.4 s)
[18:01:39] depth 17: 100 parents -> 832 children (769 unique) -> refined 150, ok 130, kept 100; t_end 2429-2955 d, tank 744-933; best 17 @ 743.9 kg (price 2.0 s, refine 5.3 s)
[18:01:48] depth 18: 100 parents -> 851 children (807 unique) -> refined 150, ok 144, kept 100; t_end 2509-3134 d, tank 745-981; best 18 @ 744.8 kg (price 2.2 s, refine 6.3 s)
[18:01:59] depth 19: 100 parents -> 944 children (885 unique) -> refined 150, ok 142, kept 100; t_end 2740-3222 d, tank 790-1010; best 19 @ 789.5 kg (price 2.1 s, refine 8.5 s)
[18:02:07] depth 20: 100 parents -> 823 children (784 unique) -> refined 150, ok 131, kept 100; t_end 2891-3344 d, tank 822-1015; best 20 @ 821.8 kg (price 2.3 s, refine 6.4 s)
[18:02:16] depth 21: 100 parents -> 660 children (616 unique) -> refined 150, ok 131, kept 100; t_end 3041-3517 d, tank 864-1094; best 21 @ 863.6 kg (price 1.8 s, refine 7.2 s)
[18:02:26] depth 22: 100 parents -> 515 children (488 unique) -> refined 150, ok 141, kept 100; t_end 3114-3717 d, tank 872-1185; best 22 @ 871.8 kg (price 1.7 s, refine 7.9 s)
[18:02:35] depth 23: 100 parents -> 431 children (421 unique) -> refined 150, ok 148, kept 100; t_end 3264-3867 d, tank 906-1252; best 23 @ 906.2 kg (price 1.4 s, refine 7.5 s)
[18:02:44] depth 24: 100 parents -> 410 children (396 unique) -> refined 150, ok 149, kept 100; t_end 3348-4060 d, tank 920-1351; best 24 @ 919.9 kg (price 1.3 s, refine 8.0 s)
[18:02:54] depth 25: 100 parents -> 358 children (338 unique) -> refined 150, ok 145, kept 100; t_end 3414-4503 d, tank 919-1400; best 25 @ 919.4 kg (price 1.2 s, refine 8.5 s)
[18:03:03] depth 26: 100 parents -> 372 children (327 unique) -> refined 150, ok 150, kept 100; t_end 3551-4595 d, tank 945-1476; best 26 @ 944.8 kg (price 1.2 s, refine 8.2 s)
[18:03:15] depth 27: 100 parents -> 321 children (294 unique) -> refined 150, ok 147, kept 100; t_end 3981-4901 d, tank 955-1436; best 27 @ 955.4 kg (price 1.3 s, refine 9.9 s)
[18:03:24] depth 28: 100 parents -> 231 children (209 unique) -> refined 150, ok 149, kept 100; t_end 4356-5123 d, tank 959-1451; best 28 @ 959.0 kg (price 1.0 s, refine 8.1 s)
[18:03:32] depth 29: 100 parents -> 295 children (272 unique) -> refined 150, ok 146, kept 100; t_end 4749-5420 d, tank 960-1395; best 29 @ 960.4 kg (price 0.9 s, refine 7.4 s)
[18:03:39] depth 30: 100 parents -> 288 children (261 unique) -> refined 150, ok 136, kept 100; t_end 4884-5472 d, tank 982-1401; best 30 @ 982.1 kg (price 0.7 s, refine 6.7 s)
[18:03:43] depth 31: 100 parents -> 75 children (73 unique) -> refined 73, ok 59, kept 56; t_end 5150-5469 d, tank 1011-1465; best 31 @ 1010.7 kg (price 0.3 s, refine 3.0 s)
[18:03:43] depth 32: 56 parents -> 14 children (13 unique) -> refined 13, ok 11, kept 10; t_end 5392-5473 d, tank 1247-1377; best 32 @ 1246.7 kg (price 0.2 s, refine 0.6 s)
[18:03:44] depth 33: 10 parents -> 0 children (0 unique) -> refined 0, ok 0, kept 0; best 32 @ 1246.7 kg (price 0.0 s, refine 0.0 s)
[18:03:44] PLANNED 03: 32/38 @ 1246.7 kg (max miss 51 km); end {'kind': 'no_children', 'depth': 32, 'time_left_d': np.float64(5.6)}; refines 4436 (4240 ok); wall 270 s
[18:04:12]   settle depth 32 alt 0: planned 1246.7 kg (max miss 51 km) -> twin 1154.2 kg, miss 100 km [A; A 1154.23 B 1071.2/957433.0 km] (28 s)
[18:04:20]   settle depth 32 alt 1: planned 1288.4 kg (max miss 51 km) -> twin 1097.7 kg, miss 80 km [B; A 1280.58 B 1097.68/79.5 km] (8 s)
[18:04:35]   settle depth 32 alt 2: planned 1316.8 kg (max miss 30 km) -> twin 1226.4 kg, miss 3 km [B; A 1276.88 B 1226.44/3.0 km] (15 s)
[18:04:35] RESULT 03: settled 32/38 @ 1097.7 kg (15.55 kg/fb, J_i 1.4819); planned 1288.4 kg; total wall 334 s
