[17:59:27] === s14_lookback free 06: pool 38; L 3 beam 100 over 1.5 roots 300 dvcap 3.0 drmax 1.0 mcap 1100.0 (tcap 0.675) tofs 74 npt 2 mc 80 w_fuel 0.5197 ref 6/100.0/1000.0/rho 30.0
[17:59:41] roots: 1058 launch legs -> 205 kept (max root miss 0.0 km)
[17:59:50] depth  2: 205 parents -> 2206 children (1544 unique) -> refined 150, ok 138, kept 100; t_end 320-685 d, tank 604-648; best 2 @ 603.5 kg (price 3.7 s, refine 5.2 s)
[18:00:00] depth  3: 100 parents -> 1374 children (1256 unique) -> refined 150, ok 149, kept 100; t_end 491-800 d, tank 607-668; best 3 @ 607.1 kg (price 3.1 s, refine 7.1 s)
[18:00:08] depth  4: 100 parents -> 1243 children (1177 unique) -> refined 150, ok 146, kept 100; t_end 558-932 d, tank 618-689; best 4 @ 618.1 kg (price 2.4 s, refine 6.0 s)
[18:00:17] depth  5: 100 parents -> 1103 children (1054 unique) -> refined 150, ok 148, kept 100; t_end 638-1123 d, tank 619-721; best 5 @ 619.2 kg (price 2.6 s, refine 6.3 s)
[18:00:26] depth  6: 100 parents -> 970 children (943 unique) -> refined 150, ok 140, kept 100; t_end 835-1249 d, tank 644-741; best 6 @ 644.5 kg (price 1.9 s, refine 6.9 s)
[18:00:35] depth  7: 100 parents -> 944 children (896 unique) -> refined 150, ok 142, kept 100; t_end 953-1371 d, tank 655-765; best 7 @ 654.8 kg (price 2.2 s, refine 6.4 s)
[18:00:43] depth  8: 100 parents -> 836 children (796 unique) -> refined 150, ok 146, kept 100; t_end 1128-1502 d, tank 659-774; best 8 @ 659.3 kg (price 1.9 s, refine 6.4 s)
[18:00:51] depth  9: 100 parents -> 762 children (730 unique) -> refined 150, ok 146, kept 100; t_end 1239-1688 d, tank 677-781; best 9 @ 677.1 kg (price 1.7 s, refine 6.5 s)
[18:00:59] depth 10: 100 parents -> 702 children (660 unique) -> refined 150, ok 149, kept 100; t_end 1369-1842 d, tank 686-814; best 10 @ 686.5 kg (price 1.6 s, refine 6.6 s)
[18:01:08] depth 11: 100 parents -> 708 children (661 unique) -> refined 150, ok 149, kept 100; t_end 1531-2056 d, tank 684-859; best 11 @ 683.7 kg (price 1.7 s, refine 6.6 s)
[18:01:16] depth 12: 100 parents -> 674 children (637 unique) -> refined 150, ok 147, kept 100; t_end 1680-2238 d, tank 695-916; best 12 @ 695.4 kg (price 1.5 s, refine 6.7 s)
[18:01:24] depth 13: 100 parents -> 676 children (642 unique) -> refined 150, ok 138, kept 100; t_end 1840-2467 d, tank 714-947; best 13 @ 713.6 kg (price 1.5 s, refine 6.5 s)
[18:01:32] depth 14: 100 parents -> 624 children (582 unique) -> refined 150, ok 147, kept 100; t_end 1989-2514 d, tank 729-920; best 14 @ 729.4 kg (price 1.4 s, refine 6.4 s)
[18:01:39] depth 15: 100 parents -> 664 children (630 unique) -> refined 150, ok 139, kept 100; t_end 2104-2712 d, tank 737-975; best 15 @ 737.2 kg (price 1.3 s, refine 6.3 s)
[18:01:48] depth 16: 100 parents -> 574 children (564 unique) -> refined 150, ok 144, kept 100; t_end 2236-2906 d, tank 743-1053; best 16 @ 743.0 kg (price 1.5 s, refine 6.6 s)
[18:01:59] depth 17: 100 parents -> 582 children (558 unique) -> refined 150, ok 148, kept 100; t_end 2432-3161 d, tank 744-1064; best 17 @ 744.5 kg (price 1.4 s, refine 9.8 s)
[18:02:08] depth 18: 100 parents -> 690 children (653 unique) -> refined 150, ok 148, kept 100; t_end 2721-3251 d, tank 776-973; best 18 @ 776.0 kg (price 1.9 s, refine 7.0 s)
[18:02:16] depth 19: 100 parents -> 602 children (561 unique) -> refined 150, ok 150, kept 100; t_end 2904-3391 d, tank 792-942; best 19 @ 791.5 kg (price 1.6 s, refine 6.9 s)
[18:02:24] depth 20: 100 parents -> 597 children (571 unique) -> refined 150, ok 148, kept 100; t_end 3085-3432 d, tank 793-963; best 20 @ 793.1 kg (price 1.5 s, refine 6.6 s)
[18:02:32] depth 21: 100 parents -> 757 children (725 unique) -> refined 150, ok 148, kept 100; t_end 3160-3686 d, tank 799-1042; best 21 @ 799.2 kg (price 1.6 s, refine 6.5 s)
[18:02:40] depth 22: 100 parents -> 780 children (768 unique) -> refined 150, ok 148, kept 100; t_end 3352-3770 d, tank 835-1025; best 22 @ 835.2 kg (price 1.7 s, refine 6.3 s)
[18:02:48] depth 23: 100 parents -> 675 children (663 unique) -> refined 150, ok 144, kept 100; t_end 3425-3951 d, tank 836-1061; best 23 @ 835.5 kg (price 1.5 s, refine 5.8 s)
[18:02:55] depth 24: 100 parents -> 628 children (623 unique) -> refined 150, ok 146, kept 100; t_end 3600-4085 d, tank 851-1074; best 24 @ 851.2 kg (price 1.5 s, refine 6.2 s)
[18:03:03] depth 25: 100 parents -> 418 children (406 unique) -> refined 150, ok 150, kept 100; t_end 3767-4146 d, tank 891-1076; best 25 @ 890.8 kg (price 1.3 s, refine 6.2 s)
[18:03:12] depth 26: 100 parents -> 366 children (346 unique) -> refined 150, ok 149, kept 100; t_end 3922-4207 d, tank 927-1145; best 26 @ 927.1 kg (price 1.1 s, refine 8.1 s)
[18:03:19] depth 27: 100 parents -> 320 children (302 unique) -> refined 150, ok 150, kept 100; t_end 3986-4449 d, tank 956-1200; best 27 @ 956.1 kg (price 1.0 s, refine 6.5 s)
[18:03:27] depth 28: 100 parents -> 246 children (224 unique) -> refined 150, ok 150, kept 100; t_end 4132-4469 d, tank 1038-1246; best 28 @ 1037.5 kg (price 0.7 s, refine 6.6 s)
[18:03:34] depth 29: 100 parents -> 222 children (206 unique) -> refined 150, ok 150, kept 100; t_end 4374-4872 d, tank 1077-1339; best 29 @ 1076.7 kg (price 0.7 s, refine 6.8 s)
[18:03:44] depth 30: 100 parents -> 187 children (176 unique) -> refined 150, ok 150, kept 100; t_end 4506-5104 d, tank 1105-1381; best 30 @ 1105.0 kg (price 0.7 s, refine 8.6 s)
[18:03:48] depth 31: 100 parents -> 88 children (81 unique) -> refined 81, ok 78, kept 75; t_end 4818-5459 d, tank 1121-1452; best 31 @ 1121.4 kg (price 0.6 s, refine 4.0 s)
[18:03:50] depth 32: 75 parents -> 27 children (22 unique) -> refined 22, ok 21, kept 16; t_end 5082-5457 d, tank 1149-1403; best 32 @ 1149.1 kg (price 0.3 s, refine 1.2 s)
[18:03:50] depth 33: 16 parents -> 0 children (0 unique) -> refined 0, ok 0, kept 0; best 32 @ 1149.1 kg (price 0.0 s, refine 0.0 s)
[18:03:50] PLANNED 06: 32/38 @ 1149.1 kg (max miss 3 km); end {'kind': 'no_children', 'depth': 32, 'time_left_d': np.float64(21.9)}; refines 4453 (4346 ok); wall 249 s
[18:03:57]   settle depth 32 alt 0: planned 1149.1 kg (max miss 3 km) -> twin 1049.1 kg, miss 64 km [B; A 1149.12 B 1049.12/64.4 km] (7 s)
[18:04:11]   settle depth 32 alt 1: planned 1230.4 kg (max miss 5 km) -> twin 1083.6 kg, miss 9 km [B; A 1159.7 B 1083.57/8.7 km] (14 s)
[18:04:25]   settle depth 32 alt 2: planned 1266.4 kg (max miss 2 km) -> twin 1122.4 kg, miss 63 km [B; A 1174.52 B 1122.37/63.0 km] (14 s)
[18:04:25] RESULT 06: settled 32/38 @ 1049.1 kg (14.04 kg/fb, J_i 1.4237); planned 1149.1 kg; total wall 299 s
