[18:01:05] === s14_lookback free 07: pool 36; L 3 beam 100 over 1.5 roots 300 dvcap 3.0 drmax 1.0 mcap 1100.0 (tcap 0.675) tofs 74 npt 2 mc 80 w_fuel 0.5197 ref 6/100.0/1000.0/rho 30.0
[18:01:18] roots: 1606 launch legs -> 246 kept (max root miss 0.0 km)
[18:01:28] depth  2: 246 parents -> 2528 children (1755 unique) -> refined 150, ok 140, kept 100; t_end 206-630 d, tank 607-652; best 2 @ 606.7 kg (price 4.6 s, refine 5.2 s)
[18:01:37] depth  3: 100 parents -> 1009 children (916 unique) -> refined 150, ok 149, kept 100; t_end 295-618 d, tank 613-696; best 3 @ 612.9 kg (price 2.2 s, refine 7.1 s)
[18:01:46] depth  4: 100 parents -> 903 children (869 unique) -> refined 150, ok 146, kept 100; t_end 405-827 d, tank 624-704; best 4 @ 623.5 kg (price 1.9 s, refine 6.8 s)
[18:01:57] depth  5: 100 parents -> 942 children (903 unique) -> refined 150, ok 145, kept 100; t_end 545-969 d, tank 632-742; best 5 @ 631.9 kg (price 2.1 s, refine 9.2 s)
[18:02:08] depth  6: 100 parents -> 965 children (929 unique) -> refined 150, ok 150, kept 100; t_end 628-1195 d, tank 640-788; best 6 @ 640.5 kg (price 2.3 s, refine 8.3 s)
[18:02:17] depth  7: 100 parents -> 882 children (857 unique) -> refined 150, ok 149, kept 100; t_end 804-1322 d, tank 666-774; best 7 @ 665.6 kg (price 1.8 s, refine 7.8 s)
[18:02:28] depth  8: 100 parents -> 874 children (852 unique) -> refined 150, ok 148, kept 100; t_end 1036-1436 d, tank 684-814; best 8 @ 684.2 kg (price 2.0 s, refine 7.5 s)
[18:02:37] depth  9: 100 parents -> 848 children (826 unique) -> refined 150, ok 138, kept 100; t_end 1171-1679 d, tank 694-826; best 9 @ 693.8 kg (price 2.0 s, refine 7.5 s)
[18:02:47] depth 10: 100 parents -> 862 children (849 unique) -> refined 150, ok 148, kept 100; t_end 1317-1799 d, tank 716-870; best 10 @ 715.7 kg (price 2.1 s, refine 7.4 s)
[18:02:56] depth 11: 100 parents -> 797 children (783 unique) -> refined 150, ok 150, kept 100; t_end 1489-1989 d, tank 720-894; best 11 @ 719.8 kg (price 2.0 s, refine 7.8 s)
[18:03:05] depth 12: 100 parents -> 644 children (636 unique) -> refined 150, ok 147, kept 100; t_end 1538-2138 d, tank 744-949; best 12 @ 743.8 kg (price 1.8 s, refine 6.8 s)
[18:03:15] depth 13: 100 parents -> 532 children (518 unique) -> refined 150, ok 141, kept 100; t_end 1683-2273 d, tank 772-987; best 13 @ 772.4 kg (price 1.5 s, refine 8.2 s)
[18:03:23] depth 14: 100 parents -> 494 children (485 unique) -> refined 150, ok 144, kept 100; t_end 1862-2552 d, tank 786-1033; best 14 @ 785.8 kg (price 1.4 s, refine 7.2 s)
[18:03:32] depth 15: 100 parents -> 645 children (635 unique) -> refined 150, ok 148, kept 100; t_end 2064-2735 d, tank 805-1049; best 15 @ 805.1 kg (price 1.4 s, refine 7.3 s)
[18:03:41] depth 16: 100 parents -> 696 children (662 unique) -> refined 150, ok 147, kept 100; t_end 2279-2868 d, tank 816-1073; best 16 @ 816.2 kg (price 1.3 s, refine 7.5 s)
[18:03:50] depth 17: 100 parents -> 658 children (631 unique) -> refined 150, ok 145, kept 100; t_end 2378-2958 d, tank 865-1072; best 17 @ 864.7 kg (price 1.5 s, refine 7.0 s)
[18:03:58] depth 18: 100 parents -> 607 children (568 unique) -> refined 150, ok 138, kept 100; t_end 2508-3003 d, tank 912-1171; best 18 @ 911.8 kg (price 1.3 s, refine 7.1 s)
[18:04:05] depth 19: 100 parents -> 541 children (511 unique) -> refined 150, ok 149, kept 100; t_end 2635-3084 d, tank 948-1207; best 19 @ 948.5 kg (price 1.3 s, refine 6.2 s)
[18:04:13] depth 20: 100 parents -> 433 children (379 unique) -> refined 150, ok 148, kept 100; t_end 2695-3298 d, tank 986-1271; best 20 @ 986.3 kg (price 1.0 s, refine 6.4 s)
[18:04:22] depth 21: 100 parents -> 420 children (393 unique) -> refined 150, ok 145, kept 100; t_end 2979-3486 d, tank 1043-1361; best 21 @ 1042.6 kg (price 1.0 s, refine 8.2 s)
[18:04:31] depth 22: 100 parents -> 513 children (479 unique) -> refined 150, ok 148, kept 100; t_end 3054-3625 d, tank 1067-1369; best 22 @ 1067.3 kg (price 1.2 s, refine 8.0 s)
[18:04:41] depth 23: 100 parents -> 510 children (497 unique) -> refined 150, ok 147, kept 100; t_end 3304-3951 d, tank 1084-1470; best 23 @ 1083.9 kg (price 1.2 s, refine 8.5 s)
[18:04:50] depth 24: 100 parents -> 390 children (360 unique) -> refined 150, ok 150, kept 100; t_end 3496-4015 d, tank 1117-1372; best 24 @ 1116.9 kg (price 1.0 s, refine 8.1 s)
[18:04:59] depth 25: 100 parents -> 226 children (217 unique) -> refined 150, ok 144, kept 100; t_end 3767-4258 d, tank 1178-1428; best 25 @ 1177.8 kg (price 1.1 s, refine 8.0 s)
[18:05:06] depth 26: 100 parents -> 98 children (92 unique) -> refined 92, ok 91, kept 88; t_end 3996-4796 d, tank 1213-1695; best 26 @ 1213.3 kg (price 0.8 s, refine 5.4 s)
[18:05:19] depth 27: 88 parents -> 188 children (164 unique) -> refined 150, ok 149, kept 100; t_end 4438-5199 d, tank 1247-1598; best 27 @ 1247.4 kg (price 1.0 s, refine 12.3 s)
[18:05:30] depth 28: 100 parents -> 215 children (192 unique) -> refined 150, ok 150, kept 100; t_end 4728-5333 d, tank 1290-1522; best 28 @ 1289.5 kg (price 1.0 s, refine 10.5 s)
[18:05:32] depth 29: 100 parents -> 28 children (27 unique) -> refined 27, ok 27, kept 24; t_end 5122-5433 d, tank 1327-1490; best 29 @ 1326.9 kg (price 0.6 s, refine 1.5 s)
[18:05:32] depth 30: 24 parents -> 0 children (0 unique) -> refined 0, ok 0, kept 0; best 29 @ 1326.9 kg (price 0.1 s, refine 0.0 s)
[18:05:32] PLANNED 07: 29/36 @ 1326.9 kg (max miss 98 km); end {'kind': 'no_children', 'depth': 29, 'time_left_d': np.float64(46.0)}; refines 4019 (3921 ok); wall 254 s
[18:05:43]   settle depth 29 alt 0: planned 1326.9 kg (max miss 98 km) -> twin 1202.0 kg, miss 4 km [B; A 1281.82 B 1202.0/4.2 km] (10 s)
[18:05:54]   settle depth 29 alt 1: planned 1343.9 kg (max miss 3 km) -> twin 1226.2 kg, miss 66 km [B; A 1278.72 B 1226.17/65.5 km] (11 s)
[18:06:05]   settle depth 29 alt 2: planned 1361.6 kg (max miss 3 km) -> twin 1247.3 kg, miss 63 km [B; A 1273.38 B 1247.32/63.3 km] (11 s)
[18:06:05] RESULT 07: settled 29/36 @ 1202.0 kg (20.76 kg/fb, J_i 1.6149); planned 1326.9 kg; total wall 300 s
