[01:37:55] new run g0b: N 8 H 540.0 d L 360.0 d proposer segbeam commit regrid nproc 8 stop_T 1461.0
[01:37:55] [slice 0 T=0 d] propose: 8 jobs (0 craft, 8 root) on 8 workers, proposer segbeam
[01:37:55] job s00_r1 (root, craft None): T 0 d H 540 L 360; remaining 298; prize >1 on 6, tank_prev 601.5
[01:37:55] job s00_r0 (root, craft None): T 0 d H 540 L 360; remaining 298; prize >1 on 6, tank_prev 601.5
[01:37:55] job s00_r2 (root, craft None): T 0 d H 540 L 360; remaining 298; prize >1 on 6, tank_prev 601.5
[01:37:55] job s00_r3 (root, craft None): T 0 d H 540 L 360; remaining 298; prize >1 on 6, tank_prev 601.5
[01:37:55] job s00_r4 (root, craft None): T 0 d H 540 L 360; remaining 298; prize >1 on 6, tank_prev 601.5
[01:37:55] job s00_r6 (root, craft None): T 0 d H 540 L 360; remaining 298; prize >1 on 6, tank_prev 601.5
[01:37:55] job s00_r7 (root, craft None): T 0 d H 540 L 360; remaining 298; prize >1 on 6, tank_prev 601.5
[01:37:55] job s00_r5 (root, craft None): T 0 d H 540 L 360; remaining 298; prize >1 on 6, tank_prev 601.5
[01:37:57] roots: grid (140, 200] step 10 d -> 10 launch legs kept (1.8 s); launch 150-200 d, first flyby 270-285 d
[01:37:57] start: 10 root state(s), remaining 298, horizon (0, 540] + L 360 d, B 8 tries 16 k_epochs 3 price_cap 250 max_levels 14 wall 2400 s
[01:37:57] roots: grid (340, 400] step 10 d -> 10 launch legs kept (1.8 s); launch 350-400 d, first flyby 440-490 d
[01:37:57] start: 10 root state(s), remaining 298, horizon (0, 540] + L 360 d, B 8 tries 16 k_epochs 3 price_cap 250 max_levels 14 wall 2400 s
[01:37:57] roots: grid (400, 470] step 10 d -> 10 launch legs kept (2.2 s); launch 410-460 d, first flyby 475-525 d
[01:37:57] start: 10 root state(s), remaining 298, horizon (0, 540] + L 360 d, B 8 tries 16 k_epochs 3 price_cap 250 max_levels 14 wall 2400 s
[01:37:57] roots: grid (200, 270] step 10 d -> 10 launch legs kept (2.2 s); launch 210-260 d, first flyby 285-310 d
[01:37:57] start: 10 root state(s), remaining 298, horizon (0, 540] + L 360 d, B 8 tries 16 k_epochs 3 price_cap 250 max_levels 14 wall 2400 s
[01:37:57] roots: grid (470, 540] step 10 d -> 10 launch legs kept (2.2 s); launch 480-520 d, first flyby 570-605 d
[01:37:57] start: 10 root state(s), remaining 298, horizon (0, 540] + L 360 d, B 8 tries 16 k_epochs 3 price_cap 250 max_levels 14 wall 2400 s
[01:37:57] roots: grid (270, 340] step 10 d -> 10 launch legs kept (2.2 s); launch 280-320 d, first flyby 305-425 d
[01:37:57] start: 10 root state(s), remaining 298, horizon (0, 540] + L 360 d, B 8 tries 16 k_epochs 3 price_cap 250 max_levels 14 wall 2400 s
[01:37:57] roots: grid (70, 140] step 10 d -> 10 launch legs kept (2.2 s); launch 80-140 d, first flyby 95-215 d
[01:37:57] start: 10 root state(s), remaining 298, horizon (0, 540] + L 360 d, B 8 tries 16 k_epochs 3 price_cap 250 max_levels 14 wall 2400 s
[01:37:58] roots: grid (-10, 70] step 10 d -> 10 launch legs kept (2.4 s); launch 0-60 d, first flyby 70-365 d
[01:37:58] start: 10 root state(s), remaining 298, horizon (0, 540] + L 360 d, B 8 tries 16 k_epochs 3 price_cap 250 max_levels 14 wall 2400 s
[01:38:18]   price_cap: 2500 of 4929 horizon candidates priced (10 parents)
[01:38:21]   price_cap: 2500 of 7639 horizon candidates priced (10 parents)
[01:38:23]   price_cap: 2500 of 7719 horizon candidates priced (10 parents)
[01:38:24]   price_cap: 2500 of 8149 horizon candidates priced (10 parents)
[01:38:25] depth  2: 10/10 parents -> 378 children (286 unique) -> tried 13, settled 8 (0 in H), kept 7 (5 branches); t_end 657-752 d, tank 604-664 (28 s: price 21, settle 7)
[01:38:26]   price_cap: 2500 of 8468 horizon candidates priced (10 parents)
[01:38:26]   price_cap: 2500 of 8853 horizon candidates priced (10 parents)
[01:38:27] depth  2: 10/10 parents -> 575 children (452 unique) -> tried 10, settled 8 (8 in H), kept 7 (5 branches); t_end 492-540 d, tank 607-625 (30 s: price 26, settle 4)
[01:38:27]   price_cap: 2500 of 8779 horizon candidates priced (10 parents)
[01:38:27] depth  2: 10/10 parents -> 732 children (670 unique) -> tried 11, settled 8 (8 in H), kept 8 (5 branches); t_end 441-521 d, tank 602-622 (30 s: price 26, settle 4)
[01:38:27] depth  2: 10/10 parents -> 945 children (818 unique) -> tried 9, settled 8 (8 in H), kept 5 (4 branches); t_end 328-409 d, tank 602-642 (30 s: price 28, settle 2)
[01:38:28] depth  2: 10/10 parents -> 542 children (453 unique) -> tried 13, settled 8 (2 in H), kept 7 (6 branches); t_end 492-662 d, tank 603-618 (31 s: price 24, settle 7)
[01:38:28]   price_cap: 2500 of 8585 horizon candidates priced (10 parents)
[01:38:28] depth  2: 10/10 parents -> 924 children (859 unique) -> tried 8, settled 8 (8 in H), kept 8 (6 branches); t_end 202-316 d, tank 602-617 (31 s: price 29, settle 2)
[01:38:30] depth  2: 10/10 parents -> 959 children (641 unique) -> tried 8, settled 8 (8 in H), kept 6 (3 branches); t_end 320-405 d, tank 602-648 (33 s: price 30, settle 3)
[01:38:32] depth  2: 10/10 parents -> 988 children (876 unique) -> tried 8, settled 8 (8 in H), kept 6 (3 branches); t_end 174-446 d, tank 602-620 (35 s: price 31, settle 4)
[01:38:40]   price_cap: 1590 of 1880 horizon candidates priced (7 parents)
[01:38:42] depth  3: 7/7 parents -> 172 children (172 unique) -> tried 8, settled 8 (0 in H), kept 8 (3 branches); t_end 672-841 d, tank 609-632 (17 s: price 14, settle 2)
[01:38:42]   price_cap: 1250 of 4203 horizon candidates priced (5 parents)
[01:38:44] depth  3: 5/5 parents -> 367 children (367 unique) -> tried 8, settled 8 (7 in H), kept 8 (3 branches); t_end 397-542 d, tank 612-660 (17 s: price 15, settle 2)
[01:38:45]   price_cap: 1750 of 4540 horizon candidates priced (7 parents)
[01:38:46]   price_cap: 1750 of 3827 horizon candidates priced (7 parents)
[01:38:51]   price_cap: 2000 of 5813 horizon candidates priced (8 parents)
[01:38:51] depth  3: 7/7 parents -> 267 children (267 unique) -> tried 10, settled 8 (0 in H), kept 8 (4 branches); t_end 659-820 d, tank 619-636 (23 s: price 18, settle 5)
[01:38:51]   price_cap: 1500 of 5059 horizon candidates priced (6 parents)
[01:38:51] depth  3: 7/7 parents -> 298 children (291 unique) -> tried 10, settled 8 (0 in H), kept 8 (4 branches); t_end 587-739 d, tank 615-658 (25 s: price 18, settle 6)
[01:38:52] depth  3: 8/8 parents -> 401 children (401 unique) -> tried 8, settled 8 (0 in H), kept 8 (4 branches); t_end 551-604 d, tank 605-636 (24 s: price 23, settle 1)
[01:38:55]   price_cap: 2000 of 7025 horizon candidates priced (8 parents)
[01:38:56]   price_cap: 1500 of 4634 horizon candidates priced (6 parents)
[01:38:56] depth  3: 6/6 parents -> 477 children (477 unique) -> tried 10, settled 8 (7 in H), kept 8 (3 branches); t_end 407-572 d, tank 606-675 (26 s: price 21, settle 5)
[01:38:58] depth  3: 6/6 parents -> 445 children (445 unique) -> tried 8, settled 8 (8 in H), kept 8 (3 branches); t_end 275-484 d, tank 612-640 (26 s: price 24, settle 2)
[01:38:59] depth  4: 8/8 parents -> 44 children (44 unique) -> tried 11, settled 8 (0 in H), kept 8 (3 branches); t_end 729-895 d, tank 637-712 (17 s: price 8, settle 9)
[01:39:00] depth  3: 8/8 parents -> 749 children (749 unique) -> tried 10, settled 8 (8 in H), kept 8 (4 branches); t_end 317-406 d, tank 613-627 (32 s: price 27, settle 4)
[01:39:08] depth  5: 7/8 parents -> 27 children (27 unique) -> tried 9, settled 8 (0 in H), kept 8 (2 branches); t_end 797-878 d, tank 644-697 (9 s: price 5, settle 4)
[01:39:10]   price_cap: 1711 of 2202 horizon candidates priced (8 parents)
[01:39:10]   price_cap: 2000 of 5421 horizon candidates priced (8 parents)
[01:39:12] depth  4: 8/8 parents -> 126 children (126 unique) -> tried 8, settled 8 (0 in H), kept 8 (4 branches); t_end 672-847 d, tank 623-647 (21 s: price 19, settle 2)
[01:39:15]   price_cap: 1945 of 3021 horizon candidates priced (8 parents)
[01:39:17]   price_cap: 2000 of 3943 horizon candidates priced (8 parents)
[01:39:17] depth  4: 8/8 parents -> 356 children (356 unique) -> tried 10, settled 8 (2 in H), kept 8 (3 branches); t_end 497-658 d, tank 619-661 (33 s: price 26, settle 7)
[01:39:17] depth  6: 8/8 parents -> 6 children (6 unique) -> tried 6, settled 5 (0 in H), kept 5 (1 branches); t_end 836-884 d, tank 675-805 (9 s: price 1, settle 8)
[01:39:19] depth  4: 8/8 parents -> 251 children (251 unique) -> tried 8, settled 8 (0 in H), kept 8 (3 branches); t_end 581-732 d, tank 619-673 (27 s: price 25, settle 2)
[01:39:27]   price_cap: 2000 of 5890 horizon candidates priced (8 parents)
[01:39:28] depth  7: 5/5 parents -> 3 children (3 unique) -> tried 3, settled 0 (0 in H), kept 0 (0 branches) (10 s: price 0, settle 10)
[01:39:28] beam end {'kind': 'settle_wall', 'depth': 6, 'tried': 3}: 47 settled states, 50 settles (37 ok), wall 90 s (price 50, settle 40)
[01:39:28] RESULT s00_r7: 0 columns (n_new -, potential -), 47 states, end settle_wall, wall 93 s
[01:39:28]   job s00_r7 root  columns   0  levels 5  settles 37/50  end settle_wall  wall 92.7 s
[01:39:29] depth  4: 8/8 parents -> 424 children (424 unique) -> tried 8, settled 8 (2 in H), kept 8 (3 branches); t_end 497-722 d, tank 609-674 (32 s: price 31, settle 2)
[01:39:30] depth  5: 8/8 parents -> 30 children (30 unique) -> tried 11, settled 8 (0 in H, 1 drifted out), kept 8 (3 branches); t_end 727-890 d, tank 647-676 (18 s: price 8, settle 10)
[01:39:30]   price_cap: 2000 of 6724 horizon candidates priced (8 parents)
[01:39:31] depth  4: 8/8 parents -> 602 children (602 unique) -> tried 8, settled 8 (8 in H), kept 8 (4 branches); t_end 330-511 d, tank 617-675 (32 s: price 30, settle 1)
[01:39:32] depth  4: 8/8 parents -> 221 children (221 unique) -> tried 12, settled 8 (0 in H), kept 8 (3 branches); t_end 655-861 d, tank 621-700 (41 s: price 23, settle 17)
[01:39:32]   price_cap: 2000 of 5960 horizon candidates priced (8 parents)
[01:39:37] depth  4: 8/8 parents -> 534 children (534 unique) -> tried 8, settled 8 (7 in H), kept 8 (3 branches); t_end 297-545 d, tank 622-685 (38 s: price 34, settle 4)
[01:39:43]   price_cap: 2000 of 3897 horizon candidates priced (8 parents)
[01:39:44] depth  6: 7/8 parents -> 13 children (13 unique) -> tried 10, settled 8 (0 in H), kept 8 (2 branches); t_end 750-879 d, tank 681-723 (14 s: price 5, settle 9)
[01:39:44]   price_cap: 1969 of 2642 horizon candidates priced (8 parents)
[01:39:45] depth  5: 8/8 parents -> 143 children (143 unique) -> tried 8, settled 8 (0 in H), kept 8 (3 branches); t_end 755-864 d, tank 626-648 (26 s: price 25, settle 2)
[01:39:46]   price_cap: 1277 of 1449 horizon candidates priced (8 parents)
[01:39:47] depth  5: 8/8 parents -> 313 children (313 unique) -> tried 9, settled 8 (0 in H), kept 8 (3 branches); t_end 573-804 d, tank 627-646 (30 s: price 26, settle 4)
[01:39:48] depth  7: 8/8 parents -> 3 children (3 unique) -> tried 3, settled 3 (0 in H), kept 3 (1 branches); t_end 829-884 d, tank 707-777 (4 s: price 2, settle 2)
[01:39:55] depth  5: 8/8 parents -> 87 children (87 unique) -> tried 10, settled 8 (0 in H), kept 8 (3 branches); t_end 734-890 d, tank 634-706 (22 s: price 14, settle 8)
[01:39:57] depth  6: 8/8 parents -> 23 children (23 unique) -> tried 9, settled 8 (0 in H), kept 8 (3 branches); t_end 836-889 d, tank 634-667 (12 s: price 7, settle 5)
[01:39:57] depth  7: 6/8 parents -> 0 children (0 unique) -> tried 0, settled 0 (0 in H), kept 0 (0 branches) (0 s: price 0, settle 0)
[01:39:57] beam end {'kind': 'no_children', 'depth': 6, 'tried': 0}: 50 settled states, 44 settles (40 ok), wall 120 s (price 107, settle 13)
[01:39:57] RESULT s00_r4: 14 columns (n_new 1-2, potential 0-4), 50 states, end no_children, wall 122 s
[01:39:57]   job s00_r4 root  columns  14  levels 5  settles 40/44  end no_children  wall 122.3 s
[01:39:57]   price_cap: 1989 of 4225 horizon candidates priced (8 parents)
[01:40:00]   price_cap: 2000 of 6144 horizon candidates priced (8 parents)
[01:40:00] depth  5: 8/8 parents -> 219 children (219 unique) -> tried 8, settled 8 (0 in H), kept 8 (3 branches); t_end 636-834 d, tank 612-690 (32 s: price 29, settle 3)
[01:40:01] depth  8: 3/3 parents -> 4 children (4 unique) -> tried 4, settled 1 (0 in H), kept 1 (1 branches); t_end 885-885 d, tank 797-797 (13 s: price 0, settle 13)
[01:40:01] beam end {'kind': 'horizon', 'depth': 8}: 54 settled states, 59 settles (44 ok), wall 124 s (price 77, settle 48)
[01:40:01] RESULT s00_r6: 7 columns (n_new 1-2, potential 0-7), 54 states, end horizon, wall 126 s
[01:40:01]   job s00_r6 root  columns   7  levels 7  settles 44/59  end horizon  wall 126.1 s
[01:40:07] depth  6: 7/8 parents -> 29 children (29 unique) -> tried 9, settled 8 (0 in H, 1 drifted out), kept 8 (2 branches); t_end 771-876 d, tank 652-682 (12 s: price 10, settle 2)
[01:40:07] depth  5: 8/8 parents -> 452 children (452 unique) -> tried 10, settled 8 (5 in H), kept 8 (4 branches); t_end 477-683 d, tank 623-681 (36 s: price 28, settle 7)
[01:40:09]   price_cap: 2000 of 5357 horizon candidates priced (8 parents)
[01:40:10]   price_cap: 1774 of 2400 horizon candidates priced (8 parents)
[01:40:13] depth  7: 8/8 parents -> 14 children (14 unique) -> tried 8, settled 8 (0 in H), kept 8 (1 branches); t_end 808-897 d, tank 662-698 (7 s: price 5, settle 2)
[01:40:15] depth  6: 8/8 parents -> 141 children (141 unique) -> tried 9, settled 8 (0 in H), kept 8 (3 branches); t_end 671-880 d, tank 642-690 (28 s: price 22, settle 5)
[01:40:17] depth  5: 8/8 parents -> 453 children (453 unique) -> tried 10, settled 8 (3 in H), kept 8 (3 branches); t_end 361-780 d, tank 627-771 (41 s: price 32, settle 8)
[01:40:20]   price_cap: 1374 of 1930 horizon candidates priced (8 parents)
[01:40:22] depth  8: 5/8 parents -> 2 children (2 unique) -> tried 2, settled 1 (0 in H), kept 1 (1 branches); t_end 890-890 d, tank 711-711 (8 s: price 3, settle 5)
[01:40:22] beam end {'kind': 'horizon', 'depth': 8}: 59 settled states, 61 settles (49 ok), wall 145 s (price 99, settle 45)
[01:40:22] RESULT s00_r5: 11 columns (n_new 1-2, potential 0-6), 59 states, end horizon, wall 146 s
[01:40:22]   job s00_r5 root  columns  11  levels 7  settles 49/61  end horizon  wall 146.4 s
[01:40:28]   price_cap: 1013 of 1175 horizon candidates priced (8 parents)
[01:40:31] depth  6: 8/8 parents -> 89 children (89 unique) -> tried 10, settled 8 (0 in H), kept 8 (3 branches); t_end 698-900 d, tank 630-696 (30 s: price 20, settle 10)
[01:40:36]   price_cap: 2000 of 4576 horizon candidates priced (8 parents)
[01:40:37] depth  7: 8/8 parents -> 40 children (40 unique) -> tried 10, settled 8 (0 in H), kept 8 (3 branches); t_end 728-872 d, tank 653-721 (22 s: price 13, settle 9)
[01:40:39] depth  6: 8/8 parents -> 300 children (300 unique) -> tried 8, settled 8 (1 in H), kept 8 (3 branches); t_end 532-866 d, tank 637-669 (32 s: price 29, settle 4)
[01:40:46]   price_cap: 1052 of 1124 horizon candidates priced (7 parents)
[01:40:48]   price_cap: 1854 of 3987 horizon candidates priced (8 parents)
[01:40:51] depth  8: 8/8 parents -> 14 children (14 unique) -> tried 12, settled 8 (0 in H, 2 drifted out), kept 8 (2 branches); t_end 816-895 d, tank 666-771 (14 s: price 4, settle 10)
[01:40:56] depth  6: 8/8 parents -> 306 children (306 unique) -> tried 9, settled 8 (3 in H, 1 drifted out), kept 8 (3 branches); t_end 437-818 d, tank 649-766 (38 s: price 30, settle 8)
[01:41:02]   price_cap: 1515 of 2870 horizon candidates priced (8 parents)
[01:41:06] depth  7: 7/8 parents -> 51 children (51 unique) -> tried 12, settled 8 (0 in H), kept 8 (2 branches); t_end 757-866 d, tank 660-765 (35 s: price 16, settle 19)
[01:41:07] depth  7: 8/8 parents -> 213 children (213 unique) -> tried 9, settled 8 (0 in H), kept 7 (2 branches); t_end 607-735 d, tank 654-690 (28 s: price 23, settle 5)
[01:41:11] depth  9: 5/8 parents -> 5 children (5 unique) -> tried 5, settled 0 (0 in H), kept 0 (0 branches) (19 s: price 1, settle 18)
[01:41:11] beam end {'kind': 'settle_wall', 'depth': 8, 'tried': 5}: 66 settled states, 72 settles (56 ok), wall 193 s (price 136, settle 57)
[01:41:11] RESULT s00_r3: 18 columns (n_new 1-4, potential 0-6), 66 states, end settle_wall, wall 195 s
[01:41:11]   job s00_r3 root  columns  18  levels 7  settles 56/72  end settle_wall  wall 195.4 s
[01:41:15]   price_cap: 1133 of 2586 horizon candidates priced (8 parents)
[01:41:22] depth  8: 8/8 parents -> 7 children (7 unique) -> tried 7, settled 5 (0 in H), kept 5 (2 branches); t_end 867-898 d, tank 701-759 (16 s: price 7, settle 10)
[01:41:22] depth  9: 4/5 parents -> 0 children (0 unique) -> tried 0, settled 0 (0 in H), kept 0 (0 branches) (0 s: price 0, settle 0)
[01:41:22] beam end {'kind': 'no_children', 'depth': 8, 'tried': 0}: 63 settled states, 63 settles (53 ok), wall 205 s (price 153, settle 52)
[01:41:22] RESULT s00_r2: 19 columns (n_new 1-4, potential 0-6), 63 states, end no_children, wall 207 s
[01:41:22]   job s00_r2 root  columns  19  levels 7  settles 53/63  end no_children  wall 207.2 s
[01:41:35]   price_cap: 1750 of 2502 horizon candidates priced (7 parents)
[01:41:38] depth  8: 7/7 parents -> 130 children (130 unique) -> tried 9, settled 8 (0 in H, 1 drifted out), kept 8 (2 branches); t_end 675-799 d, tank 655-715 (31 s: price 27, settle 3)
[01:41:40] depth  7: 8/8 parents -> 172 children (172 unique) -> tried 12, settled 8 (0 in H), kept 8 (3 branches); t_end 583-895 d, tank 666-714 (44 s: price 19, settle 25)
[01:41:49]   price_cap: 531 of 1000 horizon candidates priced (7 parents)
[01:41:55] depth  8: 7/8 parents -> 58 children (58 unique) -> tried 8, settled 8 (0 in H), kept 8 (3 branches); t_end 660-866 d, tank 667-746 (15 s: price 9, settle 6)
[01:42:03]   price_cap: 1542 of 1734 horizon candidates priced (8 parents)
[01:42:14] depth  9: 8/8 parents -> 56 children (56 unique) -> tried 11, settled 8 (0 in H, 2 drifted out), kept 8 (2 branches); t_end 781-866 d, tank 698-805 (36 s: price 25, settle 11)
[01:42:16]   price_cap: 1162 of 1285 horizon candidates priced (8 parents)
[01:42:19] depth 10: 8/8 parents -> 3 children (3 unique) -> tried 3, settled 3 (0 in H), kept 3 (1 branches); t_end 840-866 d, tank 738-779 (6 s: price 4, settle 2)
[01:42:20] depth 11: 3/3 parents -> 0 children (0 unique) -> tried 0, settled 0 (0 in H), kept 0 (0 branches) (0 s: price 0, settle 0)
[01:42:20] beam end {'kind': 'no_children', 'depth': 10, 'tried': 0}: 77 settled states, 76 settles (67 ok), wall 262 s (price 222, settle 40)
[01:42:20] RESULT s00_r1: 36 columns (n_new 1-6, potential 0-5), 77 states, end no_children, wall 265 s
[01:42:20]   job s00_r1 root  columns  36  levels 9  settles 67/76  end no_children  wall 264.5 s
[01:42:27] depth  9: 8/8 parents -> 62 children (62 unique) -> tried 9, settled 8 (0 in H), kept 8 (1 branches); t_end 761-871 d, tank 684-727 (33 s: price 21, settle 12)
[01:42:42] depth 10: 8/8 parents -> 17 children (17 unique) -> tried 9, settled 8 (0 in H, 1 drifted out), kept 8 (1 branches); t_end 856-898 d, tank 706-721 (15 s: price 10, settle 5)
[01:42:45] depth 11: 6/8 parents -> 3 children (3 unique) -> tried 3, settled 3 (0 in H), kept 3 (1 branches); t_end 866-894 d, tank 728-755 (2 s: price 0, settle 2)
[01:42:45] depth 12: 2/3 parents -> 0 children (0 unique) -> tried 0, settled 0 (0 in H), kept 0 (0 branches) (0 s: price 0, settle 0)
[01:42:45] beam end {'kind': 'no_children', 'depth': 11, 'tried': 0}: 85 settled states, 84 settles (75 ok), wall 287 s (price 211, settle 76)
[01:42:45] RESULT s00_r0: 31 columns (n_new 1-6, potential 0-5), 85 states, end no_children, wall 290 s
[01:42:45]   job s00_r0 root  columns  31  levels 10  settles 75/84  end no_children  wall 289.5 s
[01:42:45] [slice 0] propose: 136 columns (0 bad dropped) in 289.5 s
[01:42:45] [slice 0] auction: 136 columns, kept 136, dropped {}
[01:42:45] [slice 0] auction: status optimal objective 40.639 vars 136 rows 46 chosen 8 (0.01 s)
[01:42:45] [slice 0 T=0 d] launched 8/8  covered 31  remaining 267  fuel 236 kg  sumJi 8.1734  chosen: r->c0:4(+40) r->c1:4(+23) r->c2:6(+68) r->c3:4(+16) r->c4:5(+34) r->c5:3(+12) r->c6:4(+32) r->c7:1(+0)  rejected: -  (wall 290 s)
[01:42:45] [slice 1 T=540 d] propose: 8 jobs (8 craft, 0 root) on 8 workers, proposer segbeam
[01:42:45] job s01_c4 (craft, craft 4): T 540 d H 540 L 360; remaining 267; prize >1 on 18, tank_prev 635.3
[01:42:45] job s01_c3 (craft, craft 3): T 540 d H 540 L 360; remaining 267; prize >1 on 18, tank_prev 617.4
[01:42:45] job s01_c6 (craft, craft 6): T 540 d H 540 L 360; remaining 267; prize >1 on 18, tank_prev 633.4
[01:42:45] job s01_c1 (craft, craft 1): T 540 d H 540 L 360; remaining 267; prize >1 on 18, tank_prev 624.7
[01:42:45] job s01_c5 (craft, craft 5): T 540 d H 540 L 360; remaining 267; prize >1 on 18, tank_prev 613.2
[01:42:45] job s01_c2 (craft, craft 2): T 540 d H 540 L 360; remaining 267; prize >1 on 18, tank_prev 669.1
[01:42:45] job s01_c7 (craft, craft 7): T 540 d H 540 L 360; remaining 267; prize >1 on 18, tank_prev 601.5
[01:42:45] job s01_c0 (craft, craft 0): T 540 d H 540 L 360; remaining 267; prize >1 on 18, tank_prev 641.2
[01:42:45] prefix slices/s01/in/craft_7.npz: 1 flybys, t_end 495.0 d, tank 601.5 kg (planner view), miss 0.0 km, nreg 6
[01:42:45] start: 1 craft state(s), remaining 267, horizon (540, 1080] + L 360 d, B 8 tries 16 k_epochs 3 price_cap 250 max_levels 14 wall 2400 s
[01:42:45] prefix slices/s01/in/craft_6.npz: 4 flybys, t_end 496.8 d, tank 633.4 kg (planner view), miss 0.0 km, nreg 14
[01:42:45] start: 1 craft state(s), remaining 267, horizon (540, 1080] + L 360 d, B 8 tries 16 k_epochs 3 price_cap 250 max_levels 14 wall 2400 s
[01:42:45] prefix slices/s01/in/craft_5.npz: 3 flybys, t_end 526.2 d, tank 613.2 kg (planner view), miss 0.1 km, nreg 17
[01:42:45] prefix slices/s01/in/craft_1.npz: 4 flybys, t_end 323.5 d, tank 624.7 kg (planner view), miss 0.0 km, nreg 18
[01:42:45] start: 1 craft state(s), remaining 267, horizon (540, 1080] + L 360 d, B 8 tries 16 k_epochs 3 price_cap 250 max_levels 14 wall 2400 s
[01:42:45] start: 1 craft state(s), remaining 267, horizon (540, 1080] + L 360 d, B 8 tries 16 k_epochs 3 price_cap 250 max_levels 14 wall 2400 s
[01:42:45] prefix slices/s01/in/craft_3.npz: 4 flybys, t_end 511.1 d, tank 617.4 kg (planner view), miss 0.2 km, nreg 23
[01:42:45] prefix slices/s01/in/craft_4.npz: 5 flybys, t_end 504.2 d, tank 635.3 kg (planner view), miss 2.6 km, nreg 22
[01:42:45] prefix slices/s01/in/craft_2.npz: 6 flybys, t_end 532.4 d, tank 669.1 kg (planner view), miss 47.5 km, nreg 24
[01:42:45] start: 1 craft state(s), remaining 267, horizon (540, 1080] + L 360 d, B 8 tries 16 k_epochs 3 price_cap 250 max_levels 14 wall 2400 s
[01:42:45] start: 1 craft state(s), remaining 267, horizon (540, 1080] + L 360 d, B 8 tries 16 k_epochs 3 price_cap 250 max_levels 14 wall 2400 s
[01:42:45] prefix slices/s01/in/craft_0.npz: 4 flybys, t_end 443.9 d, tank 641.2 kg (planner view), miss 20.9 km, nreg 24
[01:42:45] start: 1 craft state(s), remaining 267, horizon (540, 1080] + L 360 d, B 8 tries 16 k_epochs 3 price_cap 250 max_levels 14 wall 2400 s
[01:42:45] start: 1 craft state(s), remaining 267, horizon (540, 1080] + L 360 d, B 8 tries 16 k_epochs 3 price_cap 250 max_levels 14 wall 2400 s
[01:42:48]   price_cap: 250 of 797 horizon candidates priced (1 parents)
[01:42:48]   price_cap: 250 of 780 horizon candidates priced (1 parents)
[01:42:49]   price_cap: 250 of 801 horizon candidates priced (1 parents)
[01:42:49]   price_cap: 250 of 732 horizon candidates priced (1 parents)
[01:42:49]   price_cap: 250 of 796 horizon candidates priced (1 parents)
[01:42:49]   price_cap: 250 of 800 horizon candidates priced (1 parents)
[01:42:49]   price_cap: 250 of 792 horizon candidates priced (1 parents)
[01:42:49]   price_cap: 250 of 749 horizon candidates priced (1 parents)
[01:42:52] depth  2: 1/1 parents -> 79 children (79 unique) -> tried 8, settled 8 (8 in H), kept 7 (6 branches); t_end 573-1040 d, tank 635-700 (7 s: price 3, settle 4)
[01:42:52] depth  2: 1/1 parents -> 72 children (72 unique) -> tried 8, settled 8 (8 in H), kept 8 (8 branches); t_end 550-932 d, tank 637-664 (8 s: price 4, settle 4)
[01:42:53] depth  2: 1/1 parents -> 80 children (80 unique) -> tried 8, settled 8 (8 in H), kept 8 (8 branches); t_end 589-940 d, tank 652-771 (8 s: price 5, settle 3)
[01:42:53] depth  2: 1/1 parents -> 75 children (75 unique) -> tried 8, settled 8 (8 in H), kept 8 (8 branches); t_end 554-1030 d, tank 642-687 (8 s: price 4, settle 4)
[01:42:55] depth  2: 1/1 parents -> 103 children (103 unique) -> tried 8, settled 8 (8 in H), kept 7 (6 branches); t_end 565-927 d, tank 623-732 (10 s: price 4, settle 6)
[01:42:55] depth  2: 1/1 parents -> 76 children (76 unique) -> tried 8, settled 8 (8 in H), kept 7 (7 branches); t_end 607-1025 d, tank 686-724 (10 s: price 4, settle 6)
[01:42:56] depth  2: 1/1 parents -> 84 children (84 unique) -> tried 9, settled 8 (8 in H), kept 8 (8 branches); t_end 580-946 d, tank 606-828 (11 s: price 3, settle 8)
[01:43:00] depth  2: 1/1 parents -> 78 children (78 unique) -> tried 10, settled 8 (8 in H), kept 7 (7 branches); t_end 662-1030 d, tank 619-666 (15 s: price 4, settle 11)
[01:43:24]   price_cap: 2000 of 6087 horizon candidates priced (8 parents)
[01:43:25]   price_cap: 1750 of 5075 horizon candidates priced (7 parents)
[01:43:30]   price_cap: 1750 of 5453 horizon candidates priced (7 parents)
[01:43:31] depth  3: 7/7 parents -> 459 children (459 unique) -> tried 8, settled 8 (7 in H), kept 8 (4 branches); t_end 751-1438 d, tank 659-714 (39 s: price 33, settle 6)
[01:43:32]   price_cap: 1750 of 5322 horizon candidates priced (7 parents)
[01:43:33]   price_cap: 2000 of 6289 horizon candidates priced (8 parents)
[01:43:34]   price_cap: 2000 of 6281 horizon candidates priced (8 parents)
[01:43:34]   price_cap: 1750 of 5504 horizon candidates priced (7 parents)
[01:43:37]   price_cap: 2000 of 6037 horizon candidates priced (8 parents)
[01:43:38] depth  3: 7/7 parents -> 526 children (526 unique) -> tried 8, settled 8 (6 in H), kept 8 (6 branches); t_end 976-1101 d, tank 693-732 (43 s: price 36, settle 7)
[01:43:42] depth  3: 8/8 parents -> 738 children (738 unique) -> tried 8, settled 8 (8 in H), kept 8 (5 branches); t_end 639-907 d, tank 653-711 (49 s: price 41, settle 8)
[01:43:44] depth  3: 8/8 parents -> 552 children (552 unique) -> tried 9, settled 8 (8 in H), kept 7 (5 branches); t_end 756-922 d, tank 663-713 (51 s: price 41, settle 10)
[01:43:48] depth  3: 7/7 parents -> 547 children (547 unique) -> tried 9, settled 8 (7 in H), kept 8 (4 branches); t_end 855-1437 d, tank 642-712 (48 s: price 35, settle 14)
[01:43:49] depth  3: 8/8 parents -> 643 children (643 unique) -> tried 13, settled 8 (8 in H), kept 8 (5 branches); t_end 923-1044 d, tank 616-862 (54 s: price 29, settle 25)
[01:43:52] depth  3: 7/7 parents -> 570 children (555 unique) -> tried 11, settled 8 (8 in H, 1 drifted out), kept 8 (5 branches); t_end 854-942 d, tank 648-867 (58 s: price 36, settle 22)
[01:44:07]   price_cap: 1750 of 4582 horizon candidates priced (7 parents)
[01:44:15] depth  4: 7/8 parents -> 330 children (330 unique) -> tried 9, settled 8 (4 in H, 1 drifted out), kept 8 (3 branches); t_end 932-1437 d, tank 668-747 (44 s: price 36, settle 8)
[01:44:21] depth  3: 8/8 parents -> 620 children (620 unique) -> tried 12, settled 8 (8 in H), kept 8 (6 branches); t_end 933-1014 d, tank 676-715 (88 s: price 45, settle 43)
[01:44:23]   price_cap: 1750 of 5316 horizon candidates priced (7 parents)
[01:44:24]   price_cap: 2000 of 5146 horizon candidates priced (8 parents)
[01:44:25]   price_cap: 2000 of 4969 horizon candidates priced (8 parents)
[01:44:25]   price_cap: 1750 of 5303 horizon candidates priced (7 parents)
[01:44:28]   price_cap: 2000 of 6201 horizon candidates priced (8 parents)
[01:44:29] depth  4: 7/7 parents -> 548 children (548 unique) -> tried 8, settled 8 (7 in H), kept 8 (4 branches); t_end 902-1086 d, tank 685-712 (45 s: price 39, settle 6)
[01:44:32] depth  4: 8/8 parents -> 346 children (346 unique) -> tried 8, settled 8 (0 in H), kept 8 (4 branches); t_end 1100-1438 d, tank 698-723 (54 s: price 46, settle 8)
[01:44:33] depth  4: 7/8 parents -> 486 children (486 unique) -> tried 8, settled 8 (5 in H), kept 8 (3 branches); t_end 943-1436 d, tank 649-729 (46 s: price 37, settle 8)
[01:44:38] depth  4: 8/8 parents -> 666 children (655 unique) -> tried 8, settled 8 (6 in H), kept 8 (4 branches); t_end 859-1437 d, tank 671-746 (56 s: price 47, settle 10)
[01:44:38]   price_cap: 2000 of 6008 horizon candidates priced (8 parents)
[01:44:42] depth  4: 8/8 parents -> 449 children (449 unique) -> tried 12, settled 8 (4 in H, 1 drifted out), kept 8 (3 branches); t_end 978-1439 d, tank 626-658 (53 s: price 35, settle 18)
[01:44:50]   price_cap: 1660 of 3364 horizon candidates priced (7 parents)
[01:44:58] depth  5: 7/8 parents -> 180 children (180 unique) -> tried 9, settled 8 (2 in H, 1 drifted out), kept 8 (3 branches); t_end 1013-1437 d, tank 674-778 (43 s: price 35, settle 7)
[01:45:07]   price_cap: 1500 of 4093 horizon candidates priced (6 parents)
[01:45:08] depth  4: 8/8 parents -> 617 children (613 unique) -> tried 12, settled 8 (5 in H, 2 drifted out), kept 8 (4 branches); t_end 922-1438 d, tank 652-916 (76 s: price 46, settle 30)
[01:45:09]   price_cap: 1500 of 3224 horizon candidates priced (6 parents)
[01:45:12]   price_cap: 2000 of 5236 horizon candidates priced (8 parents)
[01:45:13] depth  5: 6/8 parents -> 240 children (240 unique) -> tried 8, settled 8 (2 in H), kept 8 (3 branches); t_end 1033-1435 d, tank 640-678 (31 s: price 27, settle 4)
[01:45:15]   price_cap: 1500 of 4510 horizon candidates priced (6 parents)
[01:45:15]   price_cap: 1750 of 2940 horizon candidates priced (7 parents)
[01:45:16] depth  5: 6/8 parents -> 246 children (246 unique) -> tried 8, settled 8 (2 in H), kept 8 (3 branches); t_end 1055-1435 d, tank 685-796 (43 s: price 34, settle 9)
[01:45:16]   price_cap: 2000 of 5424 horizon candidates priced (8 parents)
[01:45:23] depth  5: 7/8 parents -> 189 children (189 unique) -> tried 8, settled 8 (0 in H), kept 8 (3 branches); t_end 1157-1251 d, tank 708-786 (51 s: price 43, settle 8)
[01:45:24] depth  5: 6/8 parents -> 370 children (370 unique) -> tried 8, settled 8 (6 in H), kept 8 (3 branches); t_end 919-1120 d, tank 684-890 (46 s: price 37, settle 9)
[01:45:31] depth  5: 8/8 parents -> 397 children (397 unique) -> tried 9, settled 8 (5 in H), kept 8 (4 branches); t_end 1031-1406 d, tank 691-889 (62 s: price 47, settle 14)
[01:45:34]   price_cap: 1587 of 2577 horizon candidates priced (7 parents)
[01:45:39] depth  6: 7/8 parents -> 117 children (117 unique) -> tried 8, settled 8 (0 in H), kept 8 (3 branches); t_end 1171-1437 d, tank 681-803 (41 s: price 36, settle 5)
[01:45:45]   price_cap: 1500 of 3843 horizon candidates priced (6 parents)
[01:45:46]   price_cap: 1750 of 2837 horizon candidates priced (7 parents)
[01:45:52] depth  6: 7/8 parents -> 194 children (194 unique) -> tried 10, settled 8 (0 in H, 2 drifted out), kept 8 (3 branches); t_end 1217-1435 d, tank 643-673 (38 s: price 32, settle 6)
[01:45:53] depth  4: 8/8 parents -> 577 children (569 unique) -> tried 12, settled 8 (6 in H), kept 8 (5 branches); t_end 962-1383 d, tank 677-805 (92 s: price 51, settle 41)
[01:45:55]   price_cap: 1685 of 3462 horizon candidates priced (7 parents)
[01:46:07]   price_cap: 1190 of 1229 horizon candidates priced (7 parents)
[01:46:13]   price_cap: 2000 of 2385 horizon candidates priced (8 parents)
[01:46:14]   price_cap: 1135 of 1158 horizon candidates priced (7 parents)
[01:46:14]   price_cap: 1753 of 3985 horizon candidates priced (8 parents)
[01:46:15]   price_cap: 2000 of 5004 horizon candidates priced (8 parents)
[01:46:18] depth  6: 7/8 parents -> 123 children (122 unique) -> tried 10, settled 8 (0 in H), kept 8 (3 branches); t_end 1109-1404 d, tank 715-864 (62 s: price 39, settle 23)
[01:46:19] depth  7: 7/8 parents -> 42 children (42 unique) -> tried 8, settled 8 (0 in H), kept 8 (3 branches); t_end 1253-1433 d, tank 660-724 (28 s: price 22, settle 6)
[01:46:21] depth  7: 7/8 parents -> 14 children (14 unique) -> tried 10, settled 8 (0 in H, 2 drifted out), kept 8 (2 branches); t_end 1311-1438 d, tank 723-897 (42 s: price 28, settle 14)
[01:46:32] depth  6: 8/8 parents -> 112 children (112 unique) -> tried 10, settled 8 (0 in H), kept 8 (3 branches); t_end 1264-1311 d, tank 708-755 (69 s: price 50, settle 19)
[01:46:33] depth  8: 6/8 parents -> 2 children (2 unique) -> tried 2, settled 2 (0 in H), kept 2 (1 branches); t_end 1399-1399 d, tank 825-827 (12 s: price 9, settle 3)
[01:46:34] depth  6: 8/8 parents -> 240 children (240 unique) -> tried 10, settled 8 (0 in H), kept 8 (4 branches); t_end 1134-1288 d, tank 708-746 (64 s: price 43, settle 20)
[01:46:35] depth  9: 2/2 parents -> 1 children (1 unique) -> tried 1, settled 1 (0 in H), kept 1 (1 branches); t_end 1419-1419 d, tank 921-921 (2 s: price 0, settle 2)
[01:46:35] depth 10: 1/1 parents -> 0 children (0 unique) -> tried 0, settled 0 (0 in H), kept 0 (0 branches) (0 s: price 0, settle 0)
[01:46:35] beam end {'kind': 'no_children', 'depth': 9, 'tried': 0}: 52 settled states, 55 settles (51 ok), wall 230 s (price 181, settle 49)
[01:46:35] RESULT s01_c6: 19 columns (n_new 1-4, potential 0-4), 52 states, end no_children, wall 230 s
[01:46:35]   job s01_c6 craft columns  19  levels 8  settles 51/55  end no_children  wall 229.8 s
[01:46:39]   price_cap: 1752 of 4180 horizon candidates priced (8 parents)
[01:46:41] depth  8: 7/8 parents -> 22 children (22 unique) -> tried 8, settled 8 (0 in H), kept 8 (1 branches); t_end 1312-1439 d, tank 688-733 (21 s: price 15, settle 6)
[01:46:41] depth  6: 8/8 parents -> 314 children (314 unique) -> tried 10, settled 8 (1 in H), kept 8 (3 branches); t_end 1033-1265 d, tank 692-945 (78 s: price 51, settle 26)
[01:46:43] depth  5: 6/8 parents -> 211 children (211 unique) -> tried 16, settled 7 (3 in H, 1 drifted out), kept 7 (3 branches); t_end 958-1156 d, tank 660-1086 (95 s: price 36, settle 59)
[01:46:49]   price_cap: 1279 of 2085 horizon candidates priced (8 parents)
[01:46:51] depth  9: 6/8 parents -> 6 children (6 unique) -> tried 6, settled 6 (0 in H), kept 6 (1 branches); t_end 1376-1435 d, tank 704-793 (11 s: price 3, settle 8)
[01:46:52] depth 10: 4/6 parents -> 0 children (0 unique) -> tried 0, settled 0 (0 in H), kept 0 (0 branches) (0 s: price 0, settle 0)
[01:46:52] beam end {'kind': 'no_children', 'depth': 9, 'tried': 0}: 63 settled states, 74 settles (62 ok), wall 247 s (price 166, settle 81)
[01:46:52] RESULT s01_c7: 22 columns (n_new 1-4, potential 0-4), 63 states, end no_children, wall 247 s
[01:46:52]   job s01_c7 craft columns  22  levels 8  settles 62/74  end no_children  wall 246.8 s
[01:47:05] depth  7: 8/8 parents -> 73 children (73 unique) -> tried 9, settled 8 (0 in H), kept 8 (2 branches); t_end 1184-1415 d, tank 725-765 (46 s: price 31, settle 15)
[01:47:19]   price_cap: 1816 of 2829 horizon candidates priced (8 parents)
[01:47:26]   price_cap: 1750 of 3448 horizon candidates priced (7 parents)
[01:47:29]   price_cap: 1799 of 3155 horizon candidates priced (8 parents)
[01:47:29] depth  7: 8/8 parents -> 148 children (148 unique) -> tried 8, settled 8 (0 in H), kept 8 (4 branches); t_end 1219-1414 d, tank 718-801 (54 s: price 44, settle 10)
[01:47:31]   price_cap: 1071 of 1245 horizon candidates priced (8 parents)
[01:47:38] depth  5: 8/8 parents -> 290 children (290 unique) -> tried 15, settled 8 (1 in H), kept 8 (4 branches); t_end 1020-1363 d, tank 686-786 (105 s: price 46, settle 59)
[01:47:49] depth  7: 8/8 parents -> 26 children (26 unique) -> tried 14, settled 8 (0 in H, 3 drifted out), kept 8 (3 branches); t_end 1313-1420 d, tank 751-970 (77 s: price 33, settle 44)
[01:47:49]   price_cap: 812 of 835 horizon candidates priced (8 parents)
[01:47:50] depth  8: 8/8 parents -> 36 children (36 unique) -> tried 10, settled 8 (0 in H, 1 drifted out), kept 7 (1 branches); t_end 1288-1403 d, tank 743-818 (46 s: price 26, settle 20)
[01:47:56] depth  7: 8/8 parents -> 141 children (141 unique) -> tried 10, settled 8 (0 in H), kept 8 (3 branches); t_end 1166-1431 d, tank 707-1075 (75 s: price 47, settle 27)
[01:48:06] depth  8: 8/8 parents -> 1 children (1 unique) -> tried 1, settled 0 (0 in H), kept 0 (0 branches) (17 s: price 8, settle 10)
[01:48:06] beam end {'kind': 'settle_wall', 'depth': 7, 'tried': 1}: 49 settled states, 57 settles (48 ok), wall 321 s (price 220, settle 101)
[01:48:06] RESULT s01_c2: 13 columns (n_new 1-2, potential 0-4), 49 states, end settle_wall, wall 321 s
[01:48:06]   job s01_c2 craft columns  13  levels 6  settles 48/57  end settle_wall  wall 321.3 s
[01:48:15] depth  8: 8/8 parents -> 51 children (51 unique) -> tried 10, settled 8 (0 in H), kept 8 (3 branches); t_end 1326-1414 d, tank 723-849 (46 s: price 20, settle 26)
[01:48:18]   price_cap: 1505 of 2326 horizon candidates priced (8 parents)
[01:48:24]   price_cap: 1075 of 1189 horizon candidates priced (6 parents)
[01:48:35] depth  9: 7/7 parents -> 11 children (11 unique) -> tried 11, settled 7 (0 in H, 3 drifted out), kept 6 (1 branches); t_end 1312-1438 d, tank 804-857 (45 s: price 22, settle 23)
[01:48:36] depth  9: 8/8 parents -> 3 children (3 unique) -> tried 3, settled 1 (0 in H), kept 1 (1 branches); t_end 1426-1426 d, tank 880-880 (21 s: price 2, settle 19)
[01:48:36] beam end {'kind': 'horizon', 'depth': 9}: 58 settled states, 65 settles (57 ok), wall 351 s (price 242, settle 110)
[01:48:36] RESULT s01_c4: 27 columns (n_new 1-4, potential 0-4), 58 states, end horizon, wall 351 s
[01:48:36]   job s01_c4 craft columns  27  levels 8  settles 57/65  end horizon  wall 351.3 s
[01:48:41] depth 10: 2/6 parents -> 1 children (1 unique) -> tried 1, settled 1 (0 in H), kept 1 (1 branches); t_end 1430-1430 d, tank 882-882 (6 s: price 5, settle 2)
[01:48:41] beam end {'kind': 'horizon', 'depth': 10}: 65 settled states, 76 settles (64 ok), wall 357 s (price 232, settle 124)
[01:48:41] RESULT s01_c5: 21 columns (n_new 1-4, potential 0-5), 65 states, end horizon, wall 357 s
[01:48:41]   job s01_c5 craft columns  21  levels 9  settles 64/76  end horizon  wall 356.6 s
[01:48:54] depth  6: 7/7 parents -> 232 children (232 unique) -> tried 16, settled 7 (0 in H), kept 7 (3 branches); t_end 1083-1373 d, tank 668-980 (130 s: price 43, settle 88)
[01:49:03] depth  8: 6/8 parents -> 89 children (89 unique) -> tried 12, settled 8 (0 in H), kept 8 (2 branches); t_end 1308-1434 d, tank 716-864 (67 s: price 29, settle 39)
[01:49:26]   price_cap: 1315 of 1819 horizon candidates priced (7 parents)
[01:49:42] depth  6: 8/8 parents -> 157 children (157 unique) -> tried 16, settled 8 (0 in H), kept 8 (4 branches); t_end 1164-1430 d, tank 709-827 (124 s: price 40, settle 84)
[01:49:42] depth  9: 6/8 parents -> 7 children (7 unique) -> tried 7, settled 3 (0 in H, 1 drifted out), kept 3 (2 branches); t_end 1409-1434 d, tank 818-843 (39 s: price 9, settle 31)
[01:49:42] depth 10: 2/3 parents -> 0 children (0 unique) -> tried 0, settled 0 (0 in H), kept 0 (0 branches) (0 s: price 0, settle 0)
[01:49:42] beam end {'kind': 'no_children', 'depth': 9, 'tried': 0}: 60 settled states, 71 settles (59 ok), wall 417 s (price 265, settle 153)
[01:49:42] RESULT s01_c1: 28 columns (n_new 1-5, potential 0-5), 60 states, end no_children, wall 417 s
[01:49:42]   job s01_c1 craft columns  28  levels 8  settles 59/71  end no_children  wall 417.3 s
[01:49:46] depth  7: 7/7 parents -> 128 children (128 unique) -> tried 11, settled 8 (0 in H, 1 drifted out), kept 8 (2 branches); t_end 1141-1412 d, tank 675-741 (52 s: price 32, settle 19)
[01:49:59]   price_cap: 554 of 686 horizon candidates priced (8 parents)
[01:50:02]   price_cap: 750 of 827 horizon candidates priced (7 parents)
[01:50:10] depth  8: 8/8 parents -> 51 children (51 unique) -> tried 8, settled 8 (0 in H), kept 7 (2 branches); t_end 1283-1409 d, tank 739-910 (24 s: price 14, settle 11)
[01:50:31] depth  9: 7/7 parents -> 24 children (24 unique) -> tried 9, settled 8 (0 in H, 1 drifted out), kept 8 (1 branches); t_end 1318-1439 d, tank 769-840 (21 s: price 10, settle 11)
[01:50:48] depth 10: 7/8 parents -> 6 children (6 unique) -> tried 6, settled 4 (0 in H, 1 drifted out), kept 4 (1 branches); t_end 1393-1435 d, tank 814-854 (17 s: price 5, settle 12)
[01:50:48] depth 11: 2/4 parents -> 0 children (0 unique) -> tried 0, settled 0 (0 in H), kept 0 (0 branches) (0 s: price 0, settle 0)
[01:50:48] beam end {'kind': 'no_children', 'depth': 10, 'tried': 0}: 67 settled states, 97 settles (66 ok), wall 483 s (price 226, settle 257)
[01:50:48] RESULT s01_c3: 21 columns (n_new 1-4, potential 0-5), 67 states, end no_children, wall 483 s
[01:50:48]   job s01_c3 craft columns  21  levels 9  settles 66/97  end no_children  wall 483.3 s
[01:52:03] depth  7: 7/8 parents -> 75 children (75 unique) -> tried 16, settled 3 (0 in H, 1 drifted out), kept 3 (2 branches); t_end 1234-1438 d, tank 779-862 (142 s: price 21, settle 121)
[01:52:46] depth  8: 2/3 parents -> 6 children (6 unique) -> tried 6, settled 3 (0 in H, 1 drifted out), kept 3 (1 branches); t_end 1329-1418 d, tank 938-1029 (42 s: price 6, settle 37)
[01:53:57] depth  9: 3/3 parents -> 6 children (6 unique) -> tried 6, settled 0 (0 in H), kept 0 (0 branches) (71 s: price 3, settle 67)
[01:53:57] beam end {'kind': 'settle_wall', 'depth': 8, 'tried': 6}: 47 settled states, 91 settles (46 ok), wall 672 s (price 216, settle 456)
[01:53:57] RESULT s01_c0: 22 columns (n_new 1-4, potential 0-3), 47 states, end settle_wall, wall 672 s
[01:53:57]   job s01_c0 craft columns  22  levels 7  settles 46/91  end settle_wall  wall 671.8 s
[01:53:57] [slice 1] propose: 173 columns (0 bad dropped) in 671.8 s
[01:53:57] [slice 1] auction: 173 columns, kept 173, dropped {}
[01:53:57] [slice 1] auction: status optimal objective 34.068 vars 173 rows 55 chosen 8 (0.009 s)
[01:53:58] [slice 1] commit: c0 column s01_c0_k0 REJECTED: regrid_settle failed (miss 103308 km / cap 0.764)  (targets stay in remaining)
[01:53:58] [slice 1 T=540 d] launched 8/8  covered 51  remaining 247  fuel 706 kg  sumJi 8.5406  chosen: c1:4(+120) c2:2(+26) c3:4(+85) c4:1(+12) c5:2(+75) c6:3(+89) c7:4(+63)  rejected: c0 (regrid_settle failed (miss 103308 km / cap 0.764))  (wall 673 s)
[01:53:58] [slice 2 T=1080 d] propose: 8 jobs (8 craft, 0 root) on 8 workers, proposer segbeam
[01:53:58] job s02_c0 (craft, craft 0): T 1080 d H 540 L 360; remaining 247; prize >1 on 25, tank_prev 641.2
[01:53:58] job s02_c1 (craft, craft 1): T 1080 d H 540 L 360; remaining 247; prize >1 on 25, tank_prev 744.8
[01:53:58] job s02_c2 (craft, craft 2): T 1080 d H 540 L 360; remaining 247; prize >1 on 25, tank_prev 694.9
[01:53:58] job s02_c3 (craft, craft 3): T 1080 d H 540 L 360; remaining 247; prize >1 on 25, tank_prev 702.7
[01:53:58] job s02_c4 (craft, craft 4): T 1080 d H 540 L 360; remaining 247; prize >1 on 25, tank_prev 646.9
[01:53:58] job s02_c5 (craft, craft 5): T 1080 d H 540 L 360; remaining 247; prize >1 on 25, tank_prev 688.5
[01:53:58] job s02_c7 (craft, craft 7): T 1080 d H 540 L 360; remaining 247; prize >1 on 25, tank_prev 664.0
[01:53:58] job s02_c6 (craft, craft 6): T 1080 d H 540 L 360; remaining 247; prize >1 on 25, tank_prev 722.8
[01:53:58] prefix slices/s02/in/craft_0.npz: 4 flybys, t_end 443.9 d, tank 641.2 kg (planner view), miss 20.9 km, nreg 24
[01:53:58] start: 1 craft state(s), remaining 247, horizon (1080, 1620] + L 360 d, B 8 tries 16 k_epochs 3 price_cap 250 max_levels 14 wall 2400 s
[01:53:58] depth  2: 1/1 parents -> 0 children (0 unique) -> tried 0, settled 0 (0 in H), kept 0 (0 branches) (0 s: price 0, settle 0)
[01:53:58] beam end {'kind': 'no_children', 'depth': 1, 'tried': 0}: 1 settled states, 0 settles (0 ok), wall 0 s (price 0, settle 0)
[01:53:58] RESULT s02_c0: 0 columns (n_new -, potential -), 1 states, end no_children, wall 0 s
[01:53:58]   job s02_c0 craft columns   0  levels 0  settles 0/0  end no_children  wall 0.0 s
[01:53:58] prefix slices/s02/in/craft_4.npz: 6 flybys, t_end 688.3 d, tank 646.9 kg (planner view), miss 53.5 km, nreg 31
[01:53:58] prefix slices/s02/in/craft_7.npz: 5 flybys, t_end 1060.0 d, tank 664.0 kg (planner view), miss 21.0 km, nreg 34
[01:53:58] start: 1 craft state(s), remaining 247, horizon (1080, 1620] + L 360 d, B 8 tries 16 k_epochs 3 price_cap 250 max_levels 14 wall 2400 s
[01:53:58] start: 1 craft state(s), remaining 247, horizon (1080, 1620] + L 360 d, B 8 tries 16 k_epochs 3 price_cap 250 max_levels 14 wall 2400 s
[01:53:58] prefix slices/s02/in/craft_5.npz: 5 flybys, t_end 949.8 d, tank 688.5 kg (planner view), miss 38.2 km, nreg 38
[01:53:58] prefix slices/s02/in/craft_6.npz: 7 flybys, t_end 954.9 d, tank 722.8 kg (planner view), miss 0.2 km, nreg 37
[01:53:58] start: 1 craft state(s), remaining 247, horizon (1080, 1620] + L 360 d, B 8 tries 16 k_epochs 3 price_cap 250 max_levels 14 wall 2400 s
[01:53:58] start: 1 craft state(s), remaining 247, horizon (1080, 1620] + L 360 d, B 8 tries 16 k_epochs 3 price_cap 250 max_levels 14 wall 2400 s
[01:53:58] prefix slices/s02/in/craft_2.npz: 8 flybys, t_end 1024.8 d, tank 694.9 kg (planner view), miss 36.6 km, nreg 49
[01:53:58] start: 1 craft state(s), remaining 247, horizon (1080, 1620] + L 360 d, B 8 tries 16 k_epochs 3 price_cap 250 max_levels 14 wall 2400 s
[01:53:58] prefix slices/s02/in/craft_3.npz: 8 flybys, t_end 996.4 d, tank 702.7 kg (planner view), miss 1.5 km, nreg 47
[01:53:58] start: 1 craft state(s), remaining 247, horizon (1080, 1620] + L 360 d, B 8 tries 16 k_epochs 3 price_cap 250 max_levels 14 wall 2400 s
[01:53:58] prefix slices/s02/in/craft_1.npz: 8 flybys, t_end 923.3 d, tank 744.8 kg (planner view), miss 23.4 km, nreg 48
[01:53:58] start: 1 craft state(s), remaining 247, horizon (1080, 1620] + L 360 d, B 8 tries 16 k_epochs 3 price_cap 250 max_levels 14 wall 2400 s
[01:54:04]   price_cap: 250 of 730 horizon candidates priced (1 parents)
[01:54:04]   price_cap: 250 of 539 horizon candidates priced (1 parents)
[01:54:04]   price_cap: 250 of 727 horizon candidates priced (1 parents)
[01:54:04]   price_cap: 250 of 739 horizon candidates priced (1 parents)
[01:54:04]   price_cap: 250 of 737 horizon candidates priced (1 parents)
[01:54:05]   price_cap: 250 of 734 horizon candidates priced (1 parents)
[01:54:05]   price_cap: 250 of 700 horizon candidates priced (1 parents)
[01:54:13] depth  2: 1/1 parents -> 73 children (73 unique) -> tried 8, settled 8 (7 in H), kept 8 (7 branches); t_end 1163-1623 d, tank 673-715 (14 s: price 5, settle 9)
[01:54:14] depth  2: 1/1 parents -> 83 children (83 unique) -> tried 8, settled 8 (8 in H), kept 8 (8 branches); t_end 1102-1612 d, tank 696-735 (15 s: price 6, settle 9)
[01:54:17] depth  2: 1/1 parents -> 70 children (70 unique) -> tried 8, settled 8 (8 in H), kept 7 (7 branches); t_end 1104-1407 d, tank 759-825 (19 s: price 7, settle 12)
[01:54:19] depth  2: 1/1 parents -> 28 children (28 unique) -> tried 13, settled 8 (8 in H, 5 drifted out), kept 8 (8 branches); t_end 1108-1237 d, tank 665-712 (21 s: price 5, settle 15)
[01:54:20] depth  2: 1/1 parents -> 61 children (61 unique) -> tried 9, settled 8 (7 in H, 1 drifted out), kept 8 (7 branches); t_end 1127-1774 d, tank 740-912 (21 s: price 6, settle 15)
[01:54:20] depth  2: 1/1 parents -> 80 children (80 unique) -> tried 9, settled 8 (8 in H), kept 8 (8 branches); t_end 1099-1402 d, tank 690-728 (22 s: price 6, settle 16)
[01:54:22] depth  2: 1/1 parents -> 88 children (88 unique) -> tried 9, settled 8 (8 in H), kept 8 (8 branches); t_end 1091-1404 d, tank 714-797 (23 s: price 6, settle 17)
[01:55:02]   price_cap: 2000 of 5430 horizon candidates priced (8 parents)
[01:55:10]   price_cap: 2000 of 5491 horizon candidates priced (8 parents)
[01:55:11] depth  3: 8/8 parents -> 513 children (513 unique) -> tried 8, settled 8 (7 in H), kept 8 (4 branches); t_end 1250-1621 d, tank 688-765 (58 s: price 50, settle 9)
[01:55:12]   price_cap: 1750 of 5096 horizon candidates priced (7 parents)
[01:55:12]   price_cap: 1886 of 5165 horizon candidates priced (8 parents)
[01:55:15]   price_cap: 2000 of 5900 horizon candidates priced (8 parents)
[01:55:15]   price_cap: 2000 of 5869 horizon candidates priced (8 parents)
[01:55:21]   price_cap: 2000 of 5807 horizon candidates priced (8 parents)
[01:55:23] depth  3: 8/8 parents -> 547 children (547 unique) -> tried 8, settled 8 (6 in H), kept 8 (7 branches); t_end 1472-1865 d, tank 714-766 (69 s: price 56, settle 13)
[01:55:24] depth  3: 8/8 parents -> 479 children (469 unique) -> tried 9, settled 8 (8 in H, 1 drifted out), kept 8 (4 branches); t_end 1206-1576 d, tank 757-790 (64 s: price 53, settle 12)
[01:55:27] depth  3: 7/7 parents -> 501 children (501 unique) -> tried 8, settled 8 (8 in H), kept 7 (6 branches); t_end 1241-1531 d, tank 788-853 (69 s: price 54, settle 15)
[01:55:28] depth  3: 8/8 parents -> 686 children (686 unique) -> tried 8, settled 8 (8 in H), kept 8 (6 branches); t_end 1280-1442 d, tank 696-729 (69 s: price 56, settle 13)
[01:55:32] depth  3: 8/8 parents -> 542 children (542 unique) -> tried 8, settled 8 (7 in H), kept 7 (4 branches); t_end 1375-1922 d, tank 708-838 (72 s: price 55, settle 18)
[01:55:33] depth  3: 8/8 parents -> 706 children (706 unique) -> tried 8, settled 8 (8 in H), kept 8 (4 branches); t_end 1251-1533 d, tank 739-899 (71 s: price 59, settle 12)
[01:56:04]   price_cap: 2000 of 5042 horizon candidates priced (8 parents)
[01:56:17]   price_cap: 1693 of 3852 horizon candidates priced (8 parents)
[01:56:19]   price_cap: 1502 of 4331 horizon candidates priced (7 parents)
[01:56:23]   price_cap: 2000 of 5270 horizon candidates priced (8 parents)
[01:56:23] depth  4: 8/8 parents -> 398 children (398 unique) -> tried 8, settled 8 (2 in H), kept 8 (4 branches); t_end 1474-1945 d, tank 704-825 (72 s: price 53, settle 20)
[01:56:24]   price_cap: 1750 of 5018 horizon candidates priced (7 parents)
[01:56:28] depth  4: 8/8 parents -> 332 children (332 unique) -> tried 8, settled 8 (3 in H), kept 8 (6 branches); t_end 1590-1908 d, tank 718-767 (66 s: price 54, settle 11)
[01:56:30]   price_cap: 2000 of 5555 horizon candidates priced (8 parents)
[01:56:37]   price_cap: 2000 of 5692 horizon candidates priced (8 parents)
[01:56:40] depth  4: 7/7 parents -> 402 children (402 unique) -> tried 8, settled 8 (8 in H), kept 8 (3 branches); t_end 1337-1442 d, tank 833-901 (74 s: price 57, settle 17)
[01:56:46] depth  4: 8/8 parents -> 420 children (420 unique) -> tried 9, settled 8 (8 in H, 1 drifted out), kept 7 (3 branches); t_end 1363-1610 d, tank 770-813 (82 s: price 59, settle 22)
[01:56:49] depth  4: 7/7 parents -> 326 children (326 unique) -> tried 9, settled 8 (6 in H), kept 8 (3 branches); t_end 1490-1766 d, tank 741-863 (77 s: price 47, settle 30)
[01:56:58] depth  4: 8/8 parents -> 579 children (579 unique) -> tried 9, settled 8 (6 in H), kept 8 (4 branches); t_end 1375-1876 d, tank 735-792 (90 s: price 62, settle 28)
[01:57:03] depth  4: 8/8 parents -> 548 children (548 unique) -> tried 9, settled 8 (7 in H), kept 8 (3 branches); t_end 1432-1862 d, tank 757-920 (90 s: price 64, settle 25)
[01:57:05]   price_cap: 1498 of 2614 horizon candidates priced (8 parents)
[01:57:21]   price_cap: 1590 of 2855 horizon candidates priced (8 parents)
[01:57:36] depth  5: 8/8 parents -> 186 children (186 unique) -> tried 10, settled 8 (0 in H), kept 8 (4 branches); t_end 1690-1929 d, tank 722-820 (73 s: price 42, settle 31)
[01:57:41]   price_cap: 1750 of 4517 horizon candidates priced (7 parents)
[01:57:50]   price_cap: 2000 of 5713 horizon candidates priced (8 parents)
[01:57:51]   price_cap: 1594 of 3980 horizon candidates priced (8 parents)
[01:57:55]   price_cap: 2000 of 5240 horizon candidates priced (8 parents)
[01:58:01] depth  5: 7/7 parents -> 241 children (241 unique) -> tried 8, settled 8 (4 in H), kept 7 (3 branches); t_end 1580-1735 d, tank 809-865 (75 s: price 55, settle 20)
[01:58:06]   price_cap: 1852 of 4971 horizon candidates priced (8 parents)
[01:58:09] depth  5: 8/8 parents -> 148 children (141 unique) -> tried 11, settled 8 (0 in H), kept 8 (4 branches); t_end 1692-1954 d, tank 731-776 (101 s: price 53, settle 48)
[01:58:12] depth  5: 8/8 parents -> 387 children (387 unique) -> tried 8, settled 8 (5 in H), kept 8 (4 branches); t_end 1453-1879 d, tank 739-857 (74 s: price 53, settle 21)
[01:58:13] depth  5: 8/8 parents -> 242 children (242 unique) -> tried 8, settled 8 (2 in H), kept 8 (3 branches); t_end 1562-1780 d, tank 749-870 (84 s: price 66, settle 18)
[01:58:15]   price_cap: 1309 of 1525 horizon candidates priced (8 parents)
[01:58:17] depth  5: 8/8 parents -> 442 children (442 unique) -> tried 9, settled 8 (6 in H), kept 8 (3 branches); t_end 1454-1860 d, tank 867-1158 (97 s: price 70, settle 27)
[01:58:35] depth  5: 8/8 parents -> 255 children (255 unique) -> tried 9, settled 8 (4 in H), kept 8 (3 branches); t_end 1498-1742 d, tank 779-1097 (93 s: price 64, settle 29)
[01:58:40] depth  6: 8/8 parents -> 112 children (112 unique) -> tried 9, settled 8 (0 in H), kept 8 (3 branches); t_end 1751-1889 d, tank 734-788 (63 s: price 38, settle 24)
[01:58:55]   price_cap: 1723 of 3077 horizon candidates priced (7 parents)
[01:59:00]   price_cap: 1511 of 2229 horizon candidates priced (8 parents)
[01:59:08]   price_cap: 1664 of 3945 horizon candidates priced (8 parents)
[01:59:16]   price_cap: 1648 of 4313 horizon candidates priced (8 parents)
[01:59:17] depth  6: 8/8 parents -> 121 children (121 unique) -> tried 8, settled 8 (0 in H), kept 8 (3 branches); t_end 1725-1946 d, tank 776-817 (68 s: price 51, settle 18)
[01:59:21]   price_cap: 2000 of 4291 horizon candidates priced (8 parents)
[01:59:27] depth  6: 7/7 parents -> 132 children (132 unique) -> tried 9, settled 8 (1 in H, 1 drifted out), kept 8 (3 branches); t_end 1616-1833 d, tank 812-968 (87 s: price 55, settle 32)
[01:59:30] depth  6: 8/8 parents -> 187 children (187 unique) -> tried 9, settled 8 (3 in H, 1 drifted out), kept 8 (3 branches); t_end 1590-1703 d, tank 746-848 (79 s: price 56, settle 22)
[01:59:33] depth  7: 8/8 parents -> 52 children (52 unique) -> tried 8, settled 8 (0 in H), kept 8 (3 branches); t_end 1855-1978 d, tank 737-825 (54 s: price 38, settle 15)
[01:59:37] depth  6: 8/8 parents -> 215 children (215 unique) -> tried 8, settled 8 (4 in H), kept 8 (3 branches); t_end 1564-1878 d, tank 903-1174 (80 s: price 59, settle 21)
[01:59:41] depth  8: 7/8 parents -> 2 children (2 unique) -> tried 2, settled 2 (0 in H), kept 2 (1 branches); t_end 1897-1962 d, tank 839-865 (8 s: price 4, settle 4)
[01:59:42] depth  6: 8/8 parents -> 112 children (112 unique) -> tried 8, settled 8 (0 in H), kept 6 (3 branches); t_end 1677-1898 d, tank 749-825 (89 s: price 68, settle 21)
[01:59:43] depth  9: 2/2 parents -> 1 children (1 unique) -> tried 1, settled 0 (0 in H, 1 drifted out), kept 0 (0 branches) (2 s: price 0, settle 2)
[01:59:43] beam end {'kind': 'settle_wall', 'depth': 8, 'tried': 1}: 51 settled states, 54 settles (50 ok), wall 345 s (price 231, settle 114)
[01:59:43] RESULT s02_c7: 15 columns (n_new 1-3, potential 0-4), 51 states, end settle_wall, wall 345 s
[01:59:43]   job s02_c7 craft columns  15  levels 7  settles 50/54  end settle_wall  wall 345.1 s
[01:59:44]   price_cap: 1972 of 4201 horizon candidates priced (8 parents)
[01:59:53]   price_cap: 1068 of 1215 horizon candidates priced (8 parents)
[02:00:14] depth  7: 8/8 parents -> 65 children (65 unique) -> tried 10, settled 8 (0 in H, 2 drifted out), kept 8 (3 branches); t_end 1880-1976 d, tank 781-836 (56 s: price 36, settle 20)
[02:00:15] depth  6: 8/8 parents -> 235 children (235 unique) -> tried 9, settled 8 (1 in H), kept 8 (3 branches); t_end 1619-1862 d, tank 819-936 (100 s: price 69, settle 31)
[02:00:24]   price_cap: 1228 of 1886 horizon candidates priced (6 parents)
[02:00:26]   price_cap: 1766 of 2361 horizon candidates priced (8 parents)
[02:00:37]   price_cap: 1647 of 3328 horizon candidates priced (8 parents)
[02:00:39]   price_cap: 2000 of 3385 horizon candidates priced (8 parents)
[02:00:55] depth  8: 6/8 parents -> 6 children (6 unique) -> tried 6, settled 3 (0 in H, 1 drifted out), kept 3 (2 branches); t_end 1944-1951 d, tank 807-843 (41 s: price 3, settle 38)
[02:00:56] depth  7: 8/8 parents -> 88 children (88 unique) -> tried 9, settled 8 (0 in H), kept 8 (3 branches); t_end 1772-1932 d, tank 821-906 (89 s: price 58, settle 31)
[02:01:02] depth  7: 8/8 parents -> 178 children (178 unique) -> tried 9, settled 8 (1 in H), kept 8 (3 branches); t_end 1605-1850 d, tank 762-858 (91 s: price 69, settle 23)
[02:01:09] depth  9: 3/3 parents -> 1 children (1 unique) -> tried 1, settled 0 (0 in H), kept 0 (0 branches) (13 s: price 0, settle 13)
[02:01:09] beam end {'kind': 'settle_wall', 'depth': 8, 'tried': 1}: 52 settled states, 60 settles (51 ok), wall 430 s (price 259, settle 171)
[02:01:09] RESULT s02_c2: 17 columns (n_new 1-3, potential 0-4), 52 states, end settle_wall, wall 430 s
[02:01:09]   job s02_c2 craft columns  17  levels 7  settles 51/60  end settle_wall  wall 430.3 s
[02:01:13]   price_cap: 1633 of 2461 horizon candidates priced (8 parents)
[02:01:25] depth  7: 8/8 parents -> 101 children (101 unique) -> tried 11, settled 8 (0 in H, 1 drifted out), kept 8 (2 branches); t_end 1655-1876 d, tank 924-1207 (107 s: price 60, settle 48)
[02:01:48] depth  7: 6/6 parents -> 39 children (39 unique) -> tried 13, settled 8 (0 in H), kept 8 (3 branches); t_end 1762-1977 d, tank 787-1058 (126 s: price 42, settle 83)
[02:01:58] depth  8: 8/8 parents -> 18 children (18 unique) -> tried 10, settled 8 (0 in H, 1 drifted out), kept 8 (3 branches); t_end 1868-1975 d, tank 864-913 (62 s: price 28, settle 34)
[02:02:00]   price_cap: 1714 of 1891 horizon candidates priced (8 parents)
[02:02:10]   price_cap: 661 of 848 horizon candidates priced (7 parents)
[02:02:26]   price_cap: 1690 of 2123 horizon candidates priced (8 parents)
[02:02:33] depth  7: 8/8 parents -> 97 children (97 unique) -> tried 14, settled 8 (0 in H), kept 8 (3 branches); t_end 1793-1964 d, tank 829-1007 (137 s: price 57, settle 80)
[02:02:39] depth  9: 7/8 parents -> 8 children (8 unique) -> tried 8, settled 4 (0 in H, 2 drifted out), kept 4 (1 branches); t_end 1947-1972 d, tank 886-929 (41 s: price 9, settle 32)
[02:02:48] depth 10: 3/4 parents -> 1 children (1 unique) -> tried 1, settled 0 (0 in H), kept 0 (0 branches) (9 s: price 0, settle 9)
[02:02:48] beam end {'kind': 'settle_wall', 'depth': 9, 'tried': 1}: 61 settled states, 72 settles (60 ok), wall 530 s (price 323, settle 207)
[02:02:48] RESULT s02_c6: 26 columns (n_new 1-5, potential 0-4), 61 states, end settle_wall, wall 530 s
[02:02:48]   job s02_c6 craft columns  26  levels 8  settles 60/72  end settle_wall  wall 530.2 s
[02:03:01] depth  8: 8/8 parents -> 73 children (73 unique) -> tried 13, settled 8 (0 in H), kept 7 (2 branches); t_end 1808-1976 d, tank 767-897 (120 s: price 58, settle 62)
[02:03:10] depth  8: 7/8 parents -> 28 children (28 unique) -> tried 12, settled 8 (0 in H, 1 drifted out), kept 8 (3 branches); t_end 1826-1960 d, tank 831-926 (83 s: price 23, settle 60)
[02:03:37] depth  9: 6/7 parents -> 6 children (6 unique) -> tried 6, settled 5 (0 in H, 1 drifted out), kept 5 (2 branches); t_end 1888-1979 d, tank 831-903 (36 s: price 10, settle 26)
[02:03:38] depth 10: 4/5 parents -> 0 children (0 unique) -> tried 0, settled 0 (0 in H), kept 0 (0 branches) (1 s: price 1, settle 0)
[02:03:38] beam end {'kind': 'no_children', 'depth': 9, 'tried': 0}: 62 settled states, 75 settles (61 ok), wall 580 s (price 371, settle 209)
[02:03:38] RESULT s02_c4: 31 columns (n_new 1-6, potential 0-4), 62 states, end no_children, wall 580 s
[02:03:38]   job s02_c4 craft columns  31  levels 8  settles 61/75  end no_children  wall 579.8 s
[02:03:49] depth  9: 8/8 parents -> 7 children (7 unique) -> tried 7, settled 6 (0 in H, 1 drifted out), kept 6 (2 branches); t_end 1934-1975 d, tank 874-918 (38 s: price 16, settle 22)
[02:03:49] depth 10: 4/6 parents -> 0 children (0 unique) -> tried 0, settled 0 (0 in H), kept 0 (0 branches) (0 s: price 0, settle 0)
[02:03:49] beam end {'kind': 'no_children', 'depth': 9, 'tried': 0}: 63 settled states, 74 settles (62 ok), wall 591 s (price 322, settle 268)
[02:03:49] RESULT s02_c5: 22 columns (n_new 1-4, potential 0-5), 63 states, end no_children, wall 591 s
[02:03:49]   job s02_c5 craft columns  22  levels 8  settles 62/74  end no_children  wall 590.7 s
[02:04:05] depth  8: 8/8 parents -> 14 children (14 unique) -> tried 14, settled 8 (0 in H, 1 drifted out), kept 7 (2 branches); t_end 1921-1972 d, tank 880-1051 (92 s: price 17, settle 75)
[02:04:05] depth  9: 5/7 parents -> 0 children (0 unique) -> tried 0, settled 0 (0 in H), kept 0 (0 branches) (0 s: price 0, settle 0)
[02:04:05] beam end {'kind': 'no_children', 'depth': 8, 'tried': 0}: 57 settled states, 72 settles (56 ok), wall 607 s (price 338, settle 270)
[02:04:05] RESULT s02_c3: 28 columns (n_new 1-5, potential 0-3), 57 states, end no_children, wall 607 s
[02:04:05]   job s02_c3 craft columns  28  levels 7  settles 56/72  end no_children  wall 607.0 s
[02:04:21] depth  8: 8/8 parents -> 59 children (59 unique) -> tried 16, settled 8 (0 in H), kept 8 (2 branches); t_end 1802-1952 d, tank 938-1099 (177 s: price 61, settle 115)
[02:06:04] depth  9: 8/8 parents -> 17 children (17 unique) -> tried 12, settled 8 (0 in H), kept 8 (2 branches); t_end 1844-1952 d, tank 978-1064 (103 s: price 34, settle 68)
[02:06:39] depth 10: 8/8 parents -> 2 children (2 unique) -> tried 2, settled 0 (0 in H), kept 0 (0 branches) (34 s: price 6, settle 28)
[02:06:39] beam end {'kind': 'settle_wall', 'depth': 9, 'tried': 2}: 65 settled states, 82 settles (64 ok), wall 760 s (price 408, settle 353)
[02:06:39] RESULT s02_c1: 32 columns (n_new 1-5, potential 0-3), 65 states, end settle_wall, wall 760 s
[02:06:39]   job s02_c1 craft columns  32  levels 8  settles 64/82  end settle_wall  wall 760.4 s
[02:06:39] [slice 2] propose: 171 columns (0 bad dropped) in 760.4 s
[02:06:39] [slice 2] auction: 171 columns, kept 171, dropped {}
[02:06:39] [slice 2] auction: status optimal objective 36.192 vars 171 rows 58 chosen 7 (0.009 s)
[02:06:39] [slice 2 T=1080 d] launched 8/8  covered 76  remaining 222  fuel 1342 kg  sumJi 9.0999  chosen: c1:5(+157) c2:3(+61) c3:4(+111) c4:6(+199) c5:3(+52) c6:3(+47) c7:1(+9)  rejected: -  (wall 761 s)
[02:06:39] stop: stop_T at T=1620 d (slice 3)
[02:06:39] finalize: fleet/ 8 routes  covered 76  misses 222  fuel 1342 kg  sumJi 9.0999  J 233.0999  honest True
[02:06:39] g0b: slice 3 phase propose T=1620 d  launched 8/8  covered 76  remaining 222  fuel 1342 kg  sumJi 9.0999  done True (stop_T)
[02:08:42] resume: slice 1 has no commit.json -> rewind to its state_in (T=540 d)
[02:08:42] resume g0b: slice 1 phase propose T=540 d done=False
[02:08:42] [slice 1] propose: cached columns.json (173 columns)
[02:08:42] [slice 1] auction: cached (8 chosen, status optimal)
[02:08:44] [slice 1] commit: c0 column s01_c0_k0 REJECTED: regrid_settle failed (miss 103308 km / cap 0.764)  (targets stay in remaining)
[02:08:44] [slice 1] retry 1 auction: 21 columns, kept 10, dropped {'stale': 11}
[02:08:44] [slice 1] retry 1 auction: status optimal objective 4.149 vars 10 rows 4 chosen 1 (0.003 s)
[02:08:44] [slice 1 T=540 d] launched 8/8  covered 54  remaining 244  fuel 789 kg  sumJi 8.6067  chosen: c1:4(+120) c2:2(+26) c3:4(+85) c4:1(+12) c5:2(+75) c6:3(+89) c7:4(+62) c0:3(+83)[retry 1]  rejected: c0 (regrid_settle failed (miss 103308 km / cap 0.764))  (wall 2 s)
[02:08:44] [slice 2 T=1080 d] propose: 8 jobs (8 craft, 0 root) on 8 workers, proposer segbeam
[02:08:44] job s02_c1 (craft, craft 1): T 1080 d H 540 L 360; remaining 244; prize >1 on 24, tank_prev 744.8
[02:08:44] job s02_c0 (craft, craft 0): T 1080 d H 540 L 360; remaining 244; prize >1 on 24, tank_prev 724.0
[02:08:44] job s02_c4 (craft, craft 4): T 1080 d H 540 L 360; remaining 244; prize >1 on 24, tank_prev 646.9
[02:08:44] job s02_c6 (craft, craft 6): T 1080 d H 540 L 360; remaining 244; prize >1 on 24, tank_prev 722.8
[02:08:44] job s02_c3 (craft, craft 3): T 1080 d H 540 L 360; remaining 244; prize >1 on 24, tank_prev 702.7
[02:08:44] job s02_c5 (craft, craft 5): T 1080 d H 540 L 360; remaining 244; prize >1 on 24, tank_prev 688.5
[02:08:44] job s02_c2 (craft, craft 2): T 1080 d H 540 L 360; remaining 244; prize >1 on 24, tank_prev 694.9
[02:08:44] job s02_c7 (craft, craft 7): T 1080 d H 540 L 360; remaining 244; prize >1 on 24, tank_prev 664.0
[02:08:44] prefix slices/s02/in/craft_4.npz: 6 flybys, t_end 688.3 d, tank 646.9 kg (planner view), miss 53.5 km, nreg 31
[02:08:44] start: 1 craft state(s), remaining 244, horizon (1080, 1620] + L 360 d, B 8 tries 16 k_epochs 3 price_cap 250 max_levels 14 wall 2400 s
[02:08:44] prefix slices/s02/in/craft_7.npz: 5 flybys, t_end 1060.0 d, tank 664.0 kg (planner view), miss 21.0 km, nreg 34
[02:08:44] start: 1 craft state(s), remaining 244, horizon (1080, 1620] + L 360 d, B 8 tries 16 k_epochs 3 price_cap 250 max_levels 14 wall 2400 s
[02:08:44] prefix slices/s02/in/craft_5.npz: 5 flybys, t_end 949.8 d, tank 688.5 kg (planner view), miss 38.2 km, nreg 38
[02:08:44] start: 1 craft state(s), remaining 244, horizon (1080, 1620] + L 360 d, B 8 tries 16 k_epochs 3 price_cap 250 max_levels 14 wall 2400 s
[02:08:44] prefix slices/s02/in/craft_2.npz: 8 flybys, t_end 1024.8 d, tank 694.9 kg (planner view), miss 36.6 km, nreg 49
[02:08:44] prefix slices/s02/in/craft_3.npz: 8 flybys, t_end 996.4 d, tank 702.7 kg (planner view), miss 1.5 km, nreg 47
[02:08:44] start: 1 craft state(s), remaining 244, horizon (1080, 1620] + L 360 d, B 8 tries 16 k_epochs 3 price_cap 250 max_levels 14 wall 2400 s
[02:08:44] start: 1 craft state(s), remaining 244, horizon (1080, 1620] + L 360 d, B 8 tries 16 k_epochs 3 price_cap 250 max_levels 14 wall 2400 s
[02:08:44] prefix slices/s02/in/craft_0.npz: 7 flybys, t_end 997.6 d, tank 724.0 kg (planner view), miss 54.5 km, nreg 51
[02:08:44] start: 1 craft state(s), remaining 244, horizon (1080, 1620] + L 360 d, B 8 tries 16 k_epochs 3 price_cap 250 max_levels 14 wall 2400 s
[02:08:44] prefix slices/s02/in/craft_6.npz: 7 flybys, t_end 954.9 d, tank 722.8 kg (planner view), miss 0.2 km, nreg 37
[02:08:44] start: 1 craft state(s), remaining 244, horizon (1080, 1620] + L 360 d, B 8 tries 16 k_epochs 3 price_cap 250 max_levels 14 wall 2400 s
[02:08:44] prefix slices/s02/in/craft_1.npz: 8 flybys, t_end 923.3 d, tank 744.8 kg (planner view), miss 23.4 km, nreg 48
[02:08:44] start: 1 craft state(s), remaining 244, horizon (1080, 1620] + L 360 d, B 8 tries 16 k_epochs 3 price_cap 250 max_levels 14 wall 2400 s
[02:08:50]   price_cap: 250 of 722 horizon candidates priced (1 parents)
[02:08:50]   price_cap: 250 of 727 horizon candidates priced (1 parents)
[02:08:51]   price_cap: 250 of 732 horizon candidates priced (1 parents)
[02:08:51]   price_cap: 250 of 730 horizon candidates priced (1 parents)
[02:08:51]   price_cap: 250 of 726 horizon candidates priced (1 parents)
[02:08:51]   price_cap: 250 of 727 horizon candidates priced (1 parents)
[02:08:52]   price_cap: 250 of 722 horizon candidates priced (1 parents)
[02:08:52]   price_cap: 250 of 731 horizon candidates priced (1 parents)
[02:09:00] depth  2: 1/1 parents -> 74 children (74 unique) -> tried 8, settled 8 (7 in H), kept 8 (7 branches); t_end 1163-1623 d, tank 673-715 (16 s: price 6, settle 10)
[02:09:01] depth  2: 1/1 parents -> 90 children (90 unique) -> tried 8, settled 8 (8 in H), kept 8 (8 branches); t_end 1102-1612 d, tank 696-735 (17 s: price 7, settle 10)
[02:09:06] depth  2: 1/1 parents -> 88 children (88 unique) -> tried 8, settled 8 (8 in H), kept 7 (7 branches); t_end 1104-1407 d, tank 759-825 (22 s: price 8, settle 14)
[02:09:06] depth  2: 1/1 parents -> 84 children (84 unique) -> tried 8, settled 8 (7 in H), kept 8 (8 branches); t_end 1129-1627 d, tank 657-701 (22 s: price 7, settle 15)
[02:09:07] depth  2: 1/1 parents -> 79 children (79 unique) -> tried 9, settled 8 (6 in H, 1 drifted out), kept 8 (8 branches); t_end 1127-1774 d, tank 727-912 (23 s: price 7, settle 16)
[02:09:09] depth  2: 1/1 parents -> 102 children (102 unique) -> tried 9, settled 8 (8 in H), kept 8 (8 branches); t_end 1099-1402 d, tank 690-728 (25 s: price 7, settle 18)
[02:09:10] depth  2: 1/1 parents -> 97 children (97 unique) -> tried 9, settled 8 (8 in H), kept 8 (8 branches); t_end 1091-1404 d, tank 714-797 (26 s: price 7, settle 19)
[02:09:55]   price_cap: 2000 of 5360 horizon candidates priced (8 parents)
[02:10:03]   price_cap: 2000 of 5420 horizon candidates priced (8 parents)
[02:10:05] depth  3: 8/8 parents -> 508 children (508 unique) -> tried 8, settled 8 (7 in H), kept 8 (4 branches); t_end 1250-1621 d, tank 688-765 (66 s: price 56, settle 10)
[02:10:06]   price_cap: 1750 of 5034 horizon candidates priced (7 parents)
[02:10:06]   price_cap: 1884 of 4931 horizon candidates priced (8 parents)
[02:10:09]   price_cap: 2000 of 5828 horizon candidates priced (8 parents)
[02:10:14]   price_cap: 2000 of 5468 horizon candidates priced (8 parents)
[02:10:16]   price_cap: 2000 of 5736 horizon candidates priced (8 parents)
[02:10:18] depth  3: 8/8 parents -> 538 children (538 unique) -> tried 8, settled 8 (6 in H), kept 8 (7 branches); t_end 1472-1865 d, tank 714-766 (77 s: price 63, settle 14)
[02:10:19] depth  3: 8/8 parents -> 440 children (440 unique) -> tried 9, settled 8 (8 in H, 1 drifted out), kept 8 (4 branches); t_end 1206-1576 d, tank 758-790 (72 s: price 59, settle 13)
[02:10:22] depth  3: 7/7 parents -> 490 children (490 unique) -> tried 8, settled 8 (8 in H), kept 7 (6 branches); t_end 1241-1531 d, tank 788-853 (77 s: price 60, settle 17)
[02:10:29] depth  3: 8/8 parents -> 527 children (527 unique) -> tried 8, settled 8 (7 in H), kept 7 (4 branches); t_end 1375-1922 d, tank 708-838 (80 s: price 61, settle 19)
[02:10:29] depth  3: 8/8 parents -> 694 children (694 unique) -> tried 8, settled 8 (8 in H), kept 8 (4 branches); t_end 1251-1533 d, tank 739-899 (79 s: price 66, settle 13)
[02:10:30] depth  2: 1/1 parents -> 98 children (98 unique) -> tried 16, settled 7 (7 in H), kept 7 (6 branches); t_end 1133-1575 d, tank 739-909 (106 s: price 8, settle 98)
[02:10:35] depth  3: 8/8 parents -> 597 children (597 unique) -> tried 8, settled 8 (7 in H), kept 8 (5 branches); t_end 1438-1869 d, tank 705-735 (89 s: price 68, settle 21)
[02:11:04]   price_cap: 2000 of 4976 horizon candidates priced (8 parents)
[02:11:18]   price_cap: 1691 of 3801 horizon candidates priced (8 parents)
[02:11:20]   price_cap: 1502 of 4279 horizon candidates priced (7 parents)
[02:11:25]   price_cap: 2000 of 5202 horizon candidates priced (8 parents)
[02:11:26] depth  4: 8/8 parents -> 395 children (395 unique) -> tried 8, settled 8 (2 in H), kept 8 (4 branches); t_end 1474-1945 d, tank 704-825 (80 s: price 59, settle 22)
[02:11:26]   price_cap: 1750 of 4956 horizon candidates priced (7 parents)
[02:11:31] depth  4: 8/8 parents -> 321 children (321 unique) -> tried 8, settled 8 (3 in H), kept 8 (6 branches); t_end 1590-1908 d, tank 718-767 (73 s: price 60, settle 13)
[02:11:32]   price_cap: 1750 of 4820 horizon candidates priced (7 parents)
[02:11:41]   price_cap: 2000 of 5621 horizon candidates priced (8 parents)
[02:11:41]   price_cap: 1819 of 4552 horizon candidates priced (8 parents)
[02:11:45] depth  4: 7/7 parents -> 390 children (390 unique) -> tried 8, settled 8 (8 in H), kept 8 (3 branches); t_end 1337-1442 d, tank 833-901 (82 s: price 64, settle 19)
[02:11:49] depth  4: 8/8 parents -> 417 children (417 unique) -> tried 9, settled 8 (8 in H, 1 drifted out), kept 7 (3 branches); t_end 1363-1610 d, tank 770-813 (90 s: price 66, settle 25)
[02:11:54] depth  4: 7/7 parents -> 323 children (323 unique) -> tried 9, settled 8 (6 in H), kept 8 (3 branches); t_end 1490-1766 d, tank 741-863 (85 s: price 52, settle 33)
[02:12:01] depth  4: 8/8 parents -> 412 children (412 unique) -> tried 8, settled 8 (3 in H), kept 8 (3 branches); t_end 1462-1876 d, tank 707-773 (86 s: price 66, settle 20)
[02:12:09] depth  4: 8/8 parents -> 538 children (538 unique) -> tried 9, settled 8 (7 in H), kept 8 (3 branches); t_end 1432-1862 d, tank 757-920 (100 s: price 72, settle 28)
[02:12:12]   price_cap: 1495 of 2577 horizon candidates priced (8 parents)
[02:12:29]   price_cap: 1588 of 2817 horizon candidates priced (8 parents)
[02:12:45] depth  5: 8/8 parents -> 184 children (184 unique) -> tried 10, settled 8 (0 in H), kept 8 (4 branches); t_end 1690-1929 d, tank 722-820 (79 s: price 47, settle 32)
[02:12:48]   price_cap: 1750 of 4457 horizon candidates priced (7 parents)
[02:12:52]   price_cap: 1422 of 3005 horizon candidates priced (8 parents)
[02:12:58]   price_cap: 2000 of 5642 horizon candidates priced (8 parents)
[02:13:03]   price_cap: 2000 of 5177 horizon candidates priced (8 parents)
[02:13:08] depth  5: 7/7 parents -> 239 children (239 unique) -> tried 8, settled 8 (4 in H), kept 7 (3 branches); t_end 1580-1735 d, tank 809-865 (79 s: price 59, settle 20)
[02:13:14]   price_cap: 1851 of 4910 horizon candidates priced (8 parents)
[02:13:17] depth  5: 8/8 parents -> 146 children (139 unique) -> tried 11, settled 8 (0 in H), kept 8 (4 branches); t_end 1692-1954 d, tank 731-776 (106 s: price 58, settle 48)
[02:13:21] depth  5: 8/8 parents -> 237 children (237 unique) -> tried 8, settled 8 (2 in H), kept 8 (3 branches); t_end 1562-1780 d, tank 749-870 (88 s: price 70, settle 18)
[02:13:23]   price_cap: 1306 of 1503 horizon candidates priced (8 parents)
[02:13:25] depth  5: 8/8 parents -> 436 children (436 unique) -> tried 9, settled 8 (6 in H), kept 8 (3 branches); t_end 1454-1860 d, tank 867-1158 (100 s: price 74, settle 27)
[02:13:27] depth  5: 8/8 parents -> 285 children (285 unique) -> tried 10, settled 8 (0 in H), kept 8 (3 branches); t_end 1741-1908 d, tank 757-826 (86 s: price 51, settle 35)
[02:13:39] depth  3: 7/7 parents -> 698 children (698 unique) -> tried 16, settled 4 (4 in H), kept 4 (3 branches); t_end 1261-1498 d, tank 812-933 (189 s: price 63, settle 126)
[02:13:43] depth  5: 8/8 parents -> 251 children (251 unique) -> tried 9, settled 8 (4 in H), kept 8 (3 branches); t_end 1498-1742 d, tank 779-1097 (95 s: price 65, settle 29)
[02:13:47] depth  6: 8/8 parents -> 112 children (112 unique) -> tried 9, settled 8 (0 in H), kept 8 (3 branches); t_end 1751-1889 d, tank 734-788 (63 s: price 38, settle 24)
[02:13:57]   price_cap: 866 of 955 horizon candidates priced (8 parents)
[02:14:03]   price_cap: 1722 of 3040 horizon candidates priced (7 parents)
[02:14:08]   price_cap: 1510 of 2199 horizon candidates priced (8 parents)
[02:14:14]   price_cap: 1000 of 2667 horizon candidates priced (4 parents)
[02:14:24] depth  6: 8/8 parents -> 53 children (53 unique) -> tried 9, settled 8 (0 in H), kept 8 (2 branches); t_end 1773-1974 d, tank 771-828 (57 s: price 30, settle 27)
[02:14:24]   price_cap: 1646 of 4257 horizon candidates priced (8 parents)
[02:14:25] depth  6: 8/8 parents -> 121 children (121 unique) -> tried 8, settled 8 (0 in H), kept 8 (3 branches); t_end 1725-1946 d, tank 776-817 (68 s: price 51, settle 17)
[02:14:30]   price_cap: 2000 of 4235 horizon candidates priced (8 parents)
[02:14:35] depth  6: 7/7 parents -> 130 children (130 unique) -> tried 9, settled 8 (1 in H, 1 drifted out), kept 8 (3 branches); t_end 1616-1833 d, tank 812-968 (87 s: price 55, settle 32)
[02:14:41] depth  7: 8/8 parents -> 52 children (52 unique) -> tried 8, settled 8 (0 in H), kept 8 (3 branches); t_end 1855-1978 d, tank 737-825 (53 s: price 38, settle 15)
[02:14:45] depth  6: 8/8 parents -> 212 children (212 unique) -> tried 8, settled 8 (4 in H), kept 8 (3 branches); t_end 1564-1878 d, tank 903-1174 (80 s: price 59, settle 21)
[02:14:49] depth  8: 7/8 parents -> 2 children (2 unique) -> tried 2, settled 2 (0 in H), kept 2 (1 branches); t_end 1897-1962 d, tank 839-865 (8 s: price 4, settle 4)
[02:14:51] depth  6: 8/8 parents -> 110 children (110 unique) -> tried 8, settled 8 (0 in H), kept 6 (3 branches); t_end 1677-1898 d, tank 749-825 (90 s: price 68, settle 21)
[02:14:51] depth  9: 2/2 parents -> 1 children (1 unique) -> tried 1, settled 0 (0 in H, 1 drifted out), kept 0 (0 branches) (2 s: price 0, settle 2)
[02:14:51] beam end {'kind': 'settle_wall', 'depth': 8, 'tried': 1}: 51 settled states, 54 settles (50 ok), wall 367 s (price 248, settle 119)
[02:14:51] RESULT s02_c7: 15 columns (n_new 1-3, potential 0-4), 51 states, end settle_wall, wall 367 s
[02:14:51]   job s02_c7 craft columns  15  levels 7  settles 50/54  end settle_wall  wall 367.2 s
[02:14:52]   price_cap: 1970 of 4173 horizon candidates priced (8 parents)
[02:14:58] depth  7: 6/8 parents -> 14 children (14 unique) -> tried 9, settled 8 (0 in H, 1 drifted out), kept 8 (1 branches); t_end 1868-1978 d, tank 800-862 (34 s: price 14, settle 20)
[02:15:01]   price_cap: 1063 of 1202 horizon candidates priced (8 parents)
[02:15:17] depth  8: 7/8 parents -> 5 children (5 unique) -> tried 5, settled 4 (0 in H, 1 drifted out), kept 4 (1 branches); t_end 1938-1968 d, tank 841-894 (20 s: price 5, settle 14)
[02:15:18] depth  9: 3/4 parents -> 0 children (0 unique) -> tried 0, settled 0 (0 in H), kept 0 (0 branches) (0 s: price 0, settle 0)
[02:15:18] beam end {'kind': 'no_children', 'depth': 8, 'tried': 0}: 53 settled states, 57 settles (52 ok), wall 394 s (price 242, settle 151)
[02:15:18] RESULT s02_c4: 17 columns (n_new 1-3, potential 0-5), 53 states, end no_children, wall 394 s
[02:15:18]   job s02_c4 craft columns  17  levels 7  settles 52/57  end no_children  wall 393.8 s
[02:15:22] depth  7: 8/8 parents -> 64 children (64 unique) -> tried 10, settled 8 (0 in H, 2 drifted out), kept 8 (3 branches); t_end 1880-1976 d, tank 781-836 (56 s: price 36, settle 20)
[02:15:31] depth  6: 8/8 parents -> 239 children (239 unique) -> tried 10, settled 8 (1 in H), kept 8 (3 branches); t_end 1619-1862 d, tank 786-936 (108 s: price 69, settle 39)
[02:15:33]   price_cap: 1223 of 1864 horizon candidates priced (6 parents)
[02:15:33]   price_cap: 1764 of 2338 horizon candidates priced (8 parents)
[02:15:44]   price_cap: 1644 of 3284 horizon candidates priced (8 parents)
[02:16:02] depth  8: 6/8 parents -> 6 children (6 unique) -> tried 6, settled 3 (0 in H, 1 drifted out), kept 3 (2 branches); t_end 1944-1951 d, tank 807-843 (40 s: price 3, settle 37)
[02:16:03] depth  7: 8/8 parents -> 87 children (87 unique) -> tried 9, settled 8 (0 in H), kept 8 (3 branches); t_end 1772-1932 d, tank 821-906 (88 s: price 58, settle 30)
[02:16:04] depth  4: 4/4 parents -> 391 children (391 unique) -> tried 16, settled 6 (5 in H), kept 6 (3 branches); t_end 1404-1739 d, tank 824-1183 (145 s: price 35, settle 110)
[02:16:15] depth  9: 3/3 parents -> 1 children (1 unique) -> tried 1, settled 0 (0 in H), kept 0 (0 branches) (13 s: price 0, settle 13)
[02:16:15] beam end {'kind': 'settle_wall', 'depth': 8, 'tried': 1}: 52 settled states, 60 settles (51 ok), wall 452 s (price 278, settle 173)
[02:16:15] RESULT s02_c2: 17 columns (n_new 1-3, potential 0-4), 52 states, end settle_wall, wall 452 s
[02:16:15]   job s02_c2 craft columns  17  levels 7  settles 51/60  end settle_wall  wall 451.5 s
[02:16:27]   price_cap: 1629 of 2424 horizon candidates priced (8 parents)
[02:16:32] depth  7: 8/8 parents -> 100 children (100 unique) -> tried 11, settled 8 (0 in H, 1 drifted out), kept 8 (2 branches); t_end 1655-1876 d, tank 924-1207 (106 s: price 59, settle 47)
[02:16:55] depth  7: 6/6 parents -> 38 children (38 unique) -> tried 13, settled 8 (0 in H), kept 8 (3 branches); t_end 1762-1977 d, tank 787-1058 (124 s: price 42, settle 82)
[02:16:58]   price_cap: 1500 of 3284 horizon candidates priced (6 parents)
[02:17:17] depth  8: 8/8 parents -> 21 children (21 unique) -> tried 10, settled 8 (0 in H, 1 drifted out), kept 8 (3 branches); t_end 1832-1975 d, tank 864-916 (74 s: price 28, settle 46)
[02:17:17]   price_cap: 657 of 841 horizon candidates priced (7 parents)
[02:17:33]   price_cap: 1681 of 2092 horizon candidates priced (8 parents)
[02:17:38] depth  7: 8/8 parents -> 101 children (101 unique) -> tried 13, settled 8 (0 in H), kept 8 (3 branches); t_end 1793-1964 d, tank 849-1007 (127 s: price 56, settle 71)
[02:17:47] depth  9: 7/8 parents -> 3 children (3 unique) -> tried 3, settled 1 (0 in H, 1 drifted out), kept 1 (1 branches); t_end 1967-1967 d, tank 914-914 (29 s: price 11, settle 18)
[02:17:47] beam end {'kind': 'horizon', 'depth': 9}: 58 settled states, 66 settles (57 ok), wall 543 s (price 342, settle 201)
[02:17:47] RESULT s02_c6: 26 columns (n_new 1-5, potential 0-4), 58 states, end horizon, wall 543 s
[02:17:47]   job s02_c6 craft columns  26  levels 8  settles 57/66  end horizon  wall 542.8 s
[02:18:18] depth  8: 7/8 parents -> 28 children (28 unique) -> tried 12, settled 8 (0 in H, 1 drifted out), kept 8 (3 branches); t_end 1826-1960 d, tank 831-926 (83 s: price 22, settle 61)
[02:18:43] depth  8: 8/8 parents -> 11 children (11 unique) -> tried 11, settled 8 (0 in H, 1 drifted out), kept 7 (2 branches); t_end 1921-1972 d, tank 880-1051 (65 s: price 18, settle 47)
[02:18:44] depth  9: 5/7 parents -> 0 children (0 unique) -> tried 0, settled 0 (0 in H), kept 0 (0 branches) (0 s: price 0, settle 0)
[02:18:44] beam end {'kind': 'no_children', 'depth': 8, 'tried': 0}: 57 settled states, 69 settles (56 ok), wall 600 s (price 354, settle 246)
[02:18:44] RESULT s02_c3: 28 columns (n_new 1-5, potential 0-3), 57 states, end no_children, wall 600 s
[02:18:44]   job s02_c3 craft columns  28  levels 7  settles 56/69  end no_children  wall 600.0 s
[02:18:56] depth  9: 8/8 parents -> 7 children (7 unique) -> tried 7, settled 6 (0 in H, 1 drifted out), kept 6 (2 branches); t_end 1934-1975 d, tank 874-918 (38 s: price 16, settle 22)
[02:18:56] depth 10: 4/6 parents -> 0 children (0 unique) -> tried 0, settled 0 (0 in H), kept 0 (0 branches) (0 s: price 0, settle 0)
[02:18:56] beam end {'kind': 'no_children', 'depth': 9, 'tried': 0}: 63 settled states, 74 settles (62 ok), wall 612 s (price 338, settle 275)
[02:18:56] RESULT s02_c5: 22 columns (n_new 1-4, potential 0-5), 63 states, end no_children, wall 612 s
[02:18:56]   job s02_c5 craft columns  22  levels 8  settles 62/74  end no_children  wall 612.5 s
[02:19:02] depth  5: 6/6 parents -> 222 children (222 unique) -> tried 16, settled 7 (2 in H, 1 drifted out), kept 7 (3 branches); t_end 1560-1968 d, tank 874-1200 (178 s: price 53, settle 125)
[02:19:30] depth  8: 8/8 parents -> 59 children (59 unique) -> tried 16, settled 8 (0 in H), kept 8 (2 branches); t_end 1802-1952 d, tank 938-1099 (178 s: price 61, settle 117)
[02:19:34]   price_cap: 909 of 1556 horizon candidates priced (6 parents)
[02:21:13] depth  9: 8/8 parents -> 17 children (17 unique) -> tried 12, settled 8 (0 in H), kept 8 (2 branches); t_end 1844-1952 d, tank 978-1064 (103 s: price 34, settle 69)
[02:21:47] depth 10: 8/8 parents -> 2 children (2 unique) -> tried 2, settled 0 (0 in H), kept 0 (0 branches) (34 s: price 6, settle 28)
[02:21:47] beam end {'kind': 'settle_wall', 'depth': 9, 'tried': 2}: 65 settled states, 82 settles (64 ok), wall 783 s (price 424, settle 359)
[02:21:47] RESULT s02_c1: 32 columns (n_new 1-5, potential 0-3), 65 states, end settle_wall, wall 783 s
[02:21:47]   job s02_c1 craft columns  32  levels 8  settles 64/82  end settle_wall  wall 782.8 s
[02:21:47] depth  6: 6/7 parents -> 155 children (155 unique) -> tried 16, settled 2 (0 in H), kept 2 (1 branches); t_end 1888-1918 d, tank 1179-1185 (165 s: price 32, settle 133)
[02:22:21] depth  7: 2/2 parents -> 3 children (3 unique) -> tried 3, settled 0 (0 in H), kept 0 (0 branches) (34 s: price 1, settle 33)
[02:22:21] beam end {'kind': 'settle_wall', 'depth': 6, 'tried': 3}: 27 settled states, 83 settles (26 ok), wall 817 s (price 192, settle 625)
[02:22:21] RESULT s02_c0: 17 columns (n_new 1-4, potential 0-2), 27 states, end settle_wall, wall 817 s
[02:22:21]   job s02_c0 craft columns  17  levels 5  settles 26/83  end settle_wall  wall 817.4 s
[02:22:21] [slice 2] propose: 174 columns (0 bad dropped) in 817.4 s
[02:22:21] [slice 2] auction: 174 columns, kept 173, dropped {'fuel': 1}
[02:22:21] [slice 2] auction: status optimal objective 36.934 vars 173 rows 53 chosen 8 (0.009 s)
[02:22:22] [slice 2 T=1080 d] launched 8/8  covered 79  remaining 219  fuel 1561 kg  sumJi 9.3206  chosen: c0:4(+313) c1:5(+157) c2:3(+61) c3:3(+74) c4:3(+60) c5:3(+52) c6:3(+47) c7:1(+9)  rejected: -  (wall 818 s)
[02:22:22] stop: stop_T at T=1620 d (slice 3)
[02:22:22] finalize: fleet/ 8 routes  covered 79  misses 219  fuel 1561 kg  sumJi 9.3206  J 230.3206  honest True
[02:22:22] g0b: slice 3 phase propose T=1620 d  launched 8/8  covered 79  remaining 219  fuel 1561 kg  sumJi 9.3206  done True (stop_T)
