[15:00:04] new run p18_claims_relax_lam05: N 8 H 540.0 d L 360.0 d proposer planbeam commit regrid nproc 9 stop_T None claims on (bonus 1.0, ttl 4)
[15:00:04] [slice 0] claims in force: -  (0 targets; claim_bonus 1.0, ttl 4)
[15:00:04] [slice 0 T=0 d] propose: 9 jobs (0 craft, 9 root) on 9 workers, proposer planbeam, H_eff 540 d, lam 0.5
[15:00:04] job s00_r2 (root, craft None, planbeam): T 0 d H 540 L 360; plan horizon 1620 d; remaining 298; prize >1 on 6; width 300 npt 6 mc 150 dv 1.6 drmax 0.2 plan_wall 300 s; quota {'fil': 12, 'med': 18}
[15:00:04] job s00_r3 (root, craft None, planbeam): T 0 d H 540 L 360; plan horizon 1620 d; remaining 298; prize >1 on 6; width 300 npt 6 mc 150 dv 1.6 drmax 0.2 plan_wall 300 s; quota {'fil': 12, 'med': 18}
[15:00:04] job s00_r1 (root, craft None, planbeam): T 0 d H 540 L 360; plan horizon 1620 d; remaining 298; prize >1 on 6; width 300 npt 6 mc 150 dv 1.6 drmax 0.2 plan_wall 300 s; quota {'fil': 12, 'med': 18}
[15:00:04] job s00_r4 (root, craft None, planbeam): T 0 d H 540 L 360; plan horizon 1620 d; remaining 298; prize >1 on 6; width 300 npt 6 mc 150 dv 1.6 drmax 0.2 plan_wall 300 s; quota {'fil': 12, 'med': 18}
[15:00:04] budget: job_wall 420 s, 420 s left before the plan -> plan cap 300 s (plan_wall 300, settle_reserve 90)
[15:00:04] job s00_r7 (root, craft None, planbeam): T 0 d H 540 L 360; plan horizon 1620 d; remaining 298; prize >1 on 6; width 300 npt 6 mc 150 dv 1.6 drmax 0.2 plan_wall 300 s; quota {'fil': 12, 'med': 18}
[15:00:04] job s00_r8 (root, craft None, planbeam): T 0 d H 540 L 360; plan horizon 1620 d; remaining 298; prize >1 on 6; width 300 npt 6 mc 150 dv 1.6 drmax 0.2 plan_wall 300 s; quota {'fil': 12, 'med': 18}
[15:00:04] job s00_r6 (root, craft None, planbeam): T 0 d H 540 L 360; plan horizon 1620 d; remaining 298; prize >1 on 6; width 300 npt 6 mc 150 dv 1.6 drmax 0.2 plan_wall 300 s; quota {'fil': 12, 'med': 18}
[15:00:04] budget: job_wall 420 s, 420 s left before the plan -> plan cap 300 s (plan_wall 300, settle_reserve 90)
[15:00:04] budget: job_wall 420 s, 420 s left before the plan -> plan cap 300 s (plan_wall 300, settle_reserve 90)
[15:00:04] job s00_r0 (root, craft None, planbeam): T 0 d H 540 L 360; plan horizon 1620 d; remaining 298; prize >1 on 6; width 300 npt 6 mc 150 dv 1.6 drmax 0.2 plan_wall 300 s; quota {'fil': 12, 'med': 18}
[15:00:04] budget: job_wall 420 s, 420 s left before the plan -> plan cap 300 s (plan_wall 300, settle_reserve 90)
[15:00:04] job s00_r5 (root, craft None, planbeam): T 0 d H 540 L 360; plan horizon 1620 d; remaining 298; prize >1 on 6; width 300 npt 6 mc 150 dv 1.6 drmax 0.2 plan_wall 300 s; quota {'fil': 12, 'med': 18}
[15:00:04] budget: job_wall 420 s, 420 s left before the plan -> plan cap 300 s (plan_wall 300, settle_reserve 90)
[15:00:04] budget: job_wall 420 s, 420 s left before the plan -> plan cap 300 s (plan_wall 300, settle_reserve 90)
[15:00:04] budget: job_wall 420 s, 420 s left before the plan -> plan cap 300 s (plan_wall 300, settle_reserve 90)
[15:00:04] budget: job_wall 420 s, 420 s left before the plan -> plan cap 300 s (plan_wall 300, settle_reserve 90)
[15:00:04] budget: job_wall 420 s, 420 s left before the plan -> plan cap 300 s (plan_wall 300, settle_reserve 90)
[15:00:06] plan start: 6 launch dates (490-540 d) -> 0 launch legs with first flyby <= T+H, 0 kept (cap min(roots_max 450, 3 x width) = 450; 1.8 s)
[15:00:06] plan: 0 states, depth 0 new flybys, end no_children (2 s)
[15:00:06] candidates: 0 distinct committed target sets (n_new -, potential -)
[15:00:06] frontier: 0 candidates chosen (n fb / committed planner kg / continuation (lookahead) [full]; pot_mode lookahead, pot_cap None): 
[15:00:06] budget: 418 s of 420 left for the settles + regrids (settle_wall 480)
[15:00:06] RESULT s00_r8: 0 columns; frontier ; settles 0 (0 ok), regrids 0 (0 ok); wall 2 s of 420 (plan 2, price 0, settle 0; budget hit None, 0 unsettled)
[15:00:06] plan start: 6 launch dates (250-300 d) -> 726 launch legs with first flyby <= T+H, 116 kept (cap min(roots_max 450, 3 x width) = 450; 1.8 s)
[15:00:06] plan start: 6 launch dates (190-240 d) -> 1235 launch legs with first flyby <= T+H, 159 kept (cap min(roots_max 450, 3 x width) = 450; 1.9 s)
[15:00:06] plan start: 6 launch dates (370-420 d) -> 160 launch legs with first flyby <= T+H, 27 kept (cap min(roots_max 450, 3 x width) = 450; 1.9 s)
[15:00:06] plan start: 6 launch dates (70-120 d) -> 1681 launch legs with first flyby <= T+H, 192 kept (cap min(roots_max 450, 3 x width) = 450; 1.9 s)
[15:00:06] plan start: 6 launch dates (430-480 d) -> 36 launch legs with first flyby <= T+H, 5 kept (cap min(roots_max 450, 3 x width) = 450; 1.9 s)
[15:00:06] plan start: 6 launch dates (130-180 d) -> 1340 launch legs with first flyby <= T+H, 185 kept (cap min(roots_max 450, 3 x width) = 450; 1.9 s)
[15:00:06]   job s00_r8 root  columns   0  levels 0  settles 0/0  end no_children  wall 1.8 s
[15:00:06] plan start: 6 launch dates (310-360 d) -> 276 launch legs with first flyby <= T+H, 62 kept (cap min(roots_max 450, 3 x width) = 450; 2.0 s)
[15:00:07] plan start: 7 launch dates (0-60 d) -> 2000 launch legs with first flyby <= T+H, 208 kept (cap min(roots_max 450, 3 x width) = 450; 2.1 s)
[15:00:12] interrupted (Interrupted): slice 0 -- phase files on disk are the resume point
[15:00:22] pool shutdown did not finish in 10 s -> SIGKILL to 0 worker(s)
