[19:52:16] start results/CTOC14_Result_TEAM.txt sc1: m0 930.45, fuel 325.05, flybys 38
[19:52:24]   it   0: fuel  324.11 kg, max miss      396.3 km, median    126.5, rho       70, acc a=0.05 (6.2 s)
[19:52:27]   it   1: fuel  321.60 kg, max miss     3081.4 km, median   1028.7, rho       49, acc a=0.10 (2.4 s)
[19:52:31]   it   2: fuel  319.60 kg, max miss     4880.6 km, median   1570.4, rho     34.3, acc a=0.07 (4.1 s)
[19:52:35]   it   3: fuel  318.02 kg, max miss     6035.8 km, median   1892.9, rho       24, acc a=0.04 (4.0 s)
[19:52:39]   it   4: fuel  316.80 kg, max miss     6740.6 km, median   2077.6, rho     16.8, acc a=0.03 (4.0 s)
[19:52:43]   it   5: fuel  315.87 kg, max miss     7145.9 km, median   2178.4, rho     11.8, acc a=0.02 (3.9 s)
[19:52:45]   it   6: fuel  313.84 kg, max miss     9767.0 km, median   2825.5, rho     8.24, acc a=0.04 (2.3 s)
[19:52:49]   it   7: fuel  312.41 kg, max miss    11124.0 km, median   3145.9, rho     5.76, acc a=0.03 (4.0 s)
[19:52:53]   it   8: fuel  311.42 kg, max miss    11792.8 km, median   3297.3, rho     4.04, acc a=0.02 (4.0 s)
[19:52:57]   it   9: fuel  310.73 kg, max miss    12101.8 km, median   3364.0, rho     2.82, acc a=0.01 (4.3 s)
[19:53:00]   it  10: fuel  309.32 kg, max miss    13832.4 km, median   3792.7, rho     1.98, acc a=0.02 (2.3 s)
[19:53:04]   it  11: fuel  308.37 kg, max miss    14567.7 km, median   4013.7, rho     1.38, acc a=0.02 (4.0 s)
[19:53:08]   it  12: fuel  307.74 kg, max miss    14858.3 km, median   4104.2, rho    0.969, acc a=0.01 (4.0 s)
[19:53:10]   it  13: fuel  306.46 kg, max miss    16379.8 km, median   4575.1, rho    0.678, acc a=0.02 (2.3 s)
[19:53:14]   it  14: fuel  305.62 kg, max miss    16965.2 km, median   4761.5, rho    0.475, acc a=0.01 (4.0 s)
[19:53:18]   it  15: fuel  305.06 kg, max miss    17171.6 km, median   4829.9, rho    0.332, acc a=0.01 (4.3 s)
[19:53:21]   it  16: fuel  303.96 kg, max miss    18309.9 km, median   5195.9, rho    0.233, acc a=0.02 (2.5 s)
[19:53:25]   it  17: fuel  303.23 kg, max miss    18715.2 km, median   5330.6, rho    0.163, acc a=0.01 (4.6 s)
[19:53:30]   it  18: fuel  302.76 kg, max miss    18837.8 km, median   5374.2, rho    0.114, acc a=0.01 (4.4 s)
[19:53:32]   it  19: fuel  301.81 kg, max miss    19627.1 km, median   5636.3, rho   0.0798, acc a=0.02 (2.5 s)
[19:53:36]   it  20: fuel  301.19 kg, max miss    19885.1 km, median   5726.3, rho   0.0559, acc a=0.01 (4.0 s)
[19:53:39]   it  21: fuel  299.97 kg, max miss    19905.5 km, median   6198.5, rho   0.0391, acc a=0.02 (2.3 s)
[19:53:41]   it  22: fuel  297.61 kg, max miss    20333.4 km, median   7870.2, rho   0.0274, acc a=0.04 (2.3 s)
[19:53:45]   it  23: fuel  296.11 kg, max miss    21909.9 km, median   8461.5, rho   0.0192, acc a=0.03 (4.0 s)
[19:53:47]   it  24: fuel  293.24 kg, max miss    28820.0 km, median   7116.7, rho   0.0134, acc a=0.06 (2.3 s)
[19:53:51]   it  25: fuel  291.45 kg, max miss    30964.9 km, median   7261.5, rho  0.00939, acc a=0.04 (4.0 s)
[19:53:57]   it  26: fuel  291.45 kg, max miss    30964.9 km, median   7261.5, rho   0.0375, REJ (6.1 s)
[19:54:00]   it  27: fuel  290.58 kg, max miss    31140.4 km, median   7018.5, rho   0.0263, acc a=0.02 (2.3 s)
[19:54:05]   it  28: fuel  290.58 kg, max miss    31140.4 km, median   7018.5, rho    0.105, REJ (5.6 s)
[19:54:08]   it  29: fuel  289.73 kg, max miss    31273.0 km, median   6972.5, rho   0.0736, acc a=0.02 (2.3 s)
[19:54:10]   it  30: fuel  288.07 kg, max miss    32976.0 km, median   7980.3, rho   0.0515, acc a=0.04 (2.4 s)
[19:54:16]   it  31: fuel  288.07 kg, max miss    32976.0 km, median   7980.3, rho    0.206, REJ (5.7 s)
[19:54:18]   it  32: fuel  287.28 kg, max miss    32983.0 km, median   7648.2, rho    0.144, acc a=0.02 (2.3 s)
[19:54:20]   it  33: fuel  285.74 kg, max miss    34297.8 km, median   7878.3, rho    0.101, acc a=0.04 (2.3 s)
[19:54:24]   it  34: fuel  284.76 kg, max miss    34488.1 km, median   8008.6, rho   0.0707, acc a=0.03 (4.0 s)
[19:54:29]   it  35: fuel  284.12 kg, max miss    34344.9 km, median   7327.8, rho   0.0495, acc a=0.02 (4.9 s)
[19:54:36]   it  36: fuel  284.12 kg, max miss    34344.9 km, median   7327.8, rho    0.198, REJ (7.1 s)
[19:54:39]   it  37: fuel  283.43 kg, max miss    34222.2 km, median   7165.5, rho    0.139, acc a=0.02 (2.9 s)
[19:54:42]   it  38: fuel  282.07 kg, max miss    35092.0 km, median   7725.7, rho    0.097, acc a=0.04 (2.8 s)
[19:54:48]   it  39: fuel  282.07 kg, max miss    35092.0 km, median   7725.7, rho    0.388, REJ (5.7 s)
[19:54:50]   it  40: fuel  281.42 kg, max miss    34884.7 km, median   7764.6, rho    0.272, acc a=0.02 (2.3 s)
[19:54:52]   it  41: fuel  280.16 kg, max miss    35472.3 km, median   7453.3, rho     0.19, acc a=0.04 (2.4 s)
[19:54:57]   it  42: fuel  279.35 kg, max miss    35366.3 km, median   7600.8, rho    0.133, acc a=0.03 (4.4 s)
[19:55:01]   it  43: fuel  278.83 kg, max miss    35098.7 km, median   7611.7, rho   0.0931, acc a=0.02 (4.0 s)
[19:55:06]   it  44: fuel  278.83 kg, max miss    35098.7 km, median   7611.7, rho    0.373, REJ (5.7 s)
[19:55:09]   it  45: fuel  278.26 kg, max miss    34818.5 km, median   7618.0, rho    0.261, acc a=0.02 (2.6 s)
[19:55:12]   it  46: fuel  277.14 kg, max miss    35124.5 km, median   7273.4, rho    0.183, acc a=0.04 (2.5 s)
[19:55:16]   it  47: fuel  276.43 kg, max miss    34909.0 km, median   7276.0, rho    0.128, acc a=0.03 (4.4 s)
[19:55:22]   it  48: fuel  276.29 kg, max miss    34749.0 km, median   7274.2, rho   0.0894, acc a=0.01 (6.2 s)
[19:55:25]   it  49: fuel  276.02 kg, max miss    34488.7 km, median   7091.2, rho   0.0626, acc a=0.01 (2.9 s)
[19:55:32]   it  50: fuel  276.02 kg, max miss    34488.7 km, median   7091.2, rho     0.25, REJ (6.8 s)
[19:55:34]   it  51: fuel  275.51 kg, max miss    34170.8 km, median   7080.7, rho    0.175, acc a=0.02 (2.5 s)
[19:55:37]   it  52: fuel  274.52 kg, max miss    34295.7 km, median   7312.1, rho    0.123, acc a=0.04 (2.7 s)
[19:55:43]   it  53: fuel  274.52 kg, max miss    34295.7 km, median   7312.1, rho    0.491, REJ (6.4 s)
[19:55:46]   it  54: fuel  274.05 kg, max miss    33931.0 km, median   7282.2, rho    0.344, acc a=0.02 (2.6 s)
[19:55:48]   it  55: fuel  273.13 kg, max miss    33887.6 km, median   6773.0, rho    0.241, acc a=0.04 (2.5 s)
[19:55:51]   it  56: fuel  271.37 kg, max miss    36290.9 km, median   7777.3, rho    0.168, acc a=0.08 (2.5 s)
[19:55:58]   it  57: fuel  271.05 kg, max miss    35889.6 km, median   7160.4, rho    0.118, acc a=0.02 (6.6 s)
[19:56:04]   it  58: fuel  271.05 kg, max miss    35889.6 km, median   7160.4, rho    0.471, REJ (6.5 s)
[19:56:07]   it  59: fuel  270.66 kg, max miss    35427.2 km, median   7104.1, rho     0.33, acc a=0.02 (2.6 s)
[19:56:09]   it  60: fuel  269.89 kg, max miss    35057.2 km, median   7164.6, rho    0.231, acc a=0.04 (2.5 s)
[19:56:12]   it  61: fuel  268.43 kg, max miss    36341.4 km, median   6906.3, rho    0.162, acc a=0.08 (2.6 s)
[19:56:18]   it  62: fuel  268.16 kg, max miss    35901.8 km, median   7061.0, rho    0.113, acc a=0.02 (6.4 s)
[19:56:25]   it  63: fuel  268.16 kg, max miss    35901.8 km, median   7061.0, rho    0.453, REJ (6.7 s)
[19:56:28]   it  64: fuel  267.83 kg, max miss    35385.7 km, median   6965.9, rho    0.317, acc a=0.02 (3.0 s)
[19:56:31]   it  65: fuel  267.19 kg, max miss    34801.3 km, median   6878.7, rho    0.222, acc a=0.04 (2.6 s)
[19:56:37]   it  66: fuel  267.19 kg, max miss    34801.3 km, median   6878.7, rho    0.887, REJ (6.4 s)
[19:56:40]   it  67: fuel  266.89 kg, max miss    34275.4 km, median   6745.3, rho    0.621, acc a=0.02 (2.8 s)
[19:56:43]   it  68: fuel  266.30 kg, max miss    33617.1 km, median   6325.9, rho    0.435, acc a=0.04 (3.4 s)
[19:56:46]   it  69: fuel  265.16 kg, max miss    33764.3 km, median   6223.3, rho    0.304, acc a=0.08 (3.0 s)
[19:56:51]   it  70: fuel  264.47 kg, max miss    33114.2 km, median   6303.9, rho    0.213, acc a=0.05 (5.4 s)
[19:57:00]   it  71: fuel  264.34 kg, max miss    32800.8 km, median   6349.3, rho    0.149, acc a=0.01 (8.9 s)
[19:57:08]   it  72: fuel  264.34 kg, max miss    32800.8 km, median   6349.3, rho    0.597, REJ (7.3 s)
[19:57:11]   it  73: fuel  264.10 kg, max miss    32276.8 km, median   6168.7, rho    0.418, acc a=0.02 (3.0 s)
[19:57:14]   it  74: fuel  263.63 kg, max miss    31540.3 km, median   5928.8, rho    0.292, acc a=0.04 (3.0 s)
[19:57:21]   it  75: fuel  263.63 kg, max miss    31540.3 km, median   5928.8, rho     1.17, REJ (7.4 s)
[19:57:24]   it  76: fuel  263.40 kg, max miss    31021.3 km, median   5849.0, rho    0.819, acc a=0.02 (3.1 s)
[19:57:28]   it  77: fuel  262.96 kg, max miss    30255.7 km, median   5776.9, rho    0.573, acc a=0.04 (3.6 s)
[19:57:31]   it  78: fuel  262.12 kg, max miss    29755.8 km, median   5363.5, rho    0.401, acc a=0.08 (3.1 s)
[19:57:35]   it  79: fuel  261.61 kg, max miss    28961.0 km, median   5361.1, rho    0.281, acc a=0.05 (4.1 s)
[19:57:42]   it  80: fuel  261.52 kg, max miss    28679.5 km, median   5890.9, rho    0.197, acc a=0.01 (6.9 s)
[19:57:44]   it  81: fuel  261.34 kg, max miss    28186.3 km, median   5792.6, rho    0.138, acc a=0.02 (2.5 s)
[19:57:50]   it  82: fuel  261.34 kg, max miss    28186.3 km, median   5792.6, rho     0.55, REJ (5.9 s)
[19:57:53]   it  83: fuel  261.16 kg, max miss    27715.1 km, median   5697.8, rho    0.385, acc a=0.02 (2.4 s)
[19:57:56]   it  84: fuel  260.82 kg, max miss    26996.6 km, median   5558.7, rho     0.27, acc a=0.04 (3.7 s)
[19:58:02]   it  85: fuel  260.82 kg, max miss    26996.6 km, median   5558.7, rho     1.08, REJ (6.0 s)
[19:58:05]   it  86: fuel  260.66 kg, max miss    26536.0 km, median   5465.5, rho    0.755, acc a=0.02 (2.8 s)
[19:58:09]   it  87: fuel  260.34 kg, max miss    25813.6 km, median   5323.6, rho    0.529, acc a=0.04 (3.9 s)
[19:58:13]   it  88: fuel  259.73 kg, max miss    25138.7 km, median   4514.8, rho     0.37, acc a=0.08 (4.0 s)
[19:58:20]   it  89: fuel  259.73 kg, max miss    25138.7 km, median   4514.8, rho     1.48, REJ (6.9 s)
[19:58:23]   it  90: fuel  259.59 kg, max miss    24700.7 km, median   4442.9, rho     1.04, acc a=0.02 (2.8 s)
[19:58:26]   it  91: fuel  259.32 kg, max miss    23995.8 km, median   4341.4, rho    0.725, acc a=0.04 (3.5 s)
[19:58:29]   it  92: fuel  258.80 kg, max miss    23250.7 km, median   4177.4, rho    0.508, acc a=0.08 (2.7 s)
[19:58:32]   it  93: fuel  257.86 kg, max miss    24211.3 km, median   4958.1, rho    0.355, acc a=0.16 (2.7 s)
[19:58:38]   it  94: fuel  257.71 kg, max miss    23614.1 km, median   3943.4, rho    0.249, acc a=0.03 (6.4 s)
[19:58:41]   it  95: fuel  257.45 kg, max miss    24359.5 km, median   3610.3, rho    0.174, acc a=0.06 (2.6 s)
[19:58:47]   it  96: fuel  257.45 kg, max miss    24359.5 km, median   3610.3, rho    0.696, REJ (6.0 s)
[19:58:49]   it  97: fuel  257.36 kg, max miss    23935.4 km, median   3523.1, rho    0.487, acc a=0.02 (2.3 s)
[19:58:51]   it  98: fuel  257.18 kg, max miss    23230.1 km, median   3325.6, rho    0.341, acc a=0.04 (2.3 s)
[19:58:58]   it  99: fuel  257.18 kg, max miss    23230.1 km, median   3325.6, rho     1.36, REJ (6.8 s)
[19:59:01]   it 100: fuel  257.10 kg, max miss    22818.5 km, median   3246.3, rho    0.955, acc a=0.02 (2.6 s)
[19:59:04]   it 101: fuel  256.93 kg, max miss    22122.2 km, median   3068.0, rho    0.669, acc a=0.04 (3.1 s)
[19:59:06]   it 102: fuel  256.62 kg, max miss    21234.4 km, median   2904.6, rho    0.468, acc a=0.08 (2.6 s)
[19:59:09]   it 103: fuel  256.06 kg, max miss    21366.4 km, median   4088.7, rho    0.328, acc a=0.16 (2.8 s)
[19:59:16]   it 104: fuel  256.06 kg, max miss    21366.4 km, median   4088.7, rho     1.31, REJ (6.4 s)
[19:59:18]   it 105: fuel  255.96 kg, max miss    20791.7 km, median   4006.5, rho    0.918, acc a=0.03 (2.7 s)
[19:59:21]   it 106: fuel  255.77 kg, max miss    19925.4 km, median   3939.9, rho    0.642, acc a=0.06 (2.4 s)
[19:59:24]   it 107: fuel  255.43 kg, max miss    19317.6 km, median   4165.5, rho     0.45, acc a=0.13 (3.0 s)
[19:59:32]   it 108: fuel  255.43 kg, max miss    19317.6 km, median   4165.5, rho      1.8, REJ (7.9 s)
[19:59:35]   it 109: fuel  255.37 kg, max miss    18879.2 km, median   4086.5, rho     1.26, acc a=0.03 (2.9 s)
[19:59:38]   it 110: fuel  255.25 kg, max miss    18157.4 km, median   3953.5, rho    0.881, acc a=0.05 (3.3 s)
[19:59:42]   it 111: fuel  255.03 kg, max miss    17324.1 km, median   3766.7, rho    0.617, acc a=0.10 (4.1 s)
[19:59:48]   it 112: fuel  254.92 kg, max miss    16598.2 km, median   3625.2, rho    0.432, acc a=0.07 (6.4 s)
[19:59:51]   it 113: fuel  254.69 kg, max miss    16076.1 km, median   3570.5, rho    0.302, acc a=0.14 (3.0 s)
[20:00:01]   it 114: fuel  254.69 kg, max miss    16076.1 km, median   3570.5, rho     1.21, REJ (9.6 s)
[20:00:05]   it 115: fuel  254.65 kg, max miss    15685.0 km, median   3484.9, rho    0.846, acc a=0.03 (3.9 s)
[20:00:09]   it 116: fuel  254.56 kg, max miss    15033.7 km, median   3345.7, rho    0.592, acc a=0.05 (4.3 s)
[20:00:17]   it 117: fuel  254.56 kg, max miss    15033.7 km, median   3345.7, rho     2.37, REJ (7.6 s)
[20:00:21]   it 118: fuel  254.53 kg, max miss    14752.0 km, median   3283.6, rho     1.66, acc a=0.02 (3.9 s)
[20:00:23]   it 119: fuel  254.47 kg, max miss    14248.3 km, median   3174.2, rho     1.16, acc a=0.04 (3.0 s)
[20:00:30]   restore  0: fuel  254.21 kg, max miss    3920.3 km, rho      500 (3.4 s)
[20:00:33]   restore  1: fuel  254.21 kg, max miss    3920.3 km, rho    2e+03 (3.0 s)
[20:00:36]   restore  2: fuel  254.12 kg, max miss    1023.7 km, rho    1e+03 (2.9 s)
[20:00:38]   restore  3: fuel  254.12 kg, max miss    1023.7 km, rho    4e+03 (2.6 s)
[20:00:41]   restore  4: fuel  254.08 kg, max miss     262.2 km, rho    2e+03 (2.7 s)
[20:00:44]   restore  5: fuel  254.08 kg, max miss     262.2 km, rho    8e+03 (2.8 s)
[20:00:46]   restore  6: fuel  254.06 kg, max miss      65.8 km, rho    4e+03 (2.8 s)
[20:00:49]   restore  7: fuel  254.06 kg, max miss      65.8 km, rho  1.6e+04 (2.8 s)
[20:00:52]   restore  8: fuel  254.05 kg, max miss      22.0 km, rho    8e+03 (2.9 s)
[20:00:52] stage 1: fuel 254.05 kg (516 s)
[20:00:58]   restore  0: fuel  254.05 kg, max miss 64154025.6 km, rho    4e+03 (3.3 s)
[20:01:00]   restore  1: fuel  254.05 kg, max miss 64154025.6 km, rho  1.6e+04 (2.8 s)
[20:01:03]   restore  2: fuel  254.05 kg, max miss 64154025.6 km, rho  6.4e+04 (2.8 s)
[20:01:06]   restore  3: fuel  254.05 kg, max miss 64154025.6 km, rho 2.56e+05 (3.0 s)
[20:01:09]   restore  4: fuel  254.05 kg, max miss 64154025.6 km, rho 1.02e+06 (3.0 s)
[20:01:12]   restore  5: fuel  254.05 kg, max miss 64154025.6 km, rho  4.1e+06 (2.6 s)
[20:01:14]   restore  6: fuel  254.05 kg, max miss 64154025.6 km, rho 1.64e+07 (2.6 s)
[20:01:18]   restore  7: fuel  254.05 kg, max miss 64154025.6 km, rho 6.55e+07 (3.2 s)
[20:01:21]   restore  8: fuel  254.79 kg, max miss 21450752.7 km, rho 3.28e+07 (3.0 s)
[20:01:24]   restore  9: fuel  249.72 kg, max miss 2936479.9 km, rho 1.64e+07 (3.0 s)
[20:01:27]   restore 10: fuel  247.19 kg, max miss  173076.0 km, rho 8.19e+06 (3.6 s)
[20:01:30]   restore 11: fuel  245.31 kg, max miss  114949.5 km, rho  4.1e+06 (2.8 s)
[20:01:33]   restore 12: fuel  243.71 kg, max miss   85278.8 km, rho 2.05e+06 (2.6 s)
[20:01:35]   restore 13: fuel  242.52 kg, max miss   59192.8 km, rho 1.02e+06 (2.5 s)
[20:01:38]   restore 14: fuel  241.81 kg, max miss   27441.9 km, rho 5.12e+05 (2.4 s)
[20:01:41]   restore 15: fuel  241.51 kg, max miss   10201.4 km, rho 2.56e+05 (3.5 s)
[20:01:44]   restore 16: fuel  241.43 kg, max miss    3855.9 km, rho 1.28e+05 (2.9 s)
[20:01:47]   restore 17: fuel  241.40 kg, max miss    1377.8 km, rho  6.4e+04 (2.7 s)
[20:01:49]   restore 18: fuel  241.35 kg, max miss     316.2 km, rho  3.2e+04 (2.9 s)
[20:01:53]   restore 19: fuel  241.23 kg, max miss     180.3 km, rho  1.6e+04 (3.1 s)
[20:01:56]   restore 20: fuel  241.23 kg, max miss     180.3 km, rho  6.4e+04 (3.3 s)
[20:01:59]   restore 21: fuel  241.17 kg, max miss      55.7 km, rho  3.2e+04 (2.9 s)
[20:02:01]   restore 22: fuel  241.17 kg, max miss      55.7 km, rho 1.28e+05 (2.6 s)
[20:02:04]   restore 23: fuel  241.14 kg, max miss      24.2 km, rho  6.4e+04 (2.7 s)
[20:02:04] stage 2 (m0 855.55): fuel 241.14 kg
[20:02:12]   it   0: fuel  240.68 kg, max miss      610.8 km, median    109.3, rho       70, acc a=0.05 (6.2 s)
[20:02:19] start results/CTOC14_Result_TEAM.txt sc1: m0 930.45, fuel 325.05, flybys 38
[20:02:19] stage 1: fuel 254.05 kg (0 s)
[20:02:19] stage 2 (m0 855.55): fuel 241.14 kg
[20:02:29]   it   0: fuel  240.69 kg, max miss      628.4 km, median    123.4, rho      150, acc a=0.05 (7.1 s)
[20:02:32] start results/CTOC14_Result_TEAM.txt sc1: m0 930.45, fuel 325.05, flybys 38
[20:02:32] stage 1: fuel 254.05 kg (0 s)
[20:02:34] stage 2 (m0 827.41): fuel 225.91 kg
[20:02:43]   it   0: fuel  225.91 kg, max miss       62.2 km, median     20.0, rho      150, acc a=0.05 (7.0 s)
[20:02:46]   it   1: fuel  225.89 kg, max miss      168.8 km, median     47.5, rho      105, acc a=0.10 (2.6 s)
[20:02:56]   it   2: fuel  225.89 kg, max miss      175.2 km, median     49.4, rho      158, acc a=0.02 (10.1 s)
[20:02:58]   it   3: fuel  225.88 kg, max miss      188.8 km, median     53.0, rho      110, acc a=0.04 (2.5 s)
[20:03:04]   it   4: fuel  225.88 kg, max miss      197.3 km, median     55.1, rho      165, acc a=0.03 (5.3 s)
[20:03:08]   it   5: fuel  225.88 kg, max miss      199.4 km, median     55.5, rho      248, acc a=0.02 (4.8 s)
[20:03:12]   it   6: fuel  225.87 kg, max miss      203.5 km, median     56.6, rho      174, acc a=0.04 (3.1 s)
[20:03:16]   it   7: fuel  225.87 kg, max miss      206.4 km, median     57.2, rho      260, acc a=0.02 (4.7 s)
[20:03:19]   it   8: fuel  225.86 kg, max miss      213.0 km, median     59.0, rho      182, acc a=0.05 (2.9 s)
[20:03:24]   it   9: fuel  225.86 kg, max miss      217.2 km, median     60.0, rho      273, acc a=0.03 (5.0 s)
[20:03:27]   it  10: fuel  225.85 kg, max miss      227.3 km, median     62.9, rho      191, acc a=0.06 (3.3 s)
[20:03:33]   it  11: fuel  225.85 kg, max miss      233.0 km, median     64.4, rho      287, acc a=0.04 (5.1 s)
[20:03:36]   it  12: fuel  225.84 kg, max miss      248.0 km, median     68.8, rho      201, acc a=0.08 (3.2 s)
[20:03:41]   it  13: fuel  225.83 kg, max miss      255.5 km, median     70.9, rho      302, acc a=0.06 (4.9 s)
[20:03:44]   it  14: fuel  225.82 kg, max miss      276.4 km, median     77.2, rho      211, acc a=0.11 (3.0 s)
[20:03:49]   it  15: fuel  225.81 kg, max miss      285.5 km, median     79.7, rho      317, acc a=0.07 (5.0 s)
[20:03:53]   it  16: fuel  225.81 kg, max miss      281.2 km, median     78.6, rho      475, acc a=0.05 (4.7 s)
[20:03:56]   it  17: fuel  225.80 kg, max miss      275.3 km, median     77.2, rho      332, acc a=0.10 (3.0 s)
[20:04:01]   it  18: fuel  225.80 kg, max miss      271.1 km, median     76.1, rho      499, acc a=0.07 (4.8 s)
[20:04:04]   it  19: fuel  225.79 kg, max miss      266.9 km, median     75.3, rho      349, acc a=0.13 (2.8 s)
[20:04:09]   it  20: fuel  225.78 kg, max miss      262.8 km, median     74.2, rho      524, acc a=0.09 (4.8 s)
[20:04:12]   it  21: fuel  225.77 kg, max miss      260.8 km, median     73.8, rho      367, acc a=0.18 (2.8 s)
[20:04:17]   it  22: fuel  225.76 kg, max miss      256.5 km, median     72.6, rho      550, acc a=0.12 (5.5 s)
[20:04:20]   it  23: fuel  225.75 kg, max miss      256.4 km, median     72.4, rho      385, acc a=0.24 (2.9 s)
[20:04:26]   it  24: fuel  225.74 kg, max miss      250.7 km, median     70.6, rho      577, acc a=0.16 (5.9 s)
[20:04:29]   it  25: fuel  225.73 kg, max miss      249.8 km, median     69.6, rho      404, acc a=0.32 (2.9 s)
[20:04:34]   it  26: fuel  225.72 kg, max miss      240.5 km, median     66.8, rho      606, acc a=0.21 (5.3 s)
[20:04:37]   it  27: fuel  225.70 kg, max miss      234.8 km, median     64.1, rho      424, acc a=0.42 (2.7 s)
[20:04:42]   it  28: fuel  225.69 kg, max miss      219.5 km, median     59.7, rho      636, acc a=0.28 (5.5 s)
[20:04:46]   it  29: fuel  225.67 kg, max miss      204.1 km, median     54.6, rho      445, acc a=0.56 (3.9 s)
[20:04:52]   it  30: fuel  225.65 kg, max miss      179.2 km, median     47.9, rho      668, acc a=0.33 (5.8 s)
[20:04:56]   it  31: fuel  225.64 kg, max miss      149.5 km, median     37.9, rho      468, acc a=0.67 (3.5 s)
[20:05:01]   it  32: fuel  225.62 kg, max miss      124.1 km, median     32.2, rho      702, acc a=0.33 (5.0 s)
[20:05:03]   it  33: fuel  225.61 kg, max miss       92.8 km, median     24.4, rho      491, acc a=0.67 (2.5 s)
[20:05:06]   it  34: fuel  225.58 kg, max miss      145.3 km, median     36.9, rho      344, acc a=1.00 (2.5 s)
[20:05:08]   it  35: fuel  225.55 kg, max miss      145.8 km, median     40.4, rho      241, acc a=1.00 (2.7 s)
[20:05:11]   it  36: fuel  225.52 kg, max miss      148.3 km, median     42.1, rho      168, acc a=1.00 (2.4 s)
[20:05:13]   it  37: fuel  225.50 kg, max miss      151.7 km, median     44.1, rho      118, acc a=1.00 (2.4 s)
[20:05:16]   it  38: fuel  225.49 kg, max miss      155.7 km, median     45.8, rho     82.5, acc a=1.00 (2.6 s)
[20:05:18]   it  39: fuel  225.49 kg, max miss      166.0 km, median     45.5, rho     57.8, acc a=1.00 (2.6 s)
[20:05:23]   it  40: fuel  225.49 kg, max miss      149.7 km, median     38.8, rho     86.7, acc a=0.33 (4.4 s)
[20:05:26]   it  41: fuel  225.47 kg, max miss       79.0 km, median     25.6, rho     60.7, acc a=0.67 (2.8 s)
[20:05:28]   it  42: fuel  225.46 kg, max miss      114.1 km, median     29.6, rho     42.5, acc a=1.00 (2.8 s)
[20:05:35]   it  43: fuel  225.46 kg, max miss      114.1 km, median     29.6, rho      170, REJ (6.5 s)
[20:05:38]   it  44: fuel  225.45 kg, max miss       82.4 km, median     23.3, rho      119, acc a=0.20 (3.0 s)
[20:05:41]   it  45: fuel  225.42 kg, max miss       42.9 km, median     15.2, rho     83.2, acc a=0.40 (3.2 s)
[20:05:44]   it  46: fuel  225.39 kg, max miss       28.5 km, median     15.4, rho     58.3, acc a=0.80 (3.4 s)
[20:05:47]   it  47: fuel  225.38 kg, max miss       73.9 km, median     17.4, rho     40.8, acc a=1.00 (2.8 s)
[20:05:55]   it  48: fuel  225.38 kg, max miss       73.9 km, median     17.4, rho      163, REJ (7.8 s)
[20:05:58]   it  49: fuel  225.36 kg, max miss       50.1 km, median     14.6, rho      114, acc a=0.20 (3.1 s)
[20:06:02] stage 3 (m0 826.66): fuel 225.16 kg (210 s)
[20:12:45] RESULT {'src': 'results/CTOC14_Result_TEAM.txt', 'sc': 1, 'ok': True, 'errors': [], 'm0': np.float64(826.6553282304802), 'fuel': np.float64(225.1553614919702), 'fuel0': 325.0463060221017, 'm0_0': 930.4523658096083, 'flybys': 38, 'flybys0': 38, 'peak_thrust': 0.35462602174677554, 'J_i': 1.1881071925193565, 'J_i0': 1.2917510603074585, 'runtime': 613.0648808479309}
