[20:10:04] start results/CTOC14_Result_TEAM.txt sc12: m0 917.99, fuel 311.59, flybys 31
[20:10:11]   it   0: fuel  307.62 kg, max miss     4451.5 km, median    902.5, rho      150, acc a=0.17 (5.1 s)
[20:10:14]   it   1: fuel  302.11 kg, max miss    11693.1 km, median   2658.8, rho      105, acc a=0.33 (2.7 s)
[20:10:19]   it   2: fuel  297.69 kg, max miss    15907.2 km, median   2836.2, rho      158, acc a=0.22 (5.2 s)
[20:10:22]   it   3: fuel  291.74 kg, max miss    22169.5 km, median   3761.3, rho      110, acc a=0.44 (2.9 s)
[20:10:27]   it   4: fuel  287.13 kg, max miss    25824.5 km, median   4583.0, rho      165, acc a=0.30 (5.2 s)
[20:10:30]   it   5: fuel  281.11 kg, max miss    30675.1 km, median   4561.8, rho      116, acc a=0.59 (2.7 s)
[20:10:35]   it   6: fuel  277.25 kg, max miss    30733.7 km, median   5018.1, rho      174, acc a=0.33 (5.2 s)
[20:10:38]   it   7: fuel  272.27 kg, max miss    31413.4 km, median   5023.7, rho      122, acc a=0.67 (2.8 s)
[20:10:43]   it   8: fuel  269.37 kg, max miss    29312.5 km, median   5509.8, rho      182, acc a=0.33 (4.9 s)
[20:10:46]   it   9: fuel  265.61 kg, max miss    26556.3 km, median   5000.1, rho      128, acc a=0.67 (2.9 s)
[20:10:51]   it  10: fuel  263.37 kg, max miss    24305.4 km, median   5067.6, rho      191, acc a=0.33 (5.1 s)
[20:10:54]   it  11: fuel  260.45 kg, max miss    21451.3 km, median   4838.9, rho      134, acc a=0.67 (2.9 s)
[20:10:59]   it  12: fuel  258.68 kg, max miss    19673.4 km, median   5364.1, rho      201, acc a=0.33 (5.4 s)
[20:11:02]   it  13: fuel  256.37 kg, max miss    17515.9 km, median   5439.2, rho      141, acc a=0.67 (2.6 s)
[20:11:07]   it  14: fuel  254.95 kg, max miss    15986.0 km, median   5107.0, rho      211, acc a=0.33 (5.0 s)
[20:11:10]   it  15: fuel  253.09 kg, max miss    13756.0 km, median   4518.9, rho      148, acc a=0.67 (2.8 s)
[20:11:15]   it  16: fuel  251.93 kg, max miss    12508.4 km, median   4180.2, rho      222, acc a=0.33 (5.3 s)
[20:11:18]   it  17: fuel  250.40 kg, max miss    10673.6 km, median   3619.0, rho      155, acc a=0.67 (2.8 s)
[20:11:23]   it  18: fuel  249.44 kg, max miss     9729.5 km, median   3335.6, rho      233, acc a=0.33 (4.9 s)
[20:11:26]   it  19: fuel  248.17 kg, max miss     8303.9 km, median   2865.2, rho      163, acc a=0.67 (3.2 s)
[20:11:31]   it  20: fuel  247.36 kg, max miss     7596.4 km, median   2641.2, rho      244, acc a=0.33 (5.0 s)
[20:11:34]   it  21: fuel  246.30 kg, max miss     6496.8 km, median   2260.6, rho      171, acc a=0.67 (2.8 s)
[20:11:39]   it  22: fuel  245.62 kg, max miss     5955.7 km, median   2083.3, rho      257, acc a=0.33 (5.0 s)
[20:11:42]   it  23: fuel  244.72 kg, max miss     5109.5 km, median   1784.9, rho      180, acc a=0.67 (2.8 s)
[20:11:47]   it  24: fuel  244.15 kg, max miss     4697.0 km, median   1648.7, rho      269, acc a=0.33 (5.0 s)
[20:11:50]   it  25: fuel  243.38 kg, max miss     4033.8 km, median   1411.7, rho      189, acc a=0.67 (2.8 s)
[20:11:55]   it  26: fuel  242.90 kg, max miss     3720.9 km, median   1307.8, rho      283, acc a=0.33 (5.2 s)
[20:11:58]   it  27: fuel  242.25 kg, max miss     3211.5 km, median   1125.7, rho      198, acc a=0.67 (3.2 s)
[20:12:03]   it  28: fuel  241.83 kg, max miss     2972.7 km, median   1046.2, rho      297, acc a=0.33 (4.8 s)
[20:12:06]   it  29: fuel  241.28 kg, max miss     2577.1 km, median    904.7, rho      208, acc a=0.67 (2.8 s)
[20:12:10]   it  30: fuel  240.92 kg, max miss     2393.4 km, median    843.7, rho      312, acc a=0.33 (4.6 s)
[20:12:13]   it  31: fuel  240.45 kg, max miss     2083.9 km, median    732.9, rho      218, acc a=0.67 (2.6 s)
[20:12:17]   it  32: fuel  240.14 kg, max miss     1939.3 km, median    684.3, rho      327, acc a=0.33 (4.4 s)
[20:12:20]   it  33: fuel  239.73 kg, max miss     1692.8 km, median    595.5, rho      229, acc a=0.67 (2.6 s)
[20:12:25]   it  34: fuel  239.46 kg, max miss     1579.7 km, median    557.5, rho      344, acc a=0.33 (5.5 s)
[20:12:29]   it  35: fuel  239.11 kg, max miss     1381.2 km, median    485.5, rho      241, acc a=0.67 (3.9 s)
[20:12:36]   it  36: fuel  238.87 kg, max miss     1289.0 km, median    453.8, rho      361, acc a=0.33 (6.6 s)
[20:12:38]   it  37: fuel  238.56 kg, max miss     1125.5 km, median    393.3, rho      253, acc a=0.67 (2.5 s)
[20:12:42]   it  38: fuel  238.35 kg, max miss     1051.8 km, median    367.9, rho      379, acc a=0.33 (4.0 s)
[20:12:44]   it  39: fuel  238.07 kg, max miss      919.2 km, median    318.8, rho      265, acc a=0.67 (2.3 s)
[20:12:48]   it  40: fuel  237.88 kg, max miss      860.3 km, median    298.4, rho      398, acc a=0.33 (4.0 s)
[20:12:51]   it  41: fuel  237.63 kg, max miss      754.1 km, median    259.3, rho      279, acc a=0.67 (2.3 s)
[20:12:55]   it  42: fuel  237.47 kg, max miss      705.8 km, median    242.4, rho      418, acc a=0.33 (4.0 s)
[20:12:57]   it  43: fuel  237.24 kg, max miss      618.6 km, median    210.1, rho      293, acc a=0.67 (2.3 s)
[20:13:01]   it  44: fuel  237.09 kg, max miss      580.5 km, median    196.9, rho      439, acc a=0.33 (3.9 s)
[20:13:03]   it  45: fuel  236.89 kg, max miss      510.9 km, median    171.4, rho      307, acc a=0.67 (2.2 s)
[20:13:07]   it  46: fuel  236.75 kg, max miss      480.7 km, median    161.2, rho      461, acc a=0.33 (3.9 s)
[20:13:09]   it  47: fuel  236.57 kg, max miss      424.1 km, median    140.5, rho      323, acc a=0.67 (2.2 s)
[20:13:11]   it  48: fuel  236.20 kg, max miss     1103.1 km, median    374.9, rho      226, acc a=1.00 (2.2 s)
[20:13:14]   it  49: fuel  235.72 kg, max miss     1884.1 km, median    646.2, rho      158, acc a=1.00 (2.2 s)
[20:13:18]   it  50: fuel  235.51 kg, max miss     1590.5 km, median    542.2, rho      237, acc a=0.33 (3.9 s)
[20:13:20]   it  51: fuel  235.23 kg, max miss     1164.5 km, median    380.1, rho      166, acc a=0.67 (2.2 s)
[20:13:24]   it  52: fuel  235.05 kg, max miss     1044.1 km, median    330.6, rho      249, acc a=0.33 (3.9 s)
[20:13:26]   it  53: fuel  234.79 kg, max miss      857.4 km, median    262.5, rho      174, acc a=0.67 (2.3 s)
[20:13:31]   it  54: fuel  234.63 kg, max miss      786.5 km, median    237.9, rho      261, acc a=0.33 (4.5 s)
[20:13:33]   it  55: fuel  234.40 kg, max miss      673.8 km, median    204.5, rho      183, acc a=0.67 (2.6 s)
[20:13:37]   it  56: fuel  234.25 kg, max miss      622.8 km, median    190.7, rho      274, acc a=0.33 (3.9 s)
[20:13:39]   it  57: fuel  234.05 kg, max miss      541.7 km, median    166.7, rho      192, acc a=0.67 (2.2 s)
[20:13:43]   it  58: fuel  233.92 kg, max miss      501.9 km, median    156.2, rho      288, acc a=0.33 (3.9 s)
[20:13:46]   it  59: fuel  233.73 kg, max miss      438.9 km, median    137.3, rho      202, acc a=0.67 (2.5 s)
[20:13:48]   it  60: fuel  233.37 kg, max miss     1070.0 km, median    324.9, rho      141, acc a=1.00 (2.4 s)
[20:13:51]   it  61: fuel  232.92 kg, max miss     1644.5 km, median    495.8, rho     98.8, acc a=1.00 (2.5 s)
[20:13:53]   it  62: fuel  232.38 kg, max miss     2426.8 km, median    728.5, rho     69.2, acc a=1.00 (2.4 s)
[20:13:56]   it  63: fuel  231.73 kg, max miss     3485.8 km, median    950.2, rho     48.4, acc a=1.00 (2.5 s)
[20:13:58]   it  64: fuel  231.01 kg, max miss     4539.2 km, median   1201.0, rho     33.9, acc a=1.00 (2.4 s)
[20:14:01]   it  65: fuel  230.27 kg, max miss     5424.1 km, median   1448.2, rho     23.7, acc a=1.00 (3.2 s)
[20:14:04]   it  66: fuel  229.55 kg, max miss     6061.7 km, median   1644.0, rho     16.6, acc a=1.00 (2.4 s)
[20:14:06]   it  67: fuel  228.89 kg, max miss     5746.8 km, median   1653.0, rho     11.6, acc a=1.00 (2.4 s)
[20:14:08]   it  68: fuel  228.29 kg, max miss     4874.7 km, median   1384.6, rho     8.14, acc a=1.00 (2.4 s)
[20:14:11]   it  69: fuel  227.76 kg, max miss     3621.9 km, median    884.9, rho      5.7, acc a=1.00 (2.5 s)
[20:14:13]   it  70: fuel  227.29 kg, max miss     2344.2 km, median    390.7, rho     3.99, acc a=1.00 (2.5 s)
[20:14:16]   it  71: fuel  226.89 kg, max miss     1329.7 km, median    257.4, rho     2.79, acc a=1.00 (2.4 s)
[20:14:18]   it  72: fuel  226.53 kg, max miss      678.8 km, median    208.9, rho     1.95, acc a=1.00 (2.6 s)
[20:14:21]   it  73: fuel  226.22 kg, max miss      476.4 km, median     89.7, rho     1.37, acc a=1.00 (2.5 s)
[20:14:23]   it  74: fuel  225.95 kg, max miss      349.9 km, median     38.0, rho    0.958, acc a=1.00 (2.4 s)
[20:14:26]   it  75: fuel  225.72 kg, max miss      220.0 km, median     28.8, rho     0.67, acc a=1.00 (2.8 s)
[20:14:28]   it  76: fuel  225.52 kg, max miss      113.5 km, median     28.6, rho    0.469, acc a=1.00 (2.4 s)
[20:14:31]   it  77: fuel  225.35 kg, max miss       68.7 km, median     23.0, rho    0.328, acc a=1.00 (2.4 s)
[20:14:33]   it  78: fuel  225.21 kg, max miss       61.3 km, median     23.1, rho     0.23, acc a=1.00 (2.3 s)
[20:14:39]   it  79: fuel  225.21 kg, max miss       61.3 km, median     23.1, rho     0.92, REJ (6.1 s)
[20:14:42]   it  80: fuel  225.18 kg, max miss      689.1 km, median     20.5, rho    0.644, acc a=0.20 (2.4 s)
[20:14:48]   it  81: fuel  225.18 kg, max miss      689.1 km, median     20.5, rho     2.57, REJ (6.0 s)
[20:14:50]   it  82: fuel  225.17 kg, max miss      661.4 km, median     20.6, rho      1.8, acc a=0.04 (2.4 s)
[20:14:52]   it  83: fuel  225.15 kg, max miss      796.9 km, median     20.1, rho     1.26, acc a=0.08 (2.3 s)
[20:14:55]   it  84: fuel  225.14 kg, max miss      669.7 km, median     16.7, rho    0.883, acc a=0.16 (2.5 s)
[20:14:57]   it  85: fuel  225.10 kg, max miss      456.6 km, median     14.0, rho    0.618, acc a=0.32 (2.5 s)
[20:15:00]   it  86: fuel  225.03 kg, max miss      176.4 km, median     12.3, rho    0.433, acc a=0.64 (2.3 s)
[20:15:06]   it  87: fuel  225.03 kg, max miss      176.4 km, median     12.3, rho     1.73, REJ (6.1 s)
[20:15:08]   it  88: fuel  225.01 kg, max miss      607.8 km, median     12.2, rho     1.21, acc a=0.13 (2.4 s)
[20:15:11]   it  89: fuel  224.99 kg, max miss      452.8 km, median     11.9, rho    0.848, acc a=0.26 (2.5 s)
[20:15:17]   it  90: fuel  224.99 kg, max miss      452.8 km, median     11.9, rho     3.39, REJ (6.3 s)
[20:15:19]   it  91: fuel  224.98 kg, max miss      429.4 km, median     12.0, rho     2.38, acc a=0.05 (2.4 s)
[20:15:22]   it  92: fuel  224.96 kg, max miss      385.3 km, median     12.0, rho     1.66, acc a=0.10 (3.0 s)
[20:15:28]   it  93: fuel  224.96 kg, max miss      385.3 km, median     12.0, rho     6.65, REJ (5.8 s)
[20:15:31]   it  94: fuel  224.95 kg, max miss      377.2 km, median     12.0, rho     4.66, acc a=0.02 (2.6 s)
[20:15:33]   it  95: fuel  224.94 kg, max miss      361.6 km, median     12.1, rho     3.26, acc a=0.04 (2.4 s)
[20:15:35]   it  96: fuel  224.93 kg, max miss      331.8 km, median     12.5, rho     2.28, acc a=0.08 (2.4 s)
[20:15:42]   it  97: fuel  224.93 kg, max miss      331.8 km, median     12.5, rho     9.12, REJ (6.3 s)
[20:15:45]   it  98: fuel  224.92 kg, max miss      325.0 km, median     12.7, rho     6.39, acc a=0.02 (3.3 s)
[20:15:48]   it  99: fuel  224.91 kg, max miss      311.7 km, median     12.8, rho     4.47, acc a=0.04 (3.0 s)
[20:15:51]   it 100: fuel  224.89 kg, max miss      286.5 km, median     12.8, rho     3.13, acc a=0.08 (2.7 s)
[20:15:57]   it 101: fuel  224.89 kg, max miss      286.5 km, median     12.8, rho     12.5, REJ (6.2 s)
[20:15:59]   it 102: fuel  224.88 kg, max miss      280.5 km, median     12.9, rho     8.76, acc a=0.02 (2.2 s)
[20:16:01]   it 103: fuel  224.87 kg, max miss      269.1 km, median     13.1, rho     6.13, acc a=0.04 (2.2 s)
[20:16:04]   it 104: fuel  224.85 kg, max miss      247.1 km, median     13.3, rho     4.29, acc a=0.08 (2.2 s)
[20:16:09]   it 105: fuel  224.85 kg, max miss      212.0 km, median     24.4, rho     6.44, acc a=0.02 (5.5 s)
[20:16:11]   it 106: fuel  224.84 kg, max miss      205.4 km, median     24.4, rho     4.51, acc a=0.03 (2.2 s)
[20:16:17]   it 107: fuel  224.84 kg, max miss      205.4 km, median     24.4, rho       18, REJ (5.5 s)
[20:16:19]   it 108: fuel  224.83 kg, max miss      201.3 km, median     24.4, rho     12.6, acc a=0.02 (2.2 s)
[20:16:21]   it 109: fuel  224.82 kg, max miss      193.4 km, median     24.5, rho     8.84, acc a=0.04 (2.2 s)
[20:16:23]   it 110: fuel  224.80 kg, max miss      178.2 km, median     24.5, rho     6.19, acc a=0.08 (2.2 s)
[20:16:26]   it 111: fuel  224.77 kg, max miss      150.5 km, median     24.8, rho     4.33, acc a=0.16 (2.2 s)
[20:16:31]   it 112: fuel  224.77 kg, max miss      150.5 km, median     24.8, rho     17.3, REJ (5.5 s)
[20:16:33]   it 113: fuel  224.75 kg, max miss      145.8 km, median     24.8, rho     12.1, acc a=0.03 (2.2 s)
[20:16:36]   it 114: fuel  224.73 kg, max miss      136.8 km, median     24.8, rho     8.49, acc a=0.06 (2.2 s)
[20:16:38]   it 115: fuel  224.71 kg, max miss      120.1 km, median     25.0, rho     5.94, acc a=0.13 (2.2 s)
[20:16:43]   it 116: fuel  224.71 kg, max miss      120.1 km, median     25.0, rho     23.8, REJ (5.5 s)
[20:16:45]   it 117: fuel  224.70 kg, max miss      117.2 km, median     25.0, rho     16.6, acc a=0.03 (2.2 s)
[20:16:48]   it 118: fuel  224.68 kg, max miss      111.5 km, median     25.0, rho     11.6, acc a=0.05 (2.1 s)
[20:16:50]   it 119: fuel  224.65 kg, max miss      100.9 km, median     25.1, rho     8.15, acc a=0.10 (2.1 s)
[20:16:51] stage 1: fuel 224.65 kg (407 s)
[20:16:53] stage 2 (m0 796.39): fuel 194.89 kg
[20:16:57]   it   0: fuel  194.79 kg, max miss      104.3 km, median     30.6, rho       70, acc a=0.50 (2.2 s)
[20:16:59]   it   1: fuel  194.58 kg, max miss      225.5 km, median     70.8, rho       49, acc a=1.00 (2.2 s)
[20:17:01]   it   2: fuel  194.44 kg, max miss       78.7 km, median     32.5, rho     34.3, acc a=1.00 (2.1 s)
[20:17:03]   it   3: fuel  194.38 kg, max miss       72.7 km, median     20.2, rho       24, acc a=1.00 (2.1 s)
[20:17:09]   it   4: fuel  194.38 kg, max miss       72.7 km, median     20.2, rho       96, REJ (5.5 s)
[20:17:11]   it   5: fuel  194.35 kg, max miss       51.0 km, median     17.6, rho     67.2, acc a=0.20 (2.2 s)
[20:17:13]   it   6: fuel  194.30 kg, max miss       30.1 km, median     13.8, rho     47.1, acc a=0.40 (2.2 s)
[20:17:15]   it   7: fuel  194.24 kg, max miss       29.8 km, median     11.3, rho     32.9, acc a=0.80 (2.2 s)
[20:17:17]   it   8: fuel  194.22 kg, max miss       57.9 km, median     16.7, rho     23.1, acc a=1.00 (2.2 s)
[20:17:23]   it   9: fuel  194.22 kg, max miss       57.9 km, median     16.7, rho     92.2, REJ (5.5 s)
[20:17:25]   it  10: fuel  194.20 kg, max miss       40.2 km, median     13.6, rho     64.6, acc a=0.20 (2.2 s)
[20:17:28]   it  11: fuel  194.16 kg, max miss       27.5 km, median     11.4, rho     45.2, acc a=0.40 (3.3 s)
[20:17:31]   it  12: fuel  194.12 kg, max miss       26.5 km, median     10.7, rho     31.6, acc a=0.80 (2.9 s)
[20:17:37]   it  13: fuel  194.12 kg, max miss       26.5 km, median     10.7, rho      127, REJ (5.6 s)
[20:17:40] stage 3 (m0 795.37): fuel 193.87 kg (456 s)
[20:22:41] RESULT {'src': 'results/CTOC14_Result_TEAM.txt', 'sc': 12, 'ok': True, 'errors': [], 'm0': np.float64(795.3658400241609), 'fuel': np.float64(193.86587282563994), 'fuel0': 311.5916830238647, 'm0_0': 917.9935851540381, 'flybys': 31, 'flybys0': 31, 'peak_thrust': 0.4031961991107703, 'J_i': 1.1590204017766181, 'J_i0': 1.2787300711299856, 'runtime': 756.9398260116577}
