[19:52:16] start results/CTOC14_Result_TEAM.txt sc2: m0 952.20, fuel 345.45, flybys 35
[19:52:22]   it   0: fuel  341.65 kg, max miss     4292.6 km, median   1224.0, rho       70, acc a=0.17 (4.4 s)
[19:52:27]   it   1: fuel  338.59 kg, max miss     8330.4 km, median   1497.8, rho       49, acc a=0.11 (4.5 s)
[19:52:29]   it   2: fuel  331.42 kg, max miss    41000.3 km, median   3893.1, rho     34.3, acc a=0.22 (2.4 s)
[19:52:33]   it   3: fuel  326.16 kg, max miss    56632.5 km, median   4310.6, rho       24, acc a=0.15 (4.1 s)
[19:52:37]   it   4: fuel  322.26 kg, max miss    62308.4 km, median   5263.6, rho     16.8, acc a=0.10 (4.0 s)
[19:52:41]   it   5: fuel  319.36 kg, max miss    62802.6 km, median   5157.8, rho     11.8, acc a=0.07 (4.0 s)
[19:52:44]   it   6: fuel  312.94 kg, max miss    65274.2 km, median   7760.5, rho     8.24, acc a=0.13 (2.3 s)
[19:52:48]   it   7: fuel  308.51 kg, max miss    56048.8 km, median   9096.4, rho     5.76, acc a=0.09 (4.0 s)
[19:52:52]   it   8: fuel  305.41 kg, max miss    46944.1 km, median  11595.7, rho     4.04, acc a=0.06 (4.0 s)
[19:52:56]   it   9: fuel  303.25 kg, max miss    40609.2 km, median  13282.6, rho     2.82, acc a=0.04 (4.4 s)
[19:53:00]   it  10: fuel  301.75 kg, max miss    42306.0 km, median  14925.9, rho     1.98, acc a=0.03 (4.1 s)
[19:53:04]   it  11: fuel  300.72 kg, max miss    43226.9 km, median  15178.5, rho     1.38, acc a=0.02 (4.0 s)
[19:53:08]   it  12: fuel  300.02 kg, max miss    43527.6 km, median  15156.1, rho    0.969, acc a=0.01 (4.0 s)
[19:53:10]   it  13: fuel  298.59 kg, max miss    45859.2 km, median  15669.6, rho    0.678, acc a=0.02 (2.3 s)
[19:53:15]   it  14: fuel  297.64 kg, max miss    46621.7 km, median  16157.3, rho    0.475, acc a=0.02 (4.1 s)
[19:53:17]   it  15: fuel  295.75 kg, max miss    50955.5 km, median  16312.5, rho    0.332, acc a=0.03 (2.6 s)
[19:53:22]   it  16: fuel  294.53 kg, max miss    52345.9 km, median  16970.4, rho    0.233, acc a=0.02 (4.5 s)
[19:53:26]   it  17: fuel  293.73 kg, max miss    52673.9 km, median  16941.9, rho    0.163, acc a=0.01 (4.8 s)
[19:53:31]   it  18: fuel  293.21 kg, max miss    72900.2 km, median   8972.3, rho    0.114, acc a=0.01 (4.7 s)
[19:53:37]   it  19: fuel  293.21 kg, max miss    72900.2 km, median   8972.3, rho    0.456, REJ (6.0 s)
[19:53:39]   it  20: fuel  292.09 kg, max miss    69542.2 km, median   8791.6, rho    0.319, acc a=0.02 (2.3 s)
[19:53:42]   it  21: fuel  289.90 kg, max miss    59421.5 km, median   8589.1, rho    0.223, acc a=0.04 (2.3 s)
[19:53:46]   it  22: fuel  288.49 kg, max miss    54783.7 km, median   8640.7, rho    0.156, acc a=0.03 (4.1 s)
[19:53:51]   it  23: fuel  288.49 kg, max miss    54783.7 km, median   8640.7, rho    0.626, REJ (5.7 s)
[19:53:54]   it  24: fuel  287.50 kg, max miss    52080.0 km, median   7535.3, rho    0.438, acc a=0.02 (2.3 s)
[19:53:56]   it  25: fuel  285.54 kg, max miss    43758.9 km, median   9116.7, rho    0.307, acc a=0.04 (2.5 s)
[19:54:00]   it  26: fuel  284.28 kg, max miss    39992.1 km, median   9231.8, rho    0.215, acc a=0.03 (4.1 s)
[19:54:06]   it  27: fuel  284.28 kg, max miss    39992.1 km, median   9231.8, rho    0.858, REJ (5.7 s)
[19:54:08]   it  28: fuel  283.40 kg, max miss    37852.7 km, median   9378.1, rho    0.601, acc a=0.02 (2.3 s)
[19:54:11]   it  29: fuel  281.65 kg, max miss    35745.5 km, median  11917.9, rho    0.421, acc a=0.04 (2.4 s)
[19:54:15]   it  30: fuel  280.52 kg, max miss    37126.2 km, median  11925.6, rho    0.294, acc a=0.03 (4.0 s)
[19:54:19]   it  31: fuel  279.78 kg, max miss    37457.1 km, median  11852.3, rho    0.206, acc a=0.02 (4.0 s)
[19:54:25]   it  32: fuel  279.78 kg, max miss    37457.1 km, median  11852.3, rho    0.824, REJ (6.0 s)
[19:54:28]   it  33: fuel  279.00 kg, max miss    37876.8 km, median  11780.2, rho    0.577, acc a=0.02 (2.8 s)
[19:54:31]   it  34: fuel  277.44 kg, max miss    40925.3 km, median  13277.5, rho    0.404, acc a=0.04 (3.0 s)
[19:54:36]   it  35: fuel  276.44 kg, max miss    41736.8 km, median  12495.6, rho    0.283, acc a=0.03 (5.0 s)
[19:54:43]   it  36: fuel  276.24 kg, max miss    73890.5 km, median   6130.6, rho    0.198, acc a=0.01 (7.0 s)
[19:54:48]   it  37: fuel  276.24 kg, max miss    73890.5 km, median   6130.6, rho    0.792, REJ (5.7 s)
[19:54:51]   it  38: fuel  275.54 kg, max miss    71485.0 km, median   6122.7, rho    0.554, acc a=0.02 (2.4 s)
[19:54:53]   it  39: fuel  274.14 kg, max miss    64992.4 km, median   6762.2, rho    0.388, acc a=0.04 (2.4 s)
[19:54:56]   it  40: fuel  271.45 kg, max miss    46205.3 km, median   6890.6, rho    0.272, acc a=0.08 (2.6 s)
[19:55:01]   it  41: fuel  271.45 kg, max miss    46205.3 km, median   6890.6, rho     1.09, REJ (5.8 s)
[19:55:04]   it  42: fuel  270.85 kg, max miss    44595.0 km, median   7055.1, rho     0.76, acc a=0.02 (2.4 s)
[19:55:06]   it  43: fuel  269.67 kg, max miss    40087.9 km, median   6511.9, rho    0.532, acc a=0.04 (2.4 s)
[19:55:09]   it  44: fuel  267.40 kg, max miss    28139.4 km, median   9149.6, rho    0.373, acc a=0.08 (2.5 s)
[19:55:15]   it  45: fuel  267.40 kg, max miss    28139.4 km, median   9149.6, rho     1.49, REJ (6.4 s)
[19:55:18]   it  46: fuel  266.90 kg, max miss    28123.3 km, median   9219.0, rho     1.04, acc a=0.02 (2.6 s)
[19:55:20]   it  47: fuel  265.91 kg, max miss    29203.8 km, median   9493.3, rho     0.73, acc a=0.04 (2.5 s)
[19:55:25]   it  48: fuel  265.26 kg, max miss    29359.2 km, median   9522.6, rho    0.511, acc a=0.03 (4.8 s)
[19:55:28]   it  49: fuel  264.00 kg, max miss    31421.0 km, median  10164.6, rho    0.358, acc a=0.05 (2.7 s)
[19:55:35]   it  50: fuel  264.00 kg, max miss    31421.0 km, median  10164.6, rho     1.43, REJ (6.7 s)
[19:55:37]   it  51: fuel  263.57 kg, max miss    31225.8 km, median  10106.6, rho        1, acc a=0.02 (2.7 s)
[19:55:40]   it  52: fuel  262.72 kg, max miss    31717.7 km, median   9335.9, rho    0.701, acc a=0.04 (2.7 s)
[19:55:43]   it  53: fuel  261.07 kg, max miss    35845.7 km, median  10298.2, rho    0.491, acc a=0.08 (2.7 s)
[19:55:47]   it  54: fuel  260.05 kg, max miss    36561.9 km, median  10214.0, rho    0.344, acc a=0.05 (4.5 s)
[19:55:53]   it  55: fuel  260.05 kg, max miss    36561.9 km, median  10214.0, rho     1.37, REJ (6.3 s)
[19:55:56]   it  56: fuel  259.70 kg, max miss    36144.6 km, median  10112.7, rho    0.962, acc a=0.02 (3.0 s)
[19:55:59]   it  57: fuel  259.01 kg, max miss    35967.9 km, median  10123.3, rho    0.674, acc a=0.04 (2.5 s)
[19:56:03]   it  58: fuel  258.56 kg, max miss    35549.0 km, median  10029.5, rho    0.471, acc a=0.03 (4.4 s)
[19:56:10]   it  59: fuel  258.56 kg, max miss    35549.0 km, median  10029.5, rho     1.89, REJ (6.6 s)
[19:56:13]   it  60: fuel  258.25 kg, max miss    35099.1 km, median   9916.6, rho     1.32, acc a=0.02 (2.7 s)
[19:56:15]   it  61: fuel  257.62 kg, max miss    34774.9 km, median   9880.9, rho    0.924, acc a=0.04 (2.6 s)
[19:56:18]   it  62: fuel  256.42 kg, max miss    36197.3 km, median  10500.6, rho    0.647, acc a=0.08 (2.6 s)
[19:56:22]   it  63: fuel  255.67 kg, max miss    35953.9 km, median  10509.9, rho    0.453, acc a=0.05 (4.6 s)
[19:56:30]   it  64: fuel  255.67 kg, max miss    35953.9 km, median  10509.9, rho     1.81, REJ (7.3 s)
[19:56:32]   it  65: fuel  255.42 kg, max miss    35430.0 km, median  10366.9, rho     1.27, acc a=0.02 (2.5 s)
[19:56:35]   it  66: fuel  254.91 kg, max miss    34817.7 km, median  10229.1, rho    0.887, acc a=0.04 (2.7 s)
[19:56:37]   it  67: fuel  253.93 kg, max miss    35183.5 km, median  10547.7, rho    0.621, acc a=0.08 (2.6 s)
[19:56:45]   it  68: fuel  253.93 kg, max miss    35183.5 km, median  10547.7, rho     2.48, REJ (7.6 s)
[19:56:48]   it  69: fuel  253.72 kg, max miss    34626.6 km, median  10373.9, rho     1.74, acc a=0.02 (3.1 s)
[19:56:51]   it  70: fuel  253.29 kg, max miss    33863.9 km, median  10147.8, rho     1.22, acc a=0.04 (2.8 s)
[19:56:54]   it  71: fuel  252.46 kg, max miss    33648.4 km, median  10218.7, rho    0.852, acc a=0.08 (3.0 s)
[19:57:00]   it  72: fuel  251.94 kg, max miss    32875.3 km, median  10433.1, rho    0.597, acc a=0.05 (6.4 s)
[19:57:08]   it  73: fuel  251.94 kg, max miss    32875.3 km, median  10433.1, rho     2.39, REJ (7.4 s)
[19:57:11]   it  74: fuel  251.76 kg, max miss    32327.8 km, median  10257.0, rho     1.67, acc a=0.02 (3.0 s)
[19:57:14]   it  75: fuel  251.41 kg, max miss    31505.0 km, median   9985.1, rho     1.17, acc a=0.04 (3.0 s)
[19:57:17]   it  76: fuel  250.73 kg, max miss    30871.3 km, median   9741.6, rho    0.819, acc a=0.08 (2.9 s)
[19:57:25]   it  77: fuel  250.73 kg, max miss    30871.3 km, median   9741.6, rho     3.27, REJ (7.8 s)
[19:57:28]   it  78: fuel  250.58 kg, max miss    30335.1 km, median   9571.6, rho     2.29, acc a=0.02 (3.6 s)
[19:57:31]   it  79: fuel  250.29 kg, max miss    29478.9 km, median   9297.3, rho      1.6, acc a=0.04 (2.9 s)
[19:57:33]   it  80: fuel  249.71 kg, max miss    28587.8 km, median   8998.7, rho     1.12, acc a=0.08 (2.4 s)
[19:57:36]   it  81: fuel  248.63 kg, max miss    29560.0 km, median   9614.1, rho    0.786, acc a=0.16 (3.0 s)
[19:57:43]   it  82: fuel  248.63 kg, max miss    29560.0 km, median   9614.1, rho     3.14, REJ (6.7 s)
[19:57:46]   it  83: fuel  248.46 kg, max miss    28745.7 km, median   9356.6, rho      2.2, acc a=0.03 (2.4 s)
[19:57:48]   it  84: fuel  248.12 kg, max miss    27478.2 km, median   8976.3, rho     1.54, acc a=0.06 (2.5 s)
[19:57:50]   it  85: fuel  247.47 kg, max miss    26241.6 km, median   8706.4, rho     1.08, acc a=0.13 (2.4 s)
[19:57:58]   it  86: fuel  247.47 kg, max miss    26241.6 km, median   8706.4, rho     4.31, REJ (7.3 s)
[19:58:00]   it  87: fuel  247.36 kg, max miss    25621.4 km, median   8503.7, rho     3.02, acc a=0.03 (2.4 s)
[19:58:03]   it  88: fuel  247.15 kg, max miss    24544.8 km, median   8160.0, rho     2.11, acc a=0.05 (2.5 s)
[19:58:05]   it  89: fuel  246.73 kg, max miss    23020.4 km, median   7712.8, rho     1.48, acc a=0.10 (2.8 s)
[19:58:09]   it  90: fuel  245.98 kg, max miss    22022.5 km, median   7619.4, rho     1.04, acc a=0.20 (3.8 s)
[19:58:17]   it  91: fuel  245.98 kg, max miss    22022.5 km, median   7619.4, rho     4.14, REJ (8.1 s)
[19:58:20]   it  92: fuel  245.86 kg, max miss    21193.6 km, median   7336.6, rho      2.9, acc a=0.04 (2.8 s)
[19:58:23]   it  93: fuel  245.63 kg, max miss    19783.4 km, median   6867.3, rho     2.03, acc a=0.08 (2.8 s)
[19:58:26]   it  94: fuel  245.20 kg, max miss    17849.5 km, median   6280.6, rho     1.42, acc a=0.16 (3.5 s)
[19:58:33]   it  95: fuel  245.20 kg, max miss    17849.5 km, median   6280.6, rho     5.68, REJ (6.5 s)
[19:58:36]   it  96: fuel  245.13 kg, max miss    17289.3 km, median   6084.7, rho     3.98, acc a=0.03 (2.7 s)
[19:58:38]   it  97: fuel  245.00 kg, max miss    16274.4 km, median   5734.6, rho     2.79, acc a=0.07 (2.6 s)
[19:58:41]   it  98: fuel  244.73 kg, max miss    14646.7 km, median   5195.7, rho     1.95, acc a=0.13 (2.6 s)
[19:58:45]   it  99: fuel  244.61 kg, max miss    22421.0 km, median   1286.1, rho     1.36, acc a=0.09 (4.3 s)
[19:58:51]   it 100: fuel  244.61 kg, max miss    22421.0 km, median   1286.1, rho     5.46, REJ (5.9 s)
[19:58:53]   it 101: fuel  244.58 kg, max miss    21967.6 km, median   1258.4, rho     3.82, acc a=0.02 (2.5 s)
[19:58:56]   it 102: fuel  244.52 kg, max miss    21074.2 km, median   1196.8, rho     2.68, acc a=0.04 (2.8 s)
[19:58:59]   it 103: fuel  244.39 kg, max miss    19340.6 km, median   1097.6, rho     1.87, acc a=0.08 (2.8 s)
[19:59:06]   it 104: fuel  244.39 kg, max miss    19340.6 km, median   1097.6, rho     7.49, REJ (6.8 s)
[19:59:09]   it 105: fuel  244.36 kg, max miss    18950.0 km, median   1075.5, rho     5.24, acc a=0.02 (2.9 s)
[19:59:11]   it 106: fuel  244.31 kg, max miss    18182.7 km, median   1033.6, rho     3.67, acc a=0.04 (2.8 s)
[19:59:14]   it 107: fuel  244.20 kg, max miss    16699.4 km, median    954.9, rho     2.57, acc a=0.08 (2.7 s)
[19:59:17]   it 108: fuel  243.99 kg, max miss    13947.7 km, median    839.9, rho      1.8, acc a=0.16 (2.6 s)
[19:59:23]   it 109: fuel  243.99 kg, max miss    13947.7 km, median    839.9, rho     7.19, REJ (6.6 s)
[19:59:27]   it 110: fuel  243.96 kg, max miss    13496.9 km, median    813.0, rho     5.04, acc a=0.03 (3.6 s)
[19:59:30]   it 111: fuel  243.89 kg, max miss    12622.0 km, median    763.3, rho     3.53, acc a=0.06 (3.4 s)
[19:59:33]   it 112: fuel  243.76 kg, max miss    10981.8 km, median    679.3, rho     2.47, acc a=0.13 (2.6 s)
[19:59:42]   it 113: fuel  243.76 kg, max miss    10981.8 km, median    679.3, rho     9.87, REJ (9.0 s)
[19:59:46]   it 114: fuel  243.74 kg, max miss    10697.6 km, median    661.6, rho     6.91, acc a=0.03 (4.3 s)
[19:59:49]   it 115: fuel  243.70 kg, max miss    10143.3 km, median    628.2, rho     4.84, acc a=0.05 (3.0 s)
[19:59:52]   it 116: fuel  243.61 kg, max miss     9091.0 km, median    569.2, rho     3.39, acc a=0.10 (3.1 s)
[19:59:56]   it 117: fuel  243.46 kg, max miss     7147.2 km, median    418.9, rho     2.37, acc a=0.20 (3.9 s)
[20:00:07]   it 118: fuel  243.46 kg, max miss     7147.2 km, median    418.9, rho     9.48, REJ (10.7 s)
[20:00:10]   it 119: fuel  243.44 kg, max miss     6849.6 km, median    403.1, rho     6.64, acc a=0.04 (3.5 s)
[20:00:16]   restore  0: fuel  243.35 kg, max miss    1205.5 km, rho      500 (3.1 s)
[20:00:19]   restore  1: fuel  243.25 kg, max miss    1116.8 km, rho      250 (3.6 s)
[20:00:23]   restore  2: fuel  243.16 kg, max miss     469.3 km, rho      125 (3.4 s)
[20:00:26]   restore  3: fuel  243.16 kg, max miss     469.3 km, rho      500 (3.3 s)
[20:00:29]   restore  4: fuel  243.12 kg, max miss     145.3 km, rho      250 (3.2 s)
[20:00:32]   restore  5: fuel  243.12 kg, max miss     145.3 km, rho    1e+03 (3.2 s)
[20:00:35]   restore  6: fuel  243.10 kg, max miss      70.5 km, rho      500 (2.8 s)
[20:00:38]   restore  7: fuel  243.10 kg, max miss      70.5 km, rho    2e+03 (2.6 s)
[20:00:41]   restore  8: fuel  243.10 kg, max miss      70.2 km, rho    1e+03 (2.7 s)
[20:00:44]   restore  9: fuel  243.08 kg, max miss      70.1 km, rho      500 (2.8 s)
[20:00:46]   restore 10: fuel  243.06 kg, max miss      69.8 km, rho      250 (2.8 s)
[20:00:49]   restore 11: fuel  243.06 kg, max miss      69.8 km, rho    1e+03 (2.9 s)
[20:00:52]   restore 12: fuel  243.05 kg, max miss      69.7 km, rho      500 (3.0 s)
[20:00:56]   restore 13: fuel  243.03 kg, max miss      69.5 km, rho      250 (3.5 s)
[20:00:59]   restore 14: fuel  242.99 kg, max miss      69.1 km, rho      125 (3.1 s)
[20:01:02]   restore 15: fuel  242.99 kg, max miss      69.1 km, rho      500 (2.8 s)
[20:01:05]   restore 16: fuel  242.99 kg, max miss      69.1 km, rho    2e+03 (3.0 s)
[20:01:07]   restore 17: fuel  242.99 kg, max miss      69.1 km, rho    8e+03 (2.8 s)
[20:01:10]   restore 18: fuel  242.99 kg, max miss      69.1 km, rho  3.2e+04 (2.7 s)
[20:01:13]   restore 19: fuel  242.99 kg, max miss      69.1 km, rho 1.28e+05 (2.6 s)
[20:01:16]   restore 20: fuel  242.99 kg, max miss      69.1 km, rho 5.12e+05 (3.1 s)
[20:01:19]   restore 21: fuel  242.99 kg, max miss      69.1 km, rho 2.05e+06 (3.0 s)
[20:01:22]   restore 22: fuel  242.99 kg, max miss      69.1 km, rho 8.19e+06 (2.8 s)
[20:01:25]   restore 23: fuel  242.99 kg, max miss      69.1 km, rho  4.1e+06 (3.3 s)
[20:01:28]   restore 24: fuel  242.99 kg, max miss      69.1 km, rho 1.64e+07 (3.1 s)
[20:01:31]   restore 25: fuel  242.99 kg, max miss      69.1 km, rho 6.55e+07 (2.9 s)
[20:01:34]   restore 26: fuel  242.99 kg, max miss      69.1 km, rho 2.62e+08 (2.6 s)
[20:01:36]   restore 27: fuel  242.99 kg, max miss      69.1 km, rho 1.05e+09 (2.5 s)
[20:01:39]   restore 28: fuel  242.99 kg, max miss      69.1 km, rho 4.19e+09 (2.6 s)
[20:01:42]   restore 29: fuel  242.99 kg, max miss      69.1 km, rho 1.68e+10 (3.7 s)
[20:01:42] stage 1: fuel 242.99 kg (566 s)
[20:01:47]   restore  0: fuel  242.99 kg, max miss 181420809.2 km, rho    4e+03 (2.7 s)
[20:01:50]   restore  1: fuel  242.99 kg, max miss 181420809.2 km, rho  1.6e+04 (3.1 s)
[20:01:53]   restore  2: fuel  242.99 kg, max miss 181420809.2 km, rho  6.4e+04 (3.2 s)
[20:01:57]   restore  3: fuel  242.99 kg, max miss 181420809.2 km, rho 2.56e+05 (3.6 s)
[20:02:00]   restore  4: fuel  242.99 kg, max miss 181420809.2 km, rho 1.02e+06 (2.7 s)
[20:02:02]   restore  5: fuel  242.99 kg, max miss 181420809.2 km, rho  4.1e+06 (2.6 s)
[20:02:05]   restore  6: fuel  242.99 kg, max miss 181420809.2 km, rho 1.64e+07 (2.6 s)
[20:02:08]   restore  7: fuel  242.99 kg, max miss 181420809.2 km, rho 6.55e+07 (2.7 s)
[20:02:10]   restore  8: fuel  307.20 kg, max miss 171734920.5 km, rho 3.28e+07 (2.5 s)
[20:02:13]   restore  9: fuel  315.75 kg, max miss 55642493.8 km, rho 1.64e+07 (2.9 s)
[20:02:19] start results/CTOC14_Result_TEAM.txt sc2: m0 952.20, fuel 345.45, flybys 35
[20:02:19] stage 1: fuel 242.99 kg (0 s)
[20:02:21] stage 2 (m0 807.59): fuel 206.09 kg
[20:02:32] start results/CTOC14_Result_TEAM.txt sc2: m0 952.20, fuel 345.45, flybys 35
[20:02:32] stage 1: fuel 242.99 kg (0 s)
[20:02:34] stage 2 (m0 807.59): fuel 206.09 kg
[20:02:43]   it   0: fuel  206.09 kg, max miss       69.1 km, median     15.8, rho      400, REJ (7.3 s)
[20:02:52]   it   1: fuel  206.09 kg, max miss       69.1 km, median     15.8, rho  1.6e+03, REJ (8.8 s)
[20:03:00]   it   2: fuel  206.09 kg, max miss       69.1 km, median     15.8, rho  6.4e+03, REJ (8.2 s)
[20:03:08]   it   3: fuel  206.09 kg, max miss       69.1 km, median     15.8, rho 2.56e+04, REJ (7.5 s)
[20:03:15]   it   4: fuel  206.09 kg, max miss       69.1 km, median     15.8, rho 1.02e+05, REJ (7.6 s)
[20:03:23]   it   5: fuel  206.09 kg, max miss       69.1 km, median     15.8, rho  4.1e+05, REJ (7.1 s)
[20:03:30]   it   6: fuel  206.09 kg, max miss       69.1 km, median     15.8, rho 1.64e+06, REJ (7.7 s)
[20:03:35] stage 3 (m0 807.59): fuel 206.09 kg (63 s)
[20:10:27] RESULT {'src': 'results/CTOC14_Result_TEAM.txt', 'sc': 2, 'ok': True, 'errors': [], 'm0': np.float64(807.5880173639655), 'fuel': np.float64(206.0879482585982), 'fuel0': 345.4475697584393, 'm0_0': 952.1970836406899, 'flybys': 35, 'flybys0': 35, 'peak_thrust': 0.3704365713940954, 'J_i': 1.1702632700319662, 'J_i0': 1.314856481031619, 'runtime': 474.69739413261414}
