[19:52:16] start results/CTOC14_Result_TEAM.txt sc3: m0 770.42, fuel 165.60, flybys 19
[19:52:23]   it   0: fuel  164.51 kg, max miss     2749.7 km, median    679.5, rho       70, acc a=0.05 (5.4 s)
[19:52:27]   it   1: fuel  163.64 kg, max miss     4338.2 km, median   1098.7, rho       49, acc a=0.03 (4.0 s)
[19:52:31]   it   2: fuel  162.97 kg, max miss     5194.7 km, median   1342.5, rho     34.3, acc a=0.02 (3.6 s)
[19:52:34]   it   3: fuel  162.46 kg, max miss     5636.4 km, median   1476.2, rho       24, acc a=0.01 (3.5 s)
[19:52:36]   it   4: fuel  161.34 kg, max miss     7961.0 km, median   2184.0, rho     16.8, acc a=0.03 (2.0 s)
[19:52:40]   it   5: fuel  160.54 kg, max miss     9083.8 km, median   2523.7, rho     11.8, acc a=0.02 (3.5 s)
[19:52:43]   it   6: fuel  159.99 kg, max miss     9622.1 km, median   2680.0, rho     8.24, acc a=0.01 (3.5 s)
[19:52:45]   it   7: fuel  158.83 kg, max miss    12471.0 km, median   3447.8, rho     5.76, acc a=0.03 (2.0 s)
[19:52:49]   it   8: fuel  158.04 kg, max miss    13800.2 km, median   3775.9, rho     4.04, acc a=0.02 (3.5 s)
[19:52:52]   it   9: fuel  157.52 kg, max miss    14418.7 km, median   3914.0, rho     2.82, acc a=0.01 (3.6 s)
[19:52:56]   it  10: fuel  157.16 kg, max miss    14698.4 km, median   3971.1, rho     1.98, acc a=0.01 (3.9 s)
[19:52:58]   it  11: fuel  156.44 kg, max miss    16197.8 km, median   4274.5, rho     1.38, acc a=0.02 (2.0 s)
[19:53:02]   it  12: fuel  155.97 kg, max miss    16868.2 km, median   4405.0, rho    0.969, acc a=0.01 (3.5 s)
[19:53:05]   it  13: fuel  155.65 kg, max miss    17147.7 km, median   4454.0, rho    0.678, acc a=0.01 (3.5 s)
[19:53:07]   it  14: fuel  155.01 kg, max miss    18579.9 km, median   4721.6, rho    0.475, acc a=0.01 (2.0 s)
[19:53:11]   it  15: fuel  154.59 kg, max miss    19164.5 km, median   4825.6, rho    0.332, acc a=0.01 (3.5 s)
[19:53:14]   it  16: fuel  154.32 kg, max miss    19394.9 km, median   4863.8, rho    0.233, acc a=0.01 (3.5 s)
[19:53:17]   it  17: fuel  153.77 kg, max miss    20559.8 km, median   5073.7, rho    0.163, acc a=0.01 (2.2 s)
[19:53:20]   it  18: fuel  153.40 kg, max miss    21001.5 km, median   5148.1, rho    0.114, acc a=0.01 (3.8 s)
[19:53:23]   it  19: fuel  152.68 kg, max miss    23077.6 km, median   5521.2, rho   0.0798, acc a=0.02 (2.2 s)
[19:53:27]   it  20: fuel  152.21 kg, max miss    23864.5 km, median   5656.2, rho   0.0559, acc a=0.01 (4.2 s)
[19:53:31]   it  21: fuel  151.90 kg, max miss    24140.0 km, median   5697.9, rho   0.0391, acc a=0.01 (3.9 s)
[19:53:33]   it  22: fuel  151.29 kg, max miss    25568.2 km, median   5951.2, rho   0.0274, acc a=0.01 (2.2 s)
[19:53:36]   it  23: fuel  150.88 kg, max miss    26087.7 km, median   6037.8, rho   0.0192, acc a=0.01 (3.5 s)
[19:53:40]   it  24: fuel  150.62 kg, max miss    26249.4 km, median   6060.7, rho   0.0134, acc a=0.01 (3.5 s)
[19:53:42]   it  25: fuel  150.09 kg, max miss    27227.3 km, median   6228.2, rho  0.00939, acc a=0.01 (2.0 s)
[19:53:45]   it  26: fuel  149.74 kg, max miss    27562.2 km, median   6280.6, rho  0.00657, acc a=0.01 (3.5 s)
[19:53:47]   it  27: fuel  149.06 kg, max miss    29304.7 km, median   6579.8, rho   0.0046, acc a=0.02 (2.0 s)
[19:53:51]   it  28: fuel  148.61 kg, max miss    29913.1 km, median   6675.4, rho  0.00322, acc a=0.01 (3.5 s)
[19:53:55]   it  29: fuel  148.32 kg, max miss    30093.0 km, median   6697.9, rho  0.00225, acc a=0.01 (3.6 s)
[19:53:57]   it  30: fuel  147.73 kg, max miss    31252.3 km, median   6889.8, rho  0.00158, acc a=0.02 (2.1 s)
[19:54:00]   it  31: fuel  147.35 kg, max miss    31627.8 km, median   6943.7, rho   0.0011, acc a=0.01 (3.6 s)
[19:54:02]   it  32: fuel  146.59 kg, max miss    33733.1 km, median   7294.0, rho    0.001, acc a=0.02 (2.0 s)
[19:54:06]   it  33: fuel  146.10 kg, max miss    34443.0 km, median   7403.4, rho    0.001, acc a=0.01 (3.5 s)
[19:54:09]   it  34: fuel  145.78 kg, max miss    34628.6 km, median   7421.5, rho    0.001, acc a=0.01 (3.6 s)
[19:54:11]   it  35: fuel  145.14 kg, max miss    35972.4 km, median   7628.8, rho    0.001, acc a=0.02 (2.0 s)
[19:54:15]   it  36: fuel  144.72 kg, max miss    36386.8 km, median   7682.4, rho    0.001, acc a=0.01 (3.5 s)
[19:54:17]   it  37: fuel  143.90 kg, max miss    38810.6 km, median   8049.6, rho    0.001, acc a=0.02 (2.0 s)
[19:54:20]   it  38: fuel  143.37 kg, max miss    39589.7 km, median   8153.3, rho    0.001, acc a=0.02 (3.5 s)
[19:54:24]   it  39: fuel  143.02 kg, max miss    39764.4 km, median   8164.0, rho    0.001, acc a=0.01 (3.6 s)
[19:54:26]   it  40: fuel  142.33 kg, max miss    41269.6 km, median   8366.1, rho    0.001, acc a=0.02 (2.5 s)
[19:54:31]   it  41: fuel  141.88 kg, max miss    41682.9 km, median   8407.6, rho    0.001, acc a=0.01 (4.3 s)
[19:54:33]   it  42: fuel  141.00 kg, max miss    44386.7 km, median   8766.8, rho    0.001, acc a=0.03 (2.4 s)
[19:54:37]   it  43: fuel  140.42 kg, max miss    45182.0 km, median   8850.7, rho    0.001, acc a=0.02 (4.3 s)
[19:54:42]   it  44: fuel  140.05 kg, max miss    45304.9 km, median   8842.9, rho    0.001, acc a=0.01 (4.3 s)
[19:54:44]   it  45: fuel  139.32 kg, max miss    46922.3 km, median   9030.3, rho    0.001, acc a=0.03 (2.0 s)
[19:54:47]   it  46: fuel  138.84 kg, max miss    47270.5 km, median   9041.0, rho    0.001, acc a=0.02 (3.5 s)
[19:54:49]   it  47: fuel  137.91 kg, max miss    50168.9 km, median   9365.5, rho    0.001, acc a=0.03 (2.0 s)
[19:54:53]   it  48: fuel  137.31 kg, max miss    50867.5 km, median   9396.8, rho    0.001, acc a=0.02 (3.6 s)
[19:54:57]   it  49: fuel  136.92 kg, max miss    50875.1 km, median   9355.0, rho    0.001, acc a=0.02 (4.0 s)
[19:54:59]   it  50: fuel  136.16 kg, max miss    52381.2 km, median   9455.5, rho    0.001, acc a=0.03 (2.0 s)
[19:55:02]   it  51: fuel  135.66 kg, max miss    52611.0 km, median   9426.4, rho    0.001, acc a=0.02 (3.5 s)
[19:55:04]   it  52: fuel  134.70 kg, max miss    55416.4 km, median   9625.6, rho    0.001, acc a=0.04 (2.0 s)
[19:55:08]   it  53: fuel  134.09 kg, max miss    55899.6 km, median   9574.2, rho    0.001, acc a=0.03 (3.7 s)
[19:55:12]   it  54: fuel  133.69 kg, max miss    55733.8 km, median   9491.2, rho    0.001, acc a=0.02 (3.9 s)
[19:55:14]   it  55: fuel  132.91 kg, max miss    56980.9 km, median   9476.2, rho    0.001, acc a=0.04 (2.1 s)
[19:55:18]   it  56: fuel  132.41 kg, max miss    56957.7 km, median   9377.0, rho    0.001, acc a=0.02 (3.9 s)
[19:55:20]   it  57: fuel  131.44 kg, max miss    59401.7 km, median   9530.3, rho    0.001, acc a=0.05 (2.3 s)
[19:55:24]   it  58: fuel  130.83 kg, max miss    59602.0 km, median   9633.7, rho    0.001, acc a=0.03 (3.9 s)
[19:55:26]   it  59: fuel  129.65 kg, max miss    63723.4 km, median  10559.1, rho    0.001, acc a=0.06 (2.4 s)
[19:55:31]   it  60: fuel  128.92 kg, max miss    64098.7 km, median  10713.6, rho    0.001, acc a=0.04 (4.2 s)
[19:55:35]   it  61: fuel  128.45 kg, max miss    63545.8 km, median  10655.9, rho    0.001, acc a=0.03 (3.9 s)
[19:55:37]   it  62: fuel  127.55 kg, max miss    64834.4 km, median  10988.0, rho    0.001, acc a=0.06 (2.4 s)
[19:55:41]   it  63: fuel  126.99 kg, max miss    64320.5 km, median  10942.4, rho    0.001, acc a=0.04 (4.0 s)
[19:55:43]   it  64: fuel  125.91 kg, max miss    66950.0 km, median  11498.8, rho    0.001, acc a=0.08 (2.4 s)
[19:55:47]   it  65: fuel  125.25 kg, max miss    66459.2 km, median  11444.7, rho    0.001, acc a=0.05 (4.0 s)
[19:55:50]   it  66: fuel  124.01 kg, max miss    70788.4 km, median  12204.8, rho    0.001, acc a=0.10 (2.2 s)
[19:55:53]   it  67: fuel  123.28 kg, max miss    70165.1 km, median  12072.8, rho    0.001, acc a=0.07 (3.8 s)
[19:55:58]   it  68: fuel  122.83 kg, max miss    68664.8 km, median  11797.1, rho    0.001, acc a=0.04 (4.2 s)
[19:56:00]   it  69: fuel  121.97 kg, max miss    68970.5 km, median  11714.8, rho    0.001, acc a=0.09 (2.3 s)
[19:56:04]   it  70: fuel  121.45 kg, max miss    67359.2 km, median  11373.2, rho    0.001, acc a=0.06 (3.9 s)
[19:56:06]   it  71: fuel  120.50 kg, max miss    69165.5 km, median  11290.9, rho    0.001, acc a=0.12 (2.2 s)
[19:56:10]   it  72: fuel  119.95 kg, max miss    67412.9 km, median  10830.5, rho    0.001, acc a=0.08 (4.0 s)
[19:56:12]   it  73: fuel  118.95 kg, max miss    71413.1 km, median  10603.2, rho    0.001, acc a=0.16 (2.3 s)
[19:56:16]   it  74: fuel  118.40 kg, max miss    69339.0 km, median   9947.1, rho    0.001, acc a=0.11 (4.1 s)
[19:56:20]   it  75: fuel  118.08 kg, max miss    66593.2 km, median   9408.8, rho    0.001, acc a=0.07 (4.0 s)
[19:56:23]   it  76: fuel  117.50 kg, max miss    63063.7 km, median   8663.4, rho    0.001, acc a=0.14 (2.1 s)
[19:56:25]   it  77: fuel  116.55 kg, max miss    14907.4 km, median   5686.3, rho    0.001, acc a=0.28 (2.6 s)
[19:56:29]   it  78: fuel  116.13 kg, max miss    16520.6 km, median   4404.3, rho    0.001, acc a=0.19 (4.2 s)
[19:56:33]   it  79: fuel  115.90 kg, max miss    17931.4 km, median   3545.4, rho    0.001, acc a=0.13 (3.9 s)
[19:56:35]   it  80: fuel  115.53 kg, max miss    12476.0 km, median   3772.9, rho    0.001, acc a=0.25 (2.1 s)
[19:56:39]   it  81: fuel  115.36 kg, max miss     9296.2 km, median   2801.9, rho    0.001, acc a=0.17 (4.0 s)
[19:56:44]   it  82: fuel  115.26 kg, max miss     8481.8 km, median   2397.7, rho    0.001, acc a=0.11 (5.0 s)
[19:56:47]   it  83: fuel  115.11 kg, max miss    11659.8 km, median   2155.9, rho    0.001, acc a=0.22 (2.5 s)
[19:56:50]   it  84: fuel  114.88 kg, max miss     6430.6 km, median   1825.4, rho    0.001, acc a=0.45 (2.7 s)
[19:56:56]   it  85: fuel  114.88 kg, max miss     6430.6 km, median   1825.4, rho    0.004, REJ (6.8 s)
[19:57:04]   it  86: fuel  114.88 kg, max miss     6430.6 km, median   1825.4, rho    0.016, REJ (7.1 s)
[19:57:06]   it  87: fuel  114.88 kg, max miss     6299.1 km, median   1796.0, rho   0.0112, acc a=0.02 (2.4 s)
[19:57:13]   it  88: fuel  114.88 kg, max miss     6299.1 km, median   1796.0, rho   0.0448, REJ (6.6 s)
[19:57:19]   it  89: fuel  114.88 kg, max miss     6299.1 km, median   1796.0, rho    0.179, REJ (6.2 s)
[19:57:26]   it  90: fuel  114.88 kg, max miss     6299.1 km, median   1796.0, rho    0.717, REJ (7.3 s)
[19:57:29]   it  91: fuel  114.87 kg, max miss     6172.9 km, median   1763.0, rho    0.502, acc a=0.02 (2.6 s)
[19:57:31]   it  92: fuel  114.86 kg, max miss     5924.9 km, median   1706.7, rho    0.351, acc a=0.04 (2.5 s)
[19:57:33]   it  93: fuel  114.85 kg, max miss     5438.4 km, median   1657.0, rho    0.246, acc a=0.08 (2.0 s)
[19:57:40]   it  94: fuel  114.85 kg, max miss     5438.4 km, median   1657.0, rho    0.983, REJ (6.4 s)
[19:57:42]   it  95: fuel  114.84 kg, max miss     5330.4 km, median   1624.8, rho    0.688, acc a=0.02 (2.0 s)
[19:57:44]   it  96: fuel  114.83 kg, max miss     5116.1 km, median   1571.9, rho    0.482, acc a=0.04 (2.1 s)
[19:57:46]   it  97: fuel  114.79 kg, max miss     4695.4 km, median   1509.0, rho    0.337, acc a=0.08 (2.1 s)
[19:57:48]   it  98: fuel  114.77 kg, max miss     4198.5 km, median   1138.4, rho    0.236, acc a=0.16 (2.1 s)
[19:57:50]   it  99: fuel  114.69 kg, max miss     4385.0 km, median    962.8, rho    0.165, acc a=0.32 (2.0 s)
[19:57:52]   it 100: fuel  114.60 kg, max miss     5407.1 km, median    362.3, rho    0.116, acc a=0.64 (2.0 s)
[19:57:59]   it 101: fuel  114.60 kg, max miss     5407.1 km, median    362.3, rho    0.463, REJ (6.7 s)
[19:58:04]   it 102: fuel  114.60 kg, max miss     5407.1 km, median    362.3, rho     1.85, REJ (5.3 s)
[19:58:07]   it 103: fuel  114.60 kg, max miss     5299.9 km, median    355.1, rho      1.3, acc a=0.02 (3.1 s)
[19:58:10]   it 104: fuel  114.58 kg, max miss     5088.4 km, median    341.3, rho    0.907, acc a=0.04 (3.3 s)
[19:58:14]   it 105: fuel  114.59 kg, max miss     5074.2 km, median    325.3, rho    0.635, acc a=0.08 (3.2 s)
[19:58:16]   it 106: fuel  114.56 kg, max miss     4202.6 km, median    274.2, rho    0.444, acc a=0.16 (2.5 s)
[19:58:22]   it 107: fuel  114.56 kg, max miss     4202.6 km, median    274.2, rho     1.78, REJ (5.9 s)
[19:58:24]   it 108: fuel  114.55 kg, max miss     4067.2 km, median    266.5, rho     1.24, acc a=0.03 (2.4 s)
[19:58:27]   it 109: fuel  114.54 kg, max miss     3798.9 km, median    258.1, rho    0.871, acc a=0.06 (2.7 s)
[19:58:29]   it 110: fuel  114.51 kg, max miss     3274.5 km, median    260.8, rho     0.61, acc a=0.13 (2.3 s)
[19:58:35]   it 111: fuel  114.51 kg, max miss     3274.5 km, median    260.8, rho     2.44, REJ (5.6 s)
[19:58:37]   it 112: fuel  114.50 kg, max miss     3190.5 km, median    255.0, rho     1.71, acc a=0.03 (2.3 s)
[19:58:39]   it 113: fuel  114.49 kg, max miss     3024.9 km, median    245.7, rho      1.2, acc a=0.05 (2.1 s)
[19:58:42]   it 114: fuel  114.47 kg, max miss     2695.0 km, median    239.5, rho    0.837, acc a=0.10 (2.2 s)
[19:58:47]   it 115: fuel  114.47 kg, max miss     2695.0 km, median    239.5, rho     3.35, REJ (5.3 s)
[19:58:49]   it 116: fuel  114.46 kg, max miss     2639.8 km, median    235.1, rho     2.34, acc a=0.02 (2.0 s)
[19:58:51]   it 117: fuel  114.45 kg, max miss     2531.5 km, median    227.3, rho     1.64, acc a=0.04 (2.0 s)
[19:58:53]   it 118: fuel  114.44 kg, max miss     2317.0 km, median    217.6, rho     1.15, acc a=0.08 (2.2 s)
[19:58:56]   it 119: fuel  114.41 kg, max miss     1886.1 km, median    225.0, rho    0.804, acc a=0.16 (2.5 s)
[19:59:00]   restore  0: fuel  114.40 kg, max miss     308.0 km, rho      500 (2.4 s)
[19:59:02]   restore  1: fuel  114.38 kg, max miss     252.9 km, rho      250 (2.3 s)
[19:59:05]   restore  2: fuel  114.34 kg, max miss     132.3 km, rho      125 (2.6 s)
[19:59:07]   restore  3: fuel  114.34 kg, max miss     132.3 km, rho      500 (2.1 s)
[19:59:09]   restore  4: fuel  114.32 kg, max miss     117.0 km, rho      250 (2.5 s)
[19:59:12]   restore  5: fuel  114.29 kg, max miss     113.4 km, rho      125 (2.3 s)
[19:59:14]   restore  6: fuel  114.29 kg, max miss     113.4 km, rho      500 (2.4 s)
[19:59:16]   restore  7: fuel  114.29 kg, max miss     113.4 km, rho    2e+03 (2.2 s)
[19:59:19]   restore  8: fuel  114.29 kg, max miss     113.4 km, rho    8e+03 (2.3 s)
[19:59:21]   restore  9: fuel  114.29 kg, max miss     113.4 km, rho  3.2e+04 (2.1 s)
[19:59:23]   restore 10: fuel  114.29 kg, max miss     113.4 km, rho 1.28e+05 (2.4 s)
[19:59:26]   restore 11: fuel  114.29 kg, max miss     113.4 km, rho 5.12e+05 (3.0 s)
[19:59:29]   restore 12: fuel  114.29 kg, max miss     113.4 km, rho 2.05e+06 (2.9 s)
[19:59:32]   restore 13: fuel  114.29 kg, max miss     113.4 km, rho 8.19e+06 (2.5 s)
[19:59:34]   restore 14: fuel  114.29 kg, max miss     113.4 km, rho 3.28e+07 (2.5 s)
[19:59:37]   restore 15: fuel  114.29 kg, max miss     113.4 km, rho 1.31e+08 (2.7 s)
[19:59:40]   restore 16: fuel  114.29 kg, max miss     113.4 km, rho 5.24e+08 (3.6 s)
[19:59:44]   restore 17: fuel  114.29 kg, max miss     113.4 km, rho  2.1e+09 (3.5 s)
[19:59:47]   restore 18: fuel  114.29 kg, max miss     113.4 km, rho 8.39e+09 (3.0 s)
[19:59:50]   restore 19: fuel  114.29 kg, max miss     113.4 km, rho 3.36e+10 (2.7 s)
[19:59:52]   restore 20: fuel  114.29 kg, max miss     113.4 km, rho 1.34e+11 (2.5 s)
[19:59:55]   restore 21: fuel  114.29 kg, max miss     113.4 km, rho 5.37e+11 (3.1 s)
[20:00:00]   restore 22: fuel  114.29 kg, max miss     113.4 km, rho 2.15e+12 (4.3 s)
[20:00:02]   restore 23: fuel  114.29 kg, max miss     113.4 km, rho 8.59e+12 (2.8 s)
[20:00:06]   restore 24: fuel  114.29 kg, max miss     113.4 km, rho 3.44e+13 (4.0 s)
[20:00:10]   restore 25: fuel  114.29 kg, max miss     113.4 km, rho 1.37e+14 (3.3 s)
[20:00:12]   restore 26: fuel  114.29 kg, max miss     113.4 km, rho  5.5e+14 (2.6 s)
[20:00:15]   restore 27: fuel  114.29 kg, max miss     113.4 km, rho  2.2e+15 (2.5 s)
[20:00:18]   restore 28: fuel  114.29 kg, max miss     113.4 km, rho  8.8e+15 (3.3 s)
[20:00:21]   restore 29: fuel  114.29 kg, max miss     113.4 km, rho 3.52e+16 (3.1 s)
[20:00:21] stage 1: fuel 114.29 kg (485 s)
[20:00:26]   restore  0: fuel  126.72 kg, max miss 15663900.4 km, rho      500 (2.5 s)
[20:00:29]   restore  1: fuel  117.34 kg, max miss 1346860.1 km, rho      250 (3.1 s)
[20:00:32]   restore  2: fuel  111.37 kg, max miss   53570.0 km, rho      125 (2.9 s)
[20:00:34]   restore  3: fuel  107.83 kg, max miss   24640.4 km, rho     62.5 (2.5 s)
[20:00:37]   restore  4: fuel  106.72 kg, max miss   15118.8 km, rho     31.2 (2.5 s)
[20:00:39]   restore  5: fuel  106.72 kg, max miss   15118.8 km, rho      125 (2.2 s)
[20:00:41]   restore  6: fuel  106.52 kg, max miss    2034.6 km, rho     62.5 (2.4 s)
[20:00:44]   restore  7: fuel  106.52 kg, max miss    2034.6 km, rho      250 (2.5 s)
[20:00:46]   restore  8: fuel  106.44 kg, max miss     428.9 km, rho      125 (2.4 s)
[20:00:49]   restore  9: fuel  106.44 kg, max miss     428.9 km, rho      500 (2.5 s)
[20:00:51]   restore 10: fuel  106.41 kg, max miss     125.1 km, rho      250 (2.3 s)
[20:00:53]   restore 11: fuel  106.41 kg, max miss     125.1 km, rho    1e+03 (2.5 s)
[20:00:56]   restore 12: fuel  106.39 kg, max miss     123.1 km, rho      500 (2.9 s)
[20:00:59]   restore 13: fuel  106.39 kg, max miss     123.1 km, rho    2e+03 (2.4 s)
[20:01:01]   restore 14: fuel  106.39 kg, max miss     123.1 km, rho    8e+03 (2.5 s)
[20:01:04]   restore 15: fuel  106.39 kg, max miss     123.1 km, rho  3.2e+04 (2.5 s)
[20:01:06]   restore 16: fuel  106.39 kg, max miss     123.1 km, rho 1.28e+05 (2.6 s)
[20:01:09]   restore 17: fuel  106.39 kg, max miss     123.1 km, rho 5.12e+05 (2.5 s)
[20:01:11]   restore 18: fuel  106.39 kg, max miss     123.1 km, rho 2.05e+06 (2.2 s)
[20:01:13]   restore 19: fuel  106.39 kg, max miss     123.1 km, rho 8.19e+06 (2.1 s)
[20:01:16]   restore 20: fuel  106.39 kg, max miss     123.1 km, rho 3.28e+07 (2.7 s)
[20:01:18]   restore 21: fuel  106.39 kg, max miss     123.1 km, rho 1.31e+08 (2.6 s)
[20:01:21]   restore 22: fuel  106.39 kg, max miss     123.1 km, rho 5.24e+08 (2.5 s)
[20:01:23]   restore 23: fuel  106.39 kg, max miss     123.1 km, rho  2.1e+09 (2.4 s)
[20:01:27]   restore 24: fuel  106.39 kg, max miss     123.1 km, rho 8.39e+09 (3.2 s)
[20:01:29]   restore 25: fuel  106.39 kg, max miss     123.1 km, rho 3.36e+10 (2.6 s)
[20:01:32]   restore 26: fuel  106.39 kg, max miss     123.1 km, rho 1.34e+11 (2.4 s)
[20:01:34]   restore 27: fuel  106.39 kg, max miss     123.1 km, rho 5.37e+11 (2.3 s)
[20:01:36]   restore 28: fuel  106.39 kg, max miss     123.1 km, rho 2.15e+12 (2.2 s)
[20:01:38]   restore 29: fuel  106.39 kg, max miss     123.1 km, rho 8.59e+12 (2.3 s)
[20:01:38] stage 2 (m0 715.79): fuel 106.39 kg
[20:01:43]   it   0: fuel  106.34 kg, max miss      403.3 km, median     25.5, rho       70, acc a=0.50 (3.1 s)
[20:01:47]   it   1: fuel  106.30 kg, max miss      543.5 km, median     27.9, rho       49, acc a=0.33 (4.0 s)
[20:01:52]   it   2: fuel  106.27 kg, max miss      628.6 km, median     30.2, rho     34.3, acc a=0.22 (4.7 s)
[20:01:57]   it   3: fuel  106.25 kg, max miss      691.7 km, median     30.7, rho       24, acc a=0.15 (5.2 s)
[20:02:01]   it   4: fuel  106.23 kg, max miss      729.5 km, median     31.5, rho     16.8, acc a=0.10 (3.9 s)
[20:02:05]   it   5: fuel  106.22 kg, max miss      747.9 km, median     33.7, rho     11.8, acc a=0.07 (3.9 s)
[20:02:09]   it   6: fuel  106.21 kg, max miss      752.3 km, median     36.6, rho     8.24, acc a=0.04 (3.9 s)
[20:02:13]   it   7: fuel  106.20 kg, max miss      749.4 km, median     39.2, rho     5.76, acc a=0.03 (3.8 s)
[20:02:15]   it   8: fuel  106.18 kg, max miss      836.6 km, median     41.9, rho     4.04, acc a=0.06 (2.8 s)
[20:02:19] start results/CTOC14_Result_TEAM.txt sc3: m0 770.42, fuel 165.60, flybys 19
[20:02:19] stage 1: fuel 114.29 kg (0 s)
[20:02:19] stage 2 (m0 715.79): fuel 106.39 kg
[20:02:26]   it   0: fuel  106.39 kg, max miss      139.0 km, median     39.5, rho      150, acc a=0.17 (4.5 s)
[20:02:28]   it   1: fuel  106.38 kg, max miss      157.4 km, median     42.0, rho      105, acc a=0.33 (2.3 s)
[20:02:32] start results/CTOC14_Result_TEAM.txt sc3: m0 770.42, fuel 165.60, flybys 19
[20:02:32] stage 1: fuel 114.29 kg (0 s)
[20:02:34] stage 2 (m0 706.27): fuel 104.77 kg
[20:02:42]   it   0: fuel  104.77 kg, max miss      113.4 km, median     25.7, rho      400, REJ (6.4 s)
[20:02:48]   it   1: fuel  104.77 kg, max miss      113.4 km, median     25.7, rho  1.6e+03, REJ (6.4 s)
[20:02:58]   it   2: fuel  104.77 kg, max miss      113.4 km, median     25.7, rho  6.4e+03, REJ (9.3 s)
[20:03:04]   it   3: fuel  104.77 kg, max miss      113.4 km, median     25.7, rho 2.56e+04, REJ (6.5 s)
[20:03:11]   it   4: fuel  104.77 kg, max miss      113.4 km, median     25.7, rho 1.02e+05, REJ (6.6 s)
[20:03:17]   it   5: fuel  104.77 kg, max miss      113.4 km, median     25.7, rho  4.1e+05, REJ (6.2 s)
[20:03:23]   it   6: fuel  104.77 kg, max miss      113.4 km, median     25.7, rho 1.64e+06, REJ (6.0 s)
[20:03:28] stage 3 (m0 706.27): fuel 104.77 kg (56 s)
[20:09:35] RESULT {'src': 'results/CTOC14_Result_TEAM.txt', 'sc': 3, 'ok': True, 'errors': [], 'm0': np.float64(706.2700163853339), 'fuel': np.float64(104.77004042644955), 'fuel0': 165.59633513696053, 'm0_0': 770.4196694136921, 'flybys': 19, 'flybys0': 19, 'peak_thrust': 0.3781491591724592, 'J_i': 1.0816690506744933, 'J_i0': 1.1365461229093066, 'runtime': 422.86015820503235}
