[19:52:16] start results/CTOC14_Result_TEAM.txt sc4: m0 851.74, fuel 245.49, flybys 24
[19:52:24]   it   0: fuel  244.25 kg, max miss      784.1 km, median    478.6, rho       70, acc a=0.05 (5.8 s)
[19:52:28]   it   1: fuel  243.19 kg, max miss     1328.9 km, median    808.5, rho       49, acc a=0.03 (4.2 s)
[19:52:30]   it   2: fuel  240.59 kg, max miss     4777.6 km, median   2914.2, rho     34.3, acc a=0.07 (2.2 s)
[19:52:34]   it   3: fuel  238.56 kg, max miss     6747.6 km, median   4183.0, rho       24, acc a=0.04 (3.8 s)
[19:52:38]   it   4: fuel  237.02 kg, max miss     7788.9 km, median   4881.7, rho     16.8, acc a=0.03 (3.8 s)
[19:52:41]   it   5: fuel  235.89 kg, max miss     8278.7 km, median   5215.5, rho     11.8, acc a=0.02 (3.8 s)
[19:52:44]   it   6: fuel  233.42 kg, max miss    10896.4 km, median   6977.8, rho     8.24, acc a=0.04 (2.2 s)
[19:52:47]   it   7: fuel  231.70 kg, max miss    12016.0 km, median   7738.1, rho     5.76, acc a=0.03 (3.8 s)
[19:52:51]   it   8: fuel  230.52 kg, max miss    12521.8 km, median   8046.0, rho     4.04, acc a=0.02 (3.7 s)
[19:52:53]   it   9: fuel  228.13 kg, max miss    15108.7 km, median   9588.3, rho     2.82, acc a=0.04 (2.2 s)
[19:52:57]   it  10: fuel  226.56 kg, max miss    16092.2 km, median  10167.5, rho     1.98, acc a=0.02 (4.1 s)
[19:52:59]   it  11: fuel  223.47 kg, max miss    20650.2 km, median  12863.0, rho     1.38, acc a=0.05 (2.2 s)
[19:53:03]   it  12: fuel  221.50 kg, max miss    22242.9 km, median  13796.7, rho    0.969, acc a=0.03 (3.8 s)
[19:53:07]   it  13: fuel  220.22 kg, max miss    22738.2 km, median  14084.0, rho    0.678, acc a=0.02 (3.8 s)
[19:53:09]   it  14: fuel  217.72 kg, max miss    25564.6 km, median  15751.3, rho    0.475, acc a=0.04 (2.1 s)
[19:53:13]   it  15: fuel  216.10 kg, max miss    26447.4 km, median  16257.7, rho    0.332, acc a=0.03 (3.8 s)
[19:53:17]   it  16: fuel  215.05 kg, max miss    26642.0 km, median  16363.9, rho    0.233, acc a=0.02 (4.1 s)
[19:53:19]   it  17: fuel  212.99 kg, max miss    28315.2 km, median  17339.4, rho    0.163, acc a=0.04 (2.4 s)
[19:53:24]   it  18: fuel  211.69 kg, max miss    28741.7 km, median  17580.7, rho    0.114, acc a=0.02 (4.1 s)
[19:53:26]   it  19: fuel  209.18 kg, max miss    31643.2 km, median  19272.9, rho   0.0798, acc a=0.05 (2.8 s)
[19:53:31]   it  20: fuel  207.61 kg, max miss    32379.6 km, median  19690.2, rho   0.0559, acc a=0.03 (4.2 s)
[19:53:35]   it  21: fuel  206.60 kg, max miss    32424.5 km, median  19706.7, rho   0.0391, acc a=0.02 (4.0 s)
[19:53:37]   it  22: fuel  204.65 kg, max miss    33903.5 km, median  20552.0, rho   0.0274, acc a=0.04 (2.1 s)
[19:53:40]   it  23: fuel  203.41 kg, max miss    34121.2 km, median  20665.9, rho   0.0192, acc a=0.03 (3.8 s)
[19:53:43]   it  24: fuel  201.02 kg, max miss    36713.3 km, median  22157.8, rho   0.0134, acc a=0.06 (2.1 s)
[19:53:46]   it  25: fuel  199.54 kg, max miss    37131.2 km, median  22378.2, rho  0.00939, acc a=0.04 (3.8 s)
[19:53:49]   it  26: fuel  196.71 kg, max miss    41240.5 km, median  24707.4, rho  0.00657, acc a=0.08 (2.2 s)
[19:53:52]   it  27: fuel  194.98 kg, max miss    41843.4 km, median  25025.1, rho   0.0046, acc a=0.05 (3.7 s)
[19:53:56]   it  28: fuel  193.89 kg, max miss    41522.2 km, median  24815.0, rho  0.00322, acc a=0.03 (4.1 s)
[19:53:59]   it  29: fuel  191.81 kg, max miss    42889.6 km, median  25551.0, rho  0.00225, acc a=0.07 (2.2 s)
[19:54:02]   it  30: fuel  190.53 kg, max miss    42602.6 km, median  25350.1, rho  0.00158, acc a=0.05 (3.8 s)
[19:54:05]   it  31: fuel  188.11 kg, max miss    44879.5 km, median  26561.6, rho   0.0011, acc a=0.09 (2.2 s)
[19:54:08]   it  32: fuel  186.65 kg, max miss    44469.8 km, median  26264.9, rho    0.001, acc a=0.06 (3.8 s)
[19:54:11]   it  33: fuel  183.96 kg, max miss    47380.4 km, median  27734.4, rho    0.001, acc a=0.12 (2.2 s)
[19:54:14]   it  34: fuel  182.40 kg, max miss    46436.9 km, median  27091.0, rho    0.001, acc a=0.08 (3.8 s)
[19:54:17]   it  35: fuel  179.58 kg, max miss    48795.1 km, median  28044.2, rho    0.001, acc a=0.16 (2.2 s)
[19:54:20]   it  36: fuel  178.04 kg, max miss    46607.5 km, median  26635.5, rho    0.001, acc a=0.11 (3.8 s)
[19:54:22]   it  37: fuel  175.35 kg, max miss    46270.2 km, median  25775.6, rho    0.001, acc a=0.22 (2.2 s)
[19:54:25]   it  38: fuel  171.37 kg, max miss    48481.9 km, median  24478.2, rho    0.001, acc a=0.44 (2.2 s)
[19:54:27]   it  39: fuel  167.61 kg, max miss    31331.7 km, median   7801.8, rho    0.001, acc a=0.88 (2.6 s)
[19:54:34]   it  40: fuel  167.59 kg, max miss    28219.1 km, median   7877.8, rho    0.001, acc a=0.10 (6.9 s)
[19:54:41]   it  41: fuel  167.59 kg, max miss    28219.1 km, median   7877.8, rho    0.004, REJ (6.6 s)
[19:54:46]   it  42: fuel  167.59 kg, max miss    28219.1 km, median   7877.8, rho    0.016, REJ (5.5 s)
[19:54:49]   it  43: fuel  167.58 kg, max miss    27655.2 km, median   7720.2, rho   0.0112, acc a=0.02 (2.2 s)
[19:54:54]   it  44: fuel  167.58 kg, max miss    27655.2 km, median   7720.2, rho   0.0448, REJ (5.5 s)
[19:55:00]   it  45: fuel  167.58 kg, max miss    27655.2 km, median   7720.2, rho    0.179, REJ (5.7 s)
[19:55:02]   it  46: fuel  167.57 kg, max miss    27103.5 km, median   7566.0, rho    0.125, acc a=0.02 (2.2 s)
[19:55:04]   it  47: fuel  167.56 kg, max miss    34219.0 km, median   7262.8, rho   0.0878, acc a=0.04 (2.2 s)
[19:55:06]   it  48: fuel  167.52 kg, max miss    31513.4 km, median   6679.1, rho   0.0615, acc a=0.08 (2.2 s)
[19:55:12]   it  49: fuel  167.52 kg, max miss    31513.4 km, median   6679.1, rho    0.246, REJ (6.1 s)
[19:55:15]   it  50: fuel  167.51 kg, max miss    30884.2 km, median   6545.5, rho    0.172, acc a=0.02 (2.3 s)
[19:55:17]   it  51: fuel  167.50 kg, max miss    29654.6 km, median   6283.3, rho     0.12, acc a=0.04 (2.3 s)
[19:55:19]   it  52: fuel  167.47 kg, max miss    27304.7 km, median   5779.1, rho   0.0843, acc a=0.08 (2.3 s)
[19:55:26]   it  53: fuel  167.47 kg, max miss    27304.7 km, median   5779.1, rho    0.337, REJ (6.5 s)
[19:55:28]   it  54: fuel  167.46 kg, max miss    26759.3 km, median   5663.6, rho    0.236, acc a=0.02 (2.5 s)
[19:55:31]   it  55: fuel  167.44 kg, max miss    25692.1 km, median   5437.0, rho    0.165, acc a=0.04 (2.7 s)
[19:55:34]   it  56: fuel  167.42 kg, max miss    23652.4 km, median   5001.1, rho    0.116, acc a=0.08 (2.5 s)
[19:55:39]   it  57: fuel  167.42 kg, max miss    23652.4 km, median   5001.1, rho    0.463, REJ (6.0 s)
[19:55:42]   it  58: fuel  167.41 kg, max miss    23180.3 km, median   4901.1, rho    0.324, acc a=0.02 (2.4 s)
[19:55:44]   it  59: fuel  167.39 kg, max miss    22256.1 km, median   4704.8, rho    0.227, acc a=0.04 (2.4 s)
[19:55:47]   it  60: fuel  167.37 kg, max miss    20487.5 km, median   4327.2, rho    0.159, acc a=0.08 (2.3 s)
[19:55:53]   it  61: fuel  167.37 kg, max miss    20487.5 km, median   4327.2, rho    0.635, REJ (6.2 s)
[19:55:55]   it  62: fuel  167.36 kg, max miss    20079.2 km, median   4240.4, rho    0.444, acc a=0.02 (2.7 s)
[19:55:58]   it  63: fuel  167.34 kg, max miss    19278.9 km, median   4070.3, rho    0.311, acc a=0.04 (2.5 s)
[19:56:00]   it  64: fuel  167.32 kg, max miss    17746.6 km, median   3743.1, rho    0.218, acc a=0.08 (2.5 s)
[19:56:03]   it  65: fuel  167.30 kg, max miss    18963.4 km, median   3207.2, rho    0.152, acc a=0.16 (2.4 s)
[19:56:05]   it  66: fuel  167.25 kg, max miss    13040.8 km, median   2223.5, rho    0.107, acc a=0.32 (2.6 s)
[19:56:08]   it  67: fuel  167.22 kg, max miss     5117.3 km, median    758.9, rho   0.0747, acc a=0.64 (2.3 s)
[19:56:14]   it  68: fuel  167.22 kg, max miss     5117.3 km, median    758.9, rho    0.299, REJ (6.3 s)
[19:56:16]   it  69: fuel  167.20 kg, max miss     4468.9 km, median    659.6, rho    0.209, acc a=0.13 (2.4 s)
[19:56:19]   it  70: fuel  167.19 kg, max miss     3332.3 km, median    488.9, rho    0.146, acc a=0.26 (2.3 s)
[19:56:25]   it  71: fuel  167.19 kg, max miss     3332.3 km, median    488.9, rho    0.586, REJ (6.3 s)
[19:56:28]   it  72: fuel  167.17 kg, max miss     3167.9 km, median    464.6, rho     0.41, acc a=0.05 (2.8 s)
[19:56:30]   it  73: fuel  167.15 kg, max miss     2851.2 km, median    419.1, rho    0.287, acc a=0.10 (2.4 s)
[19:56:33]   it  74: fuel  167.14 kg, max miss     2273.7 km, median    336.7, rho    0.201, acc a=0.20 (2.4 s)
[19:56:39]   it  75: fuel  167.14 kg, max miss     2273.7 km, median    336.7, rho    0.804, REJ (6.2 s)
[19:56:42]   it  76: fuel  167.12 kg, max miss     2186.5 km, median    326.3, rho    0.562, acc a=0.04 (2.9 s)
[19:56:45]   it  77: fuel  167.11 kg, max miss     2017.9 km, median    309.2, rho    0.394, acc a=0.08 (2.9 s)
[19:56:47]   it  78: fuel  167.09 kg, max miss     1696.6 km, median    268.2, rho    0.276, acc a=0.16 (2.8 s)
[19:56:50]   it  79: fuel  167.09 kg, max miss     1225.9 km, median    189.3, rho    0.193, acc a=0.33 (2.8 s)
[19:56:53]   it  80: fuel  167.11 kg, max miss      522.3 km, median     68.8, rho    0.135, acc a=0.66 (2.8 s)
[19:57:01]   it  81: fuel  167.12 kg, max miss      472.1 km, median     60.4, rho   0.0945, acc a=0.10 (8.4 s)
[19:57:08]   it  82: fuel  167.12 kg, max miss      472.1 km, median     60.4, rho    0.378, REJ (6.9 s)
[19:57:11]   it  83: fuel  167.12 kg, max miss      462.7 km, median     59.1, rho    0.265, acc a=0.02 (2.6 s)
[19:57:14]   it  84: fuel  167.11 kg, max miss      444.1 km, median     56.5, rho    0.185, acc a=0.04 (2.8 s)
[19:57:16]   it  85: fuel  167.12 kg, max miss      408.7 km, median     51.6, rho     0.13, acc a=0.08 (2.8 s)
[19:57:23]   it  86: fuel  167.12 kg, max miss      408.7 km, median     51.6, rho    0.519, REJ (6.9 s)
[19:57:27]   it  87: fuel  167.11 kg, max miss      400.8 km, median     50.3, rho    0.363, acc a=0.02 (3.5 s)
[19:57:30]   it  88: fuel  167.11 kg, max miss      385.1 km, median     47.9, rho    0.254, acc a=0.04 (2.9 s)
[19:57:32]   it  89: fuel  167.11 kg, max miss      354.2 km, median     43.8, rho    0.178, acc a=0.08 (2.4 s)
[19:57:34]   it  90: fuel  167.11 kg, max miss      300.2 km, median     37.2, rho    0.125, acc a=0.16 (2.1 s)
[19:57:41]   it  91: fuel  167.11 kg, max miss      300.2 km, median     37.2, rho    0.498, REJ (6.8 s)
[19:57:43]   it  92: fuel  167.11 kg, max miss      291.7 km, median     35.9, rho    0.349, acc a=0.03 (2.3 s)
[19:57:46]   it  93: fuel  167.10 kg, max miss      274.1 km, median     33.8, rho    0.244, acc a=0.06 (2.3 s)
[19:57:48]   it  94: fuel  167.10 kg, max miss      239.2 km, median     31.0, rho    0.171, acc a=0.13 (2.4 s)
[19:57:54]   it  95: fuel  167.10 kg, max miss      239.2 km, median     31.0, rho    0.684, REJ (5.7 s)
[19:57:57]   it  96: fuel  167.09 kg, max miss      234.5 km, median     29.9, rho    0.479, acc a=0.03 (3.5 s)
[19:57:59]   it  97: fuel  167.08 kg, max miss      224.4 km, median     29.6, rho    0.335, acc a=0.05 (2.2 s)
[19:58:02]   it  98: fuel  167.08 kg, max miss      202.7 km, median     29.2, rho    0.234, acc a=0.10 (2.3 s)
[19:58:09]   it  99: fuel  167.08 kg, max miss      202.7 km, median     29.2, rho    0.938, REJ (7.5 s)
[19:58:13]   it 100: fuel  167.07 kg, max miss      201.4 km, median     29.0, rho    0.657, acc a=0.02 (3.9 s)
[19:58:16]   it 101: fuel  167.06 kg, max miss      196.9 km, median     28.8, rho     0.46, acc a=0.04 (2.7 s)
[19:58:18]   it 102: fuel  167.05 kg, max miss      184.0 km, median     27.9, rho    0.322, acc a=0.08 (2.6 s)
[19:58:21]   it 103: fuel  167.05 kg, max miss      154.5 km, median     25.7, rho    0.225, acc a=0.16 (2.6 s)
[19:58:28]   it 104: fuel  167.05 kg, max miss      154.5 km, median     25.7, rho    0.901, REJ (7.0 s)
[19:58:30]   it 105: fuel  167.04 kg, max miss      154.1 km, median     23.9, rho    0.631, acc a=0.03 (2.5 s)
[19:58:33]   it 106: fuel  167.03 kg, max miss      151.6 km, median     25.5, rho    0.441, acc a=0.07 (2.3 s)
[19:58:35]   it 107: fuel  167.01 kg, max miss      137.3 km, median     26.8, rho    0.309, acc a=0.13 (2.4 s)
[19:58:41]   it 108: fuel  167.01 kg, max miss      137.3 km, median     26.8, rho     1.24, REJ (6.0 s)
[19:58:43]   it 109: fuel  167.01 kg, max miss      139.2 km, median     28.4, rho    0.865, acc a=0.03 (2.3 s)
[19:58:46]   it 110: fuel  166.99 kg, max miss      141.4 km, median     28.4, rho    0.606, acc a=0.05 (2.3 s)
[19:58:48]   it 111: fuel  166.98 kg, max miss      136.8 km, median     30.6, rho    0.424, acc a=0.10 (2.2 s)
[19:58:50]   it 112: fuel  166.97 kg, max miss      110.8 km, median     28.5, rho    0.297, acc a=0.21 (2.2 s)
[19:58:56]   it 113: fuel  166.97 kg, max miss      110.8 km, median     28.5, rho     1.19, REJ (6.0 s)
[19:58:59]   it 114: fuel  166.95 kg, max miss      115.8 km, median     30.6, rho    0.831, acc a=0.04 (2.6 s)
[19:59:01]   it 115: fuel  166.94 kg, max miss      124.7 km, median     41.7, rho    0.582, acc a=0.08 (2.4 s)
[19:59:04]   it 116: fuel  166.92 kg, max miss      116.7 km, median     41.8, rho    0.407, acc a=0.17 (2.9 s)
[19:59:10]   it 117: fuel  166.92 kg, max miss      116.7 km, median     41.8, rho     1.63, REJ (6.5 s)
[19:59:13]   it 118: fuel  166.91 kg, max miss      123.6 km, median     45.5, rho     1.14, acc a=0.03 (2.3 s)
[19:59:15]   it 119: fuel  166.89 kg, max miss      138.0 km, median     53.4, rho    0.798, acc a=0.07 (2.3 s)
[19:59:19]   restore  0: fuel  166.87 kg, max miss      62.6 km, rho      500 (2.4 s)
[19:59:22]   restore  1: fuel  166.87 kg, max miss      62.6 km, rho    2e+03 (2.3 s)
[19:59:25]   restore  2: fuel  166.87 kg, max miss      62.6 km, rho    8e+03 (2.9 s)
[19:59:28]   restore  3: fuel  166.87 kg, max miss      62.6 km, rho  3.2e+04 (3.0 s)
[19:59:31]   restore  4: fuel  166.87 kg, max miss      61.9 km, rho  1.6e+04 (3.0 s)
[19:59:33]   restore  5: fuel  166.87 kg, max miss      61.9 km, rho  6.4e+04 (2.4 s)
[19:59:36]   restore  6: fuel  166.87 kg, max miss      61.7 km, rho  3.2e+04 (3.2 s)
[19:59:40]   restore  7: fuel  166.87 kg, max miss      61.7 km, rho 1.28e+05 (3.8 s)
[19:59:44]   restore  8: fuel  166.87 kg, max miss      61.7 km, rho  6.4e+04 (3.9 s)
[19:59:47]   restore  9: fuel  166.87 kg, max miss      61.7 km, rho 2.56e+05 (3.1 s)
[19:59:50]   restore 10: fuel  166.87 kg, max miss      61.7 km, rho 1.28e+05 (2.9 s)
[19:59:53]   restore 11: fuel  166.87 kg, max miss      61.7 km, rho 5.12e+05 (2.9 s)
[19:59:56]   restore 12: fuel  166.87 kg, max miss      61.6 km, rho 2.56e+05 (3.7 s)
[20:00:00]   restore 13: fuel  166.87 kg, max miss      61.6 km, rho 1.02e+06 (4.1 s)
[20:00:04]   restore 14: fuel  166.87 kg, max miss      61.6 km, rho  4.1e+06 (3.2 s)
[20:00:08]   restore 15: fuel  166.87 kg, max miss      61.6 km, rho 2.05e+06 (4.5 s)
[20:00:11]   restore 16: fuel  166.87 kg, max miss      61.6 km, rho 8.19e+06 (3.1 s)
[20:00:14]   restore 17: fuel  166.87 kg, max miss      61.6 km, rho  4.1e+06 (2.7 s)
[20:00:17]   restore 18: fuel  166.87 kg, max miss      61.6 km, rho 1.64e+07 (3.3 s)
[20:00:21]   restore 19: fuel  166.87 kg, max miss      61.6 km, rho 6.55e+07 (3.5 s)
[20:00:24]   restore 20: fuel  166.87 kg, max miss      61.6 km, rho 3.28e+07 (2.8 s)
[20:00:27]   restore 21: fuel  166.87 kg, max miss      61.6 km, rho 1.31e+08 (3.2 s)
[20:00:30]   restore 22: fuel  166.87 kg, max miss      61.6 km, rho 5.24e+08 (3.1 s)
[20:00:33]   restore 23: fuel  166.87 kg, max miss      61.6 km, rho  2.1e+09 (2.8 s)
[20:00:35]   restore 24: fuel  166.87 kg, max miss      61.6 km, rho 8.39e+09 (2.7 s)
[20:00:38]   restore 25: fuel  166.87 kg, max miss      61.6 km, rho 4.19e+09 (2.5 s)
[20:00:40]   restore 26: fuel  166.87 kg, max miss      61.6 km, rho 1.68e+10 (2.5 s)
[20:00:43]   restore 27: fuel  166.87 kg, max miss      61.6 km, rho 6.71e+10 (2.7 s)
[20:00:45]   restore 28: fuel  166.87 kg, max miss      61.6 km, rho 2.68e+11 (2.4 s)
[20:00:48]   restore 29: fuel  166.87 kg, max miss      61.6 km, rho 1.07e+12 (2.6 s)
[20:00:48] stage 1: fuel 166.87 kg (512 s)
[20:00:53]   restore  0: fuel  166.87 kg, max miss 99717446.2 km, rho    4e+03 (2.7 s)
[20:00:56]   restore  1: fuel  166.87 kg, max miss 99717446.2 km, rho  1.6e+04 (3.0 s)
[20:00:58]   restore  2: fuel  166.87 kg, max miss 99717446.2 km, rho  6.4e+04 (2.8 s)
[20:01:01]   restore  3: fuel  166.87 kg, max miss 99717446.2 km, rho 2.56e+05 (2.6 s)
[20:01:04]   restore  4: fuel  166.87 kg, max miss 99717446.2 km, rho 1.02e+06 (2.7 s)
[20:01:06]   restore  5: fuel  166.87 kg, max miss 99717446.2 km, rho  4.1e+06 (2.7 s)
[20:01:09]   restore  6: fuel  166.87 kg, max miss 99717446.2 km, rho 1.64e+07 (2.8 s)
[20:01:11]   restore  7: fuel  166.87 kg, max miss 99717446.2 km, rho 6.55e+07 (2.4 s)
[20:01:14]   restore  8: fuel  178.35 kg, max miss 36317975.2 km, rho 3.28e+07 (2.3 s)
[20:01:17]   restore  9: fuel  172.31 kg, max miss 5955709.6 km, rho 1.64e+07 (2.9 s)
[20:01:20]   restore 10: fuel  167.70 kg, max miss 1174375.7 km, rho 8.19e+06 (2.9 s)
[20:01:22]   restore 11: fuel  166.05 kg, max miss  413312.7 km, rho  4.1e+06 (2.5 s)
[20:01:26]   restore 12: fuel  165.41 kg, max miss  296233.3 km, rho 2.05e+06 (3.5 s)
[20:01:28]   restore 13: fuel  164.65 kg, max miss  207501.2 km, rho 1.02e+06 (2.7 s)
[20:01:31]   restore 14: fuel  163.93 kg, max miss  119923.8 km, rho 5.12e+05 (2.8 s)
[20:01:33]   restore 15: fuel  163.60 kg, max miss   47601.4 km, rho 2.56e+05 (2.4 s)
[20:01:36]   restore 16: fuel  163.51 kg, max miss   11630.6 km, rho 1.28e+05 (2.2 s)
[20:01:38]   restore 17: fuel  163.45 kg, max miss    1666.0 km, rho  6.4e+04 (2.4 s)
[20:01:41]   restore 18: fuel  163.36 kg, max miss     562.1 km, rho  3.2e+04 (3.3 s)
[20:01:44]   restore 19: fuel  163.19 kg, max miss     191.6 km, rho  1.6e+04 (2.6 s)
[20:01:46]   restore 20: fuel  163.19 kg, max miss     191.6 km, rho  6.4e+04 (2.5 s)
[20:01:49]   restore 21: fuel  163.11 kg, max miss      60.1 km, rho  3.2e+04 (2.7 s)
[20:01:52]   restore 22: fuel  163.11 kg, max miss      60.1 km, rho 1.28e+05 (2.7 s)
[20:01:55]   restore 23: fuel  163.07 kg, max miss      36.9 km, rho  6.4e+04 (3.3 s)
[20:01:55] stage 2 (m0 768.37): fuel 163.07 kg
[20:02:02]   it   0: fuel  160.76 kg, max miss     2046.0 km, median    946.6, rho       70, acc a=0.17 (4.2 s)
[20:02:06]   it   1: fuel  159.39 kg, max miss     2882.1 km, median   1405.8, rho       49, acc a=0.11 (4.2 s)
[20:02:10]   it   2: fuel  158.54 kg, max miss     3237.3 km, median   1644.0, rho     34.3, acc a=0.07 (4.1 s)
[20:02:15]   it   3: fuel  158.01 kg, max miss     3377.7 km, median   1747.1, rho       24, acc a=0.05 (4.8 s)
[20:02:19] start results/CTOC14_Result_TEAM.txt sc4: m0 851.74, fuel 245.49, flybys 24
[20:02:19] stage 1: fuel 166.87 kg (0 s)
[20:02:19] stage 2 (m0 768.37): fuel 163.07 kg
[20:02:26]   it   0: fuel  160.78 kg, max miss     2168.2 km, median   1031.6, rho      150, acc a=0.17 (5.1 s)
[20:02:32] start results/CTOC14_Result_TEAM.txt sc4: m0 851.74, fuel 245.49, flybys 24
[20:02:32] stage 1: fuel 166.87 kg (0 s)
[20:02:34] stage 2 (m0 748.06): fuel 146.56 kg
[20:02:43]   it   0: fuel  146.56 kg, max miss       61.6 km, median     18.5, rho      400, REJ (6.8 s)
[20:02:51]   it   1: fuel  146.56 kg, max miss       61.6 km, median     18.5, rho  1.6e+03, REJ (8.2 s)
[20:02:59]   it   2: fuel  146.56 kg, max miss       61.6 km, median     18.5, rho  6.4e+03, REJ (8.3 s)
[20:03:06]   it   3: fuel  146.56 kg, max miss       61.6 km, median     18.5, rho 2.56e+04, REJ (7.2 s)
[20:03:14]   it   4: fuel  146.56 kg, max miss       61.6 km, median     18.5, rho 1.02e+05, REJ (7.1 s)
[20:03:20]   it   5: fuel  146.56 kg, max miss       61.6 km, median     18.5, rho  4.1e+05, REJ (6.8 s)
[20:03:28]   it   6: fuel  146.56 kg, max miss       61.6 km, median     18.5, rho 1.64e+06, REJ (7.2 s)
[20:03:32] stage 3 (m0 748.06): fuel 146.56 kg (60 s)
[20:10:04] RESULT {'src': 'results/CTOC14_Result_TEAM.txt', 'sc': 4, 'ok': True, 'errors': [], 'm0': np.float64(748.0609458735263), 'fuel': np.float64(146.56097639086113), 'fuel0': 245.49038888339362, 'm0_0': 851.7372136960366, 'flybys': 24, 'flybys0': 24, 'peak_thrust': 0.32868186969838603, 'J_i': 1.1169425346509694, 'J_i0': 1.2121447571091302, 'runtime': 451.72722721099854}
