[19:52:16] start results/CTOC14_Result_TEAM.txt sc5: m0 927.30, fuel 321.91, flybys 35
[19:52:22]   it   0: fuel  317.65 kg, max miss     7292.7 km, median   1311.3, rho       70, acc a=0.17 (4.4 s)
[19:52:27]   it   1: fuel  314.17 kg, max miss    10381.9 km, median   2125.7, rho       49, acc a=0.11 (4.5 s)
[19:52:31]   it   2: fuel  311.46 kg, max miss    11767.6 km, median   2638.1, rho     34.3, acc a=0.07 (4.1 s)
[19:52:35]   it   3: fuel  309.39 kg, max miss    12380.4 km, median   2858.7, rho       24, acc a=0.05 (4.0 s)
[19:52:37]   it   4: fuel  304.76 kg, max miss    16919.0 km, median   5046.4, rho     16.8, acc a=0.10 (2.3 s)
[19:52:41]   it   5: fuel  301.51 kg, max miss    19600.1 km, median   6167.4, rho     11.8, acc a=0.07 (4.0 s)
[19:52:45]   it   6: fuel  299.22 kg, max miss    21164.5 km, median   6707.5, rho     8.24, acc a=0.04 (4.0 s)
[19:52:49]   it   7: fuel  297.61 kg, max miss    21813.9 km, median   6931.8, rho     5.76, acc a=0.03 (4.0 s)
[19:52:51]   it   8: fuel  294.25 kg, max miss    26364.5 km, median   8441.6, rho     4.04, acc a=0.06 (2.3 s)
[19:52:56]   it   9: fuel  292.02 kg, max miss    28089.9 km, median   9008.5, rho     2.82, acc a=0.04 (4.3 s)
[19:53:00]   it  10: fuel  290.52 kg, max miss    28672.2 km, median   9200.0, rho     1.98, acc a=0.03 (4.0 s)
[19:53:02]   it  11: fuel  287.53 kg, max miss    32771.4 km, median  10232.5, rho     1.38, acc a=0.05 (2.3 s)
[19:53:06]   it  12: fuel  285.61 kg, max miss    34036.1 km, median  10371.4, rho    0.969, acc a=0.03 (4.0 s)
[19:53:10]   it  13: fuel  284.36 kg, max miss    34288.6 km, median  10456.2, rho    0.678, acc a=0.02 (4.0 s)
[19:53:12]   it  14: fuel  281.90 kg, max miss    36758.4 km, median  11234.8, rho    0.475, acc a=0.05 (2.3 s)
[19:53:18]   it  15: fuel  281.90 kg, max miss    36758.4 km, median  11234.8, rho      1.9, REJ (6.1 s)
[19:53:21]   it  16: fuel  280.94 kg, max miss    36629.8 km, median  11201.6, rho     1.33, acc a=0.02 (2.5 s)
[19:53:23]   it  17: fuel  279.03 kg, max miss    37637.9 km, median  11534.1, rho    0.931, acc a=0.04 (2.5 s)
[19:53:26]   it  18: fuel  275.35 kg, max miss    44283.7 km, median  13665.8, rho    0.651, acc a=0.08 (2.8 s)
[19:53:31]   it  19: fuel  273.08 kg, max miss    45842.9 km, median  14194.6, rho    0.456, acc a=0.05 (4.4 s)
[19:53:35]   it  20: fuel  271.69 kg, max miss    45727.7 km, median  14236.5, rho    0.319, acc a=0.04 (4.2 s)
[19:53:40]   it  21: fuel  271.69 kg, max miss    45727.7 km, median  14236.5, rho     1.28, REJ (5.6 s)
[19:53:43]   it  22: fuel  270.94 kg, max miss    45287.6 km, median  14107.7, rho    0.894, acc a=0.02 (2.4 s)
[19:53:45]   it  23: fuel  269.46 kg, max miss    45404.1 km, median  14181.1, rho    0.626, acc a=0.04 (2.3 s)
[19:53:51]   it  24: fuel  269.46 kg, max miss    45404.1 km, median  14181.1, rho      2.5, REJ (5.7 s)
[19:53:53]   it  25: fuel  268.79 kg, max miss    44927.0 km, median  14041.6, rho     1.75, acc a=0.02 (2.3 s)
[19:53:56]   it  26: fuel  267.45 kg, max miss    44905.8 km, median  14030.1, rho     1.23, acc a=0.04 (2.6 s)
[19:53:58]   it  27: fuel  264.84 kg, max miss    48452.7 km, median  14502.9, rho    0.858, acc a=0.08 (2.3 s)
[19:54:02]   it  28: fuel  263.24 kg, max miss    48883.0 km, median  13331.1, rho    0.601, acc a=0.05 (3.9 s)
[19:54:08]   it  29: fuel  263.24 kg, max miss    48883.0 km, median  13331.1, rho      2.4, REJ (5.7 s)
[19:54:10]   it  30: fuel  262.69 kg, max miss    48276.4 km, median  13177.2, rho     1.68, acc a=0.02 (2.3 s)
[19:54:12]   it  31: fuel  261.61 kg, max miss    47885.7 km, median  13123.2, rho     1.18, acc a=0.04 (2.3 s)
[19:54:14]   it  32: fuel  259.52 kg, max miss    50279.5 km, median  13301.9, rho    0.824, acc a=0.08 (2.3 s)
[19:54:18]   it  33: fuel  258.22 kg, max miss    50253.3 km, median  12529.3, rho    0.577, acc a=0.05 (4.0 s)
[19:54:21]   it  34: fuel  255.88 kg, max miss    55584.7 km, median  13346.7, rho    0.404, acc a=0.11 (2.3 s)
[19:54:27]   it  35: fuel  255.88 kg, max miss    55584.7 km, median  13346.7, rho     1.62, REJ (6.2 s)
[19:54:30]   it  36: fuel  255.45 kg, max miss    54755.0 km, median  12873.1, rho     1.13, acc a=0.02 (3.0 s)
[19:54:33]   it  37: fuel  254.62 kg, max miss    53890.8 km, median  12336.1, rho    0.792, acc a=0.04 (2.8 s)
[19:54:35]   it  38: fuel  253.01 kg, max miss    55337.3 km, median  13223.9, rho    0.554, acc a=0.09 (2.7 s)
[19:54:40]   it  39: fuel  252.06 kg, max miss    47791.7 km, median  13431.2, rho    0.388, acc a=0.06 (4.9 s)
[19:54:46]   it  40: fuel  252.06 kg, max miss    47791.7 km, median  13431.2, rho     1.55, REJ (5.9 s)
[19:54:48]   it  41: fuel  251.75 kg, max miss    47117.2 km, median  13215.3, rho     1.09, acc a=0.02 (2.3 s)
[19:54:51]   it  42: fuel  251.12 kg, max miss    46420.3 km, median  12912.0, rho     0.76, acc a=0.04 (2.3 s)
[19:54:53]   it  43: fuel  249.98 kg, max miss    47694.6 km, median  11785.0, rho    0.532, acc a=0.08 (2.4 s)
[19:54:59]   it  44: fuel  249.77 kg, max miss    39849.7 km, median  14711.6, rho    0.373, acc a=0.02 (6.0 s)
[19:55:05]   it  45: fuel  249.77 kg, max miss    39849.7 km, median  14711.6, rho     1.49, REJ (5.7 s)
[19:55:07]   it  46: fuel  249.50 kg, max miss    39317.4 km, median  14512.3, rho     1.04, acc a=0.02 (2.4 s)
[19:55:10]   it  47: fuel  248.97 kg, max miss    38856.4 km, median  12914.4, rho     0.73, acc a=0.04 (2.5 s)
[19:55:12]   it  48: fuel  248.00 kg, max miss    40300.1 km, median  12428.6, rho    0.511, acc a=0.08 (2.5 s)
[19:55:18]   it  49: fuel  247.83 kg, max miss    37323.4 km, median  12621.0, rho    0.358, acc a=0.02 (6.3 s)
[19:55:25]   it  50: fuel  247.80 kg, max miss    36670.0 km, median  12965.0, rho     0.25, acc a=0.00 (6.5 s)
[19:55:32]   it  51: fuel  247.80 kg, max miss    36670.0 km, median  12965.0, rho        1, REJ (6.7 s)
[19:55:34]   it  52: fuel  247.57 kg, max miss    36181.6 km, median  12442.0, rho    0.701, acc a=0.02 (2.6 s)
[19:55:37]   it  53: fuel  247.14 kg, max miss    35229.2 km, median  12088.4, rho    0.491, acc a=0.04 (2.5 s)
[19:55:43]   it  54: fuel  247.14 kg, max miss    35229.2 km, median  12088.4, rho     1.96, REJ (6.4 s)
[19:55:46]   it  55: fuel  246.93 kg, max miss    34733.1 km, median  11887.8, rho     1.37, acc a=0.02 (2.7 s)
[19:55:48]   it  56: fuel  246.52 kg, max miss    34219.6 km, median  11586.0, rho    0.962, acc a=0.04 (2.5 s)
[19:55:51]   it  57: fuel  245.78 kg, max miss    35040.2 km, median  11350.7, rho    0.674, acc a=0.08 (2.4 s)
[19:55:57]   it  58: fuel  245.64 kg, max miss    32408.3 km, median  11222.8, rho    0.471, acc a=0.02 (6.7 s)
[19:56:00]   it  59: fuel  245.39 kg, max miss    31503.3 km, median  11004.6, rho     0.33, acc a=0.03 (2.7 s)
[19:56:07]   it  60: fuel  245.39 kg, max miss    31503.3 km, median  11004.6, rho     1.32, REJ (6.4 s)
[19:56:09]   it  61: fuel  245.21 kg, max miss    31051.6 km, median  10829.4, rho    0.924, acc a=0.02 (2.6 s)
[19:56:12]   it  62: fuel  244.90 kg, max miss    30563.2 km, median  10585.1, rho    0.647, acc a=0.04 (2.5 s)
[19:56:18]   it  63: fuel  244.90 kg, max miss    30563.2 km, median  10585.1, rho     2.59, REJ (6.5 s)
[19:56:21]   it  64: fuel  244.74 kg, max miss    30100.6 km, median  10292.6, rho     1.81, acc a=0.02 (2.5 s)
[19:56:23]   it  65: fuel  244.43 kg, max miss    29537.3 km, median  10004.8, rho     1.27, acc a=0.04 (2.5 s)
[19:56:26]   it  66: fuel  243.82 kg, max miss    29778.9 km, median   9705.5, rho    0.887, acc a=0.08 (3.2 s)
[19:56:31]   it  67: fuel  243.48 kg, max miss    29316.7 km, median   8795.4, rho    0.621, acc a=0.05 (4.4 s)
[19:56:37]   it  68: fuel  243.48 kg, max miss    29316.7 km, median   8795.4, rho     2.48, REJ (6.3 s)
[19:56:40]   it  69: fuel  243.35 kg, max miss    28853.0 km, median   8651.2, rho     1.74, acc a=0.02 (2.8 s)
[19:56:43]   it  70: fuel  243.10 kg, max miss    28226.2 km, median   8448.1, rho     1.22, acc a=0.04 (3.2 s)
[19:56:46]   it  71: fuel  242.60 kg, max miss    28126.9 km, median   8257.9, rho    0.852, acc a=0.08 (3.0 s)
[19:56:52]   it  72: fuel  242.31 kg, max miss    27555.5 km, median   7994.2, rho    0.597, acc a=0.05 (5.4 s)
[19:57:00]   it  73: fuel  242.31 kg, max miss    27555.5 km, median   7994.2, rho     2.39, REJ (8.8 s)
[19:57:03]   it  74: fuel  242.20 kg, max miss    27105.0 km, median   7854.1, rho     1.67, acc a=0.02 (2.9 s)
[19:57:06]   it  75: fuel  241.99 kg, max miss    26456.8 km, median   7774.7, rho     1.17, acc a=0.04 (2.7 s)
[19:57:09]   it  76: fuel  241.61 kg, max miss    26133.8 km, median   7618.8, rho    0.819, acc a=0.08 (2.9 s)
[19:57:12]   it  77: fuel  240.96 kg, max miss    19504.5 km, median   8707.6, rho    0.573, acc a=0.16 (3.0 s)
[19:57:19]   it  78: fuel  240.96 kg, max miss    19504.5 km, median   8707.6, rho     2.29, REJ (7.0 s)
[19:57:22]   it  79: fuel  240.84 kg, max miss    18630.0 km, median   8479.7, rho      1.6, acc a=0.03 (2.9 s)
[19:57:25]   it  80: fuel  240.59 kg, max miss    17865.2 km, median   8147.8, rho     1.12, acc a=0.06 (3.6 s)
[19:57:29]   it  81: fuel  240.14 kg, max miss    18730.2 km, median   7440.6, rho    0.786, acc a=0.13 (3.1 s)
[19:57:33]   it  82: fuel  239.90 kg, max miss    18408.3 km, median   6619.7, rho     0.55, acc a=0.09 (4.6 s)
[19:57:36]   it  83: fuel  239.64 kg, max miss    16212.6 km, median   7636.3, rho    0.385, acc a=0.17 (2.4 s)
[19:57:43]   it  84: fuel  239.64 kg, max miss    16212.6 km, median   7636.3, rho     1.54, REJ (7.3 s)
[19:57:45]   it  85: fuel  239.55 kg, max miss    15791.0 km, median   7410.6, rho     1.08, acc a=0.03 (2.5 s)
[19:57:48]   it  86: fuel  239.39 kg, max miss    15275.8 km, median   7050.8, rho    0.755, acc a=0.07 (2.5 s)
[19:57:54]   it  87: fuel  239.39 kg, max miss    15275.8 km, median   7050.8, rho     3.02, REJ (6.1 s)
[19:57:57]   it  88: fuel  239.34 kg, max miss    15004.3 km, median   6919.1, rho     2.11, acc a=0.02 (3.5 s)
[19:58:00]   it  89: fuel  239.25 kg, max miss    14558.0 km, median   6483.1, rho     1.48, acc a=0.04 (2.4 s)
[19:58:02]   it  90: fuel  239.08 kg, max miss    14046.9 km, median   5862.9, rho     1.04, acc a=0.08 (2.5 s)
[19:58:05]   it  91: fuel  238.76 kg, max miss    14465.4 km, median   4742.3, rho    0.725, acc a=0.16 (2.7 s)
[19:58:14]   it  92: fuel  238.76 kg, max miss    14465.4 km, median   4742.3, rho      2.9, REJ (9.3 s)
[19:58:17]   it  93: fuel  238.71 kg, max miss    14073.2 km, median   4546.7, rho     2.03, acc a=0.03 (2.8 s)
[19:58:20]   it  94: fuel  238.60 kg, max miss    13485.5 km, median   4485.4, rho     1.42, acc a=0.06 (2.7 s)
[19:58:22]   it  95: fuel  238.40 kg, max miss    13072.8 km, median   4166.0, rho    0.995, acc a=0.13 (2.8 s)
[19:58:28]   it  96: fuel  238.35 kg, max miss    12545.5 km, median   3919.5, rho    0.696, acc a=0.09 (5.2 s)
[19:58:34]   it  97: fuel  238.35 kg, max miss    10055.0 km, median   4735.1, rho    0.487, acc a=0.02 (6.4 s)
[19:58:37]   it  98: fuel  238.35 kg, max miss     9821.4 km, median   4599.4, rho    0.341, acc a=0.03 (2.7 s)
[19:58:43]   it  99: fuel  238.35 kg, max miss     9821.4 km, median   4599.4, rho     1.36, REJ (6.1 s)
[19:58:45]   it 100: fuel  238.33 kg, max miss     9646.9 km, median   4513.2, rho    0.955, acc a=0.02 (2.4 s)
[19:58:51]   it 101: fuel  238.33 kg, max miss     9646.9 km, median   4513.2, rho     3.82, REJ (5.8 s)
[19:58:54]   it 102: fuel  238.30 kg, max miss     9471.5 km, median   4427.8, rho     2.68, acc a=0.02 (2.5 s)
[19:58:56]   it 103: fuel  238.25 kg, max miss     9176.6 km, median   4272.7, rho     1.87, acc a=0.04 (2.8 s)
[19:58:59]   it 104: fuel  238.16 kg, max miss     8815.7 km, median   4027.2, rho     1.31, acc a=0.08 (2.8 s)
[19:59:02]   it 105: fuel  237.98 kg, max miss     9033.4 km, median   3372.3, rho    0.918, acc a=0.16 (2.5 s)
[19:59:07]   it 106: fuel  237.99 kg, max miss     8943.8 km, median   2938.4, rho    0.642, acc a=0.11 (4.9 s)
[19:59:13]   it 107: fuel  237.99 kg, max miss     8943.8 km, median   2938.4, rho     2.57, REJ (6.8 s)
[19:59:16]   it 108: fuel  237.97 kg, max miss     8771.2 km, median   2880.3, rho      1.8, acc a=0.02 (2.6 s)
[19:59:18]   it 109: fuel  237.93 kg, max miss     8487.8 km, median   2778.4, rho     1.26, acc a=0.04 (2.6 s)
[19:59:21]   it 110: fuel  237.85 kg, max miss     8206.7 km, median   2640.8, rho    0.881, acc a=0.09 (2.4 s)
[19:59:29]   it 111: fuel  237.85 kg, max miss     8206.7 km, median   2640.8, rho     3.53, REJ (7.9 s)
[19:59:32]   it 112: fuel  237.84 kg, max miss     8056.1 km, median   2591.6, rho     2.47, acc a=0.02 (2.9 s)
[19:59:35]   it 113: fuel  237.80 kg, max miss     7800.4 km, median   2503.9, rho     1.73, acc a=0.04 (2.9 s)
[19:59:38]   it 114: fuel  237.74 kg, max miss     7487.2 km, median   2384.0, rho     1.21, acc a=0.08 (3.3 s)
[19:59:45]   it 115: fuel  237.70 kg, max miss     7245.7 km, median   2290.5, rho    0.846, acc a=0.05 (7.2 s)
[19:59:53]   it 116: fuel  237.70 kg, max miss     7245.7 km, median   2290.5, rho     3.39, REJ (7.9 s)
[19:59:57]   it 117: fuel  237.68 kg, max miss     7112.0 km, median   2246.7, rho     2.37, acc a=0.02 (3.9 s)
[20:00:01]   it 118: fuel  237.66 kg, max miss     6884.1 km, median   2168.3, rho     1.66, acc a=0.04 (4.0 s)
[20:00:05]   it 119: fuel  237.60 kg, max miss     6598.7 km, median   2054.5, rho     1.16, acc a=0.08 (3.7 s)
[20:00:12]   restore  0: fuel  237.54 kg, max miss    4031.1 km, rho      500 (3.4 s)
[20:00:15]   restore  1: fuel  237.54 kg, max miss    4031.1 km, rho    2e+03 (2.9 s)
[20:00:18]   restore  2: fuel  237.51 kg, max miss     921.4 km, rho    1e+03 (3.8 s)
[20:00:22]   restore  3: fuel  237.51 kg, max miss     921.4 km, rho    4e+03 (3.5 s)
[20:00:25]   restore  4: fuel  237.50 kg, max miss     350.6 km, rho    2e+03 (2.7 s)
[20:00:28]   restore  5: fuel  237.50 kg, max miss     350.6 km, rho    8e+03 (3.3 s)
[20:00:31]   restore  6: fuel  237.49 kg, max miss     332.9 km, rho    4e+03 (3.2 s)
[20:00:34]   restore  7: fuel  237.49 kg, max miss     332.9 km, rho  1.6e+04 (2.8 s)
[20:00:37]   restore  8: fuel  237.49 kg, max miss     329.4 km, rho    8e+03 (2.8 s)
[20:00:39]   restore  9: fuel  237.49 kg, max miss     329.4 km, rho  3.2e+04 (2.5 s)
[20:00:42]   restore 10: fuel  237.49 kg, max miss     328.6 km, rho  1.6e+04 (2.9 s)
[20:00:45]   restore 11: fuel  237.49 kg, max miss     328.6 km, rho  6.4e+04 (2.5 s)
[20:00:48]   restore 12: fuel  237.49 kg, max miss     328.3 km, rho  3.2e+04 (2.9 s)
[20:00:50]   restore 13: fuel  237.49 kg, max miss     328.2 km, rho  1.6e+04 (2.8 s)
[20:00:53]   restore 14: fuel  237.49 kg, max miss     328.2 km, rho  6.4e+04 (2.9 s)
[20:00:57]   restore 15: fuel  237.49 kg, max miss     327.9 km, rho  3.2e+04 (3.5 s)
[20:01:00]   restore 16: fuel  237.49 kg, max miss     327.8 km, rho  1.6e+04 (3.0 s)
[20:01:02]   restore 17: fuel  237.49 kg, max miss     327.8 km, rho  6.4e+04 (2.7 s)
[20:01:05]   restore 18: fuel  237.49 kg, max miss     327.6 km, rho  3.2e+04 (3.0 s)
[20:01:08]   restore 19: fuel  237.49 kg, max miss     327.4 km, rho  1.6e+04 (3.1 s)
[20:01:11]   restore 20: fuel  237.49 kg, max miss     327.4 km, rho  6.4e+04 (2.6 s)
[20:01:13]   restore 21: fuel  237.48 kg, max miss     327.2 km, rho  3.2e+04 (2.5 s)
[20:01:17]   restore 22: fuel  237.48 kg, max miss     327.0 km, rho  1.6e+04 (3.1 s)
[20:01:20]   restore 23: fuel  237.48 kg, max miss     327.0 km, rho  6.4e+04 (3.0 s)
[20:01:22]   restore 24: fuel  237.48 kg, max miss     326.8 km, rho  3.2e+04 (2.7 s)
[20:01:26]   restore 25: fuel  237.48 kg, max miss     326.7 km, rho  1.6e+04 (3.5 s)
[20:01:29]   restore 26: fuel  237.48 kg, max miss     326.7 km, rho    8e+03 (3.0 s)
[20:01:32]   restore 27: fuel  237.48 kg, max miss     326.7 km, rho  3.2e+04 (2.8 s)
[20:01:34]   restore 28: fuel  237.48 kg, max miss     326.0 km, rho  1.6e+04 (2.5 s)
[20:01:36]   restore 29: fuel  237.48 kg, max miss     325.9 km, rho    8e+03 (2.4 s)
[20:01:36] stage 1: fuel 237.48 kg (560 s)
[20:01:42]   restore  0: fuel  237.48 kg, max miss 290352027.8 km, rho    4e+03 (3.6 s)
[20:01:45]   restore  1: fuel  237.48 kg, max miss 290352027.8 km, rho  1.6e+04 (2.7 s)
[20:01:47]   restore  2: fuel  237.48 kg, max miss 290352027.8 km, rho  6.4e+04 (2.6 s)
[20:01:50]   restore  3: fuel  237.48 kg, max miss 290352027.8 km, rho 2.56e+05 (3.2 s)
[20:01:54]   restore  4: fuel  237.48 kg, max miss 290352027.8 km, rho 1.02e+06 (3.1 s)
[20:01:57]   restore  5: fuel  237.48 kg, max miss 290352027.8 km, rho  4.1e+06 (3.7 s)
[20:02:00]   restore  6: fuel  643.20 kg, max miss 208600827.0 km, rho 2.05e+06 (2.6 s)
[20:02:02]   restore  7: fuel  643.20 kg, max miss 208600827.0 km, rho 8.19e+06 (2.6 s)
[20:02:05]   restore  8: fuel  643.20 kg, max miss 208600827.0 km, rho 3.28e+07 (2.6 s)
[20:02:08]   restore  9: fuel  643.20 kg, max miss 208600827.0 km, rho 1.31e+08 (2.6 s)
[20:02:10]   restore 10: fuel  643.20 kg, max miss 208600827.0 km, rho 5.24e+08 (2.5 s)
[20:02:13]   restore 11: fuel  643.20 kg, max miss 208600827.0 km, rho  2.1e+09 (2.8 s)
[20:02:16]   restore 12: fuel  643.15 kg, max miss 160551304.5 km, rho 1.05e+09 (3.0 s)
[20:02:19] start results/CTOC14_Result_TEAM.txt sc5: m0 927.30, fuel 321.91, flybys 35
[20:02:19] stage 1: fuel 237.48 kg (0 s)
[20:02:24]   restore  0: fuel  207.07 kg, max miss     325.9 km, rho    4e+03 (3.1 s)
[20:02:27]   restore  1: fuel  207.07 kg, max miss     296.7 km, rho    2e+03 (2.7 s)
[20:02:32] start results/CTOC14_Result_TEAM.txt sc5: m0 927.30, fuel 321.91, flybys 35
[20:02:32] stage 1: fuel 237.48 kg (0 s)
[20:02:37]   restore  0: fuel  207.07 kg, max miss     325.9 km, rho    4e+03 (3.0 s)
[20:02:40]   restore  1: fuel  207.07 kg, max miss     296.7 km, rho    2e+03 (2.8 s)
[20:02:42]   restore  2: fuel  207.07 kg, max miss     296.7 km, rho    8e+03 (2.9 s)
[20:02:45]   restore  3: fuel  207.08 kg, max miss     281.3 km, rho    4e+03 (2.8 s)
[20:02:48]   restore  4: fuel  207.08 kg, max miss     281.3 km, rho  1.6e+04 (2.9 s)
[20:02:53]   restore  5: fuel  207.08 kg, max miss     278.4 km, rho    8e+03 (4.9 s)
[20:02:57]   restore  6: fuel  207.08 kg, max miss     278.4 km, rho  3.2e+04 (4.0 s)
[20:03:00]   restore  7: fuel  207.08 kg, max miss     277.6 km, rho  1.6e+04 (2.7 s)
[20:03:02]   restore  8: fuel  207.08 kg, max miss     277.6 km, rho  6.4e+04 (2.8 s)
[20:03:06]   restore  9: fuel  207.08 kg, max miss     277.4 km, rho  3.2e+04 (3.2 s)
[20:03:08]   restore 10: fuel  207.08 kg, max miss     277.4 km, rho 1.28e+05 (2.8 s)
[20:03:12]   restore 11: fuel  207.08 kg, max miss     277.3 km, rho  6.4e+04 (3.2 s)
[20:03:12] stage 2 (m0 808.57): fuel 207.08 kg
[20:03:21]   it   0: fuel  207.08 kg, max miss      277.3 km, median     49.1, rho      400, REJ (6.8 s)
[20:03:23]   it   1: fuel  207.08 kg, max miss      277.5 km, median     49.4, rho      280, acc a=0.05 (2.6 s)
[20:03:31]   it   2: fuel  207.08 kg, max miss      277.5 km, median     49.4, rho 1.12e+03, REJ (7.8 s)
[20:03:38]   it   3: fuel  207.08 kg, max miss      277.5 km, median     49.4, rho 4.48e+03, REJ (7.3 s)
[20:03:45]   it   4: fuel  207.08 kg, max miss      277.5 km, median     49.4, rho 1.79e+04, REJ (6.9 s)
[20:03:52]   it   5: fuel  207.08 kg, max miss      277.5 km, median     49.4, rho 7.17e+04, REJ (6.8 s)
[20:03:59]   it   6: fuel  207.08 kg, max miss      277.5 km, median     49.4, rho 2.87e+05, REJ (7.3 s)
[20:04:07]   it   7: fuel  207.08 kg, max miss      277.5 km, median     49.4, rho 1.15e+06, REJ (7.2 s)
[20:04:12]   restore  0: fuel  207.08 kg, max miss     277.5 km, rho    4e+03 (3.0 s)
[20:04:15]   restore  1: fuel  207.08 kg, max miss     277.5 km, rho  1.6e+04 (3.4 s)
[20:04:19]   restore  2: fuel  207.08 kg, max miss     277.5 km, rho  6.4e+04 (3.6 s)
[20:04:22]   restore  3: fuel  207.08 kg, max miss     277.1 km, rho  3.2e+04 (3.1 s)
[20:04:26]   restore  4: fuel  207.08 kg, max miss     277.1 km, rho 1.28e+05 (3.8 s)
[20:04:28]   restore  5: fuel  207.08 kg, max miss     277.0 km, rho  6.4e+04 (2.8 s)
[20:04:32]   restore  6: fuel  207.08 kg, max miss     277.0 km, rho 2.56e+05 (3.2 s)
[20:04:34]   restore  7: fuel  207.08 kg, max miss     277.0 km, rho 1.28e+05 (2.9 s)
[20:04:37]   restore  8: fuel  207.08 kg, max miss     277.0 km, rho 5.12e+05 (2.8 s)
[20:04:40]   restore  9: fuel  207.08 kg, max miss     277.0 km, rho 2.56e+05 (2.9 s)
[20:04:43]   restore 10: fuel  207.08 kg, max miss     277.0 km, rho 1.02e+06 (3.2 s)
[20:04:47]   restore 11: fuel  207.08 kg, max miss     277.0 km, rho 5.12e+05 (3.5 s)
[20:04:53]   restore  0: fuel  207.08 kg, max miss     277.0 km, rho    4e+03 (2.8 s)
[20:04:56]   restore  1: fuel  207.08 kg, max miss     277.0 km, rho  1.6e+04 (3.5 s)
[20:04:59]   restore  2: fuel  207.08 kg, max miss     277.0 km, rho  6.4e+04 (2.8 s)
[20:05:02]   restore  3: fuel  207.08 kg, max miss     277.0 km, rho 2.56e+05 (2.8 s)
[20:05:04]   restore  4: fuel  207.08 kg, max miss     277.0 km, rho 1.02e+06 (2.5 s)
[20:05:07]   restore  5: fuel  207.08 kg, max miss     277.0 km, rho  4.1e+06 (3.0 s)
[20:05:10]   restore  6: fuel  207.08 kg, max miss     277.0 km, rho 1.64e+07 (2.7 s)
[20:05:13]   restore  7: fuel  207.08 kg, max miss     277.0 km, rho 8.19e+06 (2.5 s)
[20:05:15]   restore  8: fuel  207.08 kg, max miss     277.0 km, rho 3.28e+07 (2.4 s)
[20:05:17]   restore  9: fuel  207.08 kg, max miss     277.0 km, rho 1.31e+08 (2.4 s)
[20:05:20]   restore 10: fuel  207.08 kg, max miss     277.0 km, rho 5.24e+08 (2.4 s)
[20:05:22]   restore 11: fuel  207.08 kg, max miss     277.0 km, rho  2.1e+09 (2.4 s)
[20:05:22] stage 3 (m0 808.58): fuel 207.08 kg (170 s)
[20:12:07] RESULT {'src': 'results/CTOC14_Result_TEAM.txt', 'sc': 5, 'ok': True, 'errors': [], 'm0': np.float64(808.5809879154561), 'fuel': np.float64(207.09536604521918), 'fuel0': 321.90919557329016, 'm0_0': 927.303843341111, 'flybys': 35, 'flybys0': 35, 'peak_thrust': 0.3142015481544616, 'J_i': 1.171183373266034, 'J_i0': 1.2884455033384785, 'runtime': 575.5437297821045}
