[19:52:16] start results/CTOC14_Result_TEAM.txt sc6: m0 829.46, fuel 224.15, flybys 17
[19:52:23]   it   0: fuel  224.14 kg, max miss      118.2 km, median      0.9, rho      400, REJ (5.5 s)
[19:52:26]   it   1: fuel  223.61 kg, max miss      461.8 km, median    217.7, rho      280, acc a=0.05 (2.3 s)
[19:52:29]   it   2: fuel  223.12 kg, max miss      902.8 km, median    409.9, rho      196, acc a=0.03 (3.5 s)
[19:52:33]   it   3: fuel  222.68 kg, max miss     1318.9 km, median    578.9, rho      137, acc a=0.02 (3.6 s)
[19:52:36]   it   4: fuel  222.29 kg, max miss     1724.7 km, median    726.3, rho       96, acc a=0.01 (3.6 s)
[19:52:40]   it   5: fuel  221.94 kg, max miss     2103.3 km, median    854.8, rho     67.2, acc a=0.01 (3.5 s)
[19:52:43]   it   6: fuel  221.65 kg, max miss     2403.0 km, median    953.2, rho     47.1, acc a=0.01 (3.5 s)
[19:52:45]   it   7: fuel  220.92 kg, max miss     4036.9 km, median   1507.0, rho     32.9, acc a=0.01 (2.0 s)
[19:52:49]   it   8: fuel  220.35 kg, max miss     4883.9 km, median   1805.0, rho     23.1, acc a=0.01 (3.5 s)
[19:52:52]   it   9: fuel  219.92 kg, max miss     5348.3 km, median   1972.9, rho     16.1, acc a=0.01 (3.6 s)
[19:52:56]   it  10: fuel  219.61 kg, max miss     5605.5 km, median   2068.8, rho     11.3, acc a=0.00 (4.0 s)
[19:52:59]   it  11: fuel  218.93 kg, max miss     6908.6 km, median   2572.8, rho     7.91, acc a=0.01 (2.1 s)
[19:53:02]   it  12: fuel  218.46 kg, max miss     7578.4 km, median   2840.3, rho     5.54, acc a=0.01 (3.5 s)
[19:53:06]   it  13: fuel  218.13 kg, max miss     7895.1 km, median   2973.9, rho     3.88, acc a=0.00 (3.6 s)
[19:53:08]   it  14: fuel  217.46 kg, max miss     9410.6 km, median   3614.7, rho     2.71, acc a=0.01 (2.0 s)
[19:53:11]   it  15: fuel  217.01 kg, max miss    10106.1 km, median   3915.2, rho      1.9, acc a=0.00 (3.5 s)
[19:53:15]   it  16: fuel  216.71 kg, max miss    10444.0 km, median   4058.5, rho     1.33, acc a=0.00 (3.7 s)
[19:53:17]   it  17: fuel  216.11 kg, max miss    11923.3 km, median   4686.6, rho    0.931, acc a=0.01 (2.2 s)
[19:53:21]   it  18: fuel  215.71 kg, max miss    12570.5 km, median   4963.0, rho    0.651, acc a=0.00 (4.0 s)
[19:53:25]   it  19: fuel  215.44 kg, max miss    12861.8 km, median   5085.9, rho    0.456, acc a=0.00 (4.1 s)
[19:53:27]   it  20: fuel  214.90 kg, max miss    14115.4 km, median   5611.9, rho    0.319, acc a=0.01 (2.3 s)
[19:53:31]   it  21: fuel  214.55 kg, max miss    14667.8 km, median   5840.5, rho    0.223, acc a=0.00 (3.8 s)
[19:53:35]   it  22: fuel  214.31 kg, max miss    14895.7 km, median   5935.9, rho    0.156, acc a=0.00 (3.8 s)
[19:53:37]   it  23: fuel  213.84 kg, max miss    15888.8 km, median   6348.1, rho    0.109, acc a=0.00 (2.0 s)
[19:53:41]   it  24: fuel  213.53 kg, max miss    16312.8 km, median   6523.0, rho   0.0766, acc a=0.00 (3.5 s)
[19:53:44]   it  25: fuel  213.33 kg, max miss    16489.0 km, median   6595.3, rho   0.0536, acc a=0.00 (3.6 s)
[19:53:46]   it  26: fuel  212.91 kg, max miss    17264.7 km, median   6913.1, rho   0.0375, acc a=0.00 (2.0 s)
[19:53:50]   it  27: fuel  212.64 kg, max miss    17591.8 km, median   7046.2, rho   0.0263, acc a=0.00 (3.5 s)
[19:53:53]   it  28: fuel  212.46 kg, max miss    17725.0 km, median   7100.5, rho   0.0184, acc a=0.00 (3.5 s)
[19:53:56]   it  29: fuel  212.10 kg, max miss    18332.3 km, median   7344.3, rho   0.0129, acc a=0.00 (2.3 s)
[19:53:59]   it  30: fuel  211.86 kg, max miss    18581.0 km, median   7444.2, rho  0.00902, acc a=0.00 (3.6 s)
[19:54:01]   it  31: fuel  211.38 kg, max miss    19651.9 km, median   7876.8, rho  0.00631, acc a=0.01 (2.0 s)
[19:54:05]   it  32: fuel  211.07 kg, max miss    20112.5 km, median   8059.2, rho  0.00442, acc a=0.00 (3.5 s)
[19:54:08]   it  33: fuel  210.86 kg, max miss    20305.5 km, median   8135.0, rho  0.00309, acc a=0.00 (3.6 s)
[19:54:10]   it  34: fuel  210.44 kg, max miss    21126.8 km, median   8462.4, rho  0.00216, acc a=0.00 (2.0 s)
[19:54:14]   it  35: fuel  210.16 kg, max miss    21470.1 km, median   8597.6, rho  0.00152, acc a=0.00 (3.5 s)
[19:54:17]   it  36: fuel  209.98 kg, max miss    21607.9 km, median   8651.5, rho  0.00106, acc a=0.00 (3.5 s)
[19:54:19]   it  37: fuel  209.61 kg, max miss    22240.7 km, median   8899.6, rho    0.001, acc a=0.00 (2.0 s)
[19:54:23]   it  38: fuel  209.37 kg, max miss    22499.9 km, median   9000.8, rho    0.001, acc a=0.00 (3.5 s)
[19:54:25]   it  39: fuel  208.89 kg, max miss    23636.8 km, median   9447.4, rho    0.001, acc a=0.01 (2.2 s)
[19:54:30]   it  40: fuel  208.57 kg, max miss    24108.1 km, median   9631.2, rho    0.001, acc a=0.00 (4.5 s)
[19:54:34]   it  41: fuel  208.36 kg, max miss    24296.2 km, median   9703.7, rho    0.001, acc a=0.00 (4.3 s)
[19:54:36]   it  42: fuel  207.93 kg, max miss    25179.8 km, median  10043.8, rho    0.001, acc a=0.00 (2.4 s)
[19:54:41]   it  43: fuel  207.65 kg, max miss    25533.2 km, median  10180.2, rho    0.001, acc a=0.00 (4.4 s)
[19:54:45]   it  44: fuel  207.47 kg, max miss    25665.7 km, median  10231.9, rho    0.001, acc a=0.00 (3.8 s)
[19:54:47]   it  45: fuel  207.10 kg, max miss    26332.0 km, median  10487.5, rho    0.001, acc a=0.00 (2.0 s)
[19:54:50]   it  46: fuel  206.85 kg, max miss    26596.1 km, median  10588.4, rho    0.001, acc a=0.00 (3.6 s)
[19:54:52]   it  47: fuel  206.36 kg, max miss    27794.3 km, median  11048.4, rho    0.001, acc a=0.01 (2.1 s)
[19:54:56]   it  48: fuel  206.04 kg, max miss    28282.7 km, median  11234.8, rho    0.001, acc a=0.00 (3.9 s)
[19:55:00]   it  49: fuel  205.83 kg, max miss    28482.8 km, median  11309.0, rho    0.001, acc a=0.00 (3.6 s)
[19:55:02]   it  50: fuel  205.40 kg, max miss    29393.5 km, median  11655.6, rho    0.001, acc a=0.01 (2.0 s)
[19:55:05]   it  51: fuel  205.12 kg, max miss    29756.4 km, median  11793.0, rho    0.001, acc a=0.00 (3.6 s)
[19:55:09]   it  52: fuel  204.93 kg, max miss    29899.6 km, median  11845.8, rho    0.001, acc a=0.00 (3.9 s)
[19:55:12]   it  53: fuel  204.55 kg, max miss    30578.5 km, median  12102.9, rho    0.001, acc a=0.00 (2.4 s)
[19:55:16]   it  54: fuel  204.31 kg, max miss    30851.5 km, median  12205.2, rho    0.001, acc a=0.00 (3.9 s)
[19:55:18]   it  55: fuel  203.81 kg, max miss    32102.6 km, median  12677.5, rho    0.001, acc a=0.01 (2.1 s)
[19:55:22]   it  56: fuel  203.48 kg, max miss    32612.1 km, median  12868.1, rho    0.001, acc a=0.00 (3.9 s)
[19:55:26]   it  57: fuel  203.27 kg, max miss    32802.6 km, median  12938.8, rho    0.001, acc a=0.00 (4.5 s)
[19:55:28]   it  58: fuel  202.84 kg, max miss    33742.2 km, median  13292.0, rho    0.001, acc a=0.01 (2.3 s)
[19:55:33]   it  59: fuel  202.55 kg, max miss    34113.5 km, median  13430.5, rho    0.001, acc a=0.00 (4.4 s)
[19:55:37]   it  60: fuel  202.36 kg, max miss    34242.2 km, median  13478.8, rho    0.001, acc a=0.00 (3.9 s)
[19:55:39]   it  61: fuel  201.98 kg, max miss    34913.7 km, median  13733.5, rho    0.001, acc a=0.00 (2.2 s)
[19:55:43]   it  62: fuel  201.73 kg, max miss    35175.2 km, median  13831.3, rho    0.001, acc a=0.00 (4.2 s)
[19:55:45]   it  63: fuel  201.23 kg, max miss    36449.7 km, median  14311.7, rho    0.001, acc a=0.01 (2.3 s)
[19:55:49]   it  64: fuel  200.90 kg, max miss    36950.1 km, median  14500.4, rho    0.001, acc a=0.00 (3.9 s)
[19:55:53]   it  65: fuel  200.68 kg, max miss    37136.6 km, median  14570.0, rho    0.001, acc a=0.00 (3.9 s)
[19:55:56]   it  66: fuel  200.25 kg, max miss    38068.8 km, median  14921.8, rho    0.001, acc a=0.01 (2.6 s)
[19:56:00]   it  67: fuel  199.96 kg, max miss    38432.6 km, median  15057.5, rho    0.001, acc a=0.00 (3.9 s)
[19:56:04]   it  68: fuel  199.77 kg, max miss    38564.3 km, median  15105.1, rho    0.001, acc a=0.00 (3.8 s)
[19:56:06]   it  69: fuel  199.39 kg, max miss    39257.1 km, median  15364.7, rho    0.001, acc a=0.00 (2.3 s)
[19:56:10]   it  70: fuel  199.13 kg, max miss    39516.6 km, median  15461.5, rho    0.001, acc a=0.00 (4.1 s)
[19:56:12]   it  71: fuel  198.63 kg, max miss    40776.1 km, median  15939.1, rho    0.001, acc a=0.01 (2.4 s)
[19:56:16]   it  72: fuel  198.30 kg, max miss    41258.2 km, median  16122.0, rho    0.001, acc a=0.00 (3.9 s)
[19:56:20]   it  73: fuel  198.08 kg, max miss    41431.2 km, median  16186.6, rho    0.001, acc a=0.00 (4.0 s)
[19:56:23]   it  74: fuel  197.64 kg, max miss    42378.6 km, median  16542.2, rho    0.001, acc a=0.01 (2.2 s)
[19:56:27]   it  75: fuel  197.35 kg, max miss    42735.2 km, median  16675.5, rho    0.001, acc a=0.00 (4.6 s)
[19:56:31]   it  76: fuel  197.15 kg, max miss    42850.5 km, median  16718.4, rho    0.001, acc a=0.00 (4.1 s)
[19:56:34]   it  77: fuel  196.77 kg, max miss    43551.4 km, median  16980.9, rho    0.001, acc a=0.01 (2.3 s)
[19:56:38]   it  78: fuel  196.51 kg, max miss    43794.2 km, median  17072.2, rho    0.001, acc a=0.00 (4.1 s)
[19:56:42]   it  79: fuel  196.34 kg, max miss    43869.7 km, median  17099.6, rho    0.001, acc a=0.00 (4.8 s)
[19:56:45]   it  80: fuel  196.01 kg, max miss    44375.5 km, median  17289.4, rho    0.001, acc a=0.00 (2.7 s)
[19:56:50]   it  81: fuel  195.78 kg, max miss    44536.0 km, median  17351.1, rho    0.001, acc a=0.00 (4.5 s)
[19:56:52]   it  82: fuel  195.34 kg, max miss    45492.7 km, median  17713.2, rho    0.001, acc a=0.01 (2.8 s)
[19:56:58]   it  83: fuel  195.04 kg, max miss    45841.2 km, median  17844.8, rho    0.001, acc a=0.00 (5.9 s)
[19:57:03]   it  84: fuel  194.85 kg, max miss    45954.3 km, median  17886.6, rho    0.001, acc a=0.00 (4.6 s)
[19:57:05]   it  85: fuel  194.46 kg, max miss    46646.1 km, median  18149.7, rho    0.001, acc a=0.01 (2.5 s)
[19:57:10]   it  86: fuel  194.20 kg, max miss    46890.4 km, median  18241.6, rho    0.001, acc a=0.00 (4.4 s)
[19:57:14]   it  87: fuel  194.03 kg, max miss    46960.2 km, median  18267.2, rho    0.001, acc a=0.00 (4.2 s)
[19:57:16]   it  88: fuel  193.69 kg, max miss    47462.0 km, median  18456.7, rho    0.001, acc a=0.00 (2.4 s)
[19:57:21]   it  89: fuel  193.46 kg, max miss    47627.8 km, median  18519.1, rho    0.001, acc a=0.00 (4.6 s)
[19:57:24]   it  90: fuel  193.01 kg, max miss    48592.0 km, median  18886.5, rho    0.001, acc a=0.01 (2.7 s)
[19:57:29]   it  91: fuel  192.71 kg, max miss    48934.3 km, median  19017.6, rho    0.001, acc a=0.00 (5.5 s)
[19:57:33]   it  92: fuel  192.51 kg, max miss    49041.1 km, median  19057.0, rho    0.001, acc a=0.00 (3.9 s)
[19:57:35]   it  93: fuel  192.12 kg, max miss    49731.9 km, median  19321.7, rho    0.001, acc a=0.01 (2.1 s)
[19:57:40]   it  94: fuel  191.86 kg, max miss    49962.6 km, median  19410.6, rho    0.001, acc a=0.00 (5.0 s)
[19:57:44]   it  95: fuel  191.68 kg, max miss    50024.6 km, median  19433.5, rho    0.001, acc a=0.00 (3.7 s)
[19:57:46]   it  96: fuel  191.34 kg, max miss    50514.4 km, median  19622.6, rho    0.001, acc a=0.01 (2.1 s)
[19:57:50]   it  97: fuel  191.11 kg, max miss    50663.1 km, median  19680.5, rho    0.001, acc a=0.00 (3.6 s)
[19:57:52]   it  98: fuel  190.66 kg, max miss    51625.3 km, median  20052.9, rho    0.001, acc a=0.01 (2.0 s)
[19:57:57]   it  99: fuel  190.35 kg, max miss    51962.5 km, median  20183.5, rho    0.001, acc a=0.00 (5.1 s)
[19:58:00]   it 100: fuel  190.16 kg, max miss    52056.2 km, median  20219.6, rho    0.001, acc a=0.00 (3.7 s)
[19:58:03]   it 101: fuel  189.76 kg, max miss    52746.4 km, median  20486.8, rho    0.001, acc a=0.01 (2.1 s)
[19:58:08]   it 102: fuel  189.49 kg, max miss    52973.2 km, median  20574.3, rho    0.001, acc a=0.00 (5.1 s)
[19:58:13]   it 103: fuel  189.32 kg, max miss    53020.0 km, median  20592.8, rho    0.001, acc a=0.00 (5.8 s)
[19:58:16]   it 104: fuel  188.97 kg, max miss    53497.4 km, median  20779.3, rho    0.001, acc a=0.01 (2.5 s)
[19:58:20]   it 105: fuel  188.74 kg, max miss    53635.2 km, median  20834.3, rho    0.001, acc a=0.00 (4.4 s)
[19:58:23]   it 106: fuel  188.28 kg, max miss    54574.0 km, median  21203.8, rho    0.001, acc a=0.01 (2.3 s)
[19:58:28]   it 107: fuel  187.98 kg, max miss    54888.4 km, median  21328.8, rho    0.001, acc a=0.00 (5.0 s)
[19:58:32]   it 108: fuel  187.78 kg, max miss    54974.5 km, median  21362.3, rho    0.001, acc a=0.00 (4.1 s)
[19:58:34]   it 109: fuel  187.38 kg, max miss    55642.9 km, median  21627.1, rho    0.001, acc a=0.01 (2.3 s)
[19:58:38]   it 110: fuel  187.11 kg, max miss    55856.2 km, median  21711.4, rho    0.001, acc a=0.00 (4.1 s)
[19:58:40]   it 111: fuel  186.58 kg, max miss    57133.2 km, median  22221.0, rho    0.001, acc a=0.01 (2.2 s)
[19:58:44]   it 112: fuel  186.23 kg, max miss    57576.2 km, median  22398.8, rho    0.001, acc a=0.01 (3.7 s)
[19:58:48]   it 113: fuel  186.00 kg, max miss    57691.8 km, median  22445.6, rho    0.001, acc a=0.00 (3.7 s)
[19:58:50]   it 114: fuel  185.54 kg, max miss    58596.8 km, median  22809.0, rho    0.001, acc a=0.01 (2.0 s)
[19:58:54]   it 115: fuel  185.24 kg, max miss    58879.9 km, median  22925.2, rho    0.001, acc a=0.01 (3.6 s)
[19:58:58]   it 116: fuel  185.04 kg, max miss    58934.1 km, median  22948.6, rho    0.001, acc a=0.00 (4.3 s)
[19:59:00]   it 117: fuel  184.64 kg, max miss    59551.5 km, median  23200.6, rho    0.001, acc a=0.01 (2.3 s)
[19:59:05]   it 118: fuel  184.37 kg, max miss    59734.2 km, median  23275.9, rho    0.001, acc a=0.00 (4.4 s)
[19:59:07]   it 119: fuel  183.85 kg, max miss    60925.8 km, median  23766.7, rho    0.001, acc a=0.01 (2.2 s)
[19:59:11]   restore  0: fuel  180.24 kg, max miss   13659.9 km, rho      500 (2.5 s)
[19:59:14]   restore  1: fuel  180.24 kg, max miss   13659.9 km, rho    2e+03 (2.4 s)
[19:59:16]   restore  2: fuel  178.52 kg, max miss    3046.8 km, rho    1e+03 (2.1 s)
[19:59:18]   restore  3: fuel  178.52 kg, max miss    3046.8 km, rho    4e+03 (2.3 s)
[19:59:20]   restore  4: fuel  177.68 kg, max miss     753.4 km, rho    2e+03 (2.1 s)
[19:59:23]   restore  5: fuel  177.68 kg, max miss     753.4 km, rho    8e+03 (2.4 s)
[19:59:25]   restore  6: fuel  177.27 kg, max miss     179.8 km, rho    4e+03 (2.9 s)
[19:59:28]   restore  7: fuel  177.27 kg, max miss     179.8 km, rho  1.6e+04 (2.7 s)
[19:59:31]   restore  8: fuel  177.07 kg, max miss      66.3 km, rho    8e+03 (2.7 s)
[19:59:33]   restore  9: fuel  177.07 kg, max miss      66.3 km, rho  3.2e+04 (2.2 s)
[19:59:36]   restore 10: fuel  176.96 kg, max miss      63.1 km, rho  1.6e+04 (3.0 s)
[19:59:39]   restore 11: fuel  176.96 kg, max miss      63.1 km, rho  6.4e+04 (3.1 s)
[19:59:43]   restore 12: fuel  176.91 kg, max miss      62.9 km, rho  3.2e+04 (3.5 s)
[19:59:46]   restore 13: fuel  176.91 kg, max miss      62.9 km, rho 1.28e+05 (3.4 s)
[19:59:49]   restore 14: fuel  176.89 kg, max miss      62.8 km, rho  6.4e+04 (2.6 s)
[19:59:51]   restore 15: fuel  176.89 kg, max miss      62.8 km, rho 2.56e+05 (2.6 s)
[19:59:54]   restore 16: fuel  176.87 kg, max miss      62.8 km, rho 1.28e+05 (2.7 s)
[19:59:57]   restore 17: fuel  176.87 kg, max miss      62.8 km, rho 5.12e+05 (3.3 s)
[20:00:01]   restore 18: fuel  176.87 kg, max miss      62.8 km, rho 2.56e+05 (3.7 s)
[20:00:04]   restore 19: fuel  176.87 kg, max miss      62.8 km, rho 1.02e+06 (2.9 s)
[20:00:08]   restore 20: fuel  176.86 kg, max miss      62.8 km, rho 5.12e+05 (4.3 s)
[20:00:11]   restore 21: fuel  176.86 kg, max miss      62.8 km, rho 2.05e+06 (2.9 s)
[20:00:14]   restore 22: fuel  176.86 kg, max miss      62.8 km, rho 8.19e+06 (2.7 s)
[20:00:17]   restore 23: fuel  176.86 kg, max miss      62.8 km, rho 3.28e+07 (3.0 s)
[20:00:20]   restore 24: fuel  176.86 kg, max miss      62.8 km, rho 1.31e+08 (3.0 s)
[20:00:23]   restore 25: fuel  176.86 kg, max miss      62.8 km, rho 5.24e+08 (2.9 s)
[20:00:25]   restore 26: fuel  176.86 kg, max miss      62.8 km, rho  2.1e+09 (2.4 s)
[20:00:28]   restore 27: fuel  176.86 kg, max miss      62.8 km, rho 8.39e+09 (3.3 s)
[20:00:31]   restore 28: fuel  176.86 kg, max miss      62.8 km, rho 4.19e+09 (2.8 s)
[20:00:34]   restore 29: fuel  176.86 kg, max miss      62.8 km, rho 1.68e+10 (2.5 s)
[20:00:34] stage 1: fuel 176.86 kg (497 s)
[20:00:38]   restore  0: fuel  176.86 kg, max miss 80211784.6 km, rho    4e+03 (2.3 s)
[20:00:40]   restore  1: fuel  176.86 kg, max miss 80211784.6 km, rho  1.6e+04 (2.4 s)
[20:00:43]   restore  2: fuel  176.86 kg, max miss 80211784.6 km, rho  6.4e+04 (2.5 s)
[20:00:45]   restore  3: fuel  176.86 kg, max miss 80211784.6 km, rho 2.56e+05 (2.3 s)
[20:00:48]   restore  4: fuel  255.02 kg, max miss 73200147.3 km, rho 1.28e+05 (2.5 s)
[20:00:50]   restore  5: fuel  223.83 kg, max miss 20795644.8 km, rho  6.4e+04 (2.3 s)
[20:00:52]   restore  6: fuel  220.11 kg, max miss 3313542.1 km, rho  3.2e+04 (2.5 s)
[20:00:55]   restore  7: fuel  217.92 kg, max miss   44138.7 km, rho  1.6e+04 (2.8 s)
[20:00:58]   restore  8: fuel  217.62 kg, max miss     149.0 km, rho    8e+03 (2.7 s)
[20:01:00]   restore  9: fuel  217.62 kg, max miss     149.0 km, rho  3.2e+04 (2.5 s)
[20:01:03]   restore 10: fuel  217.48 kg, max miss      72.0 km, rho  1.6e+04 (2.3 s)
[20:01:05]   restore 11: fuel  217.48 kg, max miss      72.0 km, rho  6.4e+04 (2.6 s)
[20:01:08]   restore 12: fuel  217.41 kg, max miss      71.3 km, rho  3.2e+04 (2.6 s)
[20:01:10]   restore 13: fuel  217.41 kg, max miss      71.3 km, rho 1.28e+05 (2.3 s)
[20:01:12]   restore 14: fuel  217.38 kg, max miss      71.2 km, rho  6.4e+04 (2.2 s)
[20:01:15]   restore 15: fuel  217.38 kg, max miss      71.2 km, rho 2.56e+05 (2.4 s)
[20:01:17]   restore 16: fuel  217.36 kg, max miss      71.2 km, rho 1.28e+05 (2.6 s)
[20:01:20]   restore 17: fuel  217.36 kg, max miss      71.2 km, rho 5.12e+05 (2.8 s)
[20:01:23]   restore 18: fuel  217.35 kg, max miss      71.1 km, rho 2.56e+05 (2.3 s)
[20:01:26]   restore 19: fuel  217.35 kg, max miss      71.1 km, rho 1.02e+06 (3.1 s)
[20:01:28]   restore 20: fuel  217.35 kg, max miss      71.1 km, rho  4.1e+06 (2.6 s)
[20:01:31]   restore 21: fuel  217.35 kg, max miss      71.1 km, rho 2.05e+06 (2.5 s)
[20:01:33]   restore 22: fuel  217.35 kg, max miss      71.1 km, rho 1.02e+06 (2.2 s)
[20:01:35]   restore 23: fuel  217.35 kg, max miss      71.1 km, rho  4.1e+06 (2.2 s)
[20:01:37]   restore 24: fuel  217.35 kg, max miss      71.1 km, rho 2.05e+06 (2.1 s)
[20:01:39]   restore 25: fuel  217.35 kg, max miss      71.1 km, rho 1.02e+06 (2.2 s)
[20:01:43]   restore 26: fuel  217.35 kg, max miss      71.1 km, rho  4.1e+06 (3.4 s)
[20:01:45]   restore 27: fuel  217.35 kg, max miss      71.1 km, rho 1.64e+07 (2.2 s)
[20:01:47]   restore 28: fuel  217.35 kg, max miss      71.1 km, rho 6.55e+07 (2.3 s)
[20:01:50]   restore 29: fuel  217.35 kg, max miss      71.1 km, rho 3.28e+07 (2.7 s)
[20:01:50] stage 2 (m0 778.36): fuel 217.35 kg
[20:01:59]   it   0: fuel  215.82 kg, max miss     2518.2 km, median    827.9, rho       70, acc a=0.05 (7.0 s)
[20:02:03]   it   1: fuel  214.53 kg, max miss     4162.8 km, median   1314.8, rho       49, acc a=0.03 (4.2 s)
[20:02:05]   it   2: fuel  211.38 kg, max miss    14618.4 km, median   4203.1, rho     34.3, acc a=0.07 (2.2 s)
[20:02:10]   it   3: fuel  208.92 kg, max miss    20900.6 km, median   5843.0, rho       24, acc a=0.04 (4.0 s)
[20:02:14]   it   4: fuel  207.02 kg, max miss    24648.6 km, median   6749.6, rho     16.8, acc a=0.03 (4.4 s)
[20:02:19] start results/CTOC14_Result_TEAM.txt sc6: m0 829.46, fuel 224.15, flybys 17
[20:02:19] stage 1: fuel 176.86 kg (0 s)
[20:02:19] stage 2 (m0 778.36): fuel 217.35 kg
[20:02:28]   it   0: fuel  215.84 kg, max miss     2220.7 km, median    799.1, rho      150, acc a=0.05 (6.5 s)
[20:02:32] start results/CTOC14_Result_TEAM.txt sc6: m0 829.46, fuel 224.15, flybys 17
[20:02:32] stage 1: fuel 176.86 kg (0 s)
[20:02:34] stage 2 (m0 764.52): fuel 163.02 kg
[20:02:42]   it   0: fuel  163.02 kg, max miss       62.8 km, median     30.5, rho      400, REJ (6.4 s)
[20:02:44]   it   1: fuel  162.66 kg, max miss      305.5 km, median    194.2, rho      280, acc a=0.05 (2.5 s)
[20:02:49]   it   2: fuel  162.33 kg, max miss      585.5 km, median    359.2, rho      420, acc a=0.03 (4.7 s)
[20:02:53]   it   3: fuel  161.88 kg, max miss     1030.5 km, median    663.1, rho      294, acc a=0.07 (4.2 s)
[20:02:59]   it   4: fuel  161.48 kg, max miss     1441.5 km, median    909.4, rho      441, acc a=0.04 (5.3 s)
[20:03:01]   it   5: fuel  160.91 kg, max miss     2063.2 km, median   1354.1, rho      309, acc a=0.09 (2.5 s)
[20:03:06]   it   6: fuel  160.40 kg, max miss     2633.1 km, median   1708.4, rho      463, acc a=0.06 (4.7 s)
[20:03:08]   it   7: fuel  159.69 kg, max miss     3473.3 km, median   2341.0, rho      324, acc a=0.12 (2.4 s)
[20:03:13]   it   8: fuel  159.06 kg, max miss     4256.0 km, median   2842.9, rho      486, acc a=0.08 (4.7 s)
[20:03:15]   it   9: fuel  158.19 kg, max miss     5279.0 km, median   3698.4, rho      340, acc a=0.16 (2.4 s)
[20:03:20]   it  10: fuel  157.41 kg, max miss     6241.2 km, median   4356.8, rho      511, acc a=0.11 (4.3 s)
[20:03:22]   it  11: fuel  156.34 kg, max miss     7324.2 km, median   5442.0, rho      357, acc a=0.21 (2.3 s)
[20:03:27]   it  12: fuel  155.40 kg, max miss     8334.1 km, median   6224.9, rho      536, acc a=0.14 (4.8 s)
[20:03:29]   it  13: fuel  154.10 kg, max miss     9047.5 km, median   7129.3, rho      375, acc a=0.28 (2.3 s)
[20:03:34]   it  14: fuel  152.98 kg, max miss     9670.6 km, median   7581.3, rho      563, acc a=0.19 (5.1 s)
[20:03:37]   it  15: fuel  151.45 kg, max miss     9189.7 km, median   6962.9, rho      394, acc a=0.37 (2.4 s)
[20:03:39]   it  16: fuel  147.65 kg, max miss    23765.0 km, median   9602.7, rho      276, acc a=0.75 (2.3 s)
[20:03:43]   it  17: fuel  145.80 kg, max miss    18899.1 km, median   7850.4, rho      414, acc a=0.33 (4.5 s)
[20:03:46]   it  18: fuel  143.38 kg, max miss    35334.8 km, median   7920.6, rho      290, acc a=0.67 (2.5 s)
[20:03:50]   it  19: fuel  142.00 kg, max miss    33490.1 km, median   6166.8, rho      434, acc a=0.33 (4.2 s)
[20:03:55]   it  20: fuel  141.39 kg, max miss    28998.5 km, median   4947.3, rho      652, acc a=0.22 (4.5 s)
[20:03:57]   it  21: fuel  140.57 kg, max miss    24517.7 km, median   2951.7, rho      456, acc a=0.44 (2.6 s)
[20:04:02]   it  22: fuel  139.87 kg, max miss    21986.2 km, median   2264.4, rho      684, acc a=0.30 (4.3 s)
[20:04:04]   it  23: fuel  138.96 kg, max miss    21939.5 km, median   1686.6, rho      479, acc a=0.59 (2.3 s)
[20:04:08]   it  24: fuel  138.32 kg, max miss    19628.8 km, median   1554.6, rho      718, acc a=0.33 (4.4 s)
[20:04:11]   it  25: fuel  137.47 kg, max miss    15928.0 km, median   1258.4, rho      503, acc a=0.67 (2.6 s)
[20:04:16]   it  26: fuel  136.95 kg, max miss    13297.3 km, median    872.1, rho      754, acc a=0.33 (4.7 s)
[20:04:19]   it  27: fuel  136.26 kg, max miss    10221.7 km, median    759.4, rho      528, acc a=0.67 (3.1 s)
[20:04:24]   it  28: fuel  135.83 kg, max miss     8678.5 km, median    771.0, rho      792, acc a=0.33 (4.8 s)
[20:04:27]   it  29: fuel  135.27 kg, max miss     6892.7 km, median    544.5, rho      554, acc a=0.67 (3.1 s)
[20:04:31]   it  30: fuel  134.91 kg, max miss     5965.7 km, median    551.3, rho      832, acc a=0.33 (4.7 s)
[20:04:34]   it  31: fuel  134.44 kg, max miss     4860.6 km, median    516.0, rho      582, acc a=0.67 (2.7 s)
[20:04:39]   it  32: fuel  134.14 kg, max miss     4243.6 km, median    509.5, rho      873, acc a=0.33 (4.7 s)
[20:04:41]   it  33: fuel  133.74 kg, max miss     3487.0 km, median    459.7, rho      611, acc a=0.67 (2.7 s)
[20:04:47]   it  34: fuel  133.48 kg, max miss     3061.9 km, median    416.5, rho      917, acc a=0.33 (5.5 s)
[20:04:50]   it  35: fuel  133.14 kg, max miss     2491.8 km, median    342.1, rho      642, acc a=0.67 (3.6 s)
[20:04:56]   it  36: fuel  132.92 kg, max miss     2207.7 km, median    331.5, rho      963, acc a=0.33 (5.3 s)
[20:04:58]   it  37: fuel  132.62 kg, max miss     1848.0 km, median    291.9, rho      674, acc a=0.67 (2.6 s)
[20:05:03]   it  38: fuel  132.42 kg, max miss     1650.2 km, median    283.6, rho 1.01e+03, acc a=0.33 (4.3 s)
[20:05:05]   it  39: fuel  132.15 kg, max miss     1398.0 km, median    250.4, rho      708, acc a=0.67 (2.2 s)
[20:05:09]   it  40: fuel  131.98 kg, max miss     1269.5 km, median    242.0, rho 1.06e+03, acc a=0.33 (4.3 s)
[20:05:11]   it  41: fuel  131.74 kg, max miss     1082.6 km, median    215.5, rho      743, acc a=0.67 (2.2 s)
[20:05:13]   it  42: fuel  131.27 kg, max miss     2686.9 km, median    576.5, rho      520, acc a=1.00 (2.1 s)
[20:05:16]   it  43: fuel  130.67 kg, max miss     4380.7 km, median   1060.4, rho      364, acc a=1.00 (2.2 s)
[20:05:20]   it  44: fuel  130.42 kg, max miss     3600.8 km, median    915.6, rho      546, acc a=0.33 (3.9 s)
[20:05:22]   it  45: fuel  130.09 kg, max miss     2553.3 km, median    664.1, rho      382, acc a=0.67 (2.2 s)
[20:05:26]   it  46: fuel  129.87 kg, max miss     2203.6 km, median    613.7, rho      573, acc a=0.33 (4.5 s)
[20:05:29]   it  47: fuel  129.59 kg, max miss     1724.0 km, median    506.9, rho      401, acc a=0.67 (2.6 s)
[20:05:33]   it  48: fuel  129.41 kg, max miss     1504.2 km, median    480.6, rho      602, acc a=0.33 (4.3 s)
[20:05:36]   it  49: fuel  129.16 kg, max miss     1175.6 km, median    415.1, rho      421, acc a=0.67 (2.4 s)
[20:05:40]   it  50: fuel  129.00 kg, max miss     1020.2 km, median    394.3, rho      632, acc a=0.33 (4.5 s)
[20:05:43]   it  51: fuel  128.79 kg, max miss      781.2 km, median    345.1, rho      442, acc a=0.67 (3.4 s)
[20:05:46]   it  52: fuel  128.38 kg, max miss     1717.8 km, median    867.4, rho      310, acc a=1.00 (2.7 s)
[20:05:48]   it  53: fuel  127.88 kg, max miss     2562.1 km, median   1156.2, rho      217, acc a=1.00 (2.4 s)
[20:05:51]   it  54: fuel  127.30 kg, max miss     4365.4 km, median   1356.4, rho      152, acc a=1.00 (2.8 s)
[20:05:57]   it  55: fuel  127.07 kg, max miss     3693.2 km, median   1157.9, rho      228, acc a=0.33 (5.6 s)
[20:05:59]   it  56: fuel  126.77 kg, max miss     2643.7 km, median    815.2, rho      159, acc a=0.67 (2.2 s)
[20:06:03]   it  57: fuel  126.59 kg, max miss     2365.9 km, median    999.6, rho      239, acc a=0.33 (4.0 s)
[20:06:05]   it  58: fuel  126.33 kg, max miss     1889.1 km, median   1066.1, rho      167, acc a=0.67 (2.4 s)
[20:06:10]   it  59: fuel  126.18 kg, max miss     1730.1 km, median   1035.5, rho      251, acc a=0.33 (4.1 s)
[20:06:14]   restore  0: fuel  126.08 kg, max miss     254.1 km, rho      500 (2.3 s)
[20:06:16]   restore  1: fuel  126.08 kg, max miss     254.1 km, rho    2e+03 (2.3 s)
[20:06:18]   restore  2: fuel  126.03 kg, max miss      82.5 km, rho    1e+03 (2.2 s)
[20:06:20] stage 3 (m0 720.23): fuel 118.73 kg (228 s)
[20:12:31] RESULT {'src': 'results/CTOC14_Result_TEAM.txt', 'sc': 6, 'ok': True, 'errors': [], 'm0': np.float64(720.2268493228488), 'fuel': np.float64(118.72683871884522), 'fuel0': 224.14932787242662, 'm0_0': 829.4608284598306, 'flybys': 17, 'flybys0': 17, 'peak_thrust': 0.08442232967390075, 'J_i': 1.093251063443922, 'J_i0': 1.190763995735324, 'runtime': 599.3750960826874}
