[19:52:16] start results/CTOC14_Result_TEAM.txt sc7: m0 1100.77, fuel 493.39, flybys 24
[19:52:23]   it   0: fuel  491.65 kg, max miss     1669.7 km, median    569.7, rho       70, acc a=0.05 (5.6 s)
[19:52:27]   it   1: fuel  490.03 kg, max miss     2956.5 km, median    996.8, rho       49, acc a=0.03 (4.0 s)
[19:52:30]   it   2: fuel  485.82 kg, max miss    11996.2 km, median   3901.3, rho     34.3, acc a=0.07 (2.1 s)
[19:52:33]   it   3: fuel  482.32 kg, max miss    17507.9 km, median   5606.2, rho       24, acc a=0.04 (3.7 s)
[19:52:37]   it   4: fuel  479.48 kg, max miss    20837.0 km, median   6584.7, rho     16.8, acc a=0.03 (3.6 s)
[19:52:40]   it   5: fuel  477.21 kg, max miss    22968.9 km, median   7162.8, rho     11.8, acc a=0.02 (3.6 s)
[19:52:44]   it   6: fuel  475.43 kg, max miss    24454.9 km, median   7532.5, rho     8.24, acc a=0.01 (3.6 s)
[19:52:46]   it   7: fuel  471.34 kg, max miss    35021.4 km, median  10090.8, rho     5.76, acc a=0.03 (2.0 s)
[19:52:50]   it   8: fuel  468.34 kg, max miss    41715.5 km, median  11688.9, rho     4.04, acc a=0.02 (3.6 s)
[19:52:53]   it   9: fuel  466.20 kg, max miss    45778.7 km, median  12670.1, rho     2.82, acc a=0.01 (3.6 s)
[19:52:57]   it  10: fuel  464.72 kg, max miss    48028.5 km, median  13216.1, rho     1.98, acc a=0.01 (4.0 s)
[19:53:01]   it  11: fuel  463.70 kg, max miss    49193.3 km, median  13500.4, rho     1.38, acc a=0.01 (3.7 s)
[19:53:05]   it  12: fuel  463.00 kg, max miss    49734.0 km, median  13630.6, rho    0.969, acc a=0.00 (3.6 s)
[19:53:07]   it  13: fuel  461.60 kg, max miss    52442.0 km, median  14292.4, rho    0.678, acc a=0.01 (2.0 s)
[19:53:10]   it  14: fuel  460.67 kg, max miss    53609.6 km, median  14574.9, rho    0.475, acc a=0.00 (3.6 s)
[19:53:15]   it  15: fuel  460.67 kg, max miss    53609.6 km, median  14574.9, rho      1.9, REJ (5.3 s)
[19:53:19]   it  16: fuel  459.39 kg, max miss    55499.8 km, median  15043.6, rho     1.33, acc a=0.01 (3.9 s)
[19:53:23]   it  17: fuel  458.52 kg, max miss    56380.9 km, median  15261.2, rho    0.931, acc a=0.00 (3.9 s)
[19:53:26]   it  18: fuel  456.78 kg, max miss    60686.4 km, median  16335.8, rho    0.651, acc a=0.01 (2.6 s)
[19:53:30]   it  19: fuel  455.62 kg, max miss    62534.9 km, median  16795.1, rho    0.456, acc a=0.01 (4.0 s)
[19:53:35]   it  20: fuel  455.62 kg, max miss    62534.9 km, median  16795.1, rho     1.82, REJ (5.5 s)
[19:53:39]   it  21: fuel  454.38 kg, max miss    64249.6 km, median  17227.1, rho     1.28, acc a=0.01 (3.6 s)
[19:53:43]   it  22: fuel  453.54 kg, max miss    65044.0 km, median  17428.3, rho    0.894, acc a=0.00 (3.6 s)
[19:53:45]   it  23: fuel  451.85 kg, max miss    68987.2 km, median  18431.5, rho    0.626, acc a=0.01 (2.1 s)
[19:53:50]   it  24: fuel  451.51 kg, max miss    69709.8 km, median  18665.4, rho    0.438, acc a=0.00 (5.1 s)
[19:53:54]   it  25: fuel  451.28 kg, max miss    70183.9 km, median  18821.2, rho    0.307, acc a=0.00 (3.6 s)
[19:53:59]   it  26: fuel  451.28 kg, max miss    70183.9 km, median  18821.2, rho     1.23, REJ (5.6 s)
[19:54:03]   it  27: fuel  450.05 kg, max miss    72059.7 km, median  19304.6, rho    0.858, acc a=0.01 (3.6 s)
[19:54:06]   it  28: fuel  449.22 kg, max miss    72850.4 km, median  19507.5, rho    0.601, acc a=0.00 (3.6 s)
[19:54:12]   it  29: fuel  449.22 kg, max miss    72850.4 km, median  19507.5, rho      2.4, REJ (5.3 s)
[19:54:15]   it  30: fuel  448.06 kg, max miss    74148.1 km, median  19844.7, rho     1.68, acc a=0.01 (3.6 s)
[19:54:19]   it  31: fuel  447.27 kg, max miss    74735.3 km, median  19997.0, rho     1.18, acc a=0.00 (3.6 s)
[19:54:21]   it  32: fuel  445.66 kg, max miss    78105.6 km, median  20883.5, rho    0.824, acc a=0.01 (2.1 s)
[19:54:25]   it  33: fuel  444.59 kg, max miss    79519.5 km, median  21254.6, rho    0.577, acc a=0.01 (3.7 s)
[19:54:31]   it  34: fuel  444.59 kg, max miss    79519.5 km, median  21254.6, rho     2.31, REJ (6.9 s)
[19:54:36]   it  35: fuel  443.46 kg, max miss    80709.9 km, median  21569.4, rho     1.62, acc a=0.01 (4.6 s)
[19:54:41]   it  36: fuel  442.69 kg, max miss    81223.4 km, median  21705.4, rho     1.13, acc a=0.00 (4.7 s)
[19:54:43]   it  37: fuel  441.13 kg, max miss    84384.1 km, median  22551.4, rho    0.792, acc a=0.01 (2.3 s)
[19:54:47]   it  38: fuel  440.10 kg, max miss    85674.9 km, median  22896.8, rho    0.554, acc a=0.01 (3.6 s)
[19:54:52]   it  39: fuel  440.10 kg, max miss    85674.9 km, median  22896.8, rho     2.22, REJ (5.2 s)
[19:54:56]   it  40: fuel  438.99 kg, max miss    86776.7 km, median  23195.4, rho     1.55, acc a=0.01 (4.0 s)
[19:54:59]   it  41: fuel  438.25 kg, max miss    87238.9 km, median  23321.9, rho     1.09, acc a=0.00 (3.6 s)
[19:55:02]   it  42: fuel  436.74 kg, max miss    90182.4 km, median  24126.8, rho     0.76, acc a=0.01 (2.1 s)
[19:55:05]   it  43: fuel  435.73 kg, max miss    91369.3 km, median  24453.0, rho    0.532, acc a=0.01 (3.6 s)
[19:55:11]   it  44: fuel  435.73 kg, max miss    91369.3 km, median  24453.0, rho     2.13, REJ (5.7 s)
[19:55:15]   it  45: fuel  434.66 kg, max miss    92376.4 km, median  24731.1, rho     1.49, acc a=0.01 (4.0 s)
[19:55:19]   it  46: fuel  433.93 kg, max miss    92792.8 km, median  24848.6, rho     1.04, acc a=0.00 (4.0 s)
[19:55:21]   it  47: fuel  432.47 kg, max miss    95517.0 km, median  25607.3, rho     0.73, acc a=0.01 (2.3 s)
[19:55:26]   it  48: fuel  431.50 kg, max miss    96589.3 km, median  25909.4, rho    0.511, acc a=0.01 (4.7 s)
[19:55:28]   it  49: fuel  429.54 kg, max miss   101607.5 km, median  27239.4, rho    0.358, acc a=0.01 (2.3 s)
[19:55:33]   it  50: fuel  428.25 kg, max miss   103485.9 km, median  27732.1, rho     0.25, acc a=0.01 (4.6 s)
[19:55:39]   it  51: fuel  428.25 kg, max miss   103485.9 km, median  27732.1, rho        1, REJ (6.0 s)
[19:55:43]   it  52: fuel  427.20 kg, max miss   104683.2 km, median  28080.3, rho    0.701, acc a=0.01 (4.1 s)
[19:55:47]   it  53: fuel  426.50 kg, max miss   105071.4 km, median  28196.4, rho    0.491, acc a=0.00 (4.1 s)
[19:55:53]   it  54: fuel  426.50 kg, max miss   105071.4 km, median  28196.4, rho     1.96, REJ (5.7 s)
[19:55:57]   it  55: fuel  425.49 kg, max miss   105859.7 km, median  28429.6, rho     1.37, acc a=0.01 (4.6 s)
[19:56:01]   it  56: fuel  424.81 kg, max miss   106129.5 km, median  28513.4, rho    0.962, acc a=0.00 (4.0 s)
[19:56:04]   it  57: fuel  423.44 kg, max miss   108430.4 km, median  29191.3, rho    0.674, acc a=0.01 (2.3 s)
[19:56:08]   it  58: fuel  422.54 kg, max miss   109255.0 km, median  29440.3, rho    0.471, acc a=0.01 (4.0 s)
[19:56:13]   it  59: fuel  422.54 kg, max miss   109255.0 km, median  29440.3, rho     1.89, REJ (5.8 s)
[19:56:17]   it  60: fuel  421.56 kg, max miss   110011.2 km, median  29673.3, rho     1.32, acc a=0.01 (4.1 s)
[19:56:22]   it  61: fuel  420.90 kg, max miss   110255.0 km, median  29754.5, rho    0.924, acc a=0.00 (4.1 s)
[19:56:24]   it  62: fuel  419.57 kg, max miss   112370.4 km, median  30394.9, rho    0.647, acc a=0.01 (2.2 s)
[19:56:28]   it  63: fuel  418.69 kg, max miss   113259.4 km, median  30679.5, rho    0.453, acc a=0.01 (4.7 s)
[19:56:34]   it  64: fuel  418.69 kg, max miss   113259.4 km, median  30679.5, rho     1.81, REJ (5.8 s)
[19:56:38]   it  65: fuel  417.74 kg, max miss   113937.3 km, median  30896.0, rho     1.27, acc a=0.01 (4.2 s)
[19:56:41]   it  66: fuel  415.82 kg, max miss   118693.9 km, median  32344.9, rho    0.887, acc a=0.01 (2.6 s)
[19:56:46]   it  67: fuel  414.55 kg, max miss   120592.5 km, median  32943.2, rho    0.621, acc a=0.01 (4.8 s)
[19:56:53]   it  68: fuel  414.55 kg, max miss   120592.5 km, median  32943.2, rho     2.48, REJ (6.9 s)
[19:56:59]   it  69: fuel  413.65 kg, max miss   120962.6 km, median  33071.6, rho     1.74, acc a=0.01 (6.2 s)
[19:57:01]   it  70: fuel  411.82 kg, max miss   124723.9 km, median  34245.0, rho     1.22, acc a=0.01 (2.5 s)
[19:57:06]   it  71: fuel  410.60 kg, max miss   126235.9 km, median  34737.3, rho    0.852, acc a=0.01 (4.4 s)
[19:57:10]   it  72: fuel  409.79 kg, max miss   126716.6 km, median  34908.4, rho    0.597, acc a=0.01 (4.6 s)
[19:57:17]   it  73: fuel  409.79 kg, max miss   126716.6 km, median  34908.4, rho     2.39, REJ (6.6 s)
[19:57:21]   it  74: fuel  408.92 kg, max miss   127006.4 km, median  35019.1, rho     1.67, acc a=0.01 (4.5 s)
[19:57:25]   it  75: fuel  407.16 kg, max miss   130491.9 km, median  36143.9, rho     1.17, acc a=0.01 (3.1 s)
[19:57:30]   it  76: fuel  405.99 kg, max miss   131803.5 km, median  36589.3, rho    0.819, acc a=0.01 (5.5 s)
[19:57:34]   it  77: fuel  405.21 kg, max miss   132176.4 km, median  36733.1, rho    0.573, acc a=0.01 (3.8 s)
[19:57:40]   it  78: fuel  405.21 kg, max miss   132176.4 km, median  36733.1, rho     2.29, REJ (6.5 s)
[19:57:44]   it  79: fuel  404.37 kg, max miss   132362.8 km, median  36817.1, rho      1.6, acc a=0.01 (3.7 s)
[19:57:46]   it  80: fuel  402.68 kg, max miss   135511.2 km, median  37756.4, rho     1.12, acc a=0.01 (2.2 s)
[19:57:50]   it  81: fuel  401.55 kg, max miss   136648.9 km, median  38076.0, rho    0.786, acc a=0.01 (3.7 s)
[19:57:54]   it  82: fuel  400.80 kg, max miss   136927.7 km, median  38155.1, rho     0.55, acc a=0.01 (4.1 s)
[19:58:00]   it  83: fuel  400.80 kg, max miss   136927.7 km, median  38155.1, rho      2.2, REJ (6.3 s)
[19:58:04]   it  84: fuel  400.00 kg, max miss   137032.8 km, median  38190.8, rho     1.54, acc a=0.01 (3.9 s)
[19:58:08]   it  85: fuel  398.37 kg, max miss   139888.9 km, median  39007.9, rho     1.08, acc a=0.01 (3.6 s)
[19:58:14]   it  86: fuel  397.29 kg, max miss   140863.3 km, median  39289.1, rho    0.755, acc a=0.01 (6.0 s)
[19:58:18]   it  87: fuel  396.57 kg, max miss   141068.8 km, median  39351.3, rho    0.529, acc a=0.01 (4.6 s)
[19:58:25]   it  88: fuel  396.57 kg, max miss   141068.8 km, median  39351.3, rho     2.11, REJ (6.3 s)
[19:58:29]   it  89: fuel  395.79 kg, max miss   141125.6 km, median  39375.4, rho     1.48, acc a=0.01 (4.4 s)
[19:58:31]   it  90: fuel  394.22 kg, max miss   143659.0 km, median  40115.1, rho     1.04, acc a=0.01 (2.4 s)
[19:58:36]   it  91: fuel  393.18 kg, max miss   144443.1 km, median  40349.3, rho    0.725, acc a=0.01 (4.2 s)
[19:58:40]   it  92: fuel  392.49 kg, max miss   144553.3 km, median  40387.3, rho    0.508, acc a=0.01 (4.0 s)
[19:58:45]   it  93: fuel  392.49 kg, max miss   144553.3 km, median  40387.3, rho     2.03, REJ (5.6 s)
[19:58:49]   it  94: fuel  391.74 kg, max miss   144533.8 km, median  40391.5, rho     1.42, acc a=0.01 (3.7 s)
[19:58:51]   it  95: fuel  390.23 kg, max miss   146777.7 km, median  41060.4, rho    0.995, acc a=0.01 (2.1 s)
[19:58:55]   it  96: fuel  389.23 kg, max miss   147436.2 km, median  41263.7, rho    0.696, acc a=0.01 (4.3 s)
[19:59:00]   it  97: fuel  388.57 kg, max miss   147467.1 km, median  41281.5, rho    0.487, acc a=0.01 (4.2 s)
[19:59:02]   it  98: fuel  387.23 kg, max miss   148814.4 km, median  41658.1, rho    0.341, acc a=0.01 (2.4 s)
[19:59:08]   it  99: fuel  387.23 kg, max miss   148814.4 km, median  41658.1, rho     1.36, REJ (6.2 s)
[19:59:13]   it 100: fuel  386.51 kg, max miss   148792.7 km, median  41664.7, rho    0.955, acc a=0.01 (4.2 s)
[19:59:15]   it 101: fuel  385.07 kg, max miss   150906.6 km, median  42311.7, rho    0.669, acc a=0.01 (2.4 s)
[19:59:21]   it 102: fuel  385.07 kg, max miss   150906.6 km, median  42311.7, rho     2.68, REJ (5.7 s)
[19:59:23]   it 103: fuel  383.02 kg, max miss   154392.1 km, median  43406.4, rho     1.87, acc a=0.02 (2.6 s)
[19:59:29]   it 104: fuel  381.65 kg, max miss   155576.3 km, median  43792.1, rho     1.31, acc a=0.01 (5.3 s)
[19:59:33]   it 105: fuel  380.75 kg, max miss   155765.9 km, median  43870.8, rho    0.918, acc a=0.01 (4.6 s)
[19:59:36]   it 106: fuel  378.94 kg, max miss   159733.2 km, median  45047.1, rho    0.642, acc a=0.02 (3.1 s)
[19:59:45]   it 107: fuel  378.94 kg, max miss   159733.2 km, median  45047.1, rho     2.57, REJ (9.1 s)
[19:59:48]   it 108: fuel  377.01 kg, max miss   162528.2 km, median  45928.6, rho      1.8, acc a=0.02 (2.8 s)
[19:59:53]   it 109: fuel  375.74 kg, max miss   163320.3 km, median  46191.3, rho     1.26, acc a=0.01 (5.0 s)
[20:00:00]   it 110: fuel  374.89 kg, max miss   163303.8 km, median  46203.7, rho    0.881, acc a=0.01 (6.9 s)
[20:00:03]   it 111: fuel  373.20 kg, max miss   166340.3 km, median  47137.3, rho    0.617, acc a=0.02 (2.9 s)
[20:00:12]   it 112: fuel  373.20 kg, max miss   166340.3 km, median  47137.3, rho     2.47, REJ (9.0 s)
[20:00:15]   it 113: fuel  371.39 kg, max miss   168454.3 km, median  47834.4, rho     1.73, acc a=0.02 (2.6 s)
[20:00:20]   it 114: fuel  370.20 kg, max miss   168898.1 km, median  48004.1, rho     1.21, acc a=0.01 (5.9 s)
[20:00:25]   it 115: fuel  369.40 kg, max miss   168666.7 km, median  47956.5, rho    0.846, acc a=0.01 (4.6 s)
[20:00:28]   it 116: fuel  367.82 kg, max miss   170926.8 km, median  48678.0, rho    0.592, acc a=0.02 (3.2 s)
[20:00:35]   it 117: fuel  367.82 kg, max miss   170926.8 km, median  48678.0, rho     2.37, REJ (7.0 s)
[20:00:38]   it 118: fuel  366.12 kg, max miss   172434.7 km, median  49208.3, rho     1.66, acc a=0.02 (2.4 s)
[20:00:42]   it 119: fuel  365.00 kg, max miss   172519.5 km, median  49275.4, rho     1.16, acc a=0.01 (4.3 s)
[20:00:46]   restore  0: fuel  362.17 kg, max miss    5381.6 km, rho      500 (2.6 s)
[20:00:49]   restore  1: fuel  362.17 kg, max miss    5381.6 km, rho    2e+03 (2.5 s)
[20:00:51]   restore  2: fuel  360.83 kg, max miss    1679.3 km, rho    1e+03 (2.4 s)
[20:00:54]   restore  3: fuel  360.83 kg, max miss    1679.3 km, rho    4e+03 (2.6 s)
[20:00:57]   restore  4: fuel  360.17 kg, max miss     849.1 km, rho    2e+03 (3.2 s)
[20:00:59]   restore  5: fuel  360.17 kg, max miss     849.1 km, rho    8e+03 (2.6 s)
[20:01:02]   restore  6: fuel  359.84 kg, max miss     751.6 km, rho    4e+03 (2.3 s)
[20:01:04]   restore  7: fuel  359.84 kg, max miss     751.6 km, rho  1.6e+04 (2.7 s)
[20:01:07]   restore  8: fuel  359.68 kg, max miss     737.0 km, rho    8e+03 (2.6 s)
[20:01:10]   restore  9: fuel  359.68 kg, max miss     737.0 km, rho  3.2e+04 (2.5 s)
[20:01:12]   restore 10: fuel  359.59 kg, max miss     734.4 km, rho  1.6e+04 (2.3 s)
[20:01:14]   restore 11: fuel  359.59 kg, max miss     734.4 km, rho  6.4e+04 (2.2 s)
[20:01:17]   restore 12: fuel  359.55 kg, max miss     733.5 km, rho  3.2e+04 (2.9 s)
[20:01:20]   restore 13: fuel  359.55 kg, max miss     733.5 km, rho 1.28e+05 (2.8 s)
[20:01:22]   restore 14: fuel  359.53 kg, max miss     733.4 km, rho  6.4e+04 (2.4 s)
[20:01:25]   restore 15: fuel  359.49 kg, max miss     733.3 km, rho  3.2e+04 (3.2 s)
[20:01:28]   restore 16: fuel  359.49 kg, max miss     733.3 km, rho 1.28e+05 (2.8 s)
[20:01:31]   restore 17: fuel  359.47 kg, max miss     733.0 km, rho  6.4e+04 (2.6 s)
[20:01:33]   restore 18: fuel  359.47 kg, max miss     733.0 km, rho 2.56e+05 (2.3 s)
[20:01:35]   restore 19: fuel  359.46 kg, max miss     732.8 km, rho 1.28e+05 (2.2 s)
[20:01:37]   restore 20: fuel  359.46 kg, max miss     732.8 km, rho 5.12e+05 (2.2 s)
[20:01:40]   restore 21: fuel  359.46 kg, max miss     732.8 km, rho 2.05e+06 (2.6 s)
[20:01:43]   restore 22: fuel  359.46 kg, max miss     732.7 km, rho 1.02e+06 (3.2 s)
[20:01:46]   restore 23: fuel  359.46 kg, max miss     732.7 km, rho  4.1e+06 (2.3 s)
[20:01:48]   restore 24: fuel  359.46 kg, max miss     732.7 km, rho 1.64e+07 (2.5 s)
[20:01:51]   restore 25: fuel  359.46 kg, max miss     732.7 km, rho 6.55e+07 (2.7 s)
[20:01:53]   restore 26: fuel  359.46 kg, max miss     732.7 km, rho 2.62e+08 (2.8 s)
[20:01:57]   restore 27: fuel  359.46 kg, max miss     732.7 km, rho 1.05e+09 (3.3 s)
[20:01:59]   restore 28: fuel  359.46 kg, max miss     732.7 km, rho 4.19e+09 (2.4 s)
[20:02:01]   restore 29: fuel  359.46 kg, max miss     732.7 km, rho 1.68e+10 (2.3 s)
[20:02:01] stage 1: fuel 359.46 kg (585 s)
[20:02:06]   restore  0: fuel  359.46 kg, max miss 138275888.9 km, rho    4e+03 (2.2 s)
[20:02:08]   restore  1: fuel  359.46 kg, max miss 138275888.9 km, rho  1.6e+04 (2.5 s)
[20:02:10]   restore  2: fuel  359.46 kg, max miss 138275888.9 km, rho  6.4e+04 (2.2 s)
[20:02:13]   restore  3: fuel  359.46 kg, max miss 138275888.9 km, rho 2.56e+05 (2.4 s)
[20:02:15]   restore  4: fuel  359.46 kg, max miss 138275888.9 km, rho 1.02e+06 (2.7 s)
[20:02:19] start results/CTOC14_Result_TEAM.txt sc7: m0 1100.77, fuel 493.39, flybys 24
[20:02:19] stage 1: fuel 359.46 kg (0 s)
[20:02:24]   restore  0: fuel  291.67 kg, max miss     732.7 km, rho    4e+03 (2.7 s)
[20:02:27]   restore  1: fuel  291.67 kg, max miss     732.7 km, rho  1.6e+04 (2.7 s)
[20:02:32] start results/CTOC14_Result_TEAM.txt sc7: m0 1100.77, fuel 493.39, flybys 24
[20:02:32] stage 1: fuel 359.46 kg (0 s)
[20:02:36]   restore  0: fuel  291.67 kg, max miss     732.7 km, rho    4e+03 (2.5 s)
[20:02:39]   restore  1: fuel  291.67 kg, max miss     732.7 km, rho  1.6e+04 (2.6 s)
[20:02:41]   restore  2: fuel  291.51 kg, max miss     611.3 km, rho    8e+03 (2.7 s)
[20:02:44]   restore  3: fuel  291.51 kg, max miss     611.3 km, rho  3.2e+04 (2.3 s)
[20:02:46]   restore  4: fuel  291.43 kg, max miss     596.7 km, rho  1.6e+04 (2.4 s)
[20:02:49]   restore  5: fuel  291.43 kg, max miss     596.7 km, rho  6.4e+04 (3.2 s)
[20:02:54]   restore  6: fuel  291.39 kg, max miss     594.4 km, rho  3.2e+04 (4.4 s)
[20:02:57]   restore  7: fuel  291.39 kg, max miss     594.4 km, rho 1.28e+05 (3.1 s)
[20:02:59]   restore  8: fuel  291.37 kg, max miss     593.6 km, rho  6.4e+04 (2.5 s)
[20:03:02]   restore  9: fuel  291.37 kg, max miss     593.6 km, rho 2.56e+05 (2.5 s)
[20:03:05]   restore 10: fuel  291.36 kg, max miss     593.4 km, rho 1.28e+05 (2.9 s)
[20:03:07]   restore 11: fuel  291.36 kg, max miss     593.4 km, rho 5.12e+05 (2.5 s)
[20:03:07] stage 2 (m0 893.17): fuel 291.36 kg
[20:03:12]   it   0: fuel  283.00 kg, max miss    23435.0 km, median   5035.5, rho       70, acc a=0.50 (2.6 s)
[20:03:16]   it   1: fuel  277.12 kg, max miss    25637.5 km, median   5623.8, rho      105, acc a=0.33 (4.5 s)
[20:03:19]   it   2: fuel  269.65 kg, max miss    41762.4 km, median   8591.1, rho     73.5, acc a=0.67 (2.6 s)
[20:03:23]   it   3: fuel  265.84 kg, max miss    33820.3 km, median   8505.0, rho      110, acc a=0.33 (4.1 s)
[20:03:26]   it   4: fuel  260.98 kg, max miss    31702.1 km, median   8022.3, rho     77.2, acc a=0.67 (3.1 s)
[20:03:31]   it   5: fuel  258.42 kg, max miss    32279.2 km, median   5801.7, rho      116, acc a=0.33 (4.6 s)
[20:03:34]   it   6: fuel  255.11 kg, max miss    33996.5 km, median   4628.4, rho       81, acc a=0.67 (2.8 s)
[20:03:38]   it   7: fuel  253.34 kg, max miss    33322.1 km, median   3365.1, rho      122, acc a=0.33 (4.5 s)
[20:03:40]   it   8: fuel  251.04 kg, max miss    34238.1 km, median   3149.3, rho     85.1, acc a=0.67 (2.4 s)
[20:03:45]   it   9: fuel  249.81 kg, max miss    32084.7 km, median   2675.3, rho      128, acc a=0.33 (4.3 s)
[20:03:47]   it  10: fuel  248.18 kg, max miss    30452.9 km, median   2564.8, rho     89.3, acc a=0.67 (2.4 s)
[20:03:51]   it  11: fuel  247.30 kg, max miss    27697.2 km, median   2662.4, rho      134, acc a=0.33 (4.3 s)
[20:03:54]   it  12: fuel  246.12 kg, max miss    24497.5 km, median   2657.3, rho     93.8, acc a=0.67 (2.6 s)
[20:03:59]   it  13: fuel  245.46 kg, max miss    21916.7 km, median   2386.5, rho      141, acc a=0.33 (4.7 s)
[20:04:01]   it  14: fuel  244.58 kg, max miss    18503.1 km, median   2003.9, rho     98.5, acc a=0.67 (2.5 s)
[20:04:06]   it  15: fuel  244.08 kg, max miss    16479.8 km, median   1791.7, rho      148, acc a=0.33 (4.4 s)
[20:04:08]   it  16: fuel  243.41 kg, max miss    13605.8 km, median   1471.5, rho      103, acc a=0.67 (2.5 s)
[20:04:12]   it  17: fuel  243.02 kg, max miss    12143.0 km, median   1317.7, rho      155, acc a=0.33 (4.4 s)
[20:04:15]   it  18: fuel  242.49 kg, max miss    10028.5 km, median   1082.9, rho      109, acc a=0.67 (3.0 s)
[20:04:21]   it  19: fuel  242.18 kg, max miss     8988.0 km, median    974.0, rho      163, acc a=0.33 (5.2 s)
[20:04:23]   it  20: fuel  241.75 kg, max miss     7472.1 km, median    807.4, rho      114, acc a=0.67 (2.8 s)
[20:04:28]   it  21: fuel  241.50 kg, max miss     6731.2 km, median    730.0, rho      171, acc a=0.33 (5.0 s)
[20:04:31]   it  22: fuel  241.15 kg, max miss     5610.0 km, median    607.1, rho      120, acc a=0.67 (2.6 s)
[20:04:36]   it  23: fuel  240.95 kg, max miss     5077.1 km, median    551.8, rho      180, acc a=0.33 (4.6 s)
[20:04:38]   it  24: fuel  240.66 kg, max miss     4241.6 km, median    461.5, rho      126, acc a=0.67 (2.6 s)
[20:04:43]   it  25: fuel  240.49 kg, max miss     3842.9 km, median    434.3, rho      189, acc a=0.33 (5.3 s)
[20:04:47]   it  26: fuel  240.24 kg, max miss     3201.8 km, median    374.9, rho      132, acc a=0.67 (3.3 s)
[20:04:52]   it  27: fuel  240.10 kg, max miss     2911.4 km, median    353.6, rho      198, acc a=0.33 (5.5 s)
[20:04:56]   it  28: fuel  239.89 kg, max miss     2441.3 km, median    309.6, rho      139, acc a=0.67 (3.4 s)
[20:05:00]   it  29: fuel  239.76 kg, max miss     2230.6 km, median    292.7, rho      208, acc a=0.33 (4.5 s)
[20:05:02]   it  30: fuel  239.58 kg, max miss     1872.7 km, median    256.7, rho      146, acc a=0.67 (2.4 s)
[20:05:07]   it  31: fuel  239.47 kg, max miss     1720.6 km, median    243.7, rho      218, acc a=0.33 (4.4 s)
[20:05:09]   it  32: fuel  239.31 kg, max miss     1459.4 km, median    216.8, rho      153, acc a=0.67 (2.4 s)
[20:05:13]   it  33: fuel  239.22 kg, max miss     1345.3 km, median    205.5, rho      229, acc a=0.33 (4.1 s)
[20:05:16]   it  34: fuel  239.08 kg, max miss     1144.3 km, median    183.6, rho      160, acc a=0.67 (2.3 s)
[20:05:20]   it  35: fuel  238.99 kg, max miss     1061.0 km, median    174.7, rho      241, acc a=0.33 (4.0 s)
[20:05:22]   it  36: fuel  238.87 kg, max miss      907.1 km, median    157.4, rho      168, acc a=0.67 (2.2 s)
[20:05:26]   it  37: fuel  238.79 kg, max miss      848.1 km, median    151.0, rho      253, acc a=0.33 (4.5 s)
[20:05:29]   it  38: fuel  238.68 kg, max miss      730.4 km, median    137.6, rho      177, acc a=0.67 (2.5 s)
[20:05:33]   it  39: fuel  238.62 kg, max miss      684.7 km, median    132.0, rho      265, acc a=0.33 (4.2 s)
[20:05:35]   it  40: fuel  238.52 kg, max miss      595.3 km, median    122.2, rho      186, acc a=0.67 (2.4 s)
[20:05:40]   it  41: fuel  238.46 kg, max miss      559.2 km, median    117.0, rho      279, acc a=0.33 (4.7 s)
[20:05:43]   it  42: fuel  238.37 kg, max miss      486.0 km, median    108.4, rho      195, acc a=0.67 (3.4 s)
[20:05:48]   it  43: fuel  238.31 kg, max miss      457.9 km, median    103.9, rho      293, acc a=0.33 (4.8 s)
[20:05:51]   it  44: fuel  238.23 kg, max miss      398.7 km, median     96.9, rho      205, acc a=0.67 (2.7 s)
[20:05:57]   it  45: fuel  238.18 kg, max miss      379.5 km, median     93.7, rho      307, acc a=0.33 (6.0 s)
[20:05:59]   it  46: fuel  238.11 kg, max miss      332.0 km, median     85.8, rho      215, acc a=0.67 (2.3 s)
[20:06:03]   it  47: fuel  238.06 kg, max miss      316.0 km, median     83.4, rho      323, acc a=0.33 (4.2 s)
[20:06:06]   it  48: fuel  237.99 kg, max miss      281.0 km, median     80.0, rho      226, acc a=0.67 (2.3 s)
[20:06:10]   it  49: fuel  237.95 kg, max miss      268.7 km, median     78.1, rho      339, acc a=0.33 (4.2 s)
[20:06:12]   it  50: fuel  237.89 kg, max miss      236.7 km, median     74.5, rho      237, acc a=0.67 (2.3 s)
[20:06:16]   it  51: fuel  237.85 kg, max miss      226.0 km, median     72.1, rho      356, acc a=0.33 (4.0 s)
[20:06:18]   it  52: fuel  237.80 kg, max miss      201.4 km, median     66.8, rho      249, acc a=0.67 (2.1 s)
[20:06:20]   it  53: fuel  237.69 kg, max miss      499.9 km, median    110.5, rho      174, acc a=1.00 (2.1 s)
[20:06:25]   it  54: fuel  237.65 kg, max miss      433.0 km, median     98.0, rho      261, acc a=0.33 (4.3 s)
[20:06:27]   it  55: fuel  237.59 kg, max miss      328.7 km, median     84.5, rho      183, acc a=0.67 (2.3 s)
[20:06:31]   it  56: fuel  237.55 kg, max miss      302.6 km, median     77.9, rho      274, acc a=0.33 (4.2 s)
[20:06:34]   it  57: fuel  237.49 kg, max miss      254.9 km, median     73.9, rho      192, acc a=0.67 (2.6 s)
[20:06:38]   it  58: fuel  237.45 kg, max miss      240.1 km, median     71.0, rho      288, acc a=0.33 (4.4 s)
[20:06:41]   it  59: fuel  237.40 kg, max miss      211.6 km, median     68.9, rho      202, acc a=0.67 (2.2 s)
[20:06:45]   restore  0: fuel  237.36 kg, max miss      84.9 km, rho      500 (2.4 s)
[20:06:47] stage 3 (m0 819.20): fuel 217.70 kg (255 s)
[20:13:01] RESULT {'src': 'results/CTOC14_Result_TEAM.txt', 'sc': 7, 'ok': True, 'errors': [], 'm0': np.float64(819.2015347317403), 'fuel': np.float64(217.70031377759972), 'fuel0': 493.39280119169325, 'm0_0': 1100.7660796994105, 'flybys': 24, 'flybys0': 24, 'peak_thrust': 0.2011180989592493, 'J_i': 1.1810874803332585, 'J_i0': 1.485632233753414, 'runtime': 629.249597787857}
