[19:52:16] start results/CTOC14_Result_TEAM.txt sc8: m0 887.94, fuel 281.92, flybys 20
[19:52:24]   it   0: fuel  280.52 kg, max miss     1749.3 km, median   1137.1, rho       70, acc a=0.05 (5.7 s)
[19:52:28]   it   1: fuel  279.34 kg, max miss     2954.8 km, median   1883.6, rho       49, acc a=0.03 (4.1 s)
[19:52:31]   it   2: fuel  278.41 kg, max miss     3697.3 km, median   2329.4, rho     34.3, acc a=0.02 (3.8 s)
[19:52:35]   it   3: fuel  277.70 kg, max miss     4136.9 km, median   2584.1, rho       24, acc a=0.01 (3.7 s)
[19:52:37]   it   4: fuel  276.08 kg, max miss     6635.6 km, median   4027.8, rho     16.8, acc a=0.03 (2.1 s)
[19:52:41]   it   5: fuel  274.88 kg, max miss     7965.2 km, median   4771.2, rho     11.8, acc a=0.02 (3.7 s)
[19:52:45]   it   6: fuel  274.02 kg, max miss     8643.7 km, median   5092.1, rho     8.24, acc a=0.01 (3.7 s)
[19:52:47]   it   7: fuel  272.19 kg, max miss    11957.8 km, median   6545.2, rho     5.76, acc a=0.03 (2.1 s)
[19:52:50]   it   8: fuel  270.94 kg, max miss    13421.2 km, median   7110.6, rho     4.04, acc a=0.02 (3.7 s)
[19:52:54]   it   9: fuel  270.08 kg, max miss    14054.5 km, median   7329.3, rho     2.82, acc a=0.01 (3.8 s)
[19:52:56]   it  10: fuel  268.34 kg, max miss    17061.1 km, median   8452.1, rho     1.98, acc a=0.02 (2.2 s)
[19:53:00]   it  11: fuel  267.19 kg, max miss    18315.5 km, median   8942.5, rho     1.38, acc a=0.02 (3.8 s)
[19:53:04]   it  12: fuel  266.42 kg, max miss    18824.2 km, median   9157.9, rho    0.969, acc a=0.01 (3.7 s)
[19:53:06]   it  13: fuel  264.88 kg, max miss    21322.7 km, median  10369.1, rho    0.678, acc a=0.02 (2.1 s)
[19:53:10]   it  14: fuel  263.87 kg, max miss    22311.8 km, median  10902.8, rho    0.475, acc a=0.01 (3.7 s)
[19:53:13]   it  15: fuel  263.21 kg, max miss    22682.3 km, median  11127.2, rho    0.332, acc a=0.01 (3.8 s)
[19:53:16]   it  16: fuel  261.89 kg, max miss    24600.8 km, median  12334.8, rho    0.233, acc a=0.02 (2.3 s)
[19:53:20]   it  17: fuel  261.03 kg, max miss    25314.9 km, median  12826.2, rho    0.163, acc a=0.01 (4.1 s)
[19:53:22]   it  18: fuel  259.33 kg, max miss    28718.7 km, median  15187.4, rho    0.114, acc a=0.02 (2.3 s)
[19:53:27]   it  19: fuel  258.24 kg, max miss    29964.7 km, median  16120.4, rho   0.0798, acc a=0.02 (4.7 s)
[19:53:31]   it  20: fuel  257.52 kg, max miss    30377.3 km, median  16465.2, rho   0.0559, acc a=0.01 (4.3 s)
[19:53:34]   it  21: fuel  256.11 kg, max miss    32610.8 km, median  18200.3, rho   0.0391, acc a=0.02 (2.4 s)
[19:53:37]   it  22: fuel  255.20 kg, max miss    33379.3 km, median  18855.1, rho   0.0274, acc a=0.01 (3.7 s)
[19:53:41]   it  23: fuel  254.60 kg, max miss    33584.8 km, median  19067.8, rho   0.0192, acc a=0.01 (3.7 s)
[19:53:43]   it  24: fuel  253.42 kg, max miss    35026.0 km, median  20251.6, rho   0.0134, acc a=0.02 (2.1 s)
[19:53:47]   it  25: fuel  252.65 kg, max miss    35460.2 km, median  20546.6, rho  0.00939, acc a=0.01 (3.7 s)
[19:53:49]   it  26: fuel  251.15 kg, max miss    38036.0 km, median  22233.1, rho  0.00657, acc a=0.03 (2.1 s)
[19:53:52]   it  27: fuel  250.17 kg, max miss    38843.2 km, median  22780.7, rho   0.0046, acc a=0.02 (3.7 s)
[19:53:56]   it  28: fuel  249.54 kg, max miss    39022.7 km, median  22918.9, rho  0.00322, acc a=0.01 (4.0 s)
[19:53:59]   it  29: fuel  248.30 kg, max miss    40581.8 km, median  23971.3, rho  0.00225, acc a=0.02 (2.2 s)
[19:54:02]   it  30: fuel  247.49 kg, max miss    40991.2 km, median  24267.9, rho  0.00158, acc a=0.02 (3.7 s)
[19:54:04]   it  31: fuel  245.91 kg, max miss    43763.1 km, median  26137.4, rho   0.0011, acc a=0.03 (2.1 s)
[19:54:08]   it  32: fuel  244.90 kg, max miss    44548.0 km, median  26696.4, rho    0.001, acc a=0.02 (3.7 s)
[19:54:12]   it  33: fuel  244.24 kg, max miss    44656.3 km, median  26800.5, rho    0.001, acc a=0.01 (3.8 s)
[19:54:14]   it  34: fuel  242.96 kg, max miss    46231.4 km, median  27903.4, rho    0.001, acc a=0.03 (2.1 s)
[19:54:18]   it  35: fuel  242.13 kg, max miss    46564.5 km, median  28169.1, rho    0.001, acc a=0.02 (3.7 s)
[19:54:20]   it  36: fuel  240.51 kg, max miss    49422.3 km, median  30160.6, rho    0.001, acc a=0.04 (2.1 s)
[19:54:24]   it  37: fuel  239.49 kg, max miss    50094.8 km, median  30671.4, rho    0.001, acc a=0.02 (3.7 s)
[19:54:28]   it  38: fuel  238.82 kg, max miss    50080.4 km, median  30704.9, rho    0.001, acc a=0.02 (4.6 s)
[19:54:31]   it  39: fuel  237.52 kg, max miss    51541.0 km, median  31445.8, rho    0.001, acc a=0.03 (2.6 s)
[19:54:35]   it  40: fuel  236.69 kg, max miss    51711.2 km, median  31483.8, rho    0.001, acc a=0.02 (4.6 s)
[19:54:38]   it  41: fuel  235.08 kg, max miss    54445.9 km, median  32891.6, rho    0.001, acc a=0.04 (2.5 s)
[19:54:42]   it  42: fuel  234.07 kg, max miss    54909.3 km, median  33075.8, rho    0.001, acc a=0.03 (4.5 s)
[19:54:46]   it  43: fuel  233.41 kg, max miss    54701.5 km, median  32911.0, rho    0.001, acc a=0.02 (3.7 s)
[19:54:48]   it  44: fuel  232.15 kg, max miss    55891.3 km, median  33472.7, rho    0.001, acc a=0.04 (2.1 s)
[19:54:52]   it  45: fuel  231.34 kg, max miss    55813.6 km, median  33364.9, rho    0.001, acc a=0.03 (3.7 s)
[19:54:54]   it  46: fuel  229.78 kg, max miss    58189.0 km, median  34549.7, rho    0.001, acc a=0.05 (2.3 s)
[19:54:58]   it  47: fuel  228.81 kg, max miss    58302.3 km, median  34530.9, rho    0.001, acc a=0.03 (3.9 s)
[19:55:02]   it  48: fuel  228.19 kg, max miss    57847.6 km, median  34227.1, rho    0.001, acc a=0.02 (3.7 s)
[19:55:04]   it  49: fuel  226.99 kg, max miss    58601.4 km, median  34538.8, rho    0.001, acc a=0.05 (2.2 s)
[19:55:08]   it  50: fuel  226.23 kg, max miss    58206.0 km, median  34254.6, rho    0.001, acc a=0.03 (3.9 s)
[19:55:10]   it  51: fuel  224.77 kg, max miss    60001.8 km, median  35115.9, rho    0.001, acc a=0.06 (2.3 s)
[19:55:14]   it  52: fuel  223.87 kg, max miss    59685.2 km, median  34861.7, rho    0.001, acc a=0.04 (4.1 s)
[19:55:17]   it  53: fuel  222.17 kg, max miss    62913.3 km, median  36485.8, rho    0.001, acc a=0.08 (2.3 s)
[19:55:21]   it  54: fuel  221.14 kg, max miss    62632.7 km, median  36237.9, rho    0.001, acc a=0.05 (4.1 s)
[19:55:23]   it  55: fuel  219.24 kg, max miss    65663.5 km, median  38810.0, rho    0.001, acc a=0.11 (2.3 s)
[19:55:28]   it  56: fuel  218.13 kg, max miss    63381.2 km, median  35647.9, rho    0.001, acc a=0.07 (4.5 s)
[19:55:32]   it  57: fuel  217.45 kg, max miss    62123.4 km, median  35046.5, rho    0.001, acc a=0.05 (4.5 s)
[19:55:34]   it  58: fuel  216.19 kg, max miss    61871.8 km, median  33717.2, rho    0.001, acc a=0.10 (2.3 s)
[19:55:39]   it  59: fuel  215.43 kg, max miss    50095.8 km, median  15565.1, rho    0.001, acc a=0.06 (4.3 s)
[19:55:41]   it  60: fuel  214.07 kg, max miss    53672.9 km, median  14875.2, rho    0.001, acc a=0.13 (2.3 s)
[19:55:45]   it  61: fuel  213.29 kg, max miss    53443.1 km, median  15211.8, rho    0.001, acc a=0.09 (4.3 s)
[19:55:49]   it  62: fuel  212.82 kg, max miss    52182.0 km, median  14674.1, rho    0.001, acc a=0.06 (4.0 s)
[19:55:53]   it  63: fuel  212.53 kg, max miss    50936.0 km, median  14250.8, rho    0.001, acc a=0.04 (4.1 s)
[19:55:56]   it  64: fuel  211.98 kg, max miss    50077.0 km, median  13707.7, rho    0.001, acc a=0.08 (2.9 s)
[19:56:00]   it  65: fuel  211.65 kg, max miss    48760.7 km, median  13227.7, rho    0.001, acc a=0.05 (4.0 s)
[19:56:03]   it  66: fuel  211.03 kg, max miss    45315.6 km, median  12235.2, rho    0.001, acc a=0.10 (2.4 s)
[19:56:09]   it  67: fuel  210.92 kg, max miss    43706.3 km, median  14572.0, rho    0.001, acc a=0.02 (6.0 s)
[19:56:13]   it  68: fuel  210.85 kg, max miss    43166.5 km, median  13777.6, rho    0.001, acc a=0.01 (4.2 s)
[19:56:19]   it  69: fuel  210.85 kg, max miss    43166.5 km, median  13777.6, rho    0.004, REJ (6.0 s)
[19:56:26]   it  70: fuel  210.85 kg, max miss    43166.5 km, median  13777.6, rho    0.016, REJ (6.5 s)
[19:56:32]   it  71: fuel  210.85 kg, max miss    43166.5 km, median  13777.6, rho    0.064, REJ (6.1 s)
[19:56:38]   it  72: fuel  210.85 kg, max miss    43166.5 km, median  13777.6, rho    0.256, REJ (6.2 s)
[19:56:41]   it  73: fuel  210.74 kg, max miss    42418.8 km, median  13589.3, rho    0.179, acc a=0.02 (2.7 s)
[19:56:44]   it  74: fuel  210.53 kg, max miss    41206.5 km, median  12899.6, rho    0.125, acc a=0.04 (3.0 s)
[19:56:46]   it  75: fuel  210.15 kg, max miss    41776.1 km, median  11243.5, rho   0.0878, acc a=0.08 (2.8 s)
[19:56:49]   it  76: fuel  209.46 kg, max miss    40764.3 km, median  13156.6, rho   0.0615, acc a=0.16 (3.0 s)
[19:56:54]   it  77: fuel  209.08 kg, max miss    39246.2 km, median  10443.6, rho    0.043, acc a=0.11 (5.0 s)
[19:57:02]   it  78: fuel  209.08 kg, max miss    39246.2 km, median  10443.6, rho    0.172, REJ (7.8 s)
[19:57:09]   it  79: fuel  209.08 kg, max miss    39246.2 km, median  10443.6, rho    0.688, REJ (6.7 s)
[19:57:11]   it  80: fuel  209.02 kg, max miss    38442.4 km, median  10253.4, rho    0.482, acc a=0.02 (2.6 s)
[19:57:14]   it  81: fuel  208.89 kg, max miss    37230.9 km, median   9916.9, rho    0.337, acc a=0.04 (2.5 s)
[19:57:16]   it  82: fuel  208.65 kg, max miss    35537.6 km, median   9403.3, rho    0.236, acc a=0.08 (2.5 s)
[19:57:19]   it  83: fuel  208.25 kg, max miss    34724.8 km, median  10727.0, rho    0.165, acc a=0.16 (2.8 s)
[19:57:24]   it  84: fuel  208.02 kg, max miss    32861.5 km, median   8501.2, rho    0.116, acc a=0.11 (4.8 s)
[19:57:27]   it  85: fuel  207.65 kg, max miss    32875.5 km, median   7947.7, rho    0.081, acc a=0.21 (3.3 s)
[19:57:32]   it  86: fuel  207.46 kg, max miss    31328.7 km, median   7293.1, rho   0.0567, acc a=0.14 (4.5 s)
[19:57:36]   it  87: fuel  207.36 kg, max miss    29539.5 km, median   6858.9, rho   0.0397, acc a=0.09 (4.1 s)
[19:57:39]   it  88: fuel  207.19 kg, max miss    28228.4 km, median  10314.3, rho   0.0278, acc a=0.19 (3.3 s)
[19:57:43]   it  89: fuel  207.10 kg, max miss    24074.2 km, median   6286.4, rho   0.0194, acc a=0.13 (3.8 s)
[19:57:45]   it  90: fuel  206.95 kg, max miss    21870.8 km, median   4955.8, rho   0.0136, acc a=0.25 (2.2 s)
[19:57:51]   it  91: fuel  206.95 kg, max miss    21870.8 km, median   4955.8, rho   0.0544, REJ (5.5 s)
[19:57:53]   it  92: fuel  206.94 kg, max miss    20876.3 km, median   4793.1, rho   0.0381, acc a=0.05 (2.1 s)
[19:57:56]   it  93: fuel  206.89 kg, max miss    19182.8 km, median   4301.4, rho   0.0267, acc a=0.10 (3.3 s)
[19:57:59]   it  94: fuel  206.83 kg, max miss    16743.9 km, median   3707.3, rho   0.0187, acc a=0.20 (2.3 s)
[19:58:04]   it  95: fuel  206.81 kg, max miss    16113.7 km, median   4331.6, rho   0.0131, acc a=0.04 (5.6 s)
[19:58:10]   it  96: fuel  206.81 kg, max miss    15699.7 km, median   3608.4, rho  0.00915, acc a=0.03 (6.1 s)
[19:58:18]   it  97: fuel  206.81 kg, max miss    15699.7 km, median   3608.4, rho   0.0366, REJ (7.2 s)
[19:58:24]   it  98: fuel  206.81 kg, max miss    15699.7 km, median   3608.4, rho    0.146, REJ (6.2 s)
[19:58:27]   it  99: fuel  206.80 kg, max miss    15396.6 km, median   3545.7, rho    0.102, acc a=0.02 (3.1 s)
[19:58:29]   it 100: fuel  206.79 kg, max miss    14821.9 km, median   3432.5, rho   0.0717, acc a=0.04 (2.3 s)
[19:58:32]   it 101: fuel  206.77 kg, max miss    13785.7 km, median   3272.2, rho   0.0502, acc a=0.08 (2.4 s)
[19:58:34]   it 102: fuel  206.74 kg, max miss    12102.5 km, median   3145.7, rho   0.0352, acc a=0.16 (2.4 s)
[19:58:37]   it 103: fuel  206.68 kg, max miss    13336.9 km, median   2110.3, rho   0.0246, acc a=0.32 (2.5 s)
[19:58:42]   it 104: fuel  206.68 kg, max miss    13336.9 km, median   2110.3, rho   0.0984, REJ (5.8 s)
[19:58:45]   it 105: fuel  206.68 kg, max miss    12365.0 km, median   1984.1, rho   0.0689, acc a=0.06 (2.2 s)
[19:58:50]   it 106: fuel  206.68 kg, max miss    12365.0 km, median   1984.1, rho    0.276, REJ (5.5 s)
[19:58:56]   it 107: fuel  206.68 kg, max miss    12365.0 km, median   1984.1, rho      1.1, REJ (5.9 s)
[19:58:58]   it 108: fuel  206.67 kg, max miss    12099.0 km, median   1946.0, rho    0.772, acc a=0.02 (2.5 s)
[19:59:01]   it 109: fuel  206.65 kg, max miss    11550.9 km, median   1873.0, rho     0.54, acc a=0.04 (2.4 s)
[19:59:04]   it 110: fuel  206.62 kg, max miss    10415.7 km, median   1738.6, rho    0.378, acc a=0.08 (2.7 s)
[19:59:10]   it 111: fuel  206.62 kg, max miss    10415.7 km, median   1738.6, rho     1.51, REJ (6.5 s)
[19:59:12]   it 112: fuel  206.61 kg, max miss    10190.4 km, median   1705.3, rho     1.06, acc a=0.02 (2.2 s)
[19:59:15]   it 113: fuel  206.60 kg, max miss     9725.7 km, median   1653.7, rho    0.741, acc a=0.04 (2.4 s)
[19:59:17]   it 114: fuel  206.57 kg, max miss     8759.1 km, median   1580.7, rho    0.519, acc a=0.08 (2.4 s)
[19:59:19]   it 115: fuel  206.52 kg, max miss     6764.1 km, median   1463.7, rho    0.363, acc a=0.16 (2.3 s)
[19:59:22]   it 116: fuel  206.51 kg, max miss     4762.6 km, median   1282.5, rho    0.254, acc a=0.32 (2.3 s)
[19:59:25]   it 117: fuel  206.44 kg, max miss     3847.0 km, median   2240.3, rho    0.178, acc a=0.64 (2.8 s)
[19:59:28]   it 118: fuel  206.43 kg, max miss     3106.2 km, median   1017.4, rho    0.125, acc a=1.00 (3.0 s)
[19:59:34]   it 119: fuel  206.43 kg, max miss     3106.2 km, median   1017.4, rho    0.498, REJ (6.9 s)
[19:59:40]   restore  0: fuel  206.42 kg, max miss     216.9 km, rho      500 (3.7 s)
[19:59:44]   restore  1: fuel  206.42 kg, max miss     216.9 km, rho    2e+03 (3.7 s)
[19:59:47]   restore  2: fuel  206.41 kg, max miss      60.9 km, rho    1e+03 (2.9 s)
[19:59:50]   restore  3: fuel  206.41 kg, max miss      60.9 km, rho    4e+03 (2.9 s)
[19:59:53]   restore  4: fuel  206.41 kg, max miss      47.9 km, rho    2e+03 (2.7 s)
[19:59:53] stage 1: fuel 206.41 kg (456 s)
[20:00:00]   restore  0: fuel  206.41 kg, max miss 156959584.0 km, rho    4e+03 (4.5 s)
[20:00:03]   restore  1: fuel  206.41 kg, max miss 156959584.0 km, rho  1.6e+04 (2.9 s)
[20:00:07]   restore  2: fuel  206.41 kg, max miss 156959584.0 km, rho  6.4e+04 (4.6 s)
[20:00:11]   restore  3: fuel  206.41 kg, max miss 156959584.0 km, rho 2.56e+05 (3.3 s)
[20:00:13]   restore  4: fuel  206.41 kg, max miss 156959584.0 km, rho 1.02e+06 (2.8 s)
[20:00:16]   restore  5: fuel  206.41 kg, max miss 156959584.0 km, rho  4.1e+06 (2.8 s)
[20:00:20]   restore  6: fuel  324.65 kg, max miss 109385096.0 km, rho 2.05e+06 (3.4 s)
[20:00:23]   restore  7: fuel  303.32 kg, max miss 91727608.7 km, rho 1.02e+06 (3.0 s)
[20:00:25]   restore  8: fuel  352.38 kg, max miss 80823969.9 km, rho 5.12e+05 (2.7 s)
[20:00:28]   restore  9: fuel  352.38 kg, max miss 80823969.9 km, rho 2.05e+06 (3.1 s)
[20:00:31]   restore 10: fuel  352.38 kg, max miss 80823969.9 km, rho 8.19e+06 (3.1 s)
[20:00:34]   restore 11: fuel  370.73 kg, max miss 59822280.0 km, rho  4.1e+06 (2.6 s)
[20:00:37]   restore 12: fuel  407.88 kg, max miss 14807702.1 km, rho 2.05e+06 (2.6 s)
[20:00:39]   restore 13: fuel  428.47 kg, max miss 12848233.3 km, rho 1.02e+06 (2.3 s)
[20:00:41]   restore 14: fuel  428.47 kg, max miss 12848233.3 km, rho  4.1e+06 (2.4 s)
[20:00:44]   restore 15: fuel  436.85 kg, max miss 11875215.2 km, rho 2.05e+06 (2.6 s)
[20:00:46]   restore 16: fuel  449.46 kg, max miss 10350297.3 km, rho 1.02e+06 (2.5 s)
[20:00:49]   restore 17: fuel  466.85 kg, max miss 9144825.9 km, rho 5.12e+05 (2.6 s)
[20:00:52]   restore 18: fuel  466.85 kg, max miss 9144825.9 km, rho 2.05e+06 (2.6 s)
[20:00:54]   restore 19: fuel  473.65 kg, max miss 7391291.7 km, rho 1.02e+06 (2.8 s)
[20:00:58]   restore 20: fuel  484.20 kg, max miss 6129232.2 km, rho 5.12e+05 (3.3 s)
[20:01:00]   restore 21: fuel  484.20 kg, max miss 6129232.2 km, rho 2.05e+06 (2.5 s)
[20:01:03]   restore 22: fuel  488.69 kg, max miss 5575495.6 km, rho 1.02e+06 (2.5 s)
[20:01:05]   restore 23: fuel  496.03 kg, max miss 4711169.9 km, rho 5.12e+05 (2.7 s)
[20:01:08]   restore 24: fuel  506.35 kg, max miss 4308412.8 km, rho 2.56e+05 (2.7 s)
[20:01:11]   restore 25: fuel  506.35 kg, max miss 4308412.8 km, rho 1.02e+06 (2.4 s)
[20:01:13]   restore 26: fuel  510.48 kg, max miss 3004979.9 km, rho 5.12e+05 (2.4 s)
[20:01:16]   restore 27: fuel  516.55 kg, max miss 2296750.3 km, rho 2.56e+05 (2.8 s)
[20:01:19]   restore 28: fuel  516.55 kg, max miss 2296750.3 km, rho 1.02e+06 (2.7 s)
[20:01:21]   restore 29: fuel  519.08 kg, max miss 1994307.4 km, rho 5.12e+05 (2.7 s)
[20:01:21] stage 2 (m0 807.91): fuel 519.08 kg
[20:01:29]   it   0: fuel  516.08 kg, max miss  1666621.9 km, median 416858.3, rho       70, acc a=0.17 (5.5 s)
[20:01:33]   it   1: fuel  512.59 kg, max miss  1483479.9 km, median 373698.0, rho       49, acc a=0.11 (4.4 s)
[20:01:35]   it   2: fuel  502.39 kg, max miss  1594044.4 km, median 301672.5, rho     34.3, acc a=0.22 (2.2 s)
[20:01:39]   it   3: fuel  493.95 kg, max miss  1966754.8 km, median 259606.4, rho       24, acc a=0.15 (4.1 s)
[20:01:45]   it   4: fuel  487.74 kg, max miss  2118457.5 km, median 235039.2, rho     16.8, acc a=0.10 (5.3 s)
[20:01:49]   it   5: fuel  483.23 kg, max miss  2188397.1 km, median 219968.0, rho     11.8, acc a=0.07 (4.5 s)
[20:01:54]   it   6: fuel  479.99 kg, max miss  2218053.8 km, median 210479.7, rho     8.24, acc a=0.04 (4.9 s)
[20:01:59]   it   7: fuel  477.68 kg, max miss  2226483.0 km, median 204394.4, rho     5.76, acc a=0.03 (5.1 s)
[20:02:03]   it   8: fuel  476.03 kg, max miss  2225182.0 km, median 200441.9, rho     4.04, acc a=0.02 (4.3 s)
[20:02:07]   it   9: fuel  474.85 kg, max miss  2220002.2 km, median 197853.1, rho     2.82, acc a=0.01 (4.0 s)
[20:02:10]   it  10: fuel  472.37 kg, max miss  2277959.9 km, median 192779.8, rho     1.98, acc a=0.03 (2.3 s)
[20:02:14]   it  11: fuel  470.66 kg, max miss  2297394.4 km, median 189475.9, rho     1.38, acc a=0.02 (4.6 s)
[20:02:19] start results/CTOC14_Result_TEAM.txt sc8: m0 887.94, fuel 281.92, flybys 20
[20:02:19] stage 1: fuel 206.41 kg (0 s)
[20:02:19] stage 2 (m0 807.91): fuel 519.08 kg
[20:02:26]   it   0: fuel  516.10 kg, max miss  1666645.4 km, median 416926.4, rho      150, acc a=0.17 (4.9 s)
[20:02:32] start results/CTOC14_Result_TEAM.txt sc8: m0 887.94, fuel 281.92, flybys 20
[20:02:32] stage 1: fuel 206.41 kg (0 s)
[20:02:34] stage 2 (m0 783.67): fuel 182.17 kg
[20:02:43]   it   0: fuel  182.17 kg, max miss       47.9 km, median     15.3, rho      400, REJ (6.8 s)
[20:02:50]   it   1: fuel  182.17 kg, max miss       47.9 km, median     15.3, rho  1.6e+03, REJ (7.5 s)
[20:02:59]   it   2: fuel  182.17 kg, max miss       47.9 km, median     15.3, rho  6.4e+03, REJ (8.6 s)
[20:03:06]   it   3: fuel  182.17 kg, max miss       47.9 km, median     15.3, rho 2.56e+04, REJ (7.1 s)
[20:03:13]   it   4: fuel  182.17 kg, max miss       47.9 km, median     15.3, rho 1.02e+05, REJ (7.0 s)
[20:03:20]   it   5: fuel  182.17 kg, max miss       47.9 km, median     15.3, rho  4.1e+05, REJ (6.7 s)
[20:03:27]   it   6: fuel  182.17 kg, max miss       47.9 km, median     15.3, rho 1.64e+06, REJ (7.1 s)
[20:03:31] stage 3 (m0 783.67): fuel 182.17 kg (59 s)
[20:09:58] RESULT {'src': 'results/CTOC14_Result_TEAM.txt', 'sc': 8, 'ok': True, 'errors': [], 'm0': np.float64(783.6710994640591), 'fuel': np.float64(182.17113163684724), 'fuel0': 281.92497476416463, 'm0_0': 887.9387627190771, 'flybys': 20, 'flybys0': 20, 'peak_thrust': 0.3945365609822102, 'J_i': 1.1484054143000095, 'J_i0': 1.2479709177973983, 'runtime': 445.6399850845337}
