[16:39:44] results/s16/fleets/E/route_r8.npz: 24 fb, twin tank 927.233
[16:39:53] after restore: massless fuel 327.494, m0 927.233
[16:39:58]   it   0: fuel  327.43 kg, max miss       28.5 km, median      6.0, rho       70, acc a=0.50 (2.5 s)
[16:40:00]   it   1: fuel  327.33 kg, max miss       80.4 km, median     52.6, rho       49, acc a=1.00 (2.2 s)
[16:40:02]   it   2: fuel  327.22 kg, max miss      135.3 km, median     98.9, rho     34.3, acc a=1.00 (2.1 s)
[16:40:04]   it   3: fuel  327.09 kg, max miss      244.2 km, median    152.5, rho       24, acc a=1.00 (2.2 s)
[16:40:10]   it   4: fuel  327.11 kg, max miss      192.6 km, median    116.3, rho       36, acc a=0.10 (6.0 s)
[16:40:12]   it   5: fuel  327.12 kg, max miss      150.2 km, median     91.0, rho     25.2, acc a=0.20 (2.1 s)
[16:40:18]   it   6: fuel  327.12 kg, max miss      150.2 km, median     91.0, rho      101, REJ (5.7 s)
[16:40:20]   it   7: fuel  327.12 kg, max miss      144.1 km, median     87.2, rho     70.6, acc a=0.04 (2.2 s)
[16:40:22]   it   8: fuel  327.11 kg, max miss      132.6 km, median     80.3, rho     49.4, acc a=0.08 (2.2 s)
[16:40:28]   it   9: fuel  327.11 kg, max miss      130.5 km, median     49.7, rho     74.1, acc a=0.02 (5.7 s)
[16:40:30]   it  10: fuel  327.11 kg, max miss      126.3 km, median     48.0, rho     51.9, acc a=0.03 (2.2 s)
[16:40:32]   it  11: fuel  327.10 kg, max miss      118.1 km, median     44.8, rho     36.3, acc a=0.06 (2.2 s)
[16:40:38]   it  12: fuel  327.10 kg, max miss      118.1 km, median     44.8, rho      145, REJ (5.6 s)
[16:40:40]   it  13: fuel  327.10 kg, max miss      115.7 km, median     43.8, rho      102, acc a=0.02 (2.2 s)
[16:40:42]   it  14: fuel  327.09 kg, max miss      111.0 km, median     42.0, rho     71.2, acc a=0.04 (2.1 s)
[16:40:44]   it  15: fuel  327.08 kg, max miss      101.9 km, median     38.4, rho     49.8, acc a=0.08 (2.1 s)
[16:40:50]   it  16: fuel  327.08 kg, max miss      101.9 km, median     38.4, rho      199, REJ (5.6 s)
[16:40:52]   it  17: fuel  327.08 kg, max miss       99.8 km, median     37.6, rho      140, acc a=0.02 (2.1 s)
[16:40:54]   it  18: fuel  327.08 kg, max miss       95.8 km, median     36.0, rho     97.7, acc a=0.04 (2.1 s)
[16:40:56]   it  19: fuel  327.07 kg, max miss       87.9 km, median     32.9, rho     68.4, acc a=0.08 (2.1 s)
[16:40:58]   it  20: fuel  327.05 kg, max miss       73.1 km, median     27.7, rho     47.9, acc a=0.16 (2.1 s)
[16:41:04]   it  21: fuel  327.05 kg, max miss       73.1 km, median     27.7, rho      191, REJ (5.4 s)
[16:41:06]   it  22: fuel  327.05 kg, max miss       70.8 km, median     26.9, rho      134, acc a=0.03 (2.1 s)
[16:41:08]   it  23: fuel  327.05 kg, max miss       66.2 km, median     25.4, rho     93.8, acc a=0.06 (2.2 s)
[16:41:10]   it  24: fuel  327.03 kg, max miss       57.8 km, median     23.2, rho     65.7, acc a=0.13 (2.1 s)
[16:41:16]   it  25: fuel  327.03 kg, max miss       57.8 km, median     23.2, rho      263, REJ (5.4 s)
[16:41:18]   it  26: fuel  327.03 kg, max miss       56.3 km, median     22.6, rho      184, acc a=0.03 (2.1 s)
[16:41:20]   it  27: fuel  327.03 kg, max miss       53.5 km, median     21.6, rho      129, acc a=0.05 (2.1 s)
[16:41:22]   it  28: fuel  327.02 kg, max miss       48.7 km, median     19.9, rho     90.1, acc a=0.10 (2.1 s)
[16:41:24]   it  29: fuel  327.00 kg, max miss       40.7 km, median     17.4, rho     63.1, acc a=0.20 (2.1 s)
[16:41:29]   it  30: fuel  327.00 kg, max miss       40.7 km, median     17.4, rho      252, REJ (5.4 s)
[16:41:32]   it  31: fuel  327.00 kg, max miss       39.1 km, median     16.8, rho      177, acc a=0.04 (2.2 s)
[16:41:34]   it  32: fuel  327.00 kg, max miss       36.2 km, median     15.7, rho      124, acc a=0.08 (2.2 s)
[16:41:36]   it  33: fuel  326.98 kg, max miss       31.6 km, median     14.0, rho     86.5, acc a=0.16 (2.1 s)
[16:41:38]   it  34: fuel  326.96 kg, max miss       24.3 km, median      9.5, rho     60.6, acc a=0.33 (2.1 s)
[16:41:40]   it  35: fuel  326.94 kg, max miss       22.4 km, median     10.4, rho     42.4, acc a=0.66 (2.1 s)
[16:41:42]   it  36: fuel  326.87 kg, max miss      134.7 km, median     57.0, rho     29.7, acc a=1.00 (2.1 s)
[16:41:48]   it  37: fuel  326.87 kg, max miss      134.7 km, median     57.0, rho      119, REJ (5.4 s)
[16:41:50]   it  38: fuel  326.86 kg, max miss      104.9 km, median     45.1, rho     83.1, acc a=0.20 (2.2 s)
[16:41:52]   it  39: fuel  326.82 kg, max miss       47.5 km, median     25.7, rho     58.2, acc a=0.40 (2.1 s)
[16:41:54]   it  40: fuel  326.77 kg, max miss       23.2 km, median     11.5, rho     40.7, acc a=0.80 (2.2 s)
[16:41:56]   it  41: fuel  326.75 kg, max miss       60.7 km, median     35.1, rho     28.5, acc a=1.00 (2.2 s)
[16:42:02]   it  42: fuel  326.75 kg, max miss       60.7 km, median     35.1, rho      114, REJ (5.5 s)
[16:42:04]   it  43: fuel  326.73 kg, max miss       42.8 km, median     24.8, rho     79.8, acc a=0.20 (2.2 s)
[16:42:10]   it  44: fuel  326.73 kg, max miss       42.8 km, median     24.8, rho      319, REJ (5.6 s)
[16:42:12]   it  45: fuel  326.73 kg, max miss       41.0 km, median     23.8, rho      223, acc a=0.04 (2.1 s)
[16:42:14]   it  46: fuel  326.73 kg, max miss       37.2 km, median     21.8, rho      156, acc a=0.08 (2.1 s)
[16:42:16]   it  47: fuel  326.72 kg, max miss       28.7 km, median     17.4, rho      109, acc a=0.16 (2.1 s)
[16:42:20]   it  48: fuel  326.71 kg, max miss       86.7 km, median     15.5, rho      164, acc a=0.11 (4.0 s)
[16:42:22]   it  49: fuel  326.69 kg, max miss       70.7 km, median     12.2, rho      115, acc a=0.21 (2.2 s)
[16:42:27]   it  50: fuel  326.69 kg, max miss       70.7 km, median     12.2, rho      460, REJ (5.5 s)
[16:42:30]   it  51: fuel  326.69 kg, max miss       67.7 km, median     11.7, rho      322, acc a=0.04 (2.1 s)
[16:42:32]   it  52: fuel  326.69 kg, max miss       62.1 km, median     10.7, rho      225, acc a=0.09 (2.1 s)
