[17:37:59] pass start: {'out': 'results/s13/gen/g03/full2', 'start': '', 'keep': '', 'prem': 'results/s13/gen/prem/PREM_03.json', 'delta': 0.01, 'dvt': 1.8, 'beam': 100, 'npt': 6, 'mc': 150, 'tail_from': 6, 'members': 'T1,T2,T3,T5,T6', 'kappa': 90.0, 'cap_head': 1050.0, 'cap_tail': 1080.0, 'grid': '0,800,20', 'pilot': 0, 'seed': 3002, 'jitter': 0.004, 'nproc': 1, 'repair': True, 'n': 8, 'cache': 'results/s13/gen/cache', 'choice': 'value', 'settle_timeout': 240.0}; lambda {'n_prem': 66, 'n_pos': 63, 'n_neg': 3, 'n_jittered': 66, 'mean': 0.00212, 'max': 0.02, 'prize_min': 1.0, 'prize_max': 1.02, 'sha1': '07039ec5364f', 'src': 'results/s13/gen/prem/PREM_03.json', 'jitter': 0.004, 'seed': 3002, 'jitter_mode': 'prem', 'front': 24, 'tool': 's13_pass2'}; kept none
[17:42:37]   route 01 H: pool 298, front 46:1028 45:993 44:981 43:971 42:959 (278 s)
[17:44:08]     H 46 fb planner 1028 -> twin 1114 (miss 70) over cap (11 s)
[17:44:08]     H 45 fb planner 993 -> twin 1072 (miss 1) over cap (28 s)
[17:44:08]     H 44 fb planner 981 -> twin 1074 (miss 61) over cap (10 s)
[17:44:08]     H 43 fb planner 971 -> twin 1047 (miss 84) OK (10 s)
[17:44:08]     H 42 fb planner 959 -> twin 1033 (miss 77) OK (23 s)
[17:44:08]     H 41 fb planner 949 -> twin 1014 (miss 72) OK (9 s)
[17:44:08] route 01: TOOK H 43 fb @ 1047 kg; covered 43, sum J_i 1.4215 (368 s)
[17:48:26]   route 02 H: pool 255, front 46:1031 45:1022 44:1019 43:1009 42:1000 (259 s)
[17:50:07]     H 46 fb planner 1031 -> twin 1085 (miss 80) over cap (53 s)
[17:50:07]     H 45 fb planner 1022 -> twin 1071 (miss 74) over cap (10 s)
[17:50:07]     H 44 fb planner 1019 -> twin 1037 (miss 75) OK (8 s)
[17:50:07]     H 43 fb planner 1009 -> twin 1033 (miss 73) OK (12 s)
[17:50:07]     H 42 fb planner 1000 -> twin 1031 (miss 69) OK (10 s)
[17:50:07]     H 41 fb planner 993 -> twin 1025 (miss 62) OK (8 s)
[17:50:07] route 02: TOOK H 44 fb @ 1037 kg; covered 87, sum J_i 2.8306 (360 s)
[17:53:49]   route 03 H: pool 211, front 42:993 41:959 40:946 39:937 38:917 (222 s)
[17:54:46]     H 42 fb planner 993 -> twin 1066 (miss 69) over cap (11 s)
[17:54:46]     H 41 fb planner 959 -> twin 1004 (miss 97) OK (14 s)
[17:54:46]     H 40 fb planner 946 -> twin 988 (miss 58) OK (9 s)
[17:54:46]     H 39 fb planner 937 -> twin 961 (miss 84) OK (11 s)
[17:54:46]     H 38 fb planner 917 -> twin 935 (miss 75) OK (7 s)
[17:54:46]     H 37 fb planner 899 -> twin 918 (miss 57) OK (5 s)
[17:54:46] route 03: TOOK H 41 fb @ 1004 kg; covered 128, sum J_i 4.2028 (279 s)
[17:57:27]   route 04 H: pool 170, front 36:973 35:942 34:919 33:912 32:901 (161 s)
[17:58:18]     H 36 fb planner 973 -> twin 954 (miss 98) OK (11 s)
[17:58:18]     H 35 fb planner 942 -> twin 916 (miss 70) OK (6 s)
[17:58:18]     H 34 fb planner 919 -> twin 872 (miss 76) OK (10 s)
[17:58:18]     H 33 fb planner 912 -> twin 867 (miss 66) OK (9 s)
[17:58:18]     H 32 fb planner 901 -> twin 853 (miss 53) OK (9 s)
[17:58:18]     H 31 fb planner 885 -> twin 825 (miss 26) OK (6 s)
[17:58:18] route 04: TOOK H 36 fb @ 954 kg; covered 164, sum J_i 5.5191 (213 s)
[18:00:44]   route 05 H: pool 134, front 34:983 33:928 32:904 31:893 30:882 (145 s)
[18:01:47]     H 34 fb planner 983 -> twin 1042 (miss 71) OK (11 s)
[18:01:47]     H 33 fb planner 928 -> twin 928 (miss 8) OK (28 s)
[18:01:47]     H 32 fb planner 904 -> twin 931 (miss 44) OK (6 s)
[18:01:47]     H 31 fb planner 893 -> twin 916 (miss 19) OK (6 s)
[18:01:47]     H 30 fb planner 882 -> twin 903 (miss 78) OK (7 s)
[18:01:47]     H 29 fb planner 872 -> twin 897 (miss 66) OK (5 s)
[18:01:47] route 05: TOOK H 33 fb @ 928 kg; covered 197, sum J_i 6.8085 (209 s)
