[17:37:59] pass start: {'out': 'results/s13/gen/g03/full1', 'start': '', 'keep': '', 'prem': 'results/s13/gen/prem/PREM_03.json', 'delta': 0.01, 'dvt': 1.8, 'beam': 100, 'npt': 6, 'mc': 150, 'tail_from': 6, 'members': 'T1,T2,T3,T5,T6', 'kappa': 90.0, 'cap_head': 1050.0, 'cap_tail': 1080.0, 'grid': '0,800,20', 'pilot': 0, 'seed': 3001, 'jitter': 0.004, 'nproc': 1, 'repair': True, 'n': 8, 'cache': 'results/s13/gen/cache', 'choice': 'lex', 'settle_timeout': 240.0}; lambda {'n_prem': 66, 'n_pos': 66, 'n_neg': 0, 'n_jittered': 66, 'mean': 0.00212, 'max': 0.02, 'prize_min': 1.0, 'prize_max': 1.02, 'sha1': '78cf6a38c13a', 'src': 'results/s13/gen/prem/PREM_03.json', 'jitter': 0.004, 'seed': 3001, 'jitter_mode': 'prem', 'front': 24, 'tool': 's13_pass2'}; kept none
[17:42:39]   route 01 H: pool 298, front 47:1036 46:1029 45:1022 44:1013 43:983 (280 s)
[17:43:44]     H 47 fb planner 1036 -> twin 1124 (miss 72) over cap (28 s, cached)
[17:43:44]     H 46 fb planner 1029 -> twin 1130 (miss 54) over cap (22 s, cached)
[17:43:44]     H 45 fb planner 1022 -> twin 1105 (miss 17) over cap (33 s)
[17:43:44]     H 44 fb planner 1013 -> twin 1116 (miss 70) over cap (11 s)
[17:43:44]     H 43 fb planner 983 -> twin 1083 (miss 2) over cap (11 s)
[17:43:44]     H 42 fb planner 968 -> twin 1034 (miss 65) OK (10 s)
[17:43:44] route 01: TOOK H 42 fb @ 1034 kg; covered 42, sum J_i 1.4062 (344 s)
[17:48:02]   route 02 H: pool 256, front 46:1036 45:1025 44:1018 43:1009 42:1005 (258 s)
[17:49:06]     H 46 fb planner 1036 -> twin 1111 (miss 1) over cap (13 s)
[17:49:06]     H 45 fb planner 1025 -> twin 1095 (miss 58) over cap (13 s)
[17:49:06]     H 44 fb planner 1018 -> twin 1071 (miss 75) over cap (10 s)
[17:49:06]     H 43 fb planner 1009 -> twin 1057 (miss 65) over cap (10 s)
[17:49:06]     H 42 fb planner 1005 -> twin 1051 (miss 60) over cap (8 s)
[17:49:06]     H 41 fb planner 994 -> twin 1020 (miss 74) OK (9 s)
[17:49:06] route 02: TOOK H 41 fb @ 1020 kg; covered 83, sum J_i 2.7961 (322 s)
[17:52:38]   route 03 H: pool 215, front 42:1030 41:1005 40:996 39:986 38:972 (212 s)
[17:53:42]     H 42 fb planner 1030 -> twin 1073 (miss 4) over cap (12 s)
[17:53:42]     H 41 fb planner 1005 -> twin 1056 (miss 79) over cap (12 s)
[17:53:42]     H 40 fb planner 996 -> twin 1015 (miss 8) OK (11 s)
[17:53:42]     H 39 fb planner 986 -> twin 992 (miss 64) OK (12 s)
[17:53:42]     H 38 fb planner 972 -> twin 974 (miss 3) OK (9 s)
[17:53:42]     H 37 fb planner 970 -> twin 971 (miss 3) OK (10 s)
[17:53:42] route 03: TOOK H 40 fb @ 1015 kg; covered 123, sum J_i 4.1805 (277 s)
[17:56:36]   route 04 H: pool 175, front 38:1003 37:913 36:893 35:881 34:879 (173 s)
[17:57:39]     H 38 fb planner 1003 -> twin 1018 (miss 58) OK (13 s)
[17:57:39]     H 37 fb planner 913 -> twin 985 (miss 99) OK (11 s)
[17:57:39]     H 36 fb planner 893 -> twin 964 (miss 98) OK (11 s)
[17:57:39]     H 35 fb planner 881 -> twin 940 (miss 53) OK (10 s)
[17:57:39]     H 34 fb planner 879 -> twin 929 (miss 77) OK (10 s)
[17:57:39]     H 33 fb planner 873 -> twin 928 (miss 55) OK (9 s)
[17:57:39] route 04: TOOK H 38 fb @ 1018 kg; covered 161, sum J_i 5.5687 (237 s)
[17:59:53]   route 05 H: pool 137, front 33:913 32:861 31:856 30:840 29:836 (133 s)
[18:01:15]     H 33 fb planner 913 -> twin 953 (miss 69) OK (7 s)
[18:01:15]     H 32 fb planner 861 -> twin 852 (miss 88) OK (8 s)
[18:01:15]     H 31 fb planner 856 -> twin 976 (miss 55) OK (8 s)
[18:01:15]     H 30 fb planner 840 -> twin 836 (miss 10) OK (39 s)
[18:01:15]     H 29 fb planner 836 -> twin 828 (miss 8) OK (11 s)
[18:01:15]     H 28 fb planner 827 -> twin 821 (miss 8) OK (10 s)
[18:01:15] route 05: TOOK H 33 fb @ 953 kg; covered 194, sum J_i 6.8848 (216 s)
[18:12:00]   route 06 T1: pool 104, front 29:884 28:867 27:862 26:853 25:827 (117 s)
[18:12:00]   route 06 T2: pool 104, front 31:1008 30:908 29:900 28:889 27:869 (120 s)
[18:12:00]   route 06 T3: pool 104, front 32:1020 31:1012 30:1001 29:989 28:971 (137 s)
[18:12:00]   route 06 T5: pool 104, front 29:881 28:850 27:823 26:810 25:797 (109 s)
[18:12:00]   route 06 T6: pool 104, front 32:1001 31:968 30:957 29:939 28:928 (161 s)
