root pool: [10318] launch legs
depth   1:     58 children -> beam   39; n=1 fuel=0 kg launched 1/2 active 2; per craft [1, 0]
depth   2:   2184 children -> beam  100; n=2 fuel=0 kg launched 2/2 active 2; per craft [1, 1]
depth   3:    272 children -> beam  100; n=3 fuel=14 kg launched 2/2 active 2; per craft [1, 2]
depth   4:    242 children -> beam  100; n=4 fuel=41 kg launched 2/2 active 2; per craft [2, 2]
depth   5:    191 children -> beam  100; n=5 fuel=95 kg launched 2/2 active 2; per craft [2, 3]
depth  10:    215 children -> beam  100; n=10 fuel=215 kg launched 2/2 active 2; per craft [4, 6]
depth  15:    203 children -> beam  100; n=15 fuel=416 kg launched 2/2 active 2; per craft [5, 10]
depth  20:    218 children -> beam  100; n=20 fuel=510 kg launched 2/2 active 2; per craft [10, 10]
depth  25:    193 children -> beam  100; n=25 fuel=662 kg launched 2/2 active 2; per craft [12, 13]
depth  30:      1 children -> beam    1; n=30 fuel=783 kg launched 2/2 active 2; per craft [14, 16]
{"pool": "routes:08,09", "pool_size": 50, "K": 2, "beam": 100, "nproc": 1, "m0": 1600.0, "t_run_s": 258.6, "n_joint_states": 2670, "t10d_reference": {"08": [26, 870.6, 1.2307], "09": [24, 876.5, 1.2365]}, "t10d_sumJ": 2.4672, "max_covered": 30, "last_level": {"depth": 30, "n_states": 1, "distinct_splits": 1, "distinct_sets_per_craft": [1, 1]}, "settles": []}
  covered 30: planner sum J_i 2.197, depths [14, 16], tanks [728, 725]
  covered 29: planner sum J_i 2.176, depths [14, 15], tanks [721, 707]
  covered 28: planner sum J_i 2.168, depths [13, 15], tanks [711, 707]
  covered 27: planner sum J_i 2.160, depths [13, 14], tanks [711, 697]
  covered 26: planner sum J_i 2.150, depths [13, 13], tanks [711, 685]
  covered 25: planner sum J_i 2.146, depths [12, 13], tanks [706, 685]
  settle {'craft': 0, 'n': 14, 'tank_planner': 728.0, 'error': 'TimeoutError', 't_settle_s': 240.0, 'ok': False, 'miss_km': None}
  settle {'craft': 1, 'n': 16, 'tank_planner': 725.0, 't_settle_s': 0.3, 'ok': False, 'miss_km': None}
