[21:19:06] skeletons: 8 routes, covered 67, J 241.4199; 05:9@670 09:9@734 13:9@668 01:8@647 03:8@642 06:8@678 10:8@653 12:8@664
[21:19:06]   01: dropping waypoints [111, 114, 193, 139, 122, 137, 265, 196] -> 0 left
[21:19:06]   03: dropping waypoints [205, 214, 203, 88, 135, 15, 178, 36] -> 0 left
[21:19:06]   05: dropping waypoints [192, 101, 96, 132, 262, 58, 147, 179, 200] -> 0 left
[21:19:06]   06: dropping waypoints [16, 108, 224, 34, 240, 145, 86, 254] -> 0 left
[21:19:06]   09: dropping waypoints [8, 39, 251, 51, 217, 168, 33, 157, 219] -> 0 left
[21:19:06]   10: dropping waypoints [169, 166, 199, 62, 116, 18, 282, 25] -> 0 left
[21:19:06]   12: dropping waypoints [99, 105, 206, 246, 252, 84, 151, 243] -> 0 left
[21:19:06]   13: dropping waypoints [161, 50, 92, 123, 158, 236, 22, 216, 232] -> 0 left
[21:19:06] --- 09: pool 50 assigned + 248 shared @ 0.0
[21:22:18]   09: beam 100 drmax 0.15 half 45: 1762 full states, deepest 26  (192 s)
[21:22:18]   09: Pareto 8:643 9:656 10:664 11:669 12:677 13:685 14:686 15:695 16:702 17:708 18:728 19:747 20:756 21:763 22:772 23:780 24:799 25:805 26:818
[21:22:32]     26 fb: planner 818 -> twin 843 kg (26 fb, 26 new), 0.509 km/s/fb, J_i 1.203, value -9.197 (14 s)
[21:22:45]     25 fb: planner 805 -> twin 823 kg (25 fb, 25 new), 0.493 km/s/fb, J_i 1.185, value -8.815 (12 s)
[21:22:45] [09] 0 waypoints -> 26 flybys (26 new), tank 843, J_i 1.203; fleet covered 26, uncovered 272, fleet J 275.203  (218 s)
[21:22:45] FINAL: 1 routes, covered 26, J 275.2033; 09:26@843; leftovers 272: [1, 2, 3, 4, 5, 6, 7, 8, 9, 10, 11, 13, 14, 15, 16, 17, 18, 19, 20, 21, 22, 23, 24, 25, 26, 27, 28, 29, 30, 31, 32, 33, 34, 35, 36, 37, 38, 39, 40, 41, 42, 43, 44, 45, 46, 47, 48, 49, 50, 51, 52, 53, 54, 55, 56, 57, 58, 59, 60, 61, 62, 63, 64, 65, 66, 67, 68, 69, 71, 72, 73, 74, 75, 76, 77, 78, 79, 81, 82, 83, 84, 85, 86, 87, 88, 89, 90, 92, 94, 96, 97, 99, 100, 101, 102, 103, 104, 105, 106, 107, 108, 109, 111, 112, 113, 114, 115, 116, 118, 119, 121, 122, 123, 124, 125, 126, 127, 128, 129, 130, 132, 133, 135, 136, 137, 138, 139, 140, 142, 143, 145, 146, 147, 150, 151, 152, 153, 155, 156, 157, 158, 159, 161, 162, 163, 164, 165, 166, 167, 168, 169, 170, 171, 172, 173, 174, 176, 178, 179, 180, 181, 182, 183, 184, 185, 186, 187, 188, 189, 190, 191, 192, 193, 194, 195, 197, 198, 199, 200, 201, 202, 203, 204, 205, 206, 207, 208, 209, 210, 211, 212, 213, 214, 215, 216, 217, 218, 219, 220, 221, 222, 223, 224, 226, 227, 228, 229, 230, 231, 232, 233, 234, 235, 236, 237, 238, 239, 240, 241, 243, 244, 245, 246, 247, 248, 249, 251, 252, 253, 254, 256, 258, 259, 260, 261, 262, 263, 264, 265, 266, 267, 268, 269, 270, 271, 272, 273, 274, 275, 276, 277, 278, 279, 280, 281, 282, 283, 284, 285, 287, 288, 289, 290, 291, 293, 294, 295, 296, 297, 298, 299, 300]
[21:22:45] sum J_i 1.203 -> J 3.203 if the leftovers insert for free, 275.203 as misses
real 218.94
user 158.19
sys 0.63
