[2026-09-24 01:13:14] prefix: route_r1.npz truncated at 540 d -> 4 flybys, honest tank 620.8 kg, miss 3.6 km, honest True (MEASURED 0.1 s)
[01:13:14] job s00_c0 (craft, craft 0): T 540 d H 540 L 360; remaining 294; prize >1 on 0, tank_prev 620.8
[01:13:14] prefix craft_0.npz: 4 flybys, t_end 464.5 d, tank 620.8 kg (planner view), miss 3.6 km, nreg 23
[01:13:14] start: 1 craft state(s), remaining 294, horizon (540, 1080] + L 360 d, B 3 tries 4 k_epochs 3 price_cap 250 max_levels 3 wall 2400 s
[01:13:18]   price_cap: 250 of 868 horizon candidates priced (1 parents)
[01:13:18] depth  2: 1/1 parents -> 90 children (90 unique) -> tried 3, settled 3 (3 in H), kept 3; t_end 567-647 d, tank 626-648 (5 s: price 4, settle 1)
[01:13:32]   price_cap: 750 of 2627 horizon candidates priced (3 parents)
[01:13:32] depth  3: 3/3 parents -> 266 children (266 unique) -> tried 3, settled 3 (3 in H), kept 3; t_end 605-765 d, tank 626-654 (14 s: price 14, settle 0)
[01:13:47]   price_cap: 750 of 2608 horizon candidates priced (3 parents)
[01:13:48] depth  4: 3/3 parents -> 248 children (248 unique) -> tried 3, settled 3 (3 in H), kept 3; t_end 824-835 d, tank 627-646 (15 s: price 15, settle 0)
[01:13:48] beam end {'kind': 'max_levels', 'depth': 4}: 10 settled states, 9 settles (9 ok), wall 34 s (price 32, settle 2)
[01:13:48] RESULT s00_c0: 9 columns (n_new 1-3, potential 0-0), 10 states, end max_levels, wall 34 s
[2026-09-24 01:13:48] test-craft: 9 columns, n_new 1-3, 0 with potential > 0; stats {"levels": 3, "n_states": 10, "n_columns": 9, "settles": 9, "settle_ok": 9, "price_s": 32.3, "settle_s": 1.5, "wall_s": 34.0, "end": {"kind": "max_levels", "depth": 4}}
  k  id                n_new  depth  pot   tank    dtank   miss  t_launch  t_end   classes         targets @ epochs [d]
           s00_c0_k0      3      4    0   627.4     6.6    0.9      41.0   828.9  p1/m1/f1  1@647 292@766 59@829
           s00_c0_k1      3      4    0   629.7     8.9    1.2      41.0   824.4  p1/m0/f2  1@647 292@767 202@824
           s00_c0_k2      3      4    0   645.6    24.8    5.8      41.0   835.4  p1/m1/f1  1@652 292@763 125@835
           s00_c0_k3      2      3    0   626.1     5.3    0.6      41.0   765.3  p1/m0/f1  1@647 292@765
           s00_c0_k4      2      3    0   647.9    27.1    8.0      41.0   675.2  p1/m1/f0  48@566 45@675
           s00_c0_k5      2      3    0   653.8    32.9    0.3      41.0   604.6  p1/m0/f1  268@581 68@605
           s00_c0_k6      1      2    0   625.7     4.8   25.9      41.0   647.5  p1/m0/f0  1@647
           s00_c0_k7      1      2    0   637.9    17.0   53.5      41.0   567.5  p1/m0/f0  48@567
           s00_c0_k8      1      2    0   648.1    27.3   69.7      41.0   575.3  p1/m0/f0  268@575
  level {'depth': 2, 'parents': 1, 'children': 90, 'unique': 90, 'tried': 3, 'settled': 3, 'kept': 3, 'in_H': 3, 'wall_s': 4.6, 'price_s': 4.0, 'settle_s': 0.6, 'n_epochs': 868, 'n_priced': 250, 'drift': 0}
  level {'depth': 3, 'parents': 3, 'children': 266, 'unique': 266, 'tried': 3, 'settled': 3, 'kept': 3, 'in_H': 3, 'wall_s': 14.1, 'price_s': 13.6, 'settle_s': 0.5, 'n_epochs': 2627, 'n_priced': 750, 'drift': 0}
  level {'depth': 4, 'parents': 3, 'children': 248, 'unique': 248, 'tried': 3, 'settled': 3, 'kept': 3, 'in_H': 3, 'wall_s': 15.3, 'price_s': 14.8, 'settle_s': 0.4, 'n_epochs': 2608, 'n_priced': 750, 'drift': 0}
[2026-09-24 01:13:48] test-craft FAIL on the potential criterion: no beam state reached T+H = 1080 d after 3 levels (deepest column ends 835 d, 124 d per level); rerun with more --levels (8 passes) or a smaller --w-t
Traceback (most recent call last):
  File "/Users/mickey/solarsystem/ctoc14/tools/s18_segbeam.py", line 697, in <module>
    main()
    ~~~~^^
  File "/Users/mickey/solarsystem/ctoc14/tools/s18_segbeam.py", line 691, in main
    test_craft(a.arg, a.route, a.T, a.H, a.L, a.B, a.tries, a.levels, a.w_t, a.w_fuel)
    ~~~~~~~~~~^^^^^^^^^^^^^^^^^^^^^^^^^^^^^^^^^^^^^^^^^^^^^^^^^^^^^^^^^^^^^^^^^^^^^^^^
  File "/Users/mickey/solarsystem/ctoc14/tools/s18_segbeam.py", line 630, in test_craft
    assert npos >= 1, 'no column with potential > 0'
           ^^^^^^^^^
AssertionError: no column with potential > 0
