[17:46:28] === s14_lookback free 03: pool 38; L 2 beam 100 over 1.5 roots 300 dvcap 3.0 drmax 1.0 mcap 1100.0 (tcap 0.675) tofs 74 npt 2 mc 80 w_fuel 0.5197 ref 6/100.0/1000.0/rho 30.0
[17:46:41] roots: 1683 launch legs -> 267 kept (max root miss 0.3 km)
[17:46:52] depth  2: 267 parents -> 2600 children (1728 unique) -> refined 150, ok 139, kept 100; t_end 345-715 d, tank 602-655; best 2 @ 602.3 kg (price 5.4 s, refine 5.6 s)
[17:46:58] depth  3: 100 parents -> 1056 children (958 unique) -> refined 150, ok 150, kept 100; t_end 483-861 d, tank 610-680; best 3 @ 609.8 kg (price 1.9 s, refine 4.9 s)
[17:47:05] depth  4: 100 parents -> 1100 children (1026 unique) -> refined 150, ok 149, kept 100; t_end 573-993 d, tank 618-715; best 4 @ 617.8 kg (price 1.9 s, refine 4.3 s)
[17:47:11] depth  5: 100 parents -> 1008 children (963 unique) -> refined 150, ok 147, kept 100; t_end 677-1012 d, tank 632-737; best 5 @ 631.7 kg (price 2.1 s, refine 4.2 s)
[17:47:18] depth  6: 100 parents -> 937 children (872 unique) -> refined 150, ok 148, kept 100; t_end 795-1172 d, tank 651-765; best 6 @ 651.4 kg (price 2.1 s, refine 5.0 s)
[17:47:25] depth  7: 100 parents -> 920 children (838 unique) -> refined 150, ok 147, kept 100; t_end 897-1422 d, tank 666-798; best 7 @ 665.7 kg (price 1.8 s, refine 5.0 s)
[17:47:32] depth  8: 100 parents -> 870 children (858 unique) -> refined 150, ok 150, kept 100; t_end 1073-1598 d, tank 674-807; best 8 @ 674.0 kg (price 1.7 s, refine 5.2 s)
[17:47:38] depth  9: 100 parents -> 843 children (843 unique) -> refined 150, ok 149, kept 100; t_end 1283-1759 d, tank 686-830; best 9 @ 685.9 kg (price 1.6 s, refine 4.9 s)
[17:47:46] depth 10: 100 parents -> 982 children (960 unique) -> refined 150, ok 150, kept 100; t_end 1460-1954 d, tank 699-839; best 10 @ 698.6 kg (price 1.7 s, refine 5.7 s)
[17:47:53] depth 11: 100 parents -> 1080 children (1018 unique) -> refined 150, ok 148, kept 100; t_end 1520-2090 d, tank 713-896; best 11 @ 712.6 kg (price 1.9 s, refine 5.4 s)
[17:48:00] depth 12: 100 parents -> 1535 children (1427 unique) -> refined 150, ok 147, kept 100; t_end 1758-2214 d, tank 722-896; best 12 @ 722.4 kg (price 2.2 s, refine 4.9 s)
[17:48:07] depth 13: 100 parents -> 1507 children (1484 unique) -> refined 150, ok 146, kept 100; t_end 1878-2400 d, tank 729-901; best 13 @ 729.3 kg (price 2.2 s, refine 4.4 s)
[17:48:13] depth 14: 100 parents -> 1177 children (1165 unique) -> refined 150, ok 148, kept 100; t_end 2106-2541 d, tank 738-900; best 14 @ 737.5 kg (price 2.0 s, refine 4.2 s)
[17:48:18] depth 15: 100 parents -> 860 children (841 unique) -> refined 150, ok 137, kept 100; t_end 2371-2705 d, tank 754-875; best 15 @ 754.3 kg (price 1.8 s, refine 3.9 s)
[17:48:24] depth 16: 100 parents -> 730 children (715 unique) -> refined 150, ok 141, kept 100; t_end 2443-2890 d, tank 770-929; best 16 @ 770.1 kg (price 1.6 s, refine 4.2 s)
[17:48:31] depth 17: 100 parents -> 657 children (633 unique) -> refined 150, ok 145, kept 100; t_end 2546-3081 d, tank 797-962; best 17 @ 796.7 kg (price 1.4 s, refine 4.9 s)
[17:48:38] depth 18: 100 parents -> 945 children (909 unique) -> refined 150, ok 148, kept 100; t_end 2672-3132 d, tank 830-984; best 18 @ 830.5 kg (price 1.5 s, refine 5.5 s)
[17:48:44] depth 19: 100 parents -> 844 children (813 unique) -> refined 150, ok 134, kept 100; t_end 2860-3222 d, tank 888-1026; best 19 @ 888.3 kg (price 1.6 s, refine 4.5 s)
[17:48:50] depth 20: 100 parents -> 695 children (676 unique) -> refined 150, ok 143, kept 100; t_end 2960-3488 d, tank 905-1091; best 20 @ 905.1 kg (price 1.4 s, refine 5.1 s)
[17:48:57] depth 21: 100 parents -> 502 children (457 unique) -> refined 150, ok 146, kept 100; t_end 3092-3494 d, tank 965-1167; best 21 @ 965.0 kg (price 1.4 s, refine 5.7 s)
[17:49:04] depth 22: 100 parents -> 364 children (350 unique) -> refined 150, ok 149, kept 100; t_end 3244-3796 d, tank 1009-1258; best 22 @ 1009.0 kg (price 1.0 s, refine 6.0 s)
[17:49:11] depth 23: 100 parents -> 452 children (426 unique) -> refined 150, ok 150, kept 100; t_end 3492-3964 d, tank 1031-1299; best 23 @ 1031.1 kg (price 1.1 s, refine 6.1 s)
[17:49:19] depth 24: 100 parents -> 428 children (386 unique) -> refined 150, ok 145, kept 100; t_end 3740-4215 d, tank 1077-1296; best 24 @ 1077.3 kg (price 0.9 s, refine 6.2 s)
[17:49:26] depth 25: 100 parents -> 363 children (343 unique) -> refined 150, ok 149, kept 100; t_end 3991-4452 d, tank 1095-1443; best 25 @ 1094.7 kg (price 0.8 s, refine 6.4 s)
[17:49:33] depth 26: 100 parents -> 254 children (220 unique) -> refined 150, ok 148, kept 100; t_end 4190-4596 d, tank 1139-1460; best 26 @ 1139.0 kg (price 0.8 s, refine 6.2 s)
[17:49:41] depth 27: 100 parents -> 185 children (166 unique) -> refined 150, ok 150, kept 100; t_end 4434-4993 d, tank 1203-1489; best 27 @ 1203.2 kg (price 0.7 s, refine 8.0 s)
[17:49:49] depth 28: 100 parents -> 221 children (207 unique) -> refined 150, ok 149, kept 100; t_end 4711-5306 d, tank 1214-1487; best 28 @ 1213.5 kg (price 0.9 s, refine 7.2 s)
[17:49:56] depth 29: 100 parents -> 128 children (121 unique) -> refined 121, ok 120, kept 100; t_end 4902-5468 d, tank 1234-1608; best 29 @ 1234.1 kg (price 0.6 s, refine 5.5 s)
[17:49:57] depth 30: 100 parents -> 36 children (29 unique) -> refined 29, ok 24, kept 21; t_end 5211-5470 d, tank 1251-1458; best 30 @ 1250.6 kg (price 0.3 s, refine 1.0 s)
[17:49:57] depth 31: 21 parents -> 0 children (0 unique) -> refined 0, ok 0, kept 0; best 30 @ 1250.6 kg (price 0.0 s, refine 0.0 s)
[17:49:57] PLANNED 03: 30/38 @ 1250.6 kg (max miss 133 km); end {'kind': 'no_children', 'depth': 30, 'time_left_d': np.float64(8.7)}; refines 4200 (4096 ok); wall 196 s
[17:50:16]   settle depth 30 alt 0: planned 1250.6 kg (max miss 133 km) -> twin 1042.7 kg, miss 41 km [B; A 1179.05 B 1042.71/41.2 km] (18 s)
[17:50:35]   settle depth 30 alt 1: planned 1255.5 kg (max miss 133 km) -> twin 1048.7 kg, miss 1 km [B; A 1185.0 B 1048.66/0.9 km] (19 s)
[17:50:52]   settle depth 30 alt 2: planned 1278.0 kg (max miss 133 km) -> twin 1070.6 kg, miss 38 km [B; A 1176.84 B 1070.59/38.4 km] (17 s)
[17:50:52] RESULT 03: settled 30/38 @ 1042.7 kg (14.76 kg/fb, J_i 1.4162); planned 1250.6 kg; total wall 264 s
