[17:50:26] === s14_lookback free 06: pool 38; L 2 beam 100 over 1.5 roots 300 dvcap 3.0 drmax 1.0 mcap 1100.0 (tcap 0.675) tofs 74 npt 2 mc 80 w_fuel 0.5197 ref 6/100.0/1000.0/rho 30.0
[17:50:38] roots: 1058 launch legs -> 205 kept (max root miss 0.0 km)
[17:50:48] depth  2: 205 parents -> 2206 children (1544 unique) -> refined 150, ok 138, kept 100; t_end 320-685 d, tank 604-648; best 2 @ 603.5 kg (price 3.9 s, refine 5.2 s)
[17:50:55] depth  3: 100 parents -> 1214 children (1124 unique) -> refined 150, ok 148, kept 100; t_end 503-801 d, tank 609-668; best 3 @ 608.7 kg (price 1.9 s, refine 5.1 s)
[17:51:01] depth  4: 100 parents -> 1127 children (1095 unique) -> refined 150, ok 150, kept 100; t_end 617-936 d, tank 622-698; best 4 @ 622.3 kg (price 1.9 s, refine 4.7 s)
[17:51:08] depth  5: 100 parents -> 1063 children (1025 unique) -> refined 150, ok 147, kept 100; t_end 678-1169 d, tank 629-719; best 5 @ 629.3 kg (price 1.8 s, refine 5.0 s)
[17:51:15] depth  6: 100 parents -> 839 children (812 unique) -> refined 150, ok 143, kept 100; t_end 835-1338 d, tank 646-774; best 6 @ 645.9 kg (price 1.5 s, refine 5.0 s)
[17:51:21] depth  7: 100 parents -> 832 children (800 unique) -> refined 150, ok 143, kept 100; t_end 1065-1390 d, tank 676-766; best 7 @ 675.7 kg (price 1.6 s, refine 4.9 s)
[17:51:27] depth  8: 100 parents -> 786 children (745 unique) -> refined 150, ok 148, kept 100; t_end 1126-1611 d, tank 681-813; best 8 @ 681.1 kg (price 1.7 s, refine 4.7 s)
[17:51:34] depth  9: 100 parents -> 720 children (674 unique) -> refined 150, ok 150, kept 100; t_end 1253-1694 d, tank 700-838; best 9 @ 699.6 kg (price 1.2 s, refine 5.2 s)
[17:51:42] depth 10: 100 parents -> 681 children (635 unique) -> refined 150, ok 149, kept 100; t_end 1377-2053 d, tank 703-869; best 10 @ 703.4 kg (price 1.5 s, refine 6.8 s)
[17:51:49] depth 11: 100 parents -> 651 children (628 unique) -> refined 150, ok 149, kept 100; t_end 1532-2101 d, tank 709-910; best 11 @ 708.9 kg (price 1.3 s, refine 5.5 s)
[17:51:56] depth 12: 100 parents -> 576 children (565 unique) -> refined 150, ok 148, kept 100; t_end 1685-2299 d, tank 723-928; best 12 @ 723.3 kg (price 1.2 s, refine 5.3 s)
[17:52:02] depth 13: 100 parents -> 537 children (514 unique) -> refined 150, ok 150, kept 100; t_end 1855-2469 d, tank 740-971; best 13 @ 739.8 kg (price 1.2 s, refine 4.7 s)
[17:52:08] depth 14: 100 parents -> 568 children (550 unique) -> refined 150, ok 148, kept 100; t_end 1990-2710 d, tank 743-1003; best 14 @ 743.1 kg (price 1.0 s, refine 5.0 s)
[17:52:15] depth 15: 100 parents -> 634 children (626 unique) -> refined 150, ok 139, kept 100; t_end 2105-2879 d, tank 749-1077; best 15 @ 748.6 kg (price 1.0 s, refine 6.5 s)
[17:52:23] depth 16: 100 parents -> 669 children (627 unique) -> refined 150, ok 144, kept 100; t_end 2232-3129 d, tank 750-1142; best 16 @ 749.7 kg (price 1.1 s, refine 6.5 s)
[17:52:29] depth 17: 100 parents -> 599 children (572 unique) -> refined 150, ok 144, kept 100; t_end 2685-3249 d, tank 777-1007; best 17 @ 776.6 kg (price 1.2 s, refine 5.2 s)
[17:52:35] depth 18: 100 parents -> 625 children (611 unique) -> refined 150, ok 150, kept 100; t_end 2820-3362 d, tank 791-1027; best 18 @ 790.9 kg (price 1.3 s, refine 5.1 s)
[17:52:42] depth 19: 100 parents -> 509 children (504 unique) -> refined 150, ok 144, kept 100; t_end 3089-3396 d, tank 822-964; best 19 @ 821.8 kg (price 1.3 s, refine 5.0 s)
[17:52:47] depth 20: 100 parents -> 503 children (488 unique) -> refined 150, ok 149, kept 100; t_end 3154-3666 d, tank 822-1012; best 20 @ 822.3 kg (price 1.1 s, refine 4.7 s)
[17:52:53] depth 21: 100 parents -> 742 children (719 unique) -> refined 150, ok 146, kept 100; t_end 3348-3770 d, tank 830-1068; best 21 @ 829.9 kg (price 1.2 s, refine 5.1 s)
[17:53:00] depth 22: 100 parents -> 694 children (666 unique) -> refined 150, ok 148, kept 100; t_end 3425-3951 d, tank 853-1061; best 22 @ 852.9 kg (price 1.1 s, refine 5.1 s)
[17:53:06] depth 23: 100 parents -> 570 children (564 unique) -> refined 150, ok 144, kept 100; t_end 3605-4098 d, tank 858-1078; best 23 @ 858.4 kg (price 1.3 s, refine 4.7 s)
[17:53:12] depth 24: 100 parents -> 436 children (423 unique) -> refined 150, ok 148, kept 100; t_end 3767-4162 d, tank 888-1128; best 24 @ 888.3 kg (price 0.9 s, refine 5.2 s)
[17:53:18] depth 25: 100 parents -> 362 children (340 unique) -> refined 150, ok 149, kept 100; t_end 3920-4403 d, tank 914-1142; best 25 @ 913.5 kg (price 0.8 s, refine 5.6 s)
[17:53:24] depth 26: 100 parents -> 327 children (301 unique) -> refined 150, ok 150, kept 100; t_end 4046-4466 d, tank 960-1200; best 26 @ 960.2 kg (price 0.8 s, refine 5.2 s)
[17:53:30] depth 27: 100 parents -> 275 children (264 unique) -> refined 150, ok 150, kept 100; t_end 4179-4479 d, tank 1058-1281; best 27 @ 1058.4 kg (price 0.6 s, refine 5.2 s)
[17:53:37] depth 28: 100 parents -> 207 children (199 unique) -> refined 150, ok 148, kept 100; t_end 4361-4877 d, tank 1096-1362; best 28 @ 1095.6 kg (price 0.6 s, refine 6.8 s)
[17:53:45] depth 29: 100 parents -> 318 children (308 unique) -> refined 150, ok 150, kept 100; t_end 4513-5163 d, tank 1100-1386; best 29 @ 1099.9 kg (price 0.8 s, refine 7.4 s)
[17:53:52] depth 30: 100 parents -> 202 children (194 unique) -> refined 150, ok 150, kept 100; t_end 4888-5278 d, tank 1106-1406; best 30 @ 1106.1 kg (price 0.5 s, refine 6.0 s)
[17:53:56] depth 31: 100 parents -> 107 children (99 unique) -> refined 99, ok 99, kept 91; t_end 5217-5461 d, tank 1120-1441; best 31 @ 1120.4 kg (price 0.5 s, refine 3.9 s)
[17:53:57] depth 32: 91 parents -> 15 children (12 unique) -> refined 12, ok 12, kept 11; t_end 5452-5459 d, tank 1211-1386; best 32 @ 1210.7 kg (price 0.1 s, refine 0.4 s)
[17:53:57] depth 33: 11 parents -> 0 children (0 unique) -> refined 0, ok 0, kept 0; best 32 @ 1210.7 kg (price 0.0 s, refine 0.0 s)
[17:53:57] PLANNED 06: 32/38 @ 1210.7 kg (max miss 49 km); end {'kind': 'no_children', 'depth': 32, 'time_left_d': np.float64(19.6)}; refines 4461 (4375 ok); wall 198 s
[17:54:07]   settle depth 32 alt 0: planned 1210.7 kg (max miss 49 km) -> twin 992.0 kg, miss 72 km [B; A 1121.77 B 991.97/72.3 km] (10 s)
[17:54:20]   settle depth 32 alt 1: planned 1225.0 kg (max miss 49 km) -> twin 1014.3 kg, miss 76 km [B; A 1127.28 B 1014.32/76.2 km] (13 s)
[17:54:32]   settle depth 32 alt 2: planned 1271.7 kg (max miss 82 km) -> twin 1039.1 kg, miss 60 km [B; A 1179.41 B 1039.07/60.5 km] (12 s)
[17:54:32] RESULT 06: settled 32/38 @ 992.0 kg (12.25 kg/fb, J_i 1.3584); planned 1210.7 kg; total wall 246 s
