[17:50:28] === s14_lookback free 07: pool 36; L 2 beam 100 over 1.5 roots 300 dvcap 3.0 drmax 1.0 mcap 1100.0 (tcap 0.675) tofs 74 npt 2 mc 80 w_fuel 0.5197 ref 6/100.0/1000.0/rho 30.0
[17:50:41] roots: 1606 launch legs -> 246 kept (max root miss 0.0 km)
[17:50:51] depth  2: 246 parents -> 2528 children (1755 unique) -> refined 150, ok 140, kept 100; t_end 206-630 d, tank 607-652; best 2 @ 606.7 kg (price 4.6 s, refine 5.2 s)
[17:50:57] depth  3: 100 parents -> 843 children (782 unique) -> refined 150, ok 149, kept 100; t_end 295-781 d, tank 618-691; best 3 @ 618.5 kg (price 1.8 s, refine 4.6 s)
[17:51:05] depth  4: 100 parents -> 810 children (788 unique) -> refined 150, ok 147, kept 100; t_end 406-960 d, tank 624-720; best 4 @ 623.9 kg (price 1.7 s, refine 5.7 s)
[17:51:12] depth  5: 100 parents -> 885 children (860 unique) -> refined 150, ok 147, kept 100; t_end 531-970 d, tank 641-745; best 5 @ 641.1 kg (price 1.5 s, refine 5.6 s)
[17:51:19] depth  6: 100 parents -> 893 children (864 unique) -> refined 150, ok 145, kept 100; t_end 735-1196 d, tank 652-773; best 6 @ 652.1 kg (price 1.5 s, refine 5.5 s)
[17:51:26] depth  7: 100 parents -> 846 children (828 unique) -> refined 150, ok 149, kept 100; t_end 887-1267 d, tank 684-787; best 7 @ 683.8 kg (price 1.4 s, refine 5.6 s)
[17:51:32] depth  8: 100 parents -> 820 children (795 unique) -> refined 150, ok 148, kept 100; t_end 1036-1474 d, tank 697-838; best 8 @ 697.3 kg (price 1.3 s, refine 5.2 s)
[17:51:40] depth  9: 100 parents -> 782 children (754 unique) -> refined 150, ok 148, kept 100; t_end 1067-1776 d, tank 707-892; best 9 @ 706.7 kg (price 1.4 s, refine 6.7 s)
[17:51:47] depth 10: 100 parents -> 839 children (831 unique) -> refined 150, ok 148, kept 100; t_end 1253-1850 d, tank 726-923; best 10 @ 726.5 kg (price 1.7 s, refine 5.7 s)
[17:51:55] depth 11: 100 parents -> 744 children (729 unique) -> refined 150, ok 147, kept 100; t_end 1380-1990 d, tank 740-949; best 11 @ 740.3 kg (price 1.5 s, refine 6.0 s)
[17:52:02] depth 12: 100 parents -> 598 children (579 unique) -> refined 150, ok 146, kept 100; t_end 1552-2144 d, tank 767-993; best 12 @ 766.6 kg (price 1.4 s, refine 5.2 s)
[17:52:08] depth 13: 100 parents -> 519 children (497 unique) -> refined 150, ok 146, kept 100; t_end 1742-2294 d, tank 788-1033; best 13 @ 787.6 kg (price 1.3 s, refine 5.5 s)
[17:52:15] depth 14: 100 parents -> 579 children (559 unique) -> refined 150, ok 148, kept 100; t_end 1919-2559 d, tank 812-1094; best 14 @ 811.9 kg (price 1.2 s, refine 5.7 s)
[17:52:23] depth 15: 100 parents -> 601 children (564 unique) -> refined 150, ok 148, kept 100; t_end 2013-2793 d, tank 830-1154; best 15 @ 829.5 kg (price 1.1 s, refine 6.9 s)
[17:52:30] depth 16: 100 parents -> 683 children (650 unique) -> refined 150, ok 146, kept 100; t_end 2226-2880 d, tank 851-1189; best 16 @ 851.4 kg (price 1.2 s, refine 5.7 s)
[17:52:38] depth 17: 100 parents -> 610 children (595 unique) -> refined 150, ok 140, kept 100; t_end 2382-2958 d, tank 903-1188; best 17 @ 903.2 kg (price 1.2 s, refine 6.6 s)
[17:52:44] depth 18: 100 parents -> 590 children (544 unique) -> refined 150, ok 136, kept 100; t_end 2524-3024 d, tank 949-1202; best 18 @ 948.6 kg (price 1.2 s, refine 4.9 s)
[17:52:51] depth 19: 100 parents -> 515 children (483 unique) -> refined 150, ok 149, kept 100; t_end 2723-3081 d, tank 1028-1242; best 19 @ 1028.0 kg (price 1.0 s, refine 5.3 s)
[17:52:58] depth 20: 100 parents -> 396 children (364 unique) -> refined 150, ok 148, kept 100; t_end 2845-3123 d, tank 1118-1279; best 20 @ 1117.5 kg (price 1.1 s, refine 6.0 s)
[17:53:05] depth 21: 100 parents -> 323 children (296 unique) -> refined 150, ok 139, kept 100; t_end 2983-3491 d, tank 1130-1381; best 21 @ 1130.3 kg (price 0.8 s, refine 6.7 s)
[17:53:13] depth 22: 100 parents -> 439 children (413 unique) -> refined 150, ok 140, kept 100; t_end 3220-3674 d, tank 1162-1393; best 22 @ 1161.5 kg (price 0.8 s, refine 6.8 s)
[17:53:22] depth 23: 100 parents -> 371 children (355 unique) -> refined 150, ok 147, kept 100; t_end 3492-4007 d, tank 1213-1521; best 23 @ 1213.4 kg (price 1.1 s, refine 8.3 s)
[17:53:29] depth 24: 100 parents -> 277 children (252 unique) -> refined 150, ok 142, kept 100; t_end 3761-4082 d, tank 1235-1443; best 24 @ 1234.6 kg (price 1.1 s, refine 6.0 s)
[17:53:33] depth 25: 100 parents -> 77 children (72 unique) -> refined 72, ok 71, kept 67; t_end 3975-4678 d, tank 1292-1448; best 25 @ 1292.0 kg (price 0.7 s, refine 2.8 s)
[17:53:37] depth 26: 67 parents -> 63 children (57 unique) -> refined 57, ok 57, kept 54; t_end 4265-5279 d, tank 1322-1606; best 26 @ 1321.6 kg (price 0.5 s, refine 3.4 s)
[17:53:39] depth 27: 54 parents -> 32 children (31 unique) -> refined 31, ok 31, kept 29; t_end 5049-5423 d, tank 1351-1481; best 27 @ 1351.4 kg (price 0.4 s, refine 1.6 s)
[17:53:39] depth 28: 29 parents -> 2 children (2 unique) -> refined 2, ok 2, kept 2; t_end 5261-5295 d, tank 1377-1396; best 28 @ 1377.1 kg (price 0.1 s, refine 0.1 s)
[17:53:39] depth 29: 2 parents -> 0 children (0 unique) -> refined 0, ok 0, kept 0; best 28 @ 1377.1 kg (price 0.0 s, refine 0.0 s)
[17:53:39] PLANNED 07: 28/36 @ 1377.1 kg (max miss 75 km); end {'kind': 'no_children', 'depth': 28, 'time_left_d': np.float64(183.8)}; refines 3612 (3504 ok); wall 178 s
[17:53:54]   settle depth 28 alt 0: planned 1377.1 kg (max miss 75 km) -> twin 1108.3 kg, miss 38 km [B; A 1189.11 B 1108.3/38.4 km] (15 s)
[17:54:07]   settle depth 28 alt 1: planned 1396.2 kg (max miss 50 km) -> twin 1108.4 kg, miss 8 km [B; A 1196.24 B 1108.42/8.2 km] (14 s)
[17:54:07] RESULT 07: settled 28/36 @ 1108.3 kg (18.15 kg/fb, J_i 1.4949); planned 1377.1 kg; total wall 220 s
