[17:25:20] === s14_lookback free 00: pool 37; L 2 beam 100 over 1.5 roots 300 dvcap 3.0 drmax 1.0 mcap 1100.0 (tcap 0.675) tofs 74 npt 2 mc 80 w_fuel 0.5197 ref 6/100.0/1000.0/rho 30.0; source 918.2 kg
[17:25:32] roots: 1327 launch legs -> 291 kept (max root miss 0.2 km)
[17:25:42] depth  2: 291 parents -> 2793 children (1724 unique) -> refined 150, ok 136, kept 100; t_end 179-710 d, tank 603-654; best 2 @ 603.1 kg (price 5.4 s, refine 5.0 s)
[17:25:50] depth  3: 100 parents -> 1175 children (1071 unique) -> refined 150, ok 147, kept 100; t_end 320-734 d, tank 613-682; best 3 @ 612.8 kg (price 2.0 s, refine 5.2 s)
[17:25:57] depth  4: 100 parents -> 1208 children (1171 unique) -> refined 150, ok 148, kept 100; t_end 482-890 d, tank 627-722; best 4 @ 626.9 kg (price 1.9 s, refine 5.0 s)
[17:26:03] depth  5: 100 parents -> 1254 children (1217 unique) -> refined 150, ok 147, kept 100; t_end 593-1029 d, tank 633-712; best 5 @ 633.0 kg (price 1.9 s, refine 4.5 s)
[17:26:09] depth  6: 100 parents -> 1219 children (1158 unique) -> refined 150, ok 149, kept 100; t_end 720-1106 d, tank 645-738; best 6 @ 645.1 kg (price 1.9 s, refine 3.9 s)
[17:26:14] depth  7: 100 parents -> 1244 children (1228 unique) -> refined 150, ok 150, kept 100; t_end 904-1251 d, tank 654-748; best 7 @ 654.5 kg (price 2.0 s, refine 3.1 s)
[17:26:19] depth  8: 100 parents -> 1215 children (1186 unique) -> refined 150, ok 150, kept 100; t_end 948-1348 d, tank 658-773; best 8 @ 657.5 kg (price 1.9 s, refine 3.0 s)
[17:26:25] depth  9: 100 parents -> 1211 children (1192 unique) -> refined 150, ok 150, kept 100; t_end 1091-1425 d, tank 668-758; best 9 @ 667.6 kg (price 2.3 s, refine 3.9 s)
[17:26:31] depth 10: 100 parents -> 1048 children (1047 unique) -> refined 150, ok 149, kept 100; t_end 1184-1430 d, tank 684-768; best 10 @ 683.6 kg (price 1.8 s, refine 3.7 s)
[17:26:36] depth 11: 100 parents -> 870 children (862 unique) -> refined 150, ok 135, kept 100; t_end 1249-1705 d, tank 696-811; best 11 @ 695.8 kg (price 1.5 s, refine 3.5 s)
[17:26:41] depth 12: 100 parents -> 796 children (794 unique) -> refined 150, ok 142, kept 100; t_end 1336-1755 d, tank 708-831; best 12 @ 708.0 kg (price 1.3 s, refine 4.5 s)
[17:26:48] depth 13: 100 parents -> 822 children (821 unique) -> refined 150, ok 148, kept 100; t_end 1391-1932 d, tank 729-868; best 13 @ 728.8 kg (price 1.5 s, refine 5.3 s)
[17:26:55] depth 14: 100 parents -> 797 children (791 unique) -> refined 150, ok 146, kept 100; t_end 1676-2054 d, tank 748-880; best 14 @ 747.8 kg (price 1.4 s, refine 5.5 s)
[17:27:01] depth 15: 100 parents -> 679 children (650 unique) -> refined 150, ok 148, kept 100; t_end 1708-2140 d, tank 778-927; best 15 @ 777.9 kg (price 1.3 s, refine 4.5 s)
[17:27:07] depth 16: 100 parents -> 630 children (605 unique) -> refined 150, ok 150, kept 100; t_end 1940-2345 d, tank 789-951; best 16 @ 789.4 kg (price 1.2 s, refine 5.1 s)
[17:27:14] depth 17: 100 parents -> 824 children (806 unique) -> refined 150, ok 149, kept 100; t_end 2041-2555 d, tank 820-1018; best 17 @ 820.0 kg (price 1.3 s, refine 5.7 s)
[17:27:21] depth 18: 100 parents -> 916 children (915 unique) -> refined 150, ok 149, kept 100; t_end 2091-2691 d, tank 819-1070; best 18 @ 819.2 kg (price 1.5 s, refine 5.0 s)
[17:27:26] depth 19: 100 parents -> 761 children (752 unique) -> refined 150, ok 149, kept 100; t_end 2247-2908 d, tank 824-1118; best 19 @ 823.7 kg (price 1.3 s, refine 4.4 s)
[17:27:32] depth 20: 100 parents -> 595 children (581 unique) -> refined 150, ok 150, kept 100; t_end 2510-2996 d, tank 830-1135; best 20 @ 830.1 kg (price 1.3 s, refine 4.3 s)
[17:27:38] depth 21: 100 parents -> 491 children (460 unique) -> refined 150, ok 149, kept 100; t_end 2574-3387 d, tank 852-1207; best 21 @ 851.5 kg (price 1.0 s, refine 4.8 s)
[17:27:44] depth 22: 100 parents -> 528 children (512 unique) -> refined 150, ok 150, kept 100; t_end 2710-3603 d, tank 857-1293; best 22 @ 856.6 kg (price 1.0 s, refine 5.3 s)
[17:27:50] depth 23: 100 parents -> 605 children (589 unique) -> refined 150, ok 149, kept 100; t_end 2940-3708 d, tank 888-1376; best 23 @ 887.9 kg (price 1.2 s, refine 5.1 s)
[17:27:56] depth 24: 100 parents -> 527 children (495 unique) -> refined 150, ok 150, kept 100; t_end 3112-3803 d, tank 916-1334; best 24 @ 916.1 kg (price 1.1 s, refine 4.6 s)
[17:28:03] depth 25: 100 parents -> 514 children (487 unique) -> refined 150, ok 150, kept 100; t_end 3454-4074 d, tank 937-1382; best 25 @ 936.9 kg (price 1.1 s, refine 5.5 s)
[17:28:09] depth 26: 100 parents -> 493 children (468 unique) -> refined 150, ok 141, kept 100; t_end 3744-4222 d, tank 942-1240; best 26 @ 941.9 kg (price 1.0 s, refine 5.4 s)
[17:28:15] depth 27: 100 parents -> 627 children (567 unique) -> refined 150, ok 140, kept 100; t_end 3954-4513 d, tank 953-1251; best 27 @ 953.2 kg (price 1.2 s, refine 5.0 s)
[17:28:21] depth 28: 100 parents -> 540 children (485 unique) -> refined 150, ok 150, kept 100; t_end 4085-4534 d, tank 977-1342; best 28 @ 976.6 kg (price 0.9 s, refine 4.4 s)
[17:28:27] depth 29: 100 parents -> 439 children (402 unique) -> refined 150, ok 150, kept 100; t_end 4343-4754 d, tank 994-1331; best 29 @ 994.5 kg (price 1.1 s, refine 4.8 s)
[17:28:32] depth 30: 100 parents -> 358 children (338 unique) -> refined 150, ok 150, kept 100; t_end 4467-4905 d, tank 1012-1366; best 30 @ 1012.5 kg (price 0.9 s, refine 4.8 s)
[17:28:39] depth 31: 100 parents -> 270 children (248 unique) -> refined 150, ok 150, kept 100; t_end 4640-5029 d, tank 1066-1362; best 31 @ 1066.3 kg (price 0.8 s, refine 5.4 s)
[17:28:45] depth 32: 100 parents -> 178 children (171 unique) -> refined 150, ok 150, kept 100; t_end 4852-5455 d, tank 1114-1436; best 32 @ 1113.9 kg (price 0.6 s, refine 6.2 s)
[17:28:51] depth 33: 100 parents -> 158 children (129 unique) -> refined 129, ok 129, kept 100; t_end 5016-5455 d, tank 1123-1485; best 33 @ 1123.2 kg (price 0.4 s, refine 5.1 s)
[17:28:53] depth 34: 100 parents -> 65 children (51 unique) -> refined 51, ok 51, kept 46; t_end 5362-5475 d, tank 1144-1458; best 34 @ 1143.5 kg (price 0.2 s, refine 1.8 s)
[17:28:53] depth 35: 46 parents -> 1 children (1 unique) -> refined 1, ok 1, kept 1; t_end 5454-5454 d, tank 1316-1316; best 35 @ 1316.5 kg (price 0.1 s, refine 0.0 s)
[17:28:53] depth 36: 1 parents -> 0 children (0 unique) -> refined 0, ok 0, kept 0; best 35 @ 1316.5 kg (price 0.0 s, refine 0.0 s)
[17:28:53] PLANNED 00: 35/37 @ 1316.5 kg (max miss 28 km); end {'kind': 'no_children', 'depth': 35, 'time_left_d': np.float64(25.3)}; refines 4831 (4752 ok); wall 201 s
[17:28:59]   settle depth 35 alt 0: planned 1316.5 kg (max miss 28 km) -> twin 927.2 kg, miss 76 km (6 s)
[17:28:59] RESULT 00: settled 35/37 @ 927.2 kg (9.35 kg/fb, J_i 1.2883); planned 1316.5 kg; total wall 219 s
