[17:29:59] === s14_lookback free 05: pool 28; L 2 beam 100 over 1.5 roots 300 dvcap 3.0 drmax 1.0 mcap 1100.0 (tcap 0.675) tofs 74 npt 2 mc 80 w_fuel 0.5197 ref 6/100.0/1000.0/rho 30.0; source 976.3 kg
[17:30:12] roots: 1140 launch legs -> 193 kept (max root miss 0.1 km)
[17:30:20] depth  2: 193 parents -> 1458 children (897 unique) -> refined 150, ok 141, kept 100; t_end 360-761 d, tank 602-659; best 2 @ 602.4 kg (price 3.1 s, refine 5.4 s)
[17:30:27] depth  3: 100 parents -> 703 children (609 unique) -> refined 150, ok 147, kept 100; t_end 558-920 d, tank 619-690; best 3 @ 619.4 kg (price 1.4 s, refine 5.3 s)
[17:30:33] depth  4: 100 parents -> 697 children (613 unique) -> refined 150, ok 148, kept 100; t_end 692-1172 d, tank 625-718; best 4 @ 625.4 kg (price 1.2 s, refine 5.1 s)
[17:30:40] depth  5: 100 parents -> 583 children (532 unique) -> refined 150, ok 144, kept 100; t_end 844-1370 d, tank 636-742; best 5 @ 636.5 kg (price 1.1 s, refine 5.3 s)
[17:30:46] depth  6: 100 parents -> 628 children (601 unique) -> refined 150, ok 150, kept 100; t_end 1014-1542 d, tank 650-763; best 6 @ 649.8 kg (price 1.1 s, refine 5.3 s)
[17:30:54] depth  7: 100 parents -> 623 children (611 unique) -> refined 150, ok 145, kept 100; t_end 1229-1772 d, tank 657-781; best 7 @ 657.1 kg (price 1.3 s, refine 6.5 s)
[17:31:00] depth  8: 100 parents -> 587 children (554 unique) -> refined 150, ok 149, kept 100; t_end 1442-1868 d, tank 670-806; best 8 @ 670.5 kg (price 1.1 s, refine 5.2 s)
[17:31:07] depth  9: 100 parents -> 484 children (457 unique) -> refined 150, ok 149, kept 100; t_end 1633-2088 d, tank 693-827; best 9 @ 692.8 kg (price 1.0 s, refine 5.7 s)
[17:31:14] depth 10: 100 parents -> 427 children (417 unique) -> refined 150, ok 149, kept 100; t_end 1763-2285 d, tank 704-848; best 10 @ 703.7 kg (price 1.0 s, refine 5.9 s)
[17:31:21] depth 11: 100 parents -> 491 children (476 unique) -> refined 150, ok 149, kept 100; t_end 1868-2589 d, tank 724-961; best 11 @ 723.9 kg (price 1.0 s, refine 5.8 s)
[17:31:28] depth 12: 100 parents -> 468 children (456 unique) -> refined 150, ok 144, kept 100; t_end 2076-2759 d, tank 747-961; best 12 @ 746.8 kg (price 1.1 s, refine 6.1 s)
[17:31:35] depth 13: 100 parents -> 460 children (443 unique) -> refined 150, ok 149, kept 100; t_end 2290-2868 d, tank 756-974; best 13 @ 756.2 kg (price 1.1 s, refine 5.8 s)
[17:31:41] depth 14: 100 parents -> 493 children (454 unique) -> refined 150, ok 150, kept 100; t_end 2471-3030 d, tank 794-1018; best 14 @ 794.1 kg (price 1.0 s, refine 5.0 s)
[17:31:46] depth 15: 100 parents -> 462 children (412 unique) -> refined 150, ok 150, kept 100; t_end 2794-3255 d, tank 801-953; best 15 @ 801.2 kg (price 1.0 s, refine 4.5 s)
[17:31:52] depth 16: 100 parents -> 377 children (350 unique) -> refined 150, ok 150, kept 100; t_end 2934-3447 d, tank 830-978; best 16 @ 830.0 kg (price 0.8 s, refine 5.1 s)
[17:31:59] depth 17: 100 parents -> 279 children (270 unique) -> refined 150, ok 149, kept 100; t_end 3113-3676 d, tank 841-1035; best 17 @ 841.1 kg (price 0.8 s, refine 5.5 s)
[17:32:05] depth 18: 100 parents -> 224 children (222 unique) -> refined 150, ok 150, kept 100; t_end 3226-3966 d, tank 853-1110; best 18 @ 852.9 kg (price 0.7 s, refine 5.9 s)
[17:32:12] depth 19: 100 parents -> 272 children (253 unique) -> refined 150, ok 150, kept 100; t_end 3657-4051 d, tank 917-1112; best 19 @ 916.7 kg (price 0.7 s, refine 5.8 s)
[17:32:18] depth 20: 100 parents -> 249 children (229 unique) -> refined 150, ok 149, kept 100; t_end 3828-4340 d, tank 922-1175; best 20 @ 922.5 kg (price 0.7 s, refine 5.6 s)
[17:32:25] depth 21: 100 parents -> 169 children (151 unique) -> refined 150, ok 148, kept 100; t_end 3949-4596 d, tank 956-1259; best 21 @ 956.3 kg (price 0.6 s, refine 6.3 s)
[17:32:33] depth 22: 100 parents -> 163 children (149 unique) -> refined 149, ok 149, kept 100; t_end 4139-5047 d, tank 966-1346; best 22 @ 966.3 kg (price 0.5 s, refine 7.2 s)
[17:32:40] depth 23: 100 parents -> 237 children (194 unique) -> refined 150, ok 150, kept 100; t_end 4464-5174 d, tank 992-1351; best 23 @ 992.1 kg (price 0.6 s, refine 6.3 s)
[17:32:46] depth 24: 100 parents -> 192 children (173 unique) -> refined 150, ok 143, kept 100; t_end 4901-5423 d, tank 1029-1372; best 24 @ 1028.6 kg (price 0.5 s, refine 6.2 s)
[17:32:50] depth 25: 100 parents -> 97 children (91 unique) -> refined 91, ok 87, kept 85; t_end 5111-5447 d, tank 1055-1339; best 25 @ 1055.4 kg (price 0.3 s, refine 3.8 s)
[17:32:51] depth 26: 85 parents -> 30 children (29 unique) -> refined 29, ok 27, kept 27; t_end 5298-5439 d, tank 1121-1357; best 26 @ 1120.8 kg (price 0.1 s, refine 0.8 s)
[17:32:52] depth 27: 27 parents -> 4 children (4 unique) -> refined 4, ok 4, kept 4; t_end 5391-5447 d, tank 1249-1354; best 27 @ 1249.3 kg (price 0.0 s, refine 0.1 s)
[17:32:52] depth 28: 4 parents -> 0 children (0 unique) -> refined 0, ok 0, kept 0; best 27 @ 1249.3 kg (price 0.0 s, refine 0.0 s)
[17:32:52] PLANNED 05: 27/28 @ 1249.3 kg (max miss 10 km); end {'kind': 'no_children', 'depth': 27, 'time_left_d': np.float64(31.7)}; refines 3573 (3520 ok); wall 160 s
[17:33:03]   settle depth 27 alt 0: planned 1249.3 kg (max miss 10 km) -> twin 982.7 kg, miss 95 km [B; A 1180.17 B 982.71/94.7 km] (11 s)
[17:33:14]   settle depth 27 alt 1: planned 1306.8 kg (max miss 12 km) -> twin 943.9 kg, miss 4 km [B; A 1234.87 B 943.86/4.2 km] (11 s)
[17:33:14] RESULT 05: settled 27/28 @ 943.9 kg (12.73 kg/fb, J_i 1.3059); planned 1306.8 kg; total wall 195 s
