[17:30:11] === s14_lookback free 06: pool 27; L 2 beam 100 over 1.5 roots 300 dvcap 3.0 drmax 1.0 mcap 1100.0 (tcap 0.675) tofs 74 npt 2 mc 80 w_fuel 0.5197 ref 6/100.0/1000.0/rho 30.0; source 791.9 kg
[17:30:24] roots: 652 launch legs -> 140 kept (max root miss 0.0 km)
[17:30:31] depth  2: 140 parents -> 1097 children (784 unique) -> refined 150, ok 136, kept 100; t_end 382-789 d, tank 604-652; best 2 @ 604.0 kg (price 1.9 s, refine 5.6 s)
[17:30:37] depth  3: 100 parents -> 927 children (825 unique) -> refined 150, ok 143, kept 100; t_end 527-934 d, tank 616-692; best 3 @ 615.6 kg (price 1.3 s, refine 5.0 s)
[17:30:44] depth  4: 100 parents -> 900 children (867 unique) -> refined 150, ok 150, kept 100; t_end 634-1113 d, tank 621-702; best 4 @ 621.1 kg (price 1.2 s, refine 4.9 s)
[17:30:50] depth  5: 100 parents -> 779 children (708 unique) -> refined 150, ok 144, kept 100; t_end 809-1244 d, tank 631-724; best 5 @ 631.3 kg (price 1.1 s, refine 5.6 s)
[17:30:57] depth  6: 100 parents -> 652 children (621 unique) -> refined 150, ok 149, kept 100; t_end 919-1398 d, tank 646-737; best 6 @ 645.9 kg (price 1.5 s, refine 4.9 s)
[17:31:02] depth  7: 100 parents -> 567 children (540 unique) -> refined 150, ok 143, kept 100; t_end 1065-1524 d, tank 665-786; best 7 @ 664.6 kg (price 1.1 s, refine 4.6 s)
[17:31:09] depth  8: 100 parents -> 592 children (574 unique) -> refined 150, ok 150, kept 100; t_end 1265-1694 d, tank 680-816; best 8 @ 679.7 kg (price 1.0 s, refine 5.5 s)
[17:31:15] depth  9: 100 parents -> 569 children (543 unique) -> refined 150, ok 150, kept 100; t_end 1477-1910 d, tank 688-842; best 9 @ 687.7 kg (price 1.1 s, refine 5.6 s)
[17:31:22] depth 10: 100 parents -> 465 children (429 unique) -> refined 150, ok 150, kept 100; t_end 1654-2237 d, tank 692-874; best 10 @ 691.8 kg (price 0.9 s, refine 5.4 s)
[17:31:28] depth 11: 100 parents -> 435 children (418 unique) -> refined 150, ok 150, kept 100; t_end 1820-2305 d, tank 707-882; best 11 @ 707.0 kg (price 1.0 s, refine 5.2 s)
[17:31:33] depth 12: 100 parents -> 443 children (419 unique) -> refined 150, ok 144, kept 100; t_end 2011-2547 d, tank 722-869; best 12 @ 721.5 kg (price 0.8 s, refine 4.6 s)
[17:31:39] depth 13: 100 parents -> 354 children (340 unique) -> refined 150, ok 148, kept 100; t_end 2201-2862 d, tank 725-942; best 13 @ 725.1 kg (price 0.6 s, refine 5.2 s)
[17:31:45] depth 14: 100 parents -> 408 children (397 unique) -> refined 150, ok 150, kept 100; t_end 2231-2879 d, tank 730-974; best 14 @ 730.3 kg (price 0.7 s, refine 5.4 s)
[17:31:51] depth 15: 100 parents -> 332 children (317 unique) -> refined 150, ok 149, kept 100; t_end 2705-3170 d, tank 732-911; best 15 @ 731.8 kg (price 0.6 s, refine 5.5 s)
[17:31:58] depth 16: 100 parents -> 378 children (367 unique) -> refined 150, ok 146, kept 100; t_end 2836-3596 d, tank 738-954; best 16 @ 738.5 kg (price 0.8 s, refine 5.9 s)
[17:32:04] depth 17: 100 parents -> 397 children (383 unique) -> refined 150, ok 140, kept 100; t_end 3126-3668 d, tank 755-982; best 17 @ 754.8 kg (price 0.8 s, refine 5.5 s)
[17:32:11] depth 18: 100 parents -> 279 children (262 unique) -> refined 150, ok 135, kept 100; t_end 3202-3936 d, tank 770-1093; best 18 @ 769.7 kg (price 0.7 s, refine 5.4 s)
[17:32:17] depth 19: 100 parents -> 277 children (259 unique) -> refined 150, ok 146, kept 100; t_end 3594-4081 d, tank 782-1025; best 19 @ 782.0 kg (price 0.6 s, refine 5.5 s)
[17:32:23] depth 20: 100 parents -> 208 children (177 unique) -> refined 150, ok 149, kept 100; t_end 3773-4374 d, tank 791-1025; best 20 @ 791.4 kg (price 0.6 s, refine 5.4 s)
[17:32:28] depth 21: 100 parents -> 148 children (129 unique) -> refined 129, ok 129, kept 100; t_end 4034-4824 d, tank 806-1054; best 21 @ 806.5 kg (price 0.5 s, refine 4.6 s)
[17:32:35] depth 22: 100 parents -> 184 children (171 unique) -> refined 150, ok 150, kept 100; t_end 4363-5251 d, tank 836-1073; best 22 @ 835.8 kg (price 0.4 s, refine 7.0 s)
[17:32:42] depth 23: 100 parents -> 263 children (229 unique) -> refined 150, ok 150, kept 100; t_end 4811-5268 d, tank 837-1065; best 23 @ 836.8 kg (price 0.5 s, refine 5.9 s)
[17:32:47] depth 24: 100 parents -> 174 children (146 unique) -> refined 146, ok 146, kept 100; t_end 5086-5459 d, tank 845-986; best 24 @ 845.4 kg (price 0.3 s, refine 5.5 s)
[17:32:49] depth 25: 100 parents -> 65 children (45 unique) -> refined 45, ok 45, kept 34; t_end 5229-5466 d, tank 854-1061; best 25 @ 854.1 kg (price 0.2 s, refine 1.6 s)
[17:32:49] depth 26: 34 parents -> 4 children (3 unique) -> refined 3, ok 3, kept 2; t_end 5454-5458 d, tank 907-922; best 26 @ 906.8 kg (price 0.0 s, refine 0.1 s)
[17:32:49] depth 27: 2 parents -> 0 children (0 unique) -> refined 0, ok 0, kept 0; best 26 @ 906.8 kg (price 0.0 s, refine 0.0 s)
[17:32:49] PLANNED 06: 26/27 @ 906.8 kg (max miss 49 km); end {'kind': 'no_children', 'depth': 26, 'time_left_d': np.float64(20.8)}; refines 3473 (3395 ok); wall 146 s
[17:32:51]   settle depth 26 alt 0: planned 906.8 kg (max miss 49 km) -> twin 796.8 kg, miss 31 km [B; A 906.81 B 796.83/30.6 km] (2 s)
[17:32:51] RESULT 06: settled 26/27 @ 796.8 kg (7.57 kg/fb, J_i 1.1604); planned 906.8 kg; total wall 160 s
