[17:32:11] === s14_lookback free 08: pool 26; L 2 beam 100 over 1.5 roots 300 dvcap 3.0 drmax 1.0 mcap 1100.0 (tcap 0.675) tofs 74 npt 2 mc 80 w_fuel 0.5197 ref 6/100.0/1000.0/rho 30.0; source 870.6 kg
[17:32:23] roots: 730 launch legs -> 127 kept (max root miss 0.1 km)
[17:32:31] depth  2: 127 parents -> 743 children (490 unique) -> refined 150, ok 135, kept 100; t_end 409-960 d, tank 604-678; best 2 @ 604.3 kg (price 1.6 s, refine 5.9 s)
[17:32:37] depth  3: 100 parents -> 469 children (401 unique) -> refined 150, ok 149, kept 100; t_end 585-1094 d, tank 613-696; best 3 @ 613.0 kg (price 1.0 s, refine 5.4 s)
[17:32:43] depth  4: 100 parents -> 520 children (485 unique) -> refined 150, ok 150, kept 100; t_end 837-1402 d, tank 626-733; best 4 @ 625.6 kg (price 1.0 s, refine 5.1 s)
[17:32:50] depth  5: 100 parents -> 611 children (574 unique) -> refined 150, ok 143, kept 100; t_end 968-1590 d, tank 629-799; best 5 @ 629.2 kg (price 1.0 s, refine 5.9 s)
[17:32:57] depth  6: 100 parents -> 525 children (503 unique) -> refined 150, ok 143, kept 100; t_end 1127-1824 d, tank 659-833; best 6 @ 658.6 kg (price 1.1 s, refine 6.0 s)
[17:33:05] depth  7: 100 parents -> 431 children (401 unique) -> refined 150, ok 147, kept 100; t_end 1378-1996 d, tank 671-852; best 7 @ 670.7 kg (price 1.0 s, refine 6.1 s)
[17:33:11] depth  8: 100 parents -> 414 children (385 unique) -> refined 150, ok 140, kept 100; t_end 1636-2147 d, tank 691-849; best 8 @ 691.1 kg (price 0.9 s, refine 5.6 s)
[17:33:18] depth  9: 100 parents -> 332 children (322 unique) -> refined 150, ok 149, kept 100; t_end 1835-2448 d, tank 722-898; best 9 @ 721.9 kg (price 0.8 s, refine 5.9 s)
[17:33:24] depth 10: 100 parents -> 419 children (411 unique) -> refined 150, ok 149, kept 100; t_end 2023-2681 d, tank 738-918; best 10 @ 738.2 kg (price 0.8 s, refine 5.6 s)
[17:33:30] depth 11: 100 parents -> 459 children (447 unique) -> refined 150, ok 148, kept 100; t_end 2303-2827 d, tank 764-965; best 11 @ 764.5 kg (price 0.8 s, refine 5.5 s)
[17:33:37] depth 12: 100 parents -> 520 children (466 unique) -> refined 150, ok 149, kept 100; t_end 2403-2937 d, tank 783-1008; best 12 @ 783.0 kg (price 0.8 s, refine 5.6 s)
[17:33:44] depth 13: 100 parents -> 370 children (350 unique) -> refined 150, ok 150, kept 100; t_end 2623-3039 d, tank 809-1033; best 13 @ 809.4 kg (price 0.8 s, refine 6.1 s)
[17:33:51] depth 14: 100 parents -> 264 children (239 unique) -> refined 150, ok 150, kept 100; t_end 2738-3460 d, tank 820-1054; best 14 @ 820.3 kg (price 0.7 s, refine 6.5 s)
[17:33:58] depth 15: 100 parents -> 370 children (360 unique) -> refined 150, ok 150, kept 100; t_end 2905-3538 d, tank 848-1058; best 15 @ 848.4 kg (price 0.8 s, refine 6.1 s)
[17:34:04] depth 16: 100 parents -> 322 children (302 unique) -> refined 150, ok 148, kept 100; t_end 3227-3690 d, tank 873-1074; best 16 @ 872.7 kg (price 0.7 s, refine 5.4 s)
[17:34:11] depth 17: 100 parents -> 198 children (173 unique) -> refined 150, ok 142, kept 100; t_end 3449-4088 d, tank 894-1153; best 17 @ 894.4 kg (price 0.7 s, refine 6.5 s)
[17:34:19] depth 18: 100 parents -> 198 children (172 unique) -> refined 150, ok 142, kept 100; t_end 3574-4569 d, tank 902-1242; best 18 @ 902.1 kg (price 0.6 s, refine 7.0 s)
[17:34:26] depth 19: 100 parents -> 263 children (233 unique) -> refined 150, ok 147, kept 100; t_end 3917-4650 d, tank 932-1364; best 19 @ 932.5 kg (price 0.6 s, refine 6.8 s)
[17:34:34] depth 20: 100 parents -> 317 children (269 unique) -> refined 150, ok 150, kept 100; t_end 4089-4928 d, tank 938-1299; best 20 @ 938.2 kg (price 0.9 s, refine 6.3 s)
[17:34:39] depth 21: 100 parents -> 240 children (200 unique) -> refined 150, ok 149, kept 100; t_end 4494-5120 d, tank 971-1411; best 21 @ 970.9 kg (price 0.6 s, refine 5.3 s)
[17:34:46] depth 22: 100 parents -> 237 children (190 unique) -> refined 150, ok 147, kept 100; t_end 4651-5416 d, tank 984-1315; best 22 @ 983.5 kg (price 0.9 s, refine 5.8 s)
[17:34:50] depth 23: 100 parents -> 125 children (90 unique) -> refined 90, ok 87, kept 79; t_end 4911-5469 d, tank 1013-1398; best 23 @ 1012.7 kg (price 0.3 s, refine 3.2 s)
[17:34:50] depth 24: 79 parents -> 21 children (13 unique) -> refined 13, ok 13, kept 13; t_end 5237-5434 d, tank 1114-1434; best 24 @ 1113.5 kg (price 0.1 s, refine 0.4 s)
[17:34:50] depth 25: 13 parents -> 0 children (0 unique) -> refined 0, ok 0, kept 0; best 24 @ 1113.5 kg (price 0.0 s, refine 0.0 s)
[17:34:50] PLANNED 08: 24/26 @ 1113.5 kg (max miss 33 km); end {'kind': 'no_children', 'depth': 24, 'time_left_d': np.float64(44.7)}; refines 3253 (3177 ok); wall 147 s
[17:34:57]   settle depth 24 alt 0: planned 1113.5 kg (max miss 33 km) -> twin 922.2 kg, miss 32 km [B; A 1113.52 B 922.23/31.6 km] (6 s)
[17:35:06]   settle depth 24 alt 1: planned 1191.7 kg (max miss 48 km) -> twin 1035.4 kg, miss 37 km [B; A 1160.2 B 1035.36/37.2 km] (10 s)
[17:35:16]   settle depth 24 alt 2: planned 1247.6 kg (max miss 48 km) -> twin 1036.4 kg, miss 83 km [B; A 1208.19 B 1036.39/82.8 km] (10 s)
[17:35:16] RESULT 08: settled 24/26 @ 922.2 kg (13.43 kg/fb, J_i 1.2831); planned 1113.5 kg; total wall 185 s
