[09:39:29] === s14_twinbeam guided route 00: pool 37 (own targets), source 37 fb @ 918.2 kg; 
[09:39:29] guided root: ast 228 at 93.1 d, |v_inf| 3.595 km/s
[09:39:29] leg  1 -> 163 (src  209.2 d, tof_src 116.1): myopic lam1 2.276 lin None miss 0.1121 | prod n rel Y | full-route nY | twin OK tank 625.0 (+23.5) (0 s)
[09:39:30] leg  2 ->  11 (src  384.5 d, tof_src 175.3): myopic lam1 7.837 lin None miss 0.4245 | prod n rel Y | full-route nY | twin OK tank 640.9 (+15.9) (0 s)
[09:39:30] leg  3 -> 111 (src  602.6 d, tof_src 218.1): myopic lam1 2.012 lin 2.743 miss 0.0795 | prod Y rel Y | full-route YY | twin OK tank 648.6 (+7.7) (0 s)
[09:39:31] leg  4 ->  63 (src  714.8 d, tof_src 112.2): myopic lam1 2.615 lin None miss 0.1392 | prod Y rel Y | full-route YY | twin OK tank 657.6 (+9.1) (0 s)
[09:39:32] leg  5 -> 126 (src  882.9 d, tof_src 168.1): myopic lam1 16.439 lin None miss 0.2317 | prod n rel n | full-route YY | twin OK tank 681.0 (+23.3) (2 s)
[09:39:33] leg  6 -> 297 (src  950.0 d, tof_src  67.1): myopic lam1 0.981 lin None miss 0.0421 | prod Y rel Y | full-route YY | twin OK tank 684.4 (+3.4) (1 s)
[09:39:33] leg  7 ->  52 (src  998.8 d, tof_src  48.7): myopic lam1 0.536 lin 1.079 miss 0.0159 | prod Y rel Y | full-route YY | twin OK tank 686.1 (+1.7) (1 s)
[09:39:34] leg  8 ->  14 (src 1089.7 d, tof_src  90.9): myopic lam1 0.672 lin 1.698 miss 0.0646 | prod Y rel Y | full-route YY | twin OK tank 693.5 (+7.4) (1 s)
[09:39:35] leg  9 -> 114 (src 1184.4 d, tof_src  94.8): myopic lam1 0.459 lin 0.705 miss 0.0432 | prod Y rel Y | full-route YY | twin OK tank 701.3 (+7.8) (0 s)
[09:39:35] leg 10 ->  78 (src 1325.7 d, tof_src 141.2): myopic lam1 0.2 lin 0.29 miss 0.0379 | prod Y rel Y | full-route YY | twin OK tank 704.7 (+3.4) (0 s)
[09:39:37] leg 11 -> 275 (src 1396.7 d, tof_src  71.1): myopic lam1 0.812 lin 1.669 miss 0.0378 | prod Y rel Y | full-route YY | twin OK tank 713.3 (+8.6) (1 s)
[09:39:37] leg 12 -> 193 (src 1426.4 d, tof_src  29.7): myopic lam1 2.141 lin None miss 0.0358 | prod n rel n | full-route YY | twin OK tank 725.5 (+12.2) (1 s)
[09:39:38] leg 13 ->  24 (src 1676.7 d, tof_src 250.3): myopic lam1 0.545 lin 0.777 miss 0.0827 | prod Y rel Y | full-route YY | twin OK tank 728.2 (+2.7) (1 s)
[09:39:43] leg 14 ->  65 (src 2044.3 d, tof_src 367.5): myopic lam1 38.905 lin 1.077 miss 0.0424 | prod Y rel Y | full-route YY | twin OK tank 737.2 (+9.1) (5 s)
[09:39:45] leg 15 -> 139 (src 2297.8 d, tof_src 253.5): myopic lam1 2.181 lin 2.035 miss 0.1273 | prod n rel Y | full-route nY | twin OK tank 751.6 (+14.4) (2 s)
[09:39:47] leg 16 -> 112 (src 2506.1 d, tof_src 208.3): myopic lam1 13.055 lin 1.237 miss 0.0427 | prod n rel n | full-route YY | twin OK tank 752.8 (+1.2) (2 s)
[09:39:49] leg 17 -> 122 (src 2658.3 d, tof_src 152.2): myopic lam1 2.38 lin 1.452 miss 0.0698 | prod Y rel Y | full-route YY | twin OK tank 755.8 (+3.0) (2 s)
[09:39:50] leg 18 -> 245 (src 2817.9 d, tof_src 159.7): myopic lam1 0.637 lin 0.734 miss 0.0321 | prod Y rel Y | full-route YY | twin OK tank 757.2 (+1.4) (1 s)
[09:39:53] leg 19 -> 174 (src 2904.9 d, tof_src  87.0): myopic lam1 1.418 lin None miss 0.0754 | prod n rel Y | full-route YY | twin OK tank 764.4 (+7.2) (2 s)
[09:40:03] leg 20 -> 153 (src 2999.4 d, tof_src  94.4): myopic lam1 1.619 lin None miss 0.1528 | prod n rel Y | full-route YY | twin OK tank 788.8 (+24.3) (10 s)
[09:40:04] leg 21 -> 102 (src 3238.8 d, tof_src 239.4): myopic lam1 0.811 lin 1.41 miss 0.3066 | prod Y rel Y | full-route YY | twin OK tank 800.5 (+11.8) (1 s)
[09:40:09] leg 22 -> 253 (src 3387.3 d, tof_src 148.5): myopic lam1 0.732 lin 1.419 miss 0.1443 | prod Y rel Y | full-route YY | twin OK tank 804.4 (+3.9) (5 s)
[09:40:13] leg 23 ->  77 (src 3458.3 d, tof_src  71.0): myopic lam1 0.647 lin 0.894 miss 0.0231 | prod Y rel Y | full-route YY | twin OK tank 815.1 (+10.7) (4 s)
[09:40:14] leg 24 ->  21 (src 3598.4 d, tof_src 140.1): myopic lam1 0.798 lin 1.348 miss 0.1527 | prod Y rel Y | full-route YY | twin OK tank 831.1 (+16.1) (1 s)
[09:40:18] leg 25 -> 215 (src 3714.6 d, tof_src 116.2): myopic lam1 0.703 lin 1.104 miss 0.0574 | prod Y rel Y | full-route YY | twin OK tank 832.3 (+1.1) (3 s)
[09:40:18] leg 26 -> 261 (src 3838.2 d, tof_src 123.5): myopic lam1 0.351 lin 0.638 miss 0.0544 | prod Y rel Y | full-route YY | twin OK tank 839.8 (+7.5) (1 s)
[09:40:23] leg 27 -> 187 (src 4074.7 d, tof_src 236.6): myopic lam1 1.115 lin 0.717 miss 0.2175 | prod Y rel Y | full-route YY | twin OK tank 850.5 (+10.7) (5 s)
[09:40:27] leg 28 -> 197 (src 4182.6 d, tof_src 107.8): myopic lam1 0.45 lin 0.697 miss 0.0407 | prod Y rel Y | full-route YY | twin OK tank 858.0 (+7.6) (4 s)
[09:40:29] leg 29 ->  10 (src 4347.2 d, tof_src 164.6): myopic lam1 0.518 lin 0.534 miss 0.0954 | prod Y rel Y | full-route YY | twin OK tank 867.2 (+9.2) (2 s)
[09:40:34] leg 30 ->  73 (src 4528.4 d, tof_src 181.3): myopic lam1 2.33 lin 1.132 miss 0.1897 | prod Y rel Y | full-route nY | twin OK tank 874.4 (+7.2) (5 s)
[09:40:58] leg 31 -> 222 (src 4661.2 d, tof_src 132.8): myopic lam1 2.183 lin None miss 0.2405 | prod n rel Y | full-route YY | twin OK tank 884.1 (+9.7) (24 s)
[09:40:59] leg 32 -> 265 (src 4892.5 d, tof_src 231.3): myopic lam1 0.772 lin 1.232 miss 0.1753 | prod Y rel Y | full-route YY | twin OK tank 892.3 (+8.2) (2 s)
[09:41:04] leg 33 ->   4 (src 5028.2 d, tof_src 135.7): myopic lam1 1.629 lin 3.287 miss 0.1761 | prod Y rel Y | full-route YY | twin OK tank 900.5 (+8.3) (5 s)
[09:41:06] leg 34 -> 109 (src 5277.1 d, tof_src 248.9): myopic lam1 0.504 lin 0.648 miss 0.2341 | prod Y rel Y | full-route YY | twin OK tank 909.7 (+9.2) (2 s)
[09:41:07] leg 35 -> 195 (src 5374.2 d, tof_src  97.1): myopic lam1 0.417 lin 0.577 miss 0.0177 | prod Y rel Y | full-route YY | twin OK tank 918.8 (+9.1) (1 s)
[09:41:09] leg 36 -> 194 (src 5451.9 d, tof_src  77.7): myopic lam1 0.573 lin 0.833 miss 0.0221 | prod Y rel Y | full-route YY | twin OK tank 930.6 (+11.8) (1 s)
[09:41:09] RESULT guided 00: 36 legs; next source target admissible from the myopic twin: prod 27, relaxed 33 (full-route twin: 32, 36); twin settled 36/36; final 37 fb @ 930.6 kg (source 918.2); wall 100 s
