[09:40:08] === s14_twinbeam guided route 02: pool 33 (own targets), source 33 fb @ 903.7 kg; 
[09:40:08] guided root: ast 278 at 236.2 d, |v_inf| 2.337 km/s
[09:40:09] leg  1 -> 249 (src  255.5 d, tof_src  19.3): myopic lam1 2.064 lin None miss 0.0226 | prod n rel n | full-route YY | twin OK tank 612.9 (+11.4) (0 s)
[09:40:09] leg  2 -> 217 (src  734.5 d, tof_src 479.0): myopic lam1 32.978 lin 2.362 miss 0.3589 | prod n rel n | full-route nY | twin OK tank 629.1 (+16.2) (1 s)
[09:40:10] leg  3 -> 104 (src  948.7 d, tof_src 214.2): myopic lam1 2.813 lin 3.369 miss 0.5691 | prod n rel n | full-route YY | twin OK tank 641.4 (+12.3) (1 s)
[09:40:11] leg  4 -> 264 (src 1035.2 d, tof_src  86.6): myopic lam1 2.76 lin None miss 0.1776 | prod n rel n | full-route YY | twin OK tank 651.5 (+10.1) (1 s)
[09:40:11] leg  5 -> 164 (src 1116.0 d, tof_src  80.8): myopic lam1 0.399 lin 0.67 miss 0.0269 | prod Y rel Y | full-route YY | twin OK tank 652.7 (+1.2) (0 s)
[09:40:12] leg  6 -> 231 (src 1239.7 d, tof_src 123.7): myopic lam1 0.424 lin 0.495 miss 0.0236 | prod Y rel Y | full-route YY | twin OK tank 659.2 (+6.4) (0 s)
[09:40:13] leg  7 -> 258 (src 1330.3 d, tof_src  90.7): myopic lam1 0.818 lin 1.109 miss 0.0325 | prod Y rel Y | full-route YY | twin OK tank 670.9 (+11.7) (2 s)
[09:40:14] leg  8 ->  76 (src 1453.5 d, tof_src 123.1): myopic lam1 1.376 lin None miss 0.1438 | prod Y rel Y | full-route YY | twin OK tank 674.7 (+3.8) (1 s)
[09:40:14] leg  9 -> 135 (src 1474.3 d, tof_src  20.9): myopic lam1 1.897 lin None miss 0.0267 | prod n rel n | full-route YY | twin OK tank 678.7 (+4.0) (0 s)
[09:40:15] leg 10 -> 227 (src 1585.6 d, tof_src 111.2): myopic lam1 0.502 lin 0.895 miss 0.0724 | prod Y rel Y | full-route YY | twin OK tank 684.0 (+5.3) (0 s)
[09:40:15] leg 11 ->  55 (src 1726.0 d, tof_src 140.4): myopic lam1 0.447 lin 0.555 miss 0.0332 | prod Y rel Y | full-route YY | twin OK tank 687.9 (+3.8) (0 s)
[09:40:16] leg 12 ->  97 (src 1931.2 d, tof_src 205.2): myopic lam1 0.586 lin 0.889 miss 0.118 | prod Y rel Y | full-route YY | twin OK tank 693.5 (+5.7) (1 s)
[09:40:17] leg 13 -> 190 (src 2234.6 d, tof_src 303.4): myopic lam1 0.288 lin 0.54 miss 0.1317 | prod Y rel Y | full-route YY | twin OK tank 696.8 (+3.3) (1 s)
[09:40:17] leg 14 ->  29 (src 2299.2 d, tof_src  64.6): myopic lam1 0.763 lin None miss 0.0411 | prod Y rel Y | full-route YY | twin OK tank 703.3 (+6.5) (1 s)
[09:40:18] leg 15 -> 189 (src 2417.5 d, tof_src 118.3): myopic lam1 0.479 lin 0.642 miss 0.0293 | prod Y rel Y | full-route YY | twin OK tank 711.2 (+7.9) (1 s)
[09:40:19] leg 16 ->  32 (src 2727.6 d, tof_src 310.0): myopic lam1 0.61 lin 0.275 miss 0.0852 | prod Y rel Y | full-route YY | twin OK tank 712.7 (+1.5) (1 s)
[09:40:20] leg 17 -> 142 (src 2889.3 d, tof_src 161.7): myopic lam1 0.984 lin 2.701 miss 0.2455 | prod Y rel Y | full-route YY | twin OK tank 722.5 (+9.8) (1 s)
[09:40:21] leg 18 -> 183 (src 2987.3 d, tof_src  98.0): myopic lam1 1.671 lin None miss 0.0957 | prod n rel Y | full-route YY | twin OK tank 728.1 (+5.6) (1 s)
[09:40:22] leg 19 ->  60 (src 3086.7 d, tof_src  99.4): myopic lam1 0.922 lin 1.204 miss 0.0376 | prod Y rel Y | full-route YY | twin OK tank 741.5 (+13.4) (1 s)
[09:40:23] leg 20 ->  82 (src 3212.9 d, tof_src 126.2): myopic lam1 0.255 lin 0.438 miss 0.0322 | prod Y rel Y | full-route YY | twin OK tank 742.2 (+0.7) (1 s)
[09:40:24] leg 21 ->  30 (src 3452.8 d, tof_src 239.9): myopic lam1 0.847 lin 1.195 miss 0.1101 | prod Y rel Y | full-route YY | twin OK tank 757.9 (+15.7) (1 s)
[09:40:25] leg 22 ->  33 (src 3538.5 d, tof_src  85.7): myopic lam1 0.292 lin 0.473 miss 0.0183 | prod Y rel Y | full-route YY | twin OK tank 757.5 (+-0.4) (2 s)
[09:40:26] leg 23 -> 173 (src 3650.8 d, tof_src 112.3): myopic lam1 0.531 lin 0.923 miss 0.0656 | prod Y rel Y | full-route YY | twin OK tank 764.5 (+7.0) (1 s)
[09:40:28] leg 24 ->  25 (src 3801.3 d, tof_src 150.5): myopic lam1 0.998 lin 0.719 miss 0.0352 | prod Y rel Y | full-route YY | twin OK tank 768.1 (+3.6) (1 s)
[09:40:29] leg 25 -> 295 (src 3859.0 d, tof_src  57.6): myopic lam1 0.536 lin 0.794 miss 0.0183 | prod Y rel Y | full-route YY | twin OK tank 776.3 (+8.2) (1 s)
[09:40:30] leg 26 -> 279 (src 4114.4 d, tof_src 255.5): myopic lam1 0.328 lin 0.504 miss 0.0756 | prod Y rel Y | full-route YY | twin OK tank 781.0 (+4.7) (1 s)
[09:40:31] leg 27 -> 223 (src 4269.5 d, tof_src 155.1): myopic lam1 0.246 lin 0.165 miss 0.0077 | prod Y rel Y | full-route YY | twin OK tank 782.1 (+1.1) (2 s)
[09:40:33] leg 28 ->  28 (src 4524.8 d, tof_src 255.3): myopic lam1 1.436 lin 1.059 miss 0.1656 | prod Y rel Y | full-route YY | twin OK tank 791.9 (+9.8) (2 s)
[09:40:37] leg 29 ->  40 (src 4869.7 d, tof_src 344.9): myopic lam1 7.128 lin 5.621 miss 0.4873 | prod n rel Y | full-route nn | twin OK tank 804.0 (+12.1) (4 s)
[09:40:52] leg 30 ->  17 (src 4950.2 d, tof_src  80.5): myopic lam1 15.043 lin None miss 0.2694 | prod n rel n | full-route YY | twin FAIL (15 s)
[09:40:58] leg 31 -> 274 (src 5357.9 d, tof_src 407.7): myopic lam1 32.206 lin 1.115 miss 0.0839 | prod Y rel Y | full-route YY | twin OK tank 814.1 (+10.1) (5 s)
[09:41:01] leg 32 -> 285 (src 5431.2 d, tof_src  73.3): myopic lam1 4.743 lin None miss 0.1664 | prod Y rel Y | full-route YY | twin OK tank 816.2 (+2.1) (3 s)
[09:41:01] RESULT guided 02: 32 legs; next source target admissible from the myopic twin: prod 24, relaxed 26 (full-route twin: 30, 31); twin settled 31/32; final 32 fb @ 816.2 kg (source 903.7); wall 53 s
