[17:44:59] parallel validator2 start
  ... 1000 segments integrated (1.7 s)
  ... 2000 segments integrated (2.3 s)
  ... 3000 segments integrated (2.8 s)
  ... 4000 segments integrated (3.3 s)
  ... 5000 segments integrated (3.9 s)
  ... 6000 segments integrated (5.3 s)
  ... 7000 segments integrated (5.9 s)
  ... 8000 segments integrated (6.4 s)
  ... 9000 segments integrated (7.0 s)
  ... 10000 segments integrated (7.5 s)
  ... 11000 segments integrated (9.0 s)
  ... 12000 segments integrated (9.5 s)
  ... 13000 segments integrated (10.0 s)
  ... 14000 segments integrated (10.6 s)
  ... 15000 segments integrated (11.2 s)
  ... 16000 segments integrated (11.8 s)
  ... 17000 segments integrated (13.2 s)
  ... 18000 segments integrated (13.8 s)
  ... 19000 segments integrated (14.3 s)
  ... 20000 segments integrated (14.8 s)
  ... 21000 segments integrated (15.3 s)
  ... 22000 segments integrated (16.8 s)
  ... 23000 segments integrated (17.3 s)
  ... 24000 segments integrated (17.8 s)
  ... 25000 segments integrated (18.3 s)
  ... 26000 segments integrated (18.9 s)
  ... 27000 segments integrated (19.4 s)
  ... 28000 segments integrated (20.8 s)
  ... 29000 segments integrated (21.4 s)
  ... 30000 segments integrated (21.9 s)
  ... 31000 segments integrated (22.4 s)
  ... 32000 segments integrated (23.0 s)
  ... 33000 segments integrated (24.5 s)
  ... 34000 segments integrated (25.0 s)
  ... 35000 segments integrated (25.5 s)
  ... 36000 segments integrated (26.0 s)
  ... 37000 segments integrated (26.6 s)
  ... 38000 segments integrated (27.1 s)
  ... 39000 segments integrated (28.5 s)
  ... 40000 segments integrated (29.0 s)
  ... 41000 segments integrated (29.6 s)
  ... 42000 segments integrated (30.1 s)
  ... 43000 segments integrated (30.6 s)
  ... 44000 segments integrated (31.9 s)
  ... 45000 segments integrated (32.4 s)
  ... 46000 segments integrated (33.0 s)
  ... 47000 segments integrated (33.5 s)
==============================================================================
validator2  --  results/CTOC14_Result_s16a.txt
==============================================================================
rows: 47598   segments integrated: 47589   runtime: 34.4 s
SC 1: rows=5441 arcs=1 samples=5397 flyby_rows=42  m0=948.034746 kg  m_final=600.413124 kg  J_i=1.310396
      launch t=3542400.000 s  pos err=0.000000 km  v_inf=2.545139 km/s   end t=469843260.000 s   min row mass=600.413124 kg
      max seg err: pos=4.105643e-07 km  vel=1.666e-12 km/s  mass=1.289e-06 kg   max|T| sample=0.397097957 interp=0.398183732 N
SC 2: rows=5378 arcs=1 samples=5335 flyby_rows=41  m0=910.833131 kg  m_final=600.137793 kg  J_i=1.271318
      launch t=0.000 s  pos err=0.000000 km  v_inf=2.458938 km/s   end t=460944060.000 s   min row mass=600.137793 kg
      max seg err: pos=5.507897e-07 km  vel=2.217e-12 km/s  mass=2.488e-06 kg   max|T| sample=0.360405433 interp=0.373449141 N
SC 3: rows=5401 arcs=1 samples=5358 flyby_rows=41  m0=988.893089 kg  m_final=600.483709 kg  J_i=1.354943
      launch t=7603200.000 s  pos err=0.000000 km  v_inf=3.494867 km/s   end t=470534460.000 s   min row mass=600.483709 kg
      max seg err: pos=5.041915e-07 km  vel=1.008e-12 km/s  mass=1.273e-06 kg   max|T| sample=0.442866310 interp=0.464848260 N
SC 4: rows=5515 arcs=1 samples=5475 flyby_rows=38  m0=915.502547 kg  m_final=600.620147 kg  J_i=1.276146
      launch t=0.000 s  pos err=0.000000 km  v_inf=3.837981 km/s   end t=473040060.000 s   min row mass=600.620147 kg
      max seg err: pos=7.491402e-07 km  vel=1.404e-12 km/s  mass=2.299e-06 kg   max|T| sample=0.379623057 interp=0.389005026 N
SC 5: rows=5415 arcs=1 samples=5382 flyby_rows=31  m0=959.568545 kg  m_final=600.946472 kg  J_i=1.322799
      launch t=6912000.000 s  pos err=0.000000 km  v_inf=2.899052 km/s   end t=471916860.000 s   min row mass=600.946472 kg
      max seg err: pos=5.610366e-07 km  vel=1.059e-12 km/s  mass=1.180e-06 kg   max|T| sample=0.405861135 interp=0.422732491 N
SC 6: rows=5454 arcs=1 samples=5422 flyby_rows=30  m0=902.251076 kg  m_final=600.738776 kg  J_i=1.262504
      launch t=0.000 s  pos err=0.000000 km  v_inf=3.942333 km/s   end t=468460860.000 s   min row mass=600.738776 kg
      max seg err: pos=6.592848e-07 km  vel=3.017e-12 km/s  mass=3.606e-06 kg   max|T| sample=0.440043637 interp=0.455274013 N
SC 7: rows=5433 arcs=1 samples=5401 flyby_rows=30  m0=1018.852365 kg  m_final=600.145934 kg  J_i=1.388689
      launch t=1296000.000 s  pos err=0.000000 km  v_inf=2.507722 km/s   end t=467942460.000 s   min row mass=600.145934 kg
      max seg err: pos=6.708571e-07 km  vel=1.422e-12 km/s  mass=2.029e-06 kg   max|T| sample=0.365637294 interp=0.383248625 N
SC 8: rows=5100 arcs=1 samples=5074 flyby_rows=24  m0=927.717455 kg  m_final=600.761041 kg  J_i=1.288879
      launch t=1641600.000 s  pos err=0.000000 km  v_inf=3.435578 km/s   end t=440035260.000 s   min row mass=600.761041 kg
      max seg err: pos=3.162125e-07 km  vel=1.212e-12 km/s  mass=1.279e-06 kg   max|T| sample=0.367482297 interp=0.367733910 N
SC 9: rows=4461 arcs=1 samples=4438 flyby_rows=21  m0=903.979769 kg  m_final=600.905058 kg  J_i=1.264273
      launch t=81561600.000 s  pos err=0.000000 km  v_inf=2.267897 km/s   end t=465004860.000 s   min row mass=600.905058 kg
      max seg err: pos=9.696013e-07 km  vel=1.391e-12 km/s  mass=1.882e-06 kg   max|T| sample=0.401280015 interp=0.410380026 N
global max errors: pos 9.696013e-07 km at (9, 43781, 43782) | vel 3.017e-12 km/s (3.017e-09 m/s) at (6, 27532, 27533) | mass 3.606e-06 kg at (6, 30207, 30208)
max |T| at samples 0.442866310 N at (3, 11012); max interpolated |T(t)| 0.464848260 N (sc 3, from Line 11020, t=24760373.240 s)
cross-checks: DOP853 vs universal-variable Kepler on coasts 3.332e-08 km; polynomial vs direct Lagrange 6.183e-14 N; DOP853 vs RK4(2000 steps) on worst thrust segments 5.374e-07 km
------------------------------------------------------------------------------
flybys (sc Line t[s] asteroid d[km] vrel[km/s] status):
   1     47      7442834.619  174        0.001   15.466 COUNTED
   1    202     20745824.974  278        1.014   34.163 COUNTED
   1    256     25358287.598  272        2.333   23.946 COUNTED
   1    429     40259415.264   28        6.420   11.146 COUNTED
   1    612     55929541.976    1        8.740   14.213 COUNTED
   1    732     66233916.821  292       11.434   12.414 COUNTED
   1    859     77135272.895   42       15.944   14.803 COUNTED
   1   1005     89636926.732   67       26.318    7.960 COUNTED
   1   1072     95321066.234  270       28.536    8.664 COUNTED
   1   1134    100590826.200  248       24.591   15.540 COUNTED
   1   1308    115550197.857    8       37.283   25.595 COUNTED
   1   1403    123663925.830  206       54.974   24.615 COUNTED
   1   1467    129161283.114   70       49.702    9.342 COUNTED
   1   1615    141832748.898   49       51.553   28.647 COUNTED
   1   1670    146501836.234  194       66.813   27.987 COUNTED
   1   1858    162616526.799  210       67.207   12.167 COUNTED
   1   2082    181884190.894  102       75.905   14.592 COUNTED
   1   2246    196011443.129   43       48.130   24.859 COUNTED
   1   2434    212158141.456  183       86.241   12.212 COUNTED
   1   2513    218894135.753  294       88.982   10.919 COUNTED
   1   2610    227150440.579  293      101.007   27.798 COUNTED
   1   2748    239056550.568  215      117.813   17.299 COUNTED
   1   2810    244315798.203    9      128.077   13.665 COUNTED
   1   2876    249953948.728   30      148.741   20.162 COUNTED
   1   3095    268770520.295  268      261.067   12.350 COUNTED
   1   3185    276395835.301   72      286.057   22.918 COUNTED
   1   3327    288594051.257   61      294.009   15.738 COUNTED
   1   3403    295129347.959  117      331.714   11.408 COUNTED
   1   3620    313756908.047  222      242.116   11.660 COUNTED
   1   3693    319950401.798  133      184.826   25.730 COUNTED
   1   3782    327610689.670   94      185.947   15.564 COUNTED
   1   3809    329823404.263   66      225.353   22.148 COUNTED
   1   3874    335353121.045  161      188.713   25.811 COUNTED
   1   4151    359229873.945   41      145.628   28.254 COUNTED
   1   4392    379928364.746  221      265.459    7.478 COUNTED
   1   4523    391180842.669  281      477.075   18.063 COUNTED
   1   4678    404448284.381  214      336.412   16.345 COUNTED
   1   4806    415431347.809  260      529.751   30.243 COUNTED
   1   4985    430846869.492   55      494.041   16.175 COUNTED
   1   5089    439756216.311  239      469.146   25.809 COUNTED
   1   5272    455464277.229  195      710.893   20.754 COUNTED
   1   5439    469829768.342   35      542.662   22.183 COUNTED
   2   5612     14674748.850  155        0.082   12.880 COUNTED
   2   5709     22919454.257  279        0.838   18.920 COUNTED
   2   5777     28726317.715  127        1.260   19.766 COUNTED
   2   5901     39371636.404  238        1.365   10.012 COUNTED
   2   6028     50248438.490  192        6.509   20.467 COUNTED
   2   6168     62210932.717  226       10.690   23.258 COUNTED
   2   6281     71904906.658  101        8.666   11.557 COUNTED
   2   6507     91331841.098   80       24.074   20.778 COUNTED
   2   6657    104252336.131   46       42.148   11.931 COUNTED
   2   6858    121521563.998  115       60.071   14.847 COUNTED
   2   6925    127186087.023   83       62.063   16.118 COUNTED
   2   6990    132730314.124  209       59.791   10.530 COUNTED
   2   7214    152016430.115  128       51.298    6.678 COUNTED
   2   7310    160232682.330   44       41.618   20.983 COUNTED
   2   7405    168328465.467   91       41.646    9.615 COUNTED
   2   7501    176568873.479  229       54.745   13.978 COUNTED
   2   7768    199552863.374   31       48.016   36.378 COUNTED
   2   7860    207440627.205  271       56.434    9.560 COUNTED
   2   7916    212124272.574  224       51.233    9.374 COUNTED
   2   7976    217269834.438   85       54.272   25.980 COUNTED
   2   8233    239387402.888  252      169.667   12.760 COUNTED
   2   8305    245492529.608   13      162.002   19.451 COUNTED
   2   8433    256436309.536  211      127.866   15.996 COUNTED
   2   8504    262510213.678  225      134.022   13.880 COUNTED
   2   8625    272887958.356  189      141.874   13.962 COUNTED
   2   8735    282339147.664  125      100.772   36.387 COUNTED
   2   8857    292729494.221  274       86.015   12.375 COUNTED
   2   8915    297663188.820   77       92.435   11.518 COUNTED
   2   9179    320453586.033  162       49.452    7.653 COUNTED
   2   9300    330757197.706  261       58.715   13.774 COUNTED
   2   9535    351039114.549  187      140.806   11.435 COUNTED
   2   9618    358047457.024  171      166.471   24.775 COUNTED
   2   9750    369376282.459   47      213.631    8.449 COUNTED
   2   9862    379010820.041  193      248.044   17.093 COUNTED
   2  10036    393979851.231   57      290.260   29.179 COUNTED
   2  10080    397643755.901  179      301.542   30.057 COUNTED
   2  10112    400336107.374  273      311.679   12.479 COUNTED
   2  10346    420453353.137  153      354.031   19.698 COUNTED
   2  10523    435701031.457  205      440.389   10.708 COUNTED
   2  10667    448062010.289  196      487.939   11.971 COUNTED
   2  10817    460863733.921   54      562.566   12.946 COUNTED
   3  10929     16948935.780   81        0.001   24.495 COUNTED
   3  11017     24517299.176  277        0.051   24.488 COUNTED
   3  11117     33018759.511  291        0.919   16.852 COUNTED
   3  11339     52131581.702  111        2.366   19.109 COUNTED
   3  11451     61754178.909   63        3.791   30.576 COUNTED
   3  11621     76337035.962  126        4.871    8.356 COUNTED
   3  11688     82063817.806  297        4.536   13.357 COUNTED
   3  11738     86253922.326   52        5.068   26.601 COUNTED
   3  11924    102263862.917  114        6.018   20.974 COUNTED
   3  11994    108215798.449  201        4.065   12.848 COUNTED
   3  12106    117807058.046  250        7.696   23.981 COUNTED
   3  12228    128268650.922    5       13.260   24.221 COUNTED
   3  12393    142431617.114    2       18.459   13.471 COUNTED
   3  12475    149458519.584  164       27.014   23.937 COUNTED
   3  12626    162349121.045  276       16.261   12.538 COUNTED
   3  12762    174042093.095   92        7.584   12.207 COUNTED
   3  12884    184530728.168   48        8.128   30.563 COUNTED
   3  13078    201158566.809   38       30.359   10.716 COUNTED
   3  13203    211856948.508  123       34.899   11.399 COUNTED
   3  13344    224008180.853  105       53.845   19.120 COUNTED
   3  13490    236487282.536   21       57.968   13.023 COUNTED
   3  13569    243234384.783  160       62.239    7.177 COUNTED
   3  13783    261620142.133  200      147.624   13.811 COUNTED
   3  13902    271833892.223  103      171.479   13.769 COUNTED
   3  13973    277894656.688  296      133.390   15.665 COUNTED
   3  14046    284108516.526  159       98.179   17.848 COUNTED
   3  14153    293274708.370  197      116.092   13.409 COUNTED
   3  14177    295256496.578  286      125.230    8.663 COUNTED
   3  14231    299872606.836   74      138.488    6.840 COUNTED
   3  14327    308086147.318  198       83.105   33.891 COUNTED
   3  14600    331581660.555  245      118.255   18.072 COUNTED
   3  14711    341047276.434  255       77.162   13.589 COUNTED
   3  14831    351346002.126   12       39.955   14.267 COUNTED
   3  14955    361953563.812  237       84.777   17.983 COUNTED
   3  15490    408089016.587   45      161.326   22.442 COUNTED
   3  15583    416068953.702  167      151.275   41.084 COUNTED
   3  15636    420527861.885  207      159.546   11.349 COUNTED
   3  15845    438558155.228  191      276.267   25.868 COUNTED
   3  15950    447540969.828   65      285.878   19.713 COUNTED
   3  16057    456641266.979   19      322.122   17.808 COUNTED
   3  16218    470514576.624  285      299.461   20.703 COUNTED
   4  16459     20496066.245  136        0.385   11.889 COUNTED
   4  16671     38744931.661  185        1.767   22.743 COUNTED
   4  16939     61833049.638  152        7.265   18.504 COUNTED
   4  16978     65126707.421   16        9.963   16.355 COUNTED
   4  17110     76423024.914  289        7.387   15.783 COUNTED
   4  17217     85548827.635  295        2.455    9.640 COUNTED
   4  17450    105605626.660   84        3.069    7.261 COUNTED
   4  17604    118805952.777  140        9.829   17.151 COUNTED
   4  17721    128890830.241  235        5.869   29.103 COUNTED
   4  17912    145276544.687  259       15.889   20.997 COUNTED
   4  18123    163442258.130   27        7.464   32.131 COUNTED
   4  18232    172745141.474  282       11.092   19.853 COUNTED
   4  18302    178745069.633  113       24.508   35.131 COUNTED
   4  18417    188527258.733  163       65.450   18.562 COUNTED
   4  18555    200391360.475  146       37.466   16.675 COUNTED
   4  18652    208676817.429   73       60.065   14.727 COUNTED
   4  18741    216274574.613   88       81.274   13.785 COUNTED
   4  18868    227155874.013   69       66.678    8.655 COUNTED
   4  18889    228957750.267  190       63.883    7.522 COUNTED
   4  19067    244216045.806  244       94.890   12.232 COUNTED
   4  19160    252148980.915  299       83.376   14.721 COUNTED
   4  19195    255132038.989  106       69.307   21.371 COUNTED
   4  19378    270813746.615  290       69.630   20.375 COUNTED
   4  19513    282356260.066  109       73.274   17.030 COUNTED
   4  19633    292659626.899   76       27.959   14.556 COUNTED
   4  19778    305160385.636  236       47.262   42.889 COUNTED
   4  19948    319726645.148  122       24.731   10.068 COUNTED
   4  20065    329752429.029   24       71.759   31.762 COUNTED
   4  20238    344617695.090  181       40.800    7.861 COUNTED
   4  20441    362040143.908   78       93.867   22.498 COUNTED
   4  20516    368436456.986  202      102.912   14.748 COUNTED
   4  20699    384198628.271  232       47.940   32.996 COUNTED
   4  20953    406050925.257  178       53.957   25.125 COUNTED
   4  21233    430177725.632  112      102.663   33.758 COUNTED
   4  21325    438023395.974   37       71.834   16.824 COUNTED
   4  21592    461022645.866  227      149.638   20.381 COUNTED
   4  21659    466704675.026  149      133.367    8.349 COUNTED
   4  21733    473012173.568   68       97.386    6.707 COUNTED
   5  21976     27576621.520   29        0.005   24.312 COUNTED
   5  22263     52273015.232  156        0.089   15.445 COUNTED
   5  22320     57193286.275  145        0.271   15.977 COUNTED
   5  22536     75690962.397  110        4.275   21.619 COUNTED
   5  22747     93867023.397   14        8.400   13.320 COUNTED
   5  22833    101178681.699  253        6.984   23.388 COUNTED
   5  23054    120252831.807  275       10.782   17.649 COUNTED
   5  23267    138499979.981  107        6.156   11.192 COUNTED
   5  23339    144683990.118  233        7.908   11.854 COUNTED
   5  23414    151111075.995   10       10.543   25.980 COUNTED
   5  23702    175836516.568  269        8.223   10.704 COUNTED
   5  23857    189206495.371   90        1.383   14.183 COUNTED
   5  24020    203158493.343  129       10.486   30.314 COUNTED
   5  24135    213061339.835   62       17.437   16.373 COUNTED
   5  24188    217518843.679   60       15.802   23.196 COUNTED
   5  24423    237723291.888  186       28.642   16.003 COUNTED
   5  24608    253613611.986   86       43.318   32.958 COUNTED
   5  24856    274983925.488   97       46.477   16.562 COUNTED
   5  25056    292126463.543  151       56.797   12.571 COUNTED
   5  25343    316871053.281  121       62.605   11.907 COUNTED
   5  25568    336245324.726   87       70.659   22.852 COUNTED
   5  25675    345388672.864  135       73.527   23.152 COUNTED
   5  25779    354262555.911   26       72.162   23.410 COUNTED
   5  25834    358922840.602  300       71.122   30.245 COUNTED
   5  26017    374716083.898  116       70.576   12.327 COUNTED
   5  26117    383234777.173   82       69.815   14.189 COUNTED
   5  26335    401942883.920   59       83.305   13.217 COUNTED
   5  26492    415491576.588   18       89.315   16.543 COUNTED
   5  26641    428255803.164  230      102.964   17.415 COUNTED
   5  26929    453008730.158   64      113.150   26.817 COUNTED
   5  27148    471847961.015    3      111.754   29.693 COUNTED
   6  27476     28037803.900  218        0.013   16.569 COUNTED
   6  27705     47753756.724  169        0.906   14.902 COUNTED
   6  27893     63881223.623  217        1.981   18.855 COUNTED
   6  28075     79552752.391  143        1.543   20.895 COUNTED
   6  28189     89268762.798  264        2.947   19.322 COUNTED
   6  28393    106868930.877  231        2.471   15.507 COUNTED
   6  28542    119620426.126   23        9.425   31.895 COUNTED
   6  28694    132694520.840   79       33.458    5.518 COUNTED
   6  28925    152525271.787   50       45.663   13.521 COUNTED
   6  29098    167363444.380  154       79.670    7.640 COUNTED
   6  29202    176330323.457  134       82.690   20.796 COUNTED
   6  29446    197334408.761  257       82.131   11.448 COUNTED
   6  29586    209296503.074   99       74.350   10.985 COUNTED
   6  29782    226151760.661  177        3.969   17.566 COUNTED
   6  30104    253854215.351    4       96.473   35.561 COUNTED
   6  30207    262656040.323   89      124.691   11.174 COUNTED
   6  30504    288248069.974  228      153.969    6.704 COUNTED
   6  30634    299432873.210  284      223.502   16.688 COUNTED
   6  30732    307780119.526   34      195.438   11.344 COUNTED
   6  30849    317814826.048  267      168.122   25.031 COUNTED
   6  31059    335872235.800    7      229.749   25.820 COUNTED
   6  31201    348090172.142   98      172.289   16.409 COUNTED
   6  31366    362217424.847  263      189.121    9.214 COUNTED
   6  31598    382198656.168  100       95.239   20.939 COUNTED
   6  31681    389243404.352   25       91.619   16.612 COUNTED
   6  31873    405767118.470  166      128.632   16.940 COUNTED
   6  32113    426431006.864   40       29.643   14.717 COUNTED
   6  32215    435155467.374  256       24.483   12.114 COUNTED
   6  32463    456479104.687  170       94.514   12.537 COUNTED
   6  32602    468406553.520   53      196.628   17.123 COUNTED
   7  32973     33068392.531   11        0.384   25.760 COUNTED
   7  33111     44867954.828  165        3.293   30.169 COUNTED
   7  33374     67521404.866  188        6.374   34.881 COUNTED
   7  33453     74258470.495  124        8.389   13.054 COUNTED
   7  33691     94773418.694  203        9.737   14.055 COUNTED
   7  33891    111903245.743  168       15.659   15.205 COUNTED
   7  34172    136163757.524  157       14.281   21.279 COUNTED
   7  34310    147987547.019  287       18.804   10.644 COUNTED
   7  34594    172419986.134   20       33.283    9.780 COUNTED
   7  34752    185940801.551  298       38.127   16.972 COUNTED
   7  34952    203137433.086  283       59.489   12.028 COUNTED
   7  35081    214237405.524   39       64.907   32.504 COUNTED
   7  35131    218455508.096  175       63.988   10.820 COUNTED
   7  35274    230756033.401  242       83.154   13.962 COUNTED
   7  35445    245400187.273   51      136.941   13.793 COUNTED
   7  35721    269166646.202  120      164.776   19.600 COUNTED
   7  35949    288754110.577  141      260.761   20.216 COUNTED
   7  36018    294644393.719  119      287.040   10.358 COUNTED
   7  36236    313416808.823   15      217.451   12.408 COUNTED
   7  36317    320324335.500  254      234.452   15.924 COUNTED
   7  36443    331106519.453  251      225.877   15.231 COUNTED
   7  36503    336235632.289  241      174.800   32.391 COUNTED
   7  36702    353310647.343  262      116.509   29.210 COUNTED
   7  36982    377422504.278  234       27.390   15.201 COUNTED
   7  37209    396998267.801  246       63.410   14.558 COUNTED
   7  37385    412049313.497  158      120.789   15.342 COUNTED
   7  37608    431281005.560   32      199.004    9.944 COUNTED
   7  37706    439663592.804  182      267.950   24.036 COUNTED
   7  37741    442593013.620  147      254.244   42.467 COUNTED
   7  38035    467934136.989  104      282.148   19.563 COUNTED
   8  38270     21649109.528  249        0.001   15.781 COUNTED
   8  38563     46913324.266  199        0.147   19.052 COUNTED
   8  38833     70138303.760   95        1.801   32.501 COUNTED
   8  38984     83049291.256  204        3.397   11.535 COUNTED
   8  39126     95260859.421   56       11.722   19.932 COUNTED
   8  39331    112907236.952  240       14.265   16.564 COUNTED
   8  39633    138856638.650  137       16.414   14.446 COUNTED
   8  39883    160442481.094  266       57.569   15.072 COUNTED
   8  40062    175766105.606   96       45.107   10.921 COUNTED
   8  40321    198070351.367  213       89.458   34.408 COUNTED
   8  40831    242048414.556  132       93.414   16.772 COUNTED
   8  41004    256953280.927  280      132.406   24.402 COUNTED
   8  41146    269064703.404   58      138.099   18.264 COUNTED
   8  41480    297850943.494   93      268.461   20.377 COUNTED
   8  41565    305101235.348   33      268.457   19.666 COUNTED
   8  41650    312412467.981  138      316.792   31.433 COUNTED
   8  41989    341565662.365   71      306.834   18.975 COUNTED
   8  42270    365785938.638  139      266.852   34.400 COUNTED
   8  42378    375028321.809  223      246.118   26.677 COUNTED
   8  42638    397404469.812  173      269.671   19.915 COUNTED
   8  42796    410971432.590   22      195.069   21.856 COUNTED
   8  42933    422724773.312  148      227.015   16.362 COUNTED
   8  43102    437267288.468  172      126.290    9.695 COUNTED
   8  43135    439957658.815  150      139.196   12.380 COUNTED
   9  43285     94195630.779  184        0.001   14.467 COUNTED
   9  43505    113102793.093   17        0.019   22.550 COUNTED
   9  43613    122389674.000  258        0.175   12.631 COUNTED
   9  43693    129246350.326   36        1.051   36.824 COUNTED
   9  43878    145068105.144   75        4.320   19.684 COUNTED
   9  44089    163270825.885  118        3.661   37.255 COUNTED
   9  44238    176036746.973  130        9.024   16.667 COUNTED
   9  44376    187836904.738  176        9.514   15.112 COUNTED
   9  44658    212157765.966  212        5.161   19.704 COUNTED
   9  44897    232727684.492  243        3.096   18.515 COUNTED
   9  45051    245935881.434    6       15.939   20.860 COUNTED
   9  45242    262350499.449  180       18.775   23.006 COUNTED
   9  45452    280421444.472  220       35.433   19.969 COUNTED
   9  45647    297170451.565  265       59.949   33.298 COUNTED
   9  45697    301442004.988  219       63.546   37.655 COUNTED
   9  46311    354374303.064  108      105.182   24.659 COUNTED
   9  46513    371745430.834  216      115.094   21.921 COUNTED
   9  46814    397630252.398  288      179.571    8.641 COUNTED
   9  47128    424735320.985  208      166.061    7.531 COUNTED
   9  47403    448379376.270  247      245.401   10.116 COUNTED
   9  47596    464966020.938  142      192.941   13.253 COUNTED
------------------------------------------------------------------------------
N_covered = 298   N_miss = 2   sum J_i = 11.739947   J = 13.739947
VERDICT: VALID
exit 0
[17:45:34] parallel validator2 done
