[17:20:01] === s14_lookback guided route 00: 37 fb @ 918.2 kg; L 3 mcap 1100.0 (tcap 0.675 km/s/node) eps 0.05,0.02,0.01,0.005,0.003,0.002 ref 6/100.0/1000.0/rho 30.0
[17:20:02] leg  1 -> 163 (tof 116.1 d): L3 price src 1.7466 best 1.5903 (dt -2.5) coast 0.1121 AU | used best marg 1.5638 | tank 626.0 miss 32 km (0.02 s)
[17:20:02] leg  2 ->  11 (tof 177.9 d): L3 price src 2.3538 best 2.1383 (dt 2.5) coast 0.4591 AU | used best marg 1.203 | tank 645.5 miss 0 km (0.03 s)
[17:20:02] leg  3 -> 111 (tof 216.0 d): L3 price src 1.1829 best 0.3234 (dt -5.0) coast 0.1349 AU | used best marg 0.3954 | tank 652.0 miss 0 km (0.04 s)
[17:20:02] leg  4 ->  63 (tof 117.1 d): L3 price src 1.8136 best 0.7667 (dt 2.5) coast 0.1322 AU | used best marg 0.8601 | tank 666.5 miss 0 km (0.03 s)
[17:20:02] leg  5 -> 126 (tof 165.5 d): L3 price src 1.7375 best 1.4663 (dt 15.0) coast 0.1621 AU | used best marg 1.5039 | tank 692.5 miss 0 km (0.05 s)
[17:20:02] leg  6 -> 297 (tof  53.4 d): L3 price src 0.3761 best 0.3761 (dt 0.0) coast 0.0588 AU | used best marg 0.354 | tank 698.8 miss 0 km (0.03 s)
[17:20:02] leg  7 ->  52 (tof  48.9 d): L3 price src 0.7684 best 0.7671 (dt -2.5) coast 0.0313 AU | used best marg 0.6542 | tank 710.5 miss 0 km (0.02 s)
[17:20:02] leg  8 ->  14 (tof  93.2 d): L3 price src 0.5522 best 0.544 (dt 2.5) coast 0.1384 AU | used best marg 0.4805 | tank 719.3 miss 0 km (0.02 s)
[17:20:02] leg  9 -> 114 (tof  91.2 d): L3 price src 0.8123 best 0.8123 (dt 0.0) coast 0.1016 AU | used best marg 0.7545 | tank 733.2 miss 15 km (0.02 s)
[17:20:02] leg 10 ->  78 (tof 141.1 d): L3 price src 0.1842 best 0.1842 (dt 0.0) coast 0.0454 AU | used best marg 0.1781 | tank 736.6 miss 92 km (0.02 s)
[17:20:02] leg 11 -> 275 (tof  71.2 d): L3 price src 0.7996 best 0.4685 (dt 2.5) coast 0.0353 AU | used best marg 0.4821 | tank 745.7 miss 16 km (0.01 s)
[17:20:02] leg 12 -> 193 (tof  27.2 d): L3 price src 0.8851 best 0.8851 (dt 0.0) coast 0.0432 AU | used best marg 0.8532 | tank 762.1 miss 4 km (0.03 s)
[17:20:02] leg 13 ->  24 (tof 250.3 d): L3 price src 0.4559 best 0.4559 (dt 0.0) coast 0.1521 AU | used best marg 0.3763 | tank 769.4 miss 4 km (0.04 s)
[17:20:02] leg 14 ->  65 (tof 367.6 d): L3 price src 0.294 best 0.294 (dt 0.0) coast 0.0185 AU | used best marg 0.296 | tank 775.3 miss 7 km (0.03 s)
[17:20:02] leg 15 -> 139 (tof 253.5 d): L3 price src 1.5521 best 0.8003 (dt 2.5) coast 0.141 AU | used best marg 0.8583 | tank 792.4 miss 4 km (0.05 s)
[17:20:02] leg 16 -> 112 (tof 205.7 d): L3 price src 0.9348 best 0.0378 (dt -2.5) coast 0.0478 AU | used best marg 0.0253 | tank 792.9 miss 29 km (0.03 s)
[17:20:02] leg 17 -> 122 (tof 154.7 d): L3 price src 0.9978 best 0.2746 (dt 10.0) coast 0.0829 AU | used best marg 0.284 | tank 798.7 miss 9 km (0.03 s)
[17:20:02] leg 18 -> 245 (tof 149.8 d): L3 price src 0.5957 best 0.1961 (dt -2.5) coast 0.0671 AU | used best marg 0.1807 | tank 802.4 miss 44 km (0.03 s)
[17:20:02] leg 19 -> 174 (tof  89.7 d): L3 price src 1.4349 best 0.5661 (dt -7.5) coast 0.1005 AU | used best marg 0.526 | tank 813.2 miss 34 km (0.03 s)
[17:20:02] leg 20 -> 153 (tof 101.9 d): L3 price src 1.6944 best 1.6944 (dt 0.0) coast 0.1831 AU | used best marg 1.8304 | tank 852.1 miss 11 km (0.03 s)
[17:20:02] leg 21 -> 102 (tof 238.3 d): L3 price src 0.3947 best 0.3947 (dt 0.0) coast 0.3066 AU | used best marg 0.6464 | tank 866.2 miss 11 km (0.04 s)
[17:20:02] leg 22 -> 253 (tof 148.0 d): L3 price src 0.168 best 0.168 (dt 0.0) coast 0.0399 AU | used best marg 0.1659 | tank 869.9 miss 87 km (0.05 s)
[17:20:02] leg 23 ->  77 (tof  71.0 d): L3 price src 0.5203 best 0.5203 (dt 0.0) coast 0.0221 AU | used best marg 0.5147 | tank 881.4 miss 11 km (0.02 s)
[17:20:02] leg 24 ->  21 (tof 140.2 d): L3 price src 0.7281 best 0.7281 (dt 0.0) coast 0.1677 AU | used best marg 0.7143 | tank 897.6 miss 18 km (0.02 s)
[17:20:02] leg 25 -> 215 (tof 116.9 d): L3 price src 0.193 best 0.193 (dt 0.0) coast 0.0325 AU | used best marg 0.1697 | tank 901.5 miss 11 km (0.04 s)
[17:20:02] leg 26 -> 261 (tof 123.4 d): L3 price src 0.153 best 0.153 (dt 0.0) coast 0.0385 AU | used best marg 0.1393 | tank 904.7 miss 29 km (0.02 s)
[17:20:02] leg 27 -> 187 (tof 236.7 d): L3 price src 0.6547 best 0.6547 (dt 0.0) coast 0.244 AU | used best marg 0.8664 | tank 924.9 miss 11 km (0.05 s)
[17:20:02] leg 28 -> 197 (tof 107.9 d): L3 price src 0.1817 best 0.1817 (dt 0.0) coast 0.0483 AU | used best marg 0.175 | tank 929.0 miss 17 km (0.02 s)
[17:20:02] leg 29 ->  10 (tof 164.7 d): L3 price src 0.402 best 0.402 (dt 0.0) coast 0.0868 AU | used best marg 0.3674 | tank 937.8 miss 35 km (0.02 s)
[17:20:02] leg 30 ->  73 (tof 181.3 d): L3 price src 0.8309 best 0.4961 (dt -5.0) coast 0.1964 AU | used best marg 0.4777 | tank 949.2 miss 11 km (0.05 s)
[17:20:02] leg 31 -> 222 (tof 138.6 d): L3 price src 0.8117 best 0.8117 (dt 0.0) coast 0.2719 AU | used best marg 0.4341 | tank 959.8 miss 11 km (0.03 s)
[17:20:03] leg 32 -> 265 (tof 231.0 d): L3 price src 0.9561 best 0.4885 (dt 2.5) coast 0.1884 AU | used best marg 0.484 | tank 971.7 miss 11 km (0.05 s)
[17:20:03] leg 33 ->   4 (tof 133.9 d): L3 price src 0.3385 best 0.3385 (dt 0.0) coast 0.1595 AU | used best marg 0.3233 | tank 979.8 miss 52 km (0.03 s)
[17:20:03] leg 34 -> 109 (tof 248.6 d): L3 price src 0.5749 best 0.5419 (dt -2.5) coast 0.2308 AU | used best marg 0.4626 | tank 991.4 miss 11 km (0.05 s)
[17:20:03] leg 35 -> 195 (tof  98.4 d): L3 price src 0.2385 best 0.2385 (dt 0.0) coast 0.0168 AU | used best marg 0.2319 | tank 997.3 miss 88 km (0.04 s)
[17:20:03] leg 36 -> 194 (tof  77.8 d): L3 price src 0.2201 best 0.2201 (dt 0.0) coast 0.0094 AU | used best marg 0.2068 | tank 1002.5 miss 54 km (0.02 s)
[17:20:09] RESULT guided 00 L3: 36 legs; admissible at the source epoch <=1.2/2.0/3.0 km/s: 29/35/36; best epoch +-15 d: 32/35/36; refine fails 0; planned 37 fb @ 1002.5 kg; settled {'ok': True, 'miss': 5.5, 'tank': 924.06, 'dt_s': 6.7}; source 918.2 kg; wall 1 s
