[17:19:26] === s14_lookback guided route 00: 37 fb @ 918.2 kg; L 2 mcap 1100.0 (tcap 0.675 km/s/node) eps 0.05,0.02,0.01,0.005,0.003,0.002 ref 6/100.0/1000.0/rho 30.0
[17:19:26] leg  1 -> 163 (tof 116.1 d): L2 price src 1.7466 best 1.5903 (dt -2.5) coast 0.1121 AU | used best marg 1.5638 | tank 626.0 miss 32 km (0.02 s)
[17:19:26] leg  2 ->  11 (tof 177.9 d): L2 price src 2.4406 best 2.3512 (dt 2.5) coast 0.4591 AU | used best marg 1.1821 | tank 645.1 miss 1 km (0.03 s)
[17:19:26] leg  3 -> 111 (tof 215.9 d): L2 price src 1.4321 best 0.7002 (dt -5.0) coast 0.1009 AU | used best marg 0.714 | tank 657.0 miss 1 km (0.05 s)
[17:19:26] leg  4 ->  63 (tof 117.1 d): L2 price src 1.8389 best 0.7025 (dt 2.5) coast 0.14 AU | used best marg 0.7256 | tank 669.2 miss 1 km (0.04 s)
[17:19:26] leg  5 -> 126 (tof 165.4 d): L2 price src 1.8692 best 1.7256 (dt 7.5) coast 0.165 AU | used best marg 1.7406 | tank 699.6 miss 89 km (0.03 s)
[17:19:26] leg  6 -> 297 (tof  62.3 d): L2 price src 0.4622 best 0.4622 (dt 0.0) coast 0.0238 AU | used best marg 0.4484 | tank 707.6 miss 2 km (0.02 s)
[17:19:26] leg  7 ->  52 (tof  48.5 d): L2 price src 0.665 best 0.665 (dt 0.0) coast 0.0216 AU | used best marg 0.6259 | tank 719.0 miss 96 km (0.01 s)
[17:19:26] leg  8 ->  14 (tof  91.0 d): L2 price src 0.2776 best 0.2776 (dt 0.0) coast 0.0164 AU | used best marg 0.2747 | tank 724.1 miss 54 km (0.01 s)
[17:19:26] leg  9 -> 114 (tof  94.7 d): L2 price src 0.4714 best 0.4714 (dt 0.0) coast 0.0351 AU | used best marg 0.4679 | tank 732.8 miss 54 km (0.01 s)
[17:19:26] leg 10 ->  78 (tof 141.2 d): L2 price src 0.1903 best 0.1903 (dt 0.0) coast 0.0308 AU | used best marg 0.1849 | tank 736.2 miss 54 km (0.02 s)
[17:19:26] leg 11 -> 275 (tof  71.2 d): L2 price src 0.804 best 0.6702 (dt 2.5) coast 0.0341 AU | used best marg 0.6693 | tank 748.9 miss 54 km (0.02 s)
[17:19:26] leg 12 -> 193 (tof  27.4 d): L2 price src 1.1426 best 1.1426 (dt 0.0) coast 0.0401 AU | used best marg 1.0533 | tank 769.3 miss 54 km (0.01 s)
[17:19:26] leg 13 ->  24 (tof 250.3 d): L2 price src 0.6022 best 0.6022 (dt 0.0) coast 0.1364 AU | used best marg 0.4412 | tank 778.0 miss 54 km (0.03 s)
[17:19:26] leg 14 ->  65 (tof 367.7 d): L2 price src 0.3705 best 0.3705 (dt 0.0) coast 0.0165 AU | used best marg 0.3733 | tank 785.4 miss 54 km (0.03 s)
[17:19:26] leg 15 -> 139 (tof 253.5 d): L2 price src 1.5843 best 0.8281 (dt 2.5) coast 0.1481 AU | used best marg 0.9102 | tank 803.9 miss 54 km (0.03 s)
[17:19:26] leg 16 -> 112 (tof 205.7 d): L2 price src 1.0147 best 0.0359 (dt -2.5) coast 0.0515 AU | used best marg 0.0211 | tank 804.3 miss 54 km (0.02 s)
[17:19:26] leg 17 -> 122 (tof 154.7 d): L2 price src 1.2098 best 0.2759 (dt 10.0) coast 0.0843 AU | used best marg 0.2723 | tank 809.9 miss 54 km (0.05 s)
[17:19:26] leg 18 -> 245 (tof 149.9 d): L2 price src 0.6563 best 0.2142 (dt -2.5) coast 0.0624 AU | used best marg 0.2029 | tank 814.1 miss 54 km (0.03 s)
[17:19:26] leg 19 -> 174 (tof  89.7 d): L2 price src 1.6541 best 0.7293 (dt -7.5) coast 0.1014 AU | used best marg 0.6912 | tank 828.5 miss 54 km (0.03 s)
[17:19:26] leg 20 -> 153 (tof 101.9 d): L2 price src 2.1735 best 2.1735 (dt 0.0) coast 0.1826 AU | used best marg 2.2894 | tank 878.4 miss 54 km (0.02 s)
[17:19:26] leg 21 -> 102 (tof 238.3 d): L2 price src 0.5611 best 0.4062 (dt 2.5) coast 0.2146 AU | used best marg 0.4962 | tank 889.5 miss 54 km (0.03 s)
[17:19:26] leg 22 -> 253 (tof 146.2 d): L2 price src 0.155 best 0.155 (dt 0.0) coast 0.0579 AU | used best marg 0.166 | tank 893.3 miss 88 km (0.04 s)
[17:19:26] leg 23 ->  77 (tof  71.0 d): L2 price src 0.7879 best 0.7879 (dt 0.0) coast 0.0245 AU | used best marg 0.7763 | tank 911.2 miss 67 km (0.01 s)
[17:19:26] leg 24 ->  21 (tof 140.4 d): L2 price src 0.5982 best 0.5982 (dt 0.0) coast 0.143 AU | used best marg 0.5903 | tank 925.0 miss 54 km (0.02 s)
[17:19:26] leg 25 -> 215 (tof 116.9 d): L2 price src 0.3925 best 0.3925 (dt 0.0) coast 0.0256 AU | used best marg 0.3772 | tank 933.9 miss 99 km (0.02 s)
[17:19:26] leg 26 -> 261 (tof 123.4 d): L2 price src 0.1288 best 0.1288 (dt 0.0) coast 0.0211 AU | used best marg 0.0733 | tank 935.7 miss 76 km (0.01 s)
[17:19:26] leg 27 -> 187 (tof 236.9 d): L2 price src 0.6647 best 0.6647 (dt 0.0) coast 0.2429 AU | used best marg 0.8847 | tank 957.0 miss 54 km (0.04 s)
[17:19:26] leg 28 -> 197 (tof 107.8 d): L2 price src 0.1981 best 0.1981 (dt 0.0) coast 0.0492 AU | used best marg 0.1924 | tank 961.7 miss 55 km (0.01 s)
[17:19:26] leg 29 ->  10 (tof 164.7 d): L2 price src 0.3961 best 0.3961 (dt 0.0) coast 0.0846 AU | used best marg 0.3702 | tank 970.8 miss 54 km (0.02 s)
[17:19:26] leg 30 ->  73 (tof 181.3 d): L2 price src 0.8324 best 0.4952 (dt -5.0) coast 0.1943 AU | used best marg 0.4773 | tank 982.7 miss 54 km (0.04 s)
[17:19:26] leg 31 -> 222 (tof 138.6 d): L2 price src 1.435 best 1.4266 (dt 2.5) coast 0.271 AU | used best marg 1.0089 | tank 1008.3 miss 54 km (0.02 s)
[17:19:26] leg 32 -> 265 (tof 228.9 d): L2 price src 1.3786 best 0.8352 (dt 5.0) coast 0.2784 AU | used best marg 0.7689 | tank 1028.3 miss 54 km (0.04 s)
[17:19:26] leg 33 ->   4 (tof 133.0 d): L2 price src 0.4035 best 0.4035 (dt 0.0) coast 0.2109 AU | used best marg 0.3698 | tank 1038.0 miss 77 km (0.03 s)
[17:19:26] leg 34 -> 109 (tof 248.0 d): L2 price src 0.6003 best 0.4868 (dt -2.5) coast 0.2133 AU | used best marg 0.442 | tank 1049.8 miss 77 km (0.03 s)
[17:19:27] leg 35 -> 195 (tof  98.7 d): L2 price src 0.3364 best 0.3335 (dt -2.5) coast 0.0255 AU | used best marg 0.299 | tank 1057.8 miss 77 km (0.04 s)
[17:19:27] leg 36 -> 194 (tof  80.0 d): L2 price src 0.8467 best 0.8467 (dt 0.0) coast 0.0868 AU | used best marg 0.7356 | tank 1077.8 miss 77 km (0.02 s)
[17:19:33] RESULT guided 00 L2: 36 legs; admissible at the source epoch <=1.2/2.0/3.0 km/s: 25/34/36; best epoch +-15 d: 31/34/36; refine fails 0; planned 37 fb @ 1077.8 kg; settled {'ok': True, 'miss': 0.8, 'tank': 920.57, 'dt_s': 6.7}; source 918.2 kg; wall 1 s
