[17:20:09] === s14_lookback guided route 01: 36 fb @ 904.4 kg; L 3 mcap 1100.0 (tcap 0.675 km/s/node) eps 0.05,0.02,0.01,0.005,0.003,0.002 ref 6/100.0/1000.0/rho 30.0
[17:20:09] leg  1 ->  35 (tof 250.1 d): L3 price src 0.6759 best 0.6759 (dt 0.0) coast 0.1313 AU | used best marg 0.6777 | tank 612.0 miss 21 km (0.03 s)
[17:20:09] leg  2 -> 192 (tof 137.5 d): L3 price src 0.1522 best 0.1522 (dt 0.0) coast 0.1193 AU | used best marg 0.1206 | tank 613.9 miss 89 km (0.04 s)
[17:20:09] leg  3 -> 226 (tof 139.0 d): L3 price src 0.343 best 0.343 (dt 0.0) coast 0.0903 AU | used best marg 0.3021 | tank 618.6 miss 10 km (0.04 s)
[17:20:09] leg  4 -> 101 (tof 111.6 d): L3 price src 1.5049 best 1.5049 (dt 0.0) coast 0.1952 AU | used best marg 1.4529 | tank 642.0 miss 10 km (0.03 s)
[17:20:09] leg  5 ->  80 (tof 225.8 d): L3 price src 0.1506 best 0.1506 (dt 0.0) coast 0.0427 AU | used best marg 0.1359 | tank 644.2 miss 92 km (0.04 s)
[17:20:09] leg  6 ->  46 (tof 150.6 d): L3 price src 0.6993 best 0.2476 (dt -5.0) coast 0.0309 AU | used best marg 0.2349 | tank 648.0 miss 10 km (0.04 s)
[17:20:09] leg  7 -> 100 (tof 110.2 d): L3 price src 1.1688 best 0.6319 (dt 5.0) coast 0.1157 AU | used best marg 0.7484 | tank 660.5 miss 10 km (0.04 s)
[17:20:09] leg  8 -> 115 (tof  83.0 d): L3 price src 1.9837 best 1.1206 (dt -10.0) coast 0.2553 AU | used best marg 1.0622 | tank 678.7 miss 10 km (0.03 s)
[17:20:09] leg  9 -> 209 (tof 135.1 d): L3 price src 2.1127 best 2.0951 (dt 2.5) coast 0.5836 AU | used best marg 2.0227 | tank 714.6 miss 10 km (0.04 s)
[17:20:09] leg 10 -> 182 (tof 116.3 d): L3 price src -0.215 best -0.215 (dt 0.0) coast 0.0842 AU | used best marg -0.1372 | tank 712.1 miss 10 km (0.03 s)
[17:20:09] leg 11 ->  61 (tof 245.3 d): L3 price src 0.3671 best 0.317 (dt -2.5) coast 0.3354 AU | used best marg 0.3887 | tank 719.2 miss 39 km (0.03 s)
[17:20:09] leg 12 ->  45 (tof 139.7 d): L3 price src 0.5287 best 0.5287 (dt 0.0) coast 0.1593 AU | used best marg 0.385 | tank 726.3 miss 10 km (0.05 s)
[17:20:09] leg 13 -> 220 (tof 243.5 d): L3 price src 0.6791 best 0.5118 (dt 2.5) coast 0.2138 AU | used best marg 0.4247 | tank 734.2 miss 10 km (0.06 s)
[17:20:09] leg 14 -> 284 (tof 103.2 d): L3 price src 0.4401 best 0.1856 (dt -2.5) coast 0.112 AU | used best marg 0.2165 | tank 738.2 miss 89 km (0.05 s)
[17:20:09] leg 15 -> 229 (tof  80.5 d): L3 price src 0.2692 best 0.2692 (dt 0.0) coast 0.0779 AU | used best marg 0.2317 | tank 742.6 miss 43 km (0.03 s)
[17:20:09] leg 16 -> 127 (tof  69.8 d): L3 price src 0.6923 best 0.6241 (dt -2.5) coast 0.0315 AU | used best marg 0.6085 | tank 754.2 miss 89 km (0.02 s)
[17:20:09] leg 17 ->  41 (tof 166.1 d): L3 price src 0.6509 best 0.6509 (dt 0.0) coast 0.242 AU | used best marg 0.3062 | tank 760.1 miss 26 km (0.02 s)
[17:20:09] leg 18 -> 132 (tof 128.8 d): L3 price src 1.3308 best 0.8714 (dt -5.0) coast 0.1421 AU | used best marg 0.8582 | tank 777.0 miss 26 km (0.03 s)
[17:20:09] leg 19 -> 262 (tof  67.4 d): L3 price src 0.5658 best 0.5658 (dt 0.0) coast 0.1112 AU | used best marg 0.5461 | tank 787.8 miss 26 km (0.03 s)
[17:20:09] leg 20 ->   5 (tof 257.5 d): L3 price src 0.6286 best 0.6286 (dt 0.0) coast 0.2664 AU | used best marg 0.4248 | tank 796.4 miss 26 km (0.04 s)
[17:20:09] leg 21 ->  67 (tof  68.2 d): L3 price src 0.7735 best 0.6722 (dt 5.0) coast 0.0526 AU | used best marg 0.6816 | tank 810.4 miss 34 km (0.03 s)
[17:20:09] leg 22 -> 156 (tof 181.1 d): L3 price src 0.9525 best 0.7017 (dt -2.5) coast 0.1969 AU | used best marg 0.5789 | tank 822.4 miss 26 km (0.03 s)
[17:20:09] leg 23 -> 147 (tof 181.7 d): L3 price src 0.4 best 0.4 (dt 0.0) coast 0.06 AU | used best marg 0.3873 | tank 830.6 miss 26 km (0.03 s)
[17:20:09] leg 24 -> 266 (tof 141.7 d): L3 price src 0.9626 best 0.8848 (dt 2.5) coast 0.0849 AU | used best marg 0.9462 | tank 850.9 miss 91 km (0.03 s)
[17:20:10] leg 25 -> 238 (tof  66.4 d): L3 price src 0.1635 best 0.1635 (dt 0.0) coast 0.0751 AU | used best marg 0.1269 | tank 853.6 miss 26 km (0.04 s)
[17:20:10] leg 26 -> 288 (tof 201.1 d): L3 price src 0.3589 best 0.2929 (dt 2.5) coast 0.048 AU | used best marg 0.2778 | tank 859.7 miss 39 km (0.03 s)
[17:20:10] leg 27 -> 263 (tof 250.9 d): L3 price src 0.5898 best 0.1989 (dt 10.0) coast 0.1296 AU | used best marg 0.2146 | tank 864.4 miss 92 km (0.04 s)
[17:20:10] leg 28 -> 211 (tof  96.6 d): L3 price src 1.3974 best 1.3974 (dt 0.0) coast 0.0873 AU | used best marg 1.4814 | tank 897.7 miss 26 km (0.03 s)
[17:20:10] leg 29 -> 179 (tof 271.1 d): L3 price src 0.3954 best 0.0229 (dt -2.5) coast 0.0937 AU | used best marg 0.0551 | tank 898.9 miss 26 km (0.05 s)
[17:20:10] leg 30 ->  37 (tof 223.4 d): L3 price src 0.4966 best 0.4966 (dt 0.0) coast 0.0589 AU | used best marg 0.4854 | tank 910.1 miss 26 km (0.06 s)
[17:20:10] leg 31 -> 281 (tof  97.6 d): L3 price src 0.5309 best 0.5309 (dt 0.0) coast 0.0932 AU | used best marg 0.5866 | tank 923.8 miss 72 km (0.03 s)
[17:20:10] leg 32 -> 185 (tof 116.7 d): L3 price src 0.086 best 0.086 (dt 0.0) coast 0.022 AU | used best marg 0.0792 | tank 925.7 miss 30 km (0.03 s)
[17:20:10] leg 33 -> 155 (tof 142.0 d): L3 price src 0.239 best 0.239 (dt 0.0) coast 0.0332 AU | used best marg 0.2027 | tank 930.5 miss 30 km (0.03 s)
[17:20:10] leg 34 -> 200 (tof  94.2 d): L3 price src 0.3241 best 0.3241 (dt 0.0) coast 0.0207 AU | used best marg 0.3175 | tank 938.1 miss 62 km (0.02 s)
[17:20:10] leg 35 -> 298 (tof 119.7 d): L3 price src 0.3805 best 0.3805 (dt 0.0) coast 0.073 AU | used best marg 0.3799 | tank 947.2 miss 30 km (0.03 s)
[17:20:15] RESULT guided 01 L3: 35 legs; admissible at the source epoch <=1.2/2.0/3.0 km/s: 30/34/35; best epoch +-15 d: 32/34/35; refine fails 0; planned 36 fb @ 947.2 kg; settled {'ok': True, 'miss': 48.0, 'tank': 905.32, 'dt_s': 5.3}; source 904.4 kg; wall 1 s
