[17:19:33] === s14_lookback guided route 01: 36 fb @ 904.4 kg; L 2 mcap 1100.0 (tcap 0.675 km/s/node) eps 0.05,0.02,0.01,0.005,0.003,0.002 ref 6/100.0/1000.0/rho 30.0
[17:19:33] leg  1 ->  35 (tof 250.1 d): L2 price src 0.6759 best 0.6759 (dt 0.0) coast 0.1313 AU | used best marg 0.6777 | tank 612.0 miss 21 km (0.03 s)
[17:19:33] leg  2 -> 192 (tof 137.5 d): L2 price src 0.4623 best 0.4623 (dt 0.0) coast 0.1193 AU | used best marg 0.4016 | tank 618.3 miss 4 km (0.04 s)
[17:19:33] leg  3 -> 226 (tof 139.3 d): L2 price src 0.3818 best 0.3818 (dt 0.0) coast 0.1009 AU | used best marg 0.3293 | tank 623.5 miss 4 km (0.03 s)
[17:19:33] leg  4 -> 101 (tof 111.6 d): L2 price src 1.7098 best 1.7098 (dt 0.0) coast 0.1919 AU | used best marg 1.6536 | tank 650.3 miss 4 km (0.02 s)
[17:19:33] leg  5 ->  80 (tof 225.6 d): L2 price src 0.1688 best 0.1688 (dt 0.0) coast 0.0508 AU | used best marg 0.1461 | tank 652.8 miss 64 km (0.02 s)
[17:19:33] leg  6 ->  46 (tof 150.5 d): L2 price src 0.7201 best 0.2609 (dt -5.0) coast 0.0314 AU | used best marg 0.2494 | tank 656.9 miss 55 km (0.03 s)
[17:19:33] leg  7 -> 100 (tof 110.1 d): L2 price src 1.2017 best 0.8152 (dt 5.0) coast 0.114 AU | used best marg 0.9622 | tank 673.2 miss 7 km (0.03 s)
[17:19:33] leg  8 -> 115 (tof  83.4 d): L2 price src 2.1762 best 1.4415 (dt -7.5) coast 0.2423 AU | used best marg 1.3436 | tank 696.7 miss 51 km (0.01 s)
[17:19:33] leg  9 -> 209 (tof 132.7 d): L2 price src 1.7788 best 1.7788 (dt 0.0) coast 0.418 AU | used best marg 1.6803 | tank 727.2 miss 7 km (0.04 s)
[17:19:33] leg 10 -> 182 (tof 115.4 d): L2 price src 0.7587 best 0.7587 (dt 0.0) coast 0.0552 AU | used best marg 0.7812 | tank 741.8 miss 80 km (0.03 s)
[17:19:33] leg 11 ->  61 (tof 245.0 d): L2 price src 0.3089 best 0.284 (dt -2.5) coast 0.3383 AU | used best marg 0.4243 | tank 749.9 miss 28 km (0.03 s)
[17:19:33] leg 12 ->  45 (tof 139.7 d): L2 price src 0.9197 best 0.9197 (dt 0.0) coast 0.155 AU | used best marg 0.815 | tank 765.6 miss 9 km (0.05 s)
[17:19:33] leg 13 -> 220 (tof 243.4 d): L2 price src 1.9337 best 1.4737 (dt 5.0) coast 0.3914 AU | used best marg 1.1657 | tank 788.7 miss 9 km (0.05 s)
[17:19:33] leg 14 -> 284 (tof 103.7 d): L2 price src 0.3847 best 0.2307 (dt -2.5) coast 0.0677 AU | used best marg 0.2497 | tank 793.8 miss 78 km (0.03 s)
[17:19:33] leg 15 -> 229 (tof  80.7 d): L2 price src 0.3546 best 0.3546 (dt 0.0) coast 0.0839 AU | used best marg 0.3942 | tank 801.8 miss 54 km (0.02 s)
[17:19:33] leg 16 -> 127 (tof  69.8 d): L2 price src 0.6298 best 0.6243 (dt -2.5) coast 0.0304 AU | used best marg 0.6073 | tank 814.3 miss 54 km (0.03 s)
[17:19:33] leg 17 ->  41 (tof 166.0 d): L2 price src 0.625 best 0.625 (dt 0.0) coast 0.2404 AU | used best marg 0.2856 | tank 820.2 miss 54 km (0.02 s)
[17:19:33] leg 18 -> 132 (tof 128.8 d): L2 price src 1.3881 best 0.9313 (dt -5.0) coast 0.1412 AU | used best marg 0.9214 | tank 839.7 miss 54 km (0.02 s)
[17:19:33] leg 19 -> 262 (tof  67.5 d): L2 price src 0.9615 best 0.9615 (dt 0.0) coast 0.1149 AU | used best marg 0.9374 | tank 860.0 miss 54 km (0.02 s)
[17:19:33] leg 20 ->   5 (tof 257.5 d): L2 price src 0.7621 best 0.7621 (dt 0.0) coast 0.23 AU | used best marg 0.6244 | tank 873.8 miss 54 km (0.03 s)
[17:19:33] leg 21 ->  67 (tof  67.9 d): L2 price src 0.6758 best 0.5523 (dt 5.0) coast 0.0409 AU | used best marg 0.557 | tank 886.3 miss 54 km (0.02 s)
[17:19:33] leg 22 -> 156 (tof 180.9 d): L2 price src 1.1236 best 0.7513 (dt -2.5) coast 0.2018 AU | used best marg 0.6434 | tank 901.0 miss 54 km (0.02 s)
[17:19:33] leg 23 -> 147 (tof 181.8 d): L2 price src 0.5458 best 0.5458 (dt 0.0) coast 0.0786 AU | used best marg 0.5401 | tank 913.5 miss 54 km (0.02 s)
[17:19:33] leg 24 -> 266 (tof 141.7 d): L2 price src 1.154 best 1.0794 (dt 2.5) coast 0.09 AU | used best marg 1.135 | tank 940.3 miss 54 km (0.05 s)
[17:19:33] leg 25 -> 238 (tof  66.3 d): L2 price src 0.2447 best 0.2447 (dt 0.0) coast 0.0774 AU | used best marg 0.1866 | tank 944.8 miss 54 km (0.03 s)
[17:19:33] leg 26 -> 288 (tof 201.1 d): L2 price src 0.3673 best 0.3017 (dt 2.5) coast 0.0469 AU | used best marg 0.2865 | tank 951.7 miss 54 km (0.02 s)
[17:19:34] leg 27 -> 263 (tof 250.8 d): L2 price src 0.6209 best 0.2166 (dt 10.0) coast 0.1423 AU | used best marg 0.2363 | tank 957.5 miss 54 km (0.04 s)
[17:19:34] leg 28 -> 211 (tof  96.7 d): L2 price src 1.5084 best 1.5084 (dt 0.0) coast 0.0873 AU | used best marg 1.539 | tank 995.8 miss 54 km (0.04 s)
[17:19:34] leg 29 -> 179 (tof 271.5 d): L2 price src 0.6673 best 0.1187 (dt -2.5) coast 0.086 AU | used best marg 0.1052 | tank 998.5 miss 54 km (0.03 s)
[17:19:34] leg 30 ->  37 (tof 223.3 d): L2 price src 0.6038 best 0.6038 (dt 0.0) coast 0.0683 AU | used best marg 0.6069 | tank 1014.0 miss 54 km (0.02 s)
[17:19:34] leg 31 -> 281 (tof  97.7 d): L2 price src 0.6669 best 0.6669 (dt 0.0) coast 0.0912 AU | used best marg 0.732 | tank 1033.1 miss 54 km (0.02 s)
[17:19:34] leg 32 -> 185 (tof 116.7 d): L2 price src 0.425 best 0.425 (dt 0.0) coast 0.0225 AU | used best marg 0.4096 | tank 1044.0 miss 54 km (0.02 s)
[17:19:34] leg 33 -> 155 (tof 141.8 d): L2 price src 0.2463 best 0.2463 (dt 0.0) coast 0.0178 AU | used best marg 0.2389 | tank 1050.3 miss 54 km (0.02 s)
[17:19:34] leg 34 -> 200 (tof  94.0 d): L2 price src 0.3202 best 0.3202 (dt 0.0) coast 0.0169 AU | used best marg 0.3092 | tank 1058.7 miss 54 km (0.02 s)
[17:19:34] leg 35 -> 298 (tof 119.7 d): L2 price src 0.4578 best 0.4578 (dt 0.0) coast 0.0653 AU | used best marg 0.4427 | tank 1070.7 miss 54 km (0.02 s)
[17:19:41] RESULT guided 01 L2: 35 legs; admissible at the source epoch <=1.2/2.0/3.0 km/s: 28/34/35; best epoch +-15 d: 30/35/35; refine fails 0; planned 36 fb @ 1070.7 kg; settled {'ok': True, 'miss': 4.6, 'tank': 905.85, 'dt_s': 7.2}; source 904.4 kg; wall 1 s
