[17:20:34] === s14_lookback guided route 01: 36 fb @ 904.4 kg; L 4 mcap 1100.0 (tcap 0.675 km/s/node) eps 0.05,0.02,0.01,0.005,0.003,0.002 ref 6/100.0/1000.0/rho 30.0
[17:20:35] leg  1 ->  35 (tof 250.1 d): L4 price src 0.6759 best 0.6759 (dt 0.0) coast 0.1313 AU | used best marg 0.6777 | tank 612.0 miss 21 km (0.03 s)
[17:20:35] leg  2 -> 192 (tof 137.5 d): L4 price src 0.1522 best 0.1522 (dt 0.0) coast 0.1193 AU | used best marg 0.1206 | tank 613.9 miss 89 km (0.05 s)
[17:20:35] leg  3 -> 226 (tof 139.0 d): L4 price src 0.3452 best 0.3452 (dt 0.0) coast 0.0903 AU | used best marg 0.3103 | tank 618.7 miss 85 km (0.07 s)
[17:20:35] leg  4 -> 101 (tof 111.7 d): L4 price src 1.4998 best 1.4998 (dt 0.0) coast 0.1958 AU | used best marg 1.4994 | tank 642.9 miss 3 km (0.07 s)
[17:20:35] leg  5 ->  80 (tof 226.1 d): L4 price src 0.0953 best 0.0953 (dt 0.0) coast 0.0485 AU | used best marg 0.0819 | tank 644.2 miss 3 km (0.07 s)
[17:20:35] leg  6 ->  46 (tof 150.6 d): L4 price src 0.6973 best 0.2488 (dt -5.0) coast 0.0309 AU | used best marg 0.2364 | tank 648.1 miss 98 km (0.04 s)
[17:20:35] leg  7 -> 100 (tof 110.1 d): L4 price src 1.157 best 0.6547 (dt 5.0) coast 0.1163 AU | used best marg 0.7787 | tank 661.1 miss 92 km (0.05 s)
[17:20:35] leg  8 -> 115 (tof  83.0 d): L4 price src 1.8954 best 0.998 (dt -10.0) coast 0.255 AU | used best marg 0.9469 | tank 677.2 miss 4 km (0.05 s)
[17:20:35] leg  9 -> 209 (tof 135.2 d): L4 price src 2.1774 best 2.1261 (dt 2.5) coast 0.5874 AU | used best marg 1.8939 | tank 710.7 miss 4 km (0.05 s)
[17:20:35] leg 10 -> 182 (tof 115.8 d): L4 price src -0.303 best -0.303 (dt 0.0) coast 0.0736 AU | used best marg -0.2358 | tank 706.5 miss 4 km (0.05 s)
[17:20:35] leg 11 ->  61 (tof 245.2 d): L4 price src 0.409 best 0.2996 (dt -2.5) coast 0.3175 AU | used best marg 0.3633 | tank 713.0 miss 18 km (0.04 s)
[17:20:35] leg 12 ->  45 (tof 139.3 d): L4 price src 0.5015 best 0.5015 (dt 0.0) coast 0.1467 AU | used best marg 0.4467 | tank 721.2 miss 4 km (0.04 s)
[17:20:35] leg 13 -> 220 (tof 243.6 d): L4 price src 0.5227 best 0.415 (dt 2.5) coast 0.1904 AU | used best marg 0.3401 | tank 727.5 miss 4 km (0.07 s)
[17:20:35] leg 14 -> 284 (tof 103.1 d): L4 price src 0.2965 best 0.0944 (dt -2.5) coast 0.1231 AU | used best marg 0.1007 | tank 729.4 miss 4 km (0.05 s)
[17:20:35] leg 15 -> 229 (tof  80.4 d): L4 price src 0.2749 best 0.2749 (dt 0.0) coast 0.0745 AU | used best marg 0.2374 | tank 733.8 miss 40 km (0.04 s)
[17:20:35] leg 16 -> 127 (tof  69.8 d): L4 price src 0.6946 best 0.6264 (dt -2.5) coast 0.0315 AU | used best marg 0.6094 | tank 745.3 miss 98 km (0.07 s)
[17:20:35] leg 17 ->  41 (tof 166.0 d): L4 price src 0.659 best 0.659 (dt 0.0) coast 0.241 AU | used best marg 0.3201 | tank 751.4 miss 18 km (0.04 s)
[17:20:35] leg 18 -> 132 (tof 128.8 d): L4 price src 1.313 best 0.8617 (dt -5.0) coast 0.1415 AU | used best marg 0.8477 | tank 767.8 miss 4 km (0.04 s)
[17:20:35] leg 19 -> 262 (tof  67.4 d): L4 price src 0.5791 best 0.5791 (dt 0.0) coast 0.1109 AU | used best marg 0.5517 | tank 778.7 miss 4 km (0.04 s)
[17:20:36] leg 20 ->   5 (tof 257.5 d): L4 price src 0.6211 best 0.6211 (dt 0.0) coast 0.2667 AU | used best marg 0.4082 | tank 786.8 miss 4 km (0.05 s)
[17:20:36] leg 21 ->  67 (tof  68.2 d): L4 price src 0.7612 best 0.6343 (dt 5.0) coast 0.0526 AU | used best marg 0.636 | tank 799.7 miss 42 km (0.05 s)
[17:20:36] leg 22 -> 156 (tof 181.0 d): L4 price src 0.9969 best 0.7425 (dt -2.5) coast 0.2029 AU | used best marg 0.6158 | tank 812.3 miss 67 km (0.06 s)
[17:20:36] leg 23 -> 147 (tof 181.6 d): L4 price src 0.3788 best 0.3788 (dt 0.0) coast 0.0622 AU | used best marg 0.3633 | tank 819.9 miss 4 km (0.05 s)
[17:20:36] leg 24 -> 266 (tof 141.7 d): L4 price src 0.8626 best 0.789 (dt 2.5) coast 0.0829 AU | used best marg 0.8438 | tank 837.7 miss 4 km (0.06 s)
[17:20:36] leg 25 -> 238 (tof  66.4 d): L4 price src 0.1493 best 0.1493 (dt 0.0) coast 0.0735 AU | used best marg 0.1367 | tank 840.6 miss 4 km (0.07 s)
[17:20:36] leg 26 -> 288 (tof 201.0 d): L4 price src 0.3524 best 0.2852 (dt 2.5) coast 0.0528 AU | used best marg 0.2638 | tank 846.3 miss 87 km (0.05 s)
[17:20:36] leg 27 -> 263 (tof 250.8 d): L4 price src 0.5733 best 0.188 (dt 10.0) coast 0.126 AU | used best marg 0.2011 | tank 850.7 miss 29 km (0.05 s)
[17:20:36] leg 28 -> 211 (tof  96.6 d): L4 price src 1.403 best 1.403 (dt 0.0) coast 0.0883 AU | used best marg 1.4752 | tank 883.3 miss 29 km (0.04 s)
[17:20:36] leg 29 -> 179 (tof 271.2 d): L4 price src 0.1321 best 0.0152 (dt -2.5) coast 0.0962 AU | used best marg 0.0566 | tank 884.5 miss 29 km (0.05 s)
[17:20:36] leg 30 ->  37 (tof 223.4 d): L4 price src 0.4631 best 0.4631 (dt 0.0) coast 0.0686 AU | used best marg 0.4719 | tank 895.2 miss 29 km (0.06 s)
[17:20:36] leg 31 -> 281 (tof  97.7 d): L4 price src 0.3819 best 0.3819 (dt 0.0) coast 0.0892 AU | used best marg 0.4141 | tank 904.8 miss 29 km (0.07 s)
[17:20:36] leg 32 -> 185 (tof 116.6 d): L4 price src 0.0976 best 0.0976 (dt 0.0) coast 0.0261 AU | used best marg 0.0785 | tank 906.6 miss 74 km (0.04 s)
[17:20:36] leg 33 -> 155 (tof 142.0 d): L4 price src 0.2505 best 0.2505 (dt 0.0) coast 0.0351 AU | used best marg 0.2069 | tank 911.4 miss 29 km (0.05 s)
[17:20:36] leg 34 -> 200 (tof  94.2 d): L4 price src 0.3336 best 0.3336 (dt 0.0) coast 0.0206 AU | used best marg 0.3272 | tank 919.0 miss 46 km (0.03 s)
[17:20:36] leg 35 -> 298 (tof 119.7 d): L4 price src 0.3749 best 0.3749 (dt 0.0) coast 0.0716 AU | used best marg 0.3761 | tank 927.8 miss 29 km (0.05 s)
[17:20:40] RESULT guided 01 L4: 35 legs; admissible at the source epoch <=1.2/2.0/3.0 km/s: 30/34/35; best epoch +-15 d: 32/34/35; refine fails 0; planned 36 fb @ 927.8 kg; settled {'ok': True, 'miss': 79.7, 'tank': 905.79, 'dt_s': 3.6}; source 904.4 kg; wall 2 s
