[17:20:11] === s14_lookback guided route 02: 33 fb @ 903.7 kg; L 3 mcap 1100.0 (tcap 0.675 km/s/node) eps 0.05,0.02,0.01,0.005,0.003,0.002 ref 6/100.0/1000.0/rho 30.0
[17:20:11] leg  1 -> 249 (tof  19.3 d): L3 price src 1.5185 best 1.5185 (dt 0.0) coast 0.0226 AU | used best marg 1.5134 | tank 625.2 miss 50 km (0.02 s)
[17:20:11] leg  2 -> 217 (tof 479.1 d): L3 price src 1.5728 best 0.2351 (dt -12.5) coast 0.374 AU | used best marg 0.7331 | tank 637.0 miss 0 km (0.07 s)
[17:20:11] leg  3 -> 104 (tof 224.0 d): L3 price src 1.7855 best 1.0621 (dt 5.0) coast 0.5584 AU | used best marg 1.2926 | tank 658.3 miss 0 km (0.07 s)
[17:20:11] leg  4 -> 264 (tof  83.9 d): L3 price src 0.0765 best 0.0765 (dt 0.0) coast 0.1848 AU | used best marg 0.1882 | tank 661.5 miss 0 km (0.09 s)
[17:20:11] leg  5 -> 164 (tof  81.1 d): L3 price src 0.0565 best 0.0565 (dt 0.0) coast 0.0135 AU | used best marg 0.0268 | tank 661.9 miss 0 km (0.03 s)
[17:20:11] leg  6 -> 231 (tof 123.5 d): L3 price src 0.3792 best 0.3792 (dt 0.0) coast 0.0276 AU | used best marg 0.3701 | tank 668.2 miss 80 km (0.03 s)
[17:20:11] leg  7 -> 258 (tof  90.8 d): L3 price src 0.8377 best 0.7154 (dt -7.5) coast 0.0341 AU | used best marg 0.7002 | tank 680.2 miss 26 km (0.02 s)
[17:20:11] leg  8 ->  76 (tof 130.7 d): L3 price src 0.4501 best 0.4501 (dt 0.0) coast 0.2901 AU | used best marg 0.3167 | tank 685.7 miss 0 km (0.04 s)
[17:20:11] leg  9 -> 135 (tof  23.6 d): L3 price src 0.271 best 0.271 (dt 0.0) coast 0.033 AU | used best marg 0.2272 | tank 689.7 miss 0 km (0.02 s)
[17:20:11] leg 10 -> 227 (tof 111.5 d): L3 price src 0.3847 best 0.3847 (dt 0.0) coast 0.0622 AU | used best marg 0.3048 | tank 695.1 miss 0 km (0.02 s)
[17:20:11] leg 11 ->  55 (tof 140.1 d): L3 price src 0.2942 best 0.2942 (dt 0.0) coast 0.025 AU | used best marg 0.2231 | tank 699.1 miss 0 km (0.02 s)
[17:20:11] leg 12 ->  97 (tof 204.7 d): L3 price src 0.3813 best 0.3813 (dt 0.0) coast 0.1136 AU | used best marg 0.3337 | tank 705.0 miss 67 km (0.04 s)
[17:20:11] leg 13 -> 190 (tof 303.0 d): L3 price src 0.3434 best 0.2504 (dt -2.5) coast 0.1398 AU | used best marg 0.2244 | tank 709.1 miss 2 km (0.07 s)
[17:20:11] leg 14 ->  29 (tof  66.0 d): L3 price src 0.4181 best 0.4181 (dt 0.0) coast 0.0439 AU | used best marg 0.4092 | tank 716.5 miss 2 km (0.03 s)
[17:20:11] leg 15 -> 189 (tof 118.3 d): L3 price src 0.4033 best 0.4033 (dt 0.0) coast 0.0144 AU | used best marg 0.3961 | tank 723.8 miss 2 km (0.04 s)
[17:20:11] leg 16 ->  32 (tof 309.9 d): L3 price src 0.1425 best 0.1425 (dt 0.0) coast 0.0682 AU | used best marg 0.098 | tank 725.6 miss 2 km (0.04 s)
[17:20:11] leg 17 -> 142 (tof 162.1 d): L3 price src 0.552 best 0.552 (dt 0.0) coast 0.2435 AU | used best marg 0.6009 | tank 736.8 miss 82 km (0.04 s)
[17:20:11] leg 18 -> 183 (tof  95.9 d): L3 price src 0.4655 best 0.4183 (dt 2.5) coast 0.0625 AU | used best marg 0.3703 | tank 743.8 miss 2 km (0.05 s)
[17:20:11] leg 19 ->  60 (tof  97.0 d): L3 price src 0.8955 best 0.8955 (dt 0.0) coast 0.0405 AU | used best marg 0.8744 | tank 760.5 miss 2 km (0.03 s)
[17:20:11] leg 20 ->  82 (tof 126.1 d): L3 price src 0.0027 best 0.0027 (dt 0.0) coast 0.0086 AU | used best marg -0.0158 | tank 760.2 miss 72 km (0.02 s)
[17:20:12] leg 21 ->  30 (tof 240.0 d): L3 price src 0.9252 best 0.8517 (dt -2.5) coast 0.1154 AU | used best marg 0.8546 | tank 777.0 miss 44 km (0.03 s)
[17:20:12] leg 22 ->  33 (tof  87.7 d): L3 price src 0.0487 best 0.0487 (dt 0.0) coast 0.0621 AU | used best marg 0.03 | tank 777.6 miss 12 km (0.02 s)
[17:20:12] leg 23 -> 173 (tof 112.2 d): L3 price src 0.4409 best 0.4319 (dt 2.5) coast 0.0374 AU | used best marg 0.4158 | tank 785.9 miss 4 km (0.05 s)
[17:20:12] leg 24 ->  25 (tof 148.2 d): L3 price src 0.2799 best 0.2799 (dt 0.0) coast 0.1124 AU | used best marg 0.2978 | tank 791.9 miss 4 km (0.03 s)
[17:20:12] leg 25 -> 295 (tof  57.4 d): L3 price src 0.5242 best 0.5242 (dt 0.0) coast 0.0222 AU | used best marg 0.4897 | tank 801.8 miss 4 km (0.02 s)
[17:20:12] leg 26 -> 279 (tof 255.1 d): L3 price src 0.1488 best 0.1488 (dt 0.0) coast 0.0377 AU | used best marg 0.1532 | tank 804.9 miss 4 km (0.04 s)
[17:20:12] leg 27 -> 223 (tof 155.1 d): L3 price src 0.1189 best 0.1189 (dt 0.0) coast 0.0075 AU | used best marg 0.1176 | tank 807.4 miss 66 km (0.03 s)
[17:20:12] leg 28 ->  28 (tof 255.2 d): L3 price src 0.8617 best 0.4242 (dt -10.0) coast 0.1624 AU | used best marg 0.4977 | tank 817.7 miss 47 km (0.04 s)
[17:20:12] leg 29 ->  40 (tof 355.6 d): L3 price src 4.7573 best 3.6573 (dt 15.0) coast 0.4803 AU | used best marg 3.2473 | tank 888.2 miss 18 km (0.06 s)
[17:20:12] leg 30 ->  17 (tof  61.8 d): L3 price src 2.7267 best 2.7267 (dt 0.0) coast 0.1474 AU | used best marg 2.1246 | tank 937.7 miss 18 km (0.05 s)
[17:20:12] leg 31 -> 274 (tof 408.0 d): L3 price src 0.3621 best 0.1686 (dt -7.5) coast 0.3669 AU | used best marg 0.0984 | tank 940.0 miss 18 km (0.06 s)
[17:20:12] leg 32 -> 285 (tof  64.8 d): L3 price src 0.331 best 0.331 (dt 0.0) coast 0.0991 AU | used best marg 0.2621 | tank 946.3 miss 18 km (0.05 s)
[17:20:17] RESULT guided 02 L3: 32 legs; admissible at the source epoch <=1.2/2.0/3.0 km/s: 27/30/31; best epoch +-15 d: 29/30/31; refine fails 0; planned 33 fb @ 946.3 kg; settled {'ok': True, 'miss': 33.3, 'tank': 904.72, 'dt_s': 5.0}; source 903.7 kg; wall 1 s
