[17:19:35] === s14_lookback guided route 02: 33 fb @ 903.7 kg; L 2 mcap 1100.0 (tcap 0.675 km/s/node) eps 0.05,0.02,0.01,0.005,0.003,0.002 ref 6/100.0/1000.0/rho 30.0
[17:19:35] leg  1 -> 249 (tof  19.3 d): L2 price src 1.5185 best 1.5185 (dt 0.0) coast 0.0226 AU | used best marg 1.5134 | tank 625.2 miss 50 km (0.02 s)
[17:19:35] leg  2 -> 217 (tof 479.1 d): L2 price src 2.2046 best 0.7545 (dt -10.0) coast 0.374 AU | used best marg 1.1868 | tank 644.4 miss 44 km (0.05 s)
[17:19:35] leg  3 -> 104 (tof 222.3 d): L2 price src 1.5406 best 0.8329 (dt 5.0) coast 0.4724 AU | used best marg 0.9825 | tank 660.7 miss 44 km (0.07 s)
[17:19:35] leg  4 -> 264 (tof  83.2 d): L2 price src 2.6791 best 2.5502 (dt 2.5) coast 0.191 AU | used best marg 2.1659 | tank 698.2 miss 44 km (0.03 s)
[17:19:35] leg  5 -> 164 (tof  78.7 d): L2 price src 1.0096 best 1.0096 (dt 0.0) coast 0.1003 AU | used best marg 1.0057 | tank 716.3 miss 44 km (0.01 s)
[17:19:35] leg  6 -> 231 (tof 123.9 d): L2 price src 0.2339 best 0.2339 (dt 0.0) coast 0.0368 AU | used best marg 0.2129 | tank 720.2 miss 44 km (0.02 s)
[17:19:35] leg  7 -> 258 (tof  90.9 d): L2 price src 0.8117 best 0.688 (dt -7.5) coast 0.0304 AU | used best marg 0.6714 | tank 732.7 miss 44 km (0.02 s)
[17:19:35] leg  8 ->  76 (tof 130.6 d): L2 price src 1.2532 best 1.2532 (dt 0.0) coast 0.2889 AU | used best marg 1.16 | tank 754.7 miss 49 km (0.02 s)
[17:19:35] leg  9 -> 135 (tof  23.7 d): L2 price src 0.4583 best 0.4583 (dt 0.0) coast 0.0343 AU | used best marg 0.4359 | tank 763.1 miss 44 km (0.02 s)
[17:19:35] leg 10 -> 227 (tof 111.5 d): L2 price src 0.6466 best 0.6466 (dt 0.0) coast 0.0679 AU | used best marg 0.6312 | tank 775.5 miss 44 km (0.01 s)
[17:19:35] leg 11 ->  55 (tof 140.3 d): L2 price src 0.1703 best 0.1703 (dt 0.0) coast 0.0308 AU | used best marg 0.1346 | tank 778.1 miss 44 km (0.02 s)
[17:19:35] leg 12 ->  97 (tof 205.0 d): L2 price src 0.5114 best 0.5114 (dt 0.0) coast 0.1296 AU | used best marg 0.4534 | tank 787.2 miss 44 km (0.04 s)
[17:19:35] leg 13 -> 190 (tof 302.9 d): L2 price src 0.35 best 0.2376 (dt -2.5) coast 0.1497 AU | used best marg 0.1706 | tank 790.6 miss 44 km (0.04 s)
[17:19:35] leg 14 ->  29 (tof  65.8 d): L2 price src 0.4274 best 0.4274 (dt 0.0) coast 0.0463 AU | used best marg 0.4142 | tank 799.0 miss 44 km (0.02 s)
[17:19:35] leg 15 -> 189 (tof 118.3 d): L2 price src 0.4305 best 0.4305 (dt 0.0) coast 0.0146 AU | used best marg 0.4246 | tank 807.7 miss 89 km (0.02 s)
[17:19:35] leg 16 ->  32 (tof 309.9 d): L2 price src 0.1031 best 0.1031 (dt 0.0) coast 0.0751 AU | used best marg 0.062 | tank 809.0 miss 44 km (0.03 s)
[17:19:35] leg 17 -> 142 (tof 162.0 d): L2 price src 1.0359 best 0.8125 (dt -2.5) coast 0.256 AU | used best marg 0.7843 | tank 825.3 miss 44 km (0.03 s)
[17:19:35] leg 18 -> 183 (tof  98.2 d): L2 price src 0.3378 best 0.3378 (dt 0.0) coast 0.0428 AU | used best marg 0.2934 | tank 831.5 miss 44 km (0.02 s)
[17:19:35] leg 19 ->  60 (tof  99.1 d): L2 price src 0.7236 best 0.7236 (dt 0.0) coast 0.0401 AU | used best marg 0.7125 | tank 846.8 miss 91 km (0.01 s)
[17:19:35] leg 20 ->  82 (tof 126.1 d): L2 price src 0.042 best 0.042 (dt 0.0) coast 0.0134 AU | used best marg 0.0407 | tank 847.6 miss 44 km (0.01 s)
[17:19:35] leg 21 ->  30 (tof 239.8 d): L2 price src 0.8826 best 0.8222 (dt -2.5) coast 0.1197 AU | used best marg 0.8302 | tank 865.8 miss 44 km (0.02 s)
[17:19:35] leg 22 ->  33 (tof  87.6 d): L2 price src 0.1273 best 0.1273 (dt 0.0) coast 0.063 AU | used best marg 0.1132 | tank 868.3 miss 44 km (0.03 s)
[17:19:35] leg 23 -> 173 (tof 112.1 d): L2 price src 0.4868 best 0.4868 (dt 0.0) coast 0.0377 AU | used best marg 0.4723 | tank 878.8 miss 44 km (0.02 s)
[17:19:35] leg 24 ->  25 (tof 150.4 d): L2 price src 0.2203 best 0.2203 (dt 0.0) coast 0.0518 AU | used best marg 0.1894 | tank 883.0 miss 44 km (0.02 s)
[17:19:35] leg 25 -> 295 (tof  57.4 d): L2 price src 0.5769 best 0.5769 (dt 0.0) coast 0.021 AU | used best marg 0.5631 | tank 895.8 miss 44 km (0.02 s)
[17:19:35] leg 26 -> 279 (tof 255.2 d): L2 price src 0.1673 best 0.1673 (dt 0.0) coast 0.0339 AU | used best marg 0.1687 | tank 899.7 miss 44 km (0.03 s)
[17:19:36] leg 27 -> 223 (tof 155.0 d): L2 price src 0.1197 best 0.1197 (dt 0.0) coast 0.0091 AU | used best marg 0.1149 | tank 902.3 miss 74 km (0.04 s)
[17:19:36] leg 28 ->  28 (tof 255.2 d): L2 price src 0.9184 best 0.4261 (dt -10.0) coast 0.1588 AU | used best marg 0.4888 | tank 913.6 miss 44 km (0.03 s)
[17:19:36] leg 29 ->  40 (tof 355.9 d): L2 price src 4.7576 best 3.6828 (dt 15.0) coast 0.4759 AU | used best marg 3.1487 | tank 990.0 miss 44 km (0.06 s)
[17:19:36] leg 30 ->  17 (tof  61.2 d): L2 price src 3.2205 best 3.2205 (dt 0.0) coast 0.1514 AU | used best marg 2.4831 | tank 1054.7 miss 44 km (0.04 s)
[17:19:36] leg 31 -> 274 (tof 408.0 d): L2 price src 1.0204 best 0.7679 (dt -7.5) coast 0.4128 AU | used best marg 0.5656 | tank 1070.0 miss 44 km (0.05 s)
[17:19:36] leg 32 -> 285 (tof  58.8 d): L2 price src 0.4362 best 0.4362 (dt 0.0) coast 0.217 AU | used best marg 0.5842 | tank 1086.0 miss 44 km (0.03 s)
[17:19:43] RESULT guided 02 L2: 32 legs; admissible at the source epoch <=1.2/2.0/3.0 km/s: 25/28/30; best epoch +-15 d: 27/29/30; refine fails 0; planned 33 fb @ 1086.0 kg; settled {'ok': True, 'miss': 4.2, 'tank': 909.21, 'dt_s': 7.6}; source 903.7 kg; wall 1 s
