[17:18:34] === s14_lookback guided route 02: 33 fb @ 903.7 kg; L 1 mcap 1100.0 (tcap 0.675 km/s/node) eps 0.05,0.02,0.01,0.005,0.003,0.002 ref 6/100.0/1000.0/rho 30.0
[17:18:34] leg  1 -> 249 (tof  19.3 d): L1 price src None best None (dt None) coast None AU | used fallback marg 0.7359 | tank 612.9 miss 0 km (0.32 s)
[17:18:34] leg  2 -> 217 (tof 479.1 d): L1 price src 2.1118 best 0.7649 (dt -10.0) coast 0.3584 AU | used best marg 1.2001 | tank 631.9 miss 0 km (0.05 s)
[17:18:34] leg  3 -> 104 (tof 222.4 d): L1 price src 2.0389 best 1.4288 (dt 5.0) coast 0.4825 AU | used best marg 2.3777 | tank 671.4 miss 0 km (0.02 s)
[17:18:36] leg  4 -> 264 (tof  82.6 d): L1 price src None best None (dt None) coast None AU | used fallback marg -1.1862 | tank 651.4 miss 10 km (2.15 s)
[17:18:36] leg  5 -> 164 (tof  80.3 d): L1 price src 0.5695 best 0.5695 (dt 0.0) coast 0.0272 AU | used best marg 0.5658 | tank 660.9 miss 10 km (0.01 s)
[17:18:36] leg  6 -> 231 (tof 123.6 d): L1 price src 0.2196 best 0.2196 (dt 0.0) coast 0.0096 AU | used best marg 0.2153 | tank 664.5 miss 30 km (0.01 s)
[17:18:36] leg  7 -> 258 (tof  90.8 d): L1 price src 0.9097 best 0.9026 (dt -2.5) coast 0.0344 AU | used best marg 0.9035 | tank 680.0 miss 30 km (0.01 s)
[17:18:36] leg  8 ->  76 (tof 125.6 d): L1 price src 0.8156 best 0.4534 (dt -5.0) coast 0.0574 AU | used best marg 0.4333 | tank 687.6 miss 30 km (0.02 s)
[17:18:37] leg  9 -> 135 (tof  25.8 d): L1 price src None best None (dt None) coast None AU | used fallback marg -0.5027 | tank 678.8 miss 90 km (1.13 s)
[17:18:37] leg 10 -> 227 (tof 111.6 d): L1 price src 0.7794 best 0.7794 (dt 0.0) coast 0.0738 AU | used best marg 0.7944 | tank 692.7 miss 90 km (0.01 s)
[17:18:37] leg 11 ->  55 (tof 140.4 d): L1 price src 0.3838 best 0.3838 (dt 0.0) coast 0.0535 AU | used best marg 0.3497 | tank 698.9 miss 90 km (0.02 s)
[17:18:37] leg 12 ->  97 (tof 204.9 d): L1 price src 0.5744 best 0.5744 (dt 0.0) coast 0.1113 AU | used best marg 0.543 | tank 708.6 miss 90 km (0.01 s)
[17:18:37] leg 13 -> 190 (tof 302.9 d): L1 price src 0.6217 best 0.356 (dt -5.0) coast 0.1723 AU | used best marg 0.3066 | tank 714.2 miss 90 km (0.02 s)
[17:18:38] leg 14 ->  29 (tof  68.1 d): L1 price src None best None (dt None) coast None AU | used fallback marg -0.6076 | tank 703.2 miss 16 km (0.98 s)
[17:18:38] leg 15 -> 189 (tof 118.7 d): L1 price src 0.537 best 0.537 (dt 0.0) coast 0.0301 AU | used best marg 0.5277 | tank 712.8 miss 83 km (0.01 s)
[17:18:38] leg 16 ->  32 (tof 310.1 d): L1 price src 0.1118 best 0.1118 (dt 0.0) coast 0.0246 AU | used best marg 0.1085 | tank 714.7 miss 83 km (0.01 s)
[17:18:38] leg 17 -> 142 (tof 161.8 d): L1 price src 1.4153 best 1.1367 (dt -5.0) coast 0.2373 AU | used best marg 1.0286 | tank 733.7 miss 83 km (0.02 s)
[17:18:40] leg 18 -> 183 (tof 101.0 d): L1 price src None best None (dt None) coast None AU | used fallback marg -0.3242 | tank 727.7 miss 19 km (1.35 s)
[17:18:40] leg 19 ->  60 (tof  97.6 d): L1 price src 0.9789 best 0.8834 (dt 2.5) coast 0.0374 AU | used best marg 0.8723 | tank 744.0 miss 69 km (0.01 s)
[17:18:40] leg 20 ->  82 (tof 123.8 d): L1 price src 0.5328 best 0.321 (dt -2.5) coast 0.0404 AU | used best marg 0.3142 | tank 750.0 miss 69 km (0.01 s)
[17:18:40] leg 21 ->  30 (tof 242.3 d): L1 price src 1.1775 best 1.0619 (dt -2.5) coast 0.0609 AU | used best marg 1.0626 | tank 770.6 miss 69 km (0.01 s)
[17:18:42] leg 22 ->  33 (tof  88.3 d): L1 price src None best None (dt None) coast None AU | used fallback marg -0.7015 | tank 757.0 miss 20 km (1.86 s)
[17:18:42] leg 23 -> 173 (tof 112.9 d): L1 price src 0.627 best 0.627 (dt 0.0) coast 0.061 AU | used best marg 0.6177 | tank 769.0 miss 20 km (0.01 s)
[17:18:42] leg 24 ->  25 (tof 150.6 d): L1 price src 0.171 best 0.171 (dt 0.0) coast 0.0183 AU | used best marg 0.0977 | tank 770.9 miss 20 km (0.01 s)
[17:18:42] leg 25 -> 295 (tof  57.4 d): L1 price src 0.6462 best 0.5263 (dt 2.5) coast 0.018 AU | used best marg 0.5199 | tank 781.2 miss 20 km (0.01 s)
[17:18:42] leg 26 -> 279 (tof 253.1 d): L1 price src 0.4551 best 0.4551 (dt 0.0) coast 0.0971 AU | used best marg 0.4653 | tank 790.5 miss 20 km (0.04 s)
[17:18:42] leg 27 -> 223 (tof 155.2 d): L1 price src 0.3507 best 0.3507 (dt 0.0) coast 0.0122 AU | used best marg 0.348 | tank 797.5 miss 20 km (0.01 s)
[17:18:42] leg 28 ->  28 (tof 255.3 d): L1 price src 0.6044 best 0.4964 (dt -5.0) coast 0.1763 AU | used best marg 0.6196 | tank 810.2 miss 20 km (0.02 s)
[17:18:42] leg 29 ->  40 (tof 351.2 d): L1 price src 4.7374 best 3.5606 (dt 15.0) coast 0.4689 AU | used best marg 3.033 | tank 875.4 miss 20 km (0.02 s)
[17:18:47] leg 30 ->  17 (tof  62.7 d): L1 price src None best None (dt None) coast None AU | used fallback marg 0.6068 | tank 889.0 miss 25 km (5.09 s)
[17:18:47] leg 31 -> 274 (tof 404.2 d): L1 price src 1.5762 best 1.2838 (dt 12.5) coast 0.071 AU | used best marg 1.2986 | tank 918.9 miss 25 km (0.03 s)
[17:18:53] leg 32 -> 285 (tof  60.9 d): L1 price src None best None (dt None) coast None AU | used fallback marg -0.6308 | tank 904.3 miss 8 km (5.69 s)
[17:18:53] RESULT guided 02 L1: 32 legs; admissible at the source epoch <=1.2/2.0/3.0 km/s: 19/21/23; best epoch +-15 d: 21/23/23; refine fails 8; planned 33 fb @ 904.3 kg; settled {'ok': True, 'miss': 48.1, 'tank': 904.1, 'dt_s': 0.6}; source 903.7 kg; wall 19 s
