[17:19:42] === s14_lookback guided route 03: 30 fb @ 795.3 kg; L 2 mcap 1100.0 (tcap 0.675 km/s/node) eps 0.05,0.02,0.01,0.005,0.003,0.002 ref 6/100.0/1000.0/rho 30.0
[17:19:42] leg  1 ->  72 (tof 311.5 d): L2 price src 0.1553 best 0.1553 (dt 0.0) coast 0.0701 AU | used best marg 0.143 | tank 603.7 miss 0 km (0.05 s)
[17:19:42] leg  2 -> 268 (tof  84.1 d): L2 price src 0.2485 best 0.1792 (dt -2.5) coast 0.0131 AU | used best marg 0.1461 | tank 606.0 miss 0 km (0.04 s)
[17:19:42] leg  3 ->  74 (tof 163.6 d): L2 price src 0.9994 best 0.8923 (dt 2.5) coast 0.2137 AU | used best marg 1.0464 | tank 622.3 miss 0 km (0.03 s)
[17:19:42] leg  4 ->  99 (tof  52.6 d): L2 price src 0.5844 best 0.233 (dt -2.5) coast 0.0334 AU | used best marg 0.2205 | tank 625.8 miss 0 km (0.02 s)
[17:19:42] leg  5 -> 204 (tof 166.2 d): L2 price src 0.8722 best 0.7212 (dt -2.5) coast 0.1034 AU | used best marg 0.7842 | tank 638.5 miss 24 km (0.01 s)
[17:19:42] leg  6 -> 113 (tof 203.4 d): L2 price src 1.1562 best 0.9628 (dt 2.5) coast 0.3612 AU | used best marg 0.8675 | tank 652.8 miss 1 km (0.03 s)
[17:19:42] leg  7 -> 105 (tof 129.2 d): L2 price src 0.6845 best 0.6821 (dt 2.5) coast 0.1134 AU | used best marg 0.641 | tank 663.5 miss 1 km (0.04 s)
[17:19:42] leg  8 -> 206 (tof 212.7 d): L2 price src 0.2826 best 0.2826 (dt 0.0) coast 0.0559 AU | used best marg 0.2666 | tank 668.0 miss 66 km (0.03 s)
[17:19:42] leg  9 -> 128 (tof 250.6 d): L2 price src 1.1468 best 0.5358 (dt -7.5) coast 0.342 AU | used best marg 0.9376 | tank 684.2 miss 2 km (0.06 s)
[17:19:42] leg 10 -> 136 (tof 183.4 d): L2 price src 0.5616 best 0.1964 (dt -2.5) coast 0.0282 AU | used best marg 0.1951 | tank 687.6 miss 27 km (0.02 s)
[17:19:42] leg 11 ->  20 (tof  68.9 d): L2 price src 0.9938 best 0.9938 (dt 0.0) coast 0.0424 AU | used best marg 1.0182 | tank 705.7 miss 9 km (0.02 s)
[17:19:42] leg 12 -> 246 (tof 207.1 d): L2 price src 0.5774 best 0.2646 (dt -2.5) coast 0.1134 AU | used best marg 0.2933 | tank 711.0 miss 35 km (0.02 s)
[17:19:42] leg 13 -> 277 (tof 235.4 d): L2 price src 0.4971 best 0.4971 (dt 0.0) coast 0.057 AU | used best marg 0.4637 | tank 719.4 miss 11 km (0.03 s)
[17:19:42] leg 14 -> 202 (tof 105.0 d): L2 price src 1.0594 best 1.0156 (dt -2.5) coast 0.107 AU | used best marg 0.9656 | tank 737.4 miss 11 km (0.03 s)
[17:19:42] leg 15 -> 252 (tof 227.0 d): L2 price src 0.3692 best 0.3692 (dt 0.0) coast 0.2325 AU | used best marg 0.2741 | tank 742.5 miss 11 km (0.03 s)
[17:19:42] leg 16 -> 210 (tof 118.0 d): L2 price src 1.583 best 1.1568 (dt 5.0) coast 0.0606 AU | used best marg 1.15 | tank 764.6 miss 52 km (0.02 s)
[17:19:43] leg 17 -> 283 (tof 207.6 d): L2 price src 0.7902 best 0.7902 (dt 0.0) coast 0.0501 AU | used best marg 0.7765 | tank 779.9 miss 68 km (0.03 s)
[17:19:43] leg 18 -> 300 (tof 107.0 d): L2 price src 0.5967 best 0.3642 (dt -2.5) coast 0.0712 AU | used best marg 0.3355 | tank 786.6 miss 21 km (0.04 s)
[17:19:43] leg 19 -> 143 (tof 188.9 d): L2 price src 1.7061 best 1.7061 (dt 0.0) coast 0.1706 AU | used best marg 1.7184 | tank 821.8 miss 21 km (0.03 s)
[17:19:43] leg 20 ->  26 (tof 133.4 d): L2 price src 0.211 best 0.211 (dt 0.0) coast 0.0745 AU | used best marg 0.2066 | tank 826.2 miss 21 km (0.03 s)
[17:19:43] leg 21 -> 133 (tof 176.7 d): L2 price src 1.3048 best 1.1378 (dt -7.5) coast 0.2931 AU | used best marg 1.0139 | tank 847.8 miss 64 km (0.02 s)
[17:19:43] leg 22 -> 256 (tof 168.3 d): L2 price src 0.9299 best 0.9299 (dt 0.0) coast 0.2713 AU | used best marg 1.2658 | tank 875.6 miss 21 km (0.03 s)
[17:19:43] leg 23 ->  89 (tof 185.8 d): L2 price src 1.0015 best 0.545 (dt -5.0) coast 0.2766 AU | used best marg 0.3905 | tank 884.4 miss 21 km (0.03 s)
[17:19:43] leg 24 ->  54 (tof 194.7 d): L2 price src 0.9442 best 0.6313 (dt -5.0) coast 0.0931 AU | used best marg 0.6237 | tank 898.5 miss 21 km (0.03 s)
[17:19:43] leg 25 ->  90 (tof 261.7 d): L2 price src 0.5849 best 0.5849 (dt 0.0) coast 0.342 AU | used best marg 0.8001 | tank 917.1 miss 21 km (0.04 s)
[17:19:43] leg 26 -> 259 (tof 252.9 d): L2 price src 0.3968 best 0.034 (dt -2.5) coast 0.048 AU | used best marg 0.0328 | tank 917.8 miss 22 km (0.02 s)
[17:19:43] leg 27 -> 151 (tof 153.1 d): L2 price src 0.4132 best 0.0309 (dt 2.5) coast 0.0181 AU | used best marg 0.0277 | tank 918.5 miss 21 km (0.02 s)
[17:19:43] leg 28 ->  79 (tof 457.9 d): L2 price src 0.7188 best 0.6031 (dt 2.5) coast 0.3333 AU | used best marg 0.8878 | tank 939.5 miss 21 km (0.04 s)
[17:19:43] leg 29 -> 243 (tof  60.2 d): L2 price src 0.4543 best 0.2226 (dt 2.5) coast 0.0781 AU | used best marg 0.2317 | tank 945.1 miss 88 km (0.03 s)
[17:19:45] RESULT guided 03 L2: 29 legs; admissible at the source epoch <=1.2/2.0/3.0 km/s: 26/29/29; best epoch +-15 d: 28/29/29; refine fails 0; planned 30 fb @ 945.1 kg; settled {'ok': True, 'miss': 8.0, 'tank': 795.83, 'dt_s': 2.5}; source 795.3 kg; wall 1 s
