[17:18:36] === s14_lookback guided route 03: 30 fb @ 795.3 kg; L 1 mcap 1100.0 (tcap 0.675 km/s/node) eps 0.05,0.02,0.01,0.005,0.003,0.002 ref 6/100.0/1000.0/rho 30.0
[17:18:36] leg  1 ->  72 (tof 311.5 d): L1 price src 0.3593 best 0.3593 (dt 0.0) coast 0.0701 AU | used best marg 0.3472 | tank 606.9 miss 84 km (0.03 s)
[17:18:36] leg  2 -> 268 (tof  84.1 d): L1 price src 0.4632 best 0.4632 (dt 0.0) coast 0.016 AU | used best marg 0.4585 | tank 614.0 miss 84 km (0.01 s)
[17:18:36] leg  3 ->  74 (tof 161.5 d): L1 price src 0.4969 best 0.4969 (dt 0.0) coast 0.1263 AU | used best marg 0.4741 | tank 621.5 miss 84 km (0.01 s)
[17:18:36] leg  4 ->  99 (tof  54.6 d): L1 price src 0.8188 best 0.2576 (dt -2.5) coast 0.0246 AU | used best marg 0.2568 | tank 625.5 miss 84 km (0.01 s)
[17:18:36] leg  5 -> 204 (tof 166.0 d): L1 price src 1.6592 best 1.104 (dt -5.0) coast 0.1526 AU | used best marg 1.197 | tank 644.9 miss 84 km (0.01 s)
[17:18:36] leg  6 -> 113 (tof 206.2 d): L1 price src 1.4601 best 1.3966 (dt 2.5) coast 0.4151 AU | used best marg 1.2096 | tank 665.1 miss 84 km (0.02 s)
[17:18:36] leg  7 -> 105 (tof 130.5 d): L1 price src None best None (dt None) coast None AU | used fallback marg -1.3432 | tank 642.7 miss 0 km (0.63 s)
[17:18:36] leg  8 -> 206 (tof 214.3 d): L1 price src 0.3983 best 0.3983 (dt 0.0) coast 0.0284 AU | used best marg 0.3859 | tank 649.1 miss 98 km (0.02 s)
[17:18:36] leg  9 -> 128 (tof 250.6 d): L1 price src 0.7378 best 0.5354 (dt -5.0) coast 0.3157 AU | used best marg 0.8304 | tank 663.0 miss 98 km (0.02 s)
[17:18:36] leg 10 -> 136 (tof 179.9 d): L1 price src 0.6377 best 0.4078 (dt -2.5) coast 0.0342 AU | used best marg 0.3434 | tank 668.8 miss 98 km (0.02 s)
[17:18:37] leg 11 ->  20 (tof  68.5 d): L1 price src None best None (dt None) coast None AU | used fallback marg -0.2577 | tank 664.4 miss 3 km (1.00 s)
[17:18:37] leg 12 -> 246 (tof 207.7 d): L1 price src 0.4851 best 0.4851 (dt 0.0) coast 0.1813 AU | used best marg 0.5432 | tank 673.7 miss 3 km (0.02 s)
[17:18:37] leg 13 -> 277 (tof 233.6 d): L1 price src 0.7431 best 0.6724 (dt -2.5) coast 0.0675 AU | used best marg 0.5628 | tank 683.4 miss 3 km (0.02 s)
[17:18:37] leg 14 -> 202 (tof 107.0 d): L1 price src 1.8229 best 1.6945 (dt -2.5) coast 0.101 AU | used best marg 1.6091 | tank 712.0 miss 3 km (0.01 s)
[17:18:37] leg 15 -> 252 (tof 227.2 d): L1 price src 1.0912 best 0.9108 (dt -2.5) coast 0.1184 AU | used best marg 0.9645 | tank 729.8 miss 10 km (0.01 s)
[17:18:37] leg 16 -> 210 (tof 120.1 d): L1 price src 2.8175 best 2.8175 (dt 12.5) coast 0.1286 AU | used best marg 2.7759 | tank 783.3 miss 10 km (0.02 s)
[17:18:37] leg 17 -> 283 (tof 200.8 d): L1 price src 3.3297 best 2.7318 (dt -10.0) coast 0.365 AU | used best marg 2.779 | tank 840.8 miss 10 km (0.02 s)
[17:18:40] leg 18 -> 300 (tof 119.4 d): L1 price src None best None (dt None) coast None AU | used fallback marg -6.1009 | tank 719.7 miss 2 km (2.24 s)
[17:18:40] leg 19 -> 143 (tof 188.7 d): L1 price src 2.8862 best 2.6643 (dt 2.5) coast 0.1539 AU | used best marg 2.6864 | tank 770.7 miss 44 km (0.01 s)
[17:18:41] leg 20 ->  26 (tof 130.9 d): L1 price src None best None (dt None) coast None AU | used fallback marg -1.3177 | tank 745.2 miss 2 km (1.67 s)
[17:18:41] leg 21 -> 133 (tof 176.0 d): L1 price src 1.2869 best 1.2869 (dt 0.0) coast 0.3038 AU | used best marg 1.1857 | tank 768.1 miss 42 km (0.02 s)
[17:18:41] leg 22 -> 256 (tof 161.1 d): L1 price src 0.7803 best 0.6312 (dt 2.5) coast 0.0548 AU | used best marg 0.6105 | tank 780.1 miss 42 km (0.01 s)
[17:18:41] leg 23 ->  89 (tof 182.2 d): L1 price src 0.4246 best 0.4246 (dt 0.0) coast 0.1161 AU | used best marg 0.3951 | tank 788.0 miss 42 km (0.02 s)
[17:18:41] leg 24 ->  54 (tof 190.3 d): L1 price src 0.4972 best 0.4972 (dt 0.0) coast 0.0466 AU | used best marg 0.4935 | tank 798.0 miss 65 km (0.01 s)
[17:18:42] leg 25 ->  90 (tof 257.3 d): L1 price src 0.5219 best 0.3672 (dt 2.5) coast 0.147 AU | used best marg 0.4605 | tank 807.4 miss 65 km (0.03 s)
[17:18:42] leg 26 -> 259 (tof 250.4 d): L1 price src 0.3432 best 0.3432 (dt 0.0) coast 0.0891 AU | used best marg 0.3621 | tank 814.9 miss 65 km (0.01 s)
[17:18:42] leg 27 -> 151 (tof 150.7 d): L1 price src 0.5224 best 0.5224 (dt 0.0) coast 0.073 AU | used best marg 0.5311 | tank 826.0 miss 100 km (0.02 s)
[17:18:42] leg 28 ->  79 (tof 460.8 d): L1 price src 0.8373 best 0.4165 (dt 7.5) coast 0.2341 AU | used best marg 0.5264 | tank 837.2 miss 100 km (0.04 s)
[17:18:44] leg 29 -> 243 (tof  55.7 d): L1 price src None best None (dt None) coast None AU | used fallback marg -2.0099 | tank 795.4 miss 5 km (2.18 s)
[17:18:44] RESULT guided 03 L1: 29 legs; admissible at the source epoch <=1.2/2.0/3.0 km/s: 17/21/23; best epoch +-15 d: 18/21/24; refine fails 5; planned 30 fb @ 795.4 kg; settled {'ok': True, 'miss': 2.2, 'tank': 795.2, 'dt_s': 0.5}; source 795.3 kg; wall 8 s
