[17:20:46] === s14_lookback guided route 04: 30 fb @ 886.7 kg; L 4 mcap 1100.0 (tcap 0.675 km/s/node) eps 0.05,0.02,0.01,0.005,0.003,0.002 ref 6/100.0/1000.0/rho 30.0
[17:20:46] leg  1 -> 161 (tof 289.8 d): L4 price src 1.1381 best 0.4538 (dt -5.0) coast 0.1488 AU | used best marg 0.4535 | tank 608.5 miss 1 km (0.03 s)
[17:20:46] leg  2 ->  47 (tof 110.1 d): L4 price src 1.1375 best 0.8789 (dt 5.0) coast 0.2363 AU | used best marg 0.9914 | tank 624.1 miss 0 km (0.04 s)
[17:20:46] leg  3 ->  84 (tof 461.8 d): L4 price src 0.5299 best 0.517 (dt 2.5) coast 0.0853 AU | used best marg 0.5002 | tank 632.1 miss 0 km (0.09 s)
[17:20:46] leg  4 -> 140 (tof 124.3 d): L4 price src 0.6834 best 0.6834 (dt 0.0) coast 0.1427 AU | used best marg 0.6936 | tank 643.4 miss 0 km (0.08 s)
[17:20:46] leg  5 ->  57 (tof  82.4 d): L4 price src 0.4492 best 0.4492 (dt 0.0) coast 0.0226 AU | used best marg 0.47 | tank 651.1 miss 0 km (0.05 s)
[17:20:46] leg  6 -> 235 (tof  41.7 d): L4 price src 0.1538 best 0.1538 (dt 0.0) coast 0.0045 AU | used best marg 0.1461 | tank 653.5 miss 0 km (0.05 s)
[17:20:46] leg  7 -> 125 (tof 145.2 d): L4 price src 0.1527 best 0.1527 (dt 0.0) coast 0.0086 AU | used best marg 0.1445 | tank 656.0 miss 5 km (0.02 s)
[17:20:46] leg  8 ->  50 (tof 127.9 d): L4 price src 0.2618 best 0.0754 (dt 2.5) coast 0.0367 AU | used best marg 0.0714 | tank 657.1 miss 15 km (0.02 s)
[17:20:46] leg  9 -> 276 (tof 108.4 d): L4 price src 0.5528 best 0.5528 (dt 0.0) coast 0.1124 AU | used best marg 0.5436 | tank 666.3 miss 1 km (0.05 s)
[17:20:46] leg 10 ->  92 (tof 133.2 d): L4 price src 0.8429 best 0.51 (dt -5.0) coast 0.099 AU | used best marg 0.5066 | tank 675.0 miss 1 km (0.05 s)
[17:20:46] leg 11 ->  48 (tof 128.1 d): L4 price src 0.439 best 0.439 (dt 0.0) coast 0.1647 AU | used best marg 0.4335 | tank 682.5 miss 1 km (0.05 s)
[17:20:46] leg 12 ->  38 (tof 190.6 d): L4 price src 0.4413 best 0.4413 (dt 0.0) coast 0.0505 AU | used best marg 0.4252 | tank 689.9 miss 22 km (0.02 s)
[17:20:46] leg 13 -> 123 (tof 122.1 d): L4 price src 0.075 best 0.075 (dt 0.0) coast 0.0309 AU | used best marg 0.0612 | tank 691.0 miss 79 km (0.04 s)
[17:20:46] leg 14 -> 239 (tof 199.7 d): L4 price src 0.3478 best 0.3478 (dt 0.0) coast 0.0261 AU | used best marg 0.303 | tank 696.4 miss 1 km (0.06 s)
[17:20:46] leg 15 ->  66 (tof 250.8 d): L4 price src 0.4237 best 0.4237 (dt 0.0) coast 0.2318 AU | used best marg 0.4059 | tank 703.6 miss 1 km (0.07 s)
[17:20:46] leg 16 -> 158 (tof 116.7 d): L4 price src 0.2841 best 0.2841 (dt 0.0) coast 0.0565 AU | used best marg 0.2893 | tank 708.8 miss 1 km (0.07 s)
[17:20:47] leg 17 -> 159 (tof 260.5 d): L4 price src 2.1728 best 1.2573 (dt -15.0) coast 0.5795 AU | used best marg 1.4838 | tank 736.1 miss 1 km (0.09 s)
[17:20:47] leg 18 ->   9 (tof  69.0 d): L4 price src -0.3695 best -0.5238 (dt 2.5) coast 0.0337 AU | used best marg -0.5252 | tank 726.3 miss 1 km (0.04 s)
[17:20:47] leg 19 -> 236 (tof 182.4 d): L4 price src 0.6989 best 0.6989 (dt 0.0) coast 0.2614 AU | used best marg 0.5118 | tank 735.9 miss 1 km (0.05 s)
[17:20:47] leg 20 ->  22 (tof 107.2 d): L4 price src 0.9277 best 0.9063 (dt -2.5) coast 0.0875 AU | used best marg 0.8712 | tank 752.4 miss 1 km (0.07 s)
[17:20:47] leg 21 -> 176 (tof  68.9 d): L4 price src 0.1004 best 0.1004 (dt 0.0) coast 0.0923 AU | used best marg 0.1167 | tank 754.6 miss 1 km (0.04 s)
[17:20:47] leg 22 -> 216 (tof 462.5 d): L4 price src 0.5792 best 0.5792 (dt 0.0) coast 0.033 AU | used best marg 0.572 | tank 765.7 miss 1 km (0.05 s)
[17:20:47] leg 23 ->  44 (tof 108.7 d): L4 price src 0.4493 best -0.0612 (dt -2.5) coast 0.0334 AU | used best marg -0.0661 | tank 764.4 miss 86 km (0.04 s)
[17:20:47] leg 24 -> 137 (tof  92.1 d): L4 price src 1.1906 best 0.6161 (dt -2.5) coast 0.1331 AU | used best marg 0.5636 | tank 775.5 miss 2 km (0.06 s)
[17:20:47] leg 25 -> 232 (tof  87.7 d): L4 price src 1.467 best 1.467 (dt 0.0) coast 0.0971 AU | used best marg 1.476 | tank 805.2 miss 93 km (0.04 s)
[17:20:47] leg 26 -> 129 (tof 213.5 d): L4 price src 1.5402 best 1.0091 (dt 2.5) coast 0.3577 AU | used best marg 0.98 | tank 825.6 miss 93 km (0.04 s)
[17:20:47] leg 27 ->  58 (tof 349.9 d): L4 price src 0.4106 best 0.0902 (dt 2.5) coast 0.0432 AU | used best marg 0.1029 | tank 827.8 miss 93 km (0.04 s)
[17:20:47] leg 28 -> 287 (tof 124.5 d): L4 price src 1.7705 best 1.7705 (dt 0.0) coast 0.2759 AU | used best marg 2.1936 | tank 875.4 miss 93 km (0.06 s)
[17:20:47] leg 29 ->  53 (tof 276.0 d): L4 price src 0.6693 best 0.6693 (dt 0.0) coast 0.4291 AU | used best marg 1.454 | tank 908.4 miss 93 km (0.10 s)
[17:20:50] RESULT guided 04 L4: 29 legs; admissible at the source epoch <=1.2/2.0/3.0 km/s: 25/28/29; best epoch +-15 d: 26/29/29; refine fails 0; planned 30 fb @ 908.4 kg; settled {'ok': True, 'miss': 70.5, 'tank': 884.4, 'dt_s': 2.8}; source 886.7 kg; wall 2 s
