[17:19:44] === s14_lookback guided route 04: 30 fb @ 886.7 kg; L 2 mcap 1100.0 (tcap 0.675 km/s/node) eps 0.05,0.02,0.01,0.005,0.003,0.002 ref 6/100.0/1000.0/rho 30.0
[17:19:44] leg  1 -> 161 (tof 289.8 d): L2 price src 1.1381 best 0.4538 (dt -5.0) coast 0.1488 AU | used best marg 0.4535 | tank 608.5 miss 1 km (0.03 s)
[17:19:44] leg  2 ->  47 (tof 110.1 d): L2 price src 1.2328 best 1.1332 (dt 2.5) coast 0.2363 AU | used best marg 1.2508 | tank 628.2 miss 0 km (0.03 s)
[17:19:44] leg  3 ->  84 (tof 463.7 d): L2 price src 0.4701 best 0.4701 (dt 0.0) coast 0.0748 AU | used best marg 0.4662 | tank 635.7 miss 0 km (0.03 s)
[17:19:44] leg  4 -> 140 (tof 126.8 d): L2 price src 0.6869 best 0.6869 (dt 0.0) coast 0.128 AU | used best marg 0.6938 | tank 647.1 miss 0 km (0.05 s)
[17:19:44] leg  5 ->  57 (tof  82.5 d): L2 price src 0.4225 best 0.4225 (dt 0.0) coast 0.0175 AU | used best marg 0.3616 | tank 653.1 miss 0 km (0.02 s)
[17:19:44] leg  6 -> 235 (tof  42.0 d): L2 price src 0.2541 best 0.2541 (dt 0.0) coast 0.0067 AU | used best marg 0.2533 | tank 657.3 miss 1 km (0.01 s)
[17:19:44] leg  7 -> 125 (tof 145.2 d): L2 price src 0.1991 best 0.1991 (dt 0.0) coast 0.0131 AU | used best marg 0.1946 | tank 660.6 miss 4 km (0.01 s)
[17:19:44] leg  8 ->  50 (tof 128.0 d): L2 price src 0.2999 best 0.0597 (dt 2.5) coast 0.0291 AU | used best marg 0.0423 | tank 661.3 miss 0 km (0.03 s)
[17:19:44] leg  9 -> 276 (tof 108.3 d): L2 price src 0.5814 best 0.5814 (dt 0.0) coast 0.1145 AU | used best marg 0.5688 | tank 670.9 miss 0 km (0.03 s)
[17:19:44] leg 10 ->  92 (tof 133.2 d): L2 price src 0.8714 best 0.5563 (dt -5.0) coast 0.1009 AU | used best marg 0.5563 | tank 680.5 miss 84 km (0.02 s)
[17:19:44] leg 11 ->  48 (tof 128.0 d): L2 price src 0.4544 best 0.4544 (dt 0.0) coast 0.151 AU | used best marg 0.4299 | tank 688.0 miss 0 km (0.03 s)
[17:19:44] leg 12 ->  38 (tof 190.7 d): L2 price src 0.4483 best 0.4483 (dt 0.0) coast 0.0359 AU | used best marg 0.4403 | tank 695.8 miss 5 km (0.01 s)
[17:19:44] leg 13 -> 123 (tof 122.2 d): L2 price src 0.1898 best 0.1898 (dt 0.0) coast 0.0462 AU | used best marg 0.182 | tank 699.0 miss 86 km (0.03 s)
[17:19:44] leg 14 -> 239 (tof 199.7 d): L2 price src 0.3357 best 0.3357 (dt 0.0) coast 0.028 AU | used best marg 0.3039 | tank 704.5 miss 15 km (0.03 s)
[17:19:44] leg 15 ->  66 (tof 250.8 d): L2 price src 0.473 best 0.473 (dt 0.0) coast 0.2193 AU | used best marg 0.4436 | tank 712.5 miss 15 km (0.04 s)
[17:19:44] leg 16 -> 158 (tof 116.8 d): L2 price src 0.2557 best 0.2557 (dt 0.0) coast 0.0456 AU | used best marg 0.2558 | tank 717.1 miss 15 km (0.02 s)
[17:19:45] leg 17 -> 159 (tof 260.5 d): L2 price src 2.8306 best 1.6299 (dt -15.0) coast 0.581 AU | used best marg 1.7144 | tank 749.1 miss 15 km (0.08 s)
[17:19:45] leg 18 ->   9 (tof  69.5 d): L2 price src -0.0938 best -0.1159 (dt 2.5) coast 0.0385 AU | used best marg -0.1571 | tank 746.2 miss 15 km (0.05 s)
[17:19:45] leg 19 -> 236 (tof 182.6 d): L2 price src 0.8799 best 0.8799 (dt 0.0) coast 0.2575 AU | used best marg 0.8346 | tank 762.2 miss 15 km (0.03 s)
[17:19:45] leg 20 ->  22 (tof 107.3 d): L2 price src 0.8758 best 0.8758 (dt 0.0) coast 0.1053 AU | used best marg 0.8629 | tank 779.2 miss 15 km (0.04 s)
[17:19:45] leg 21 -> 176 (tof  66.7 d): L2 price src 0.15 best 0.15 (dt 0.0) coast 0.0096 AU | used best marg 0.1437 | tank 782.0 miss 27 km (0.01 s)
[17:19:45] leg 22 -> 216 (tof 462.3 d): L2 price src 0.6032 best 0.6032 (dt 0.0) coast 0.034 AU | used best marg 0.5966 | tank 794.0 miss 90 km (0.05 s)
[17:19:45] leg 23 ->  44 (tof 108.7 d): L2 price src 0.4232 best -0.1042 (dt -2.5) coast 0.0332 AU | used best marg -0.1072 | tank 791.8 miss 15 km (0.05 s)
[17:19:45] leg 24 -> 137 (tof  92.1 d): L2 price src 1.3461 best 0.7889 (dt -2.5) coast 0.1339 AU | used best marg 0.7881 | tank 807.9 miss 15 km (0.02 s)
[17:19:45] leg 25 -> 232 (tof  87.6 d): L2 price src 1.4952 best 1.4952 (dt 0.0) coast 0.0959 AU | used best marg 1.4959 | tank 839.3 miss 33 km (0.01 s)
[17:19:45] leg 26 -> 129 (tof 213.5 d): L2 price src 1.6002 best 0.9949 (dt 2.5) coast 0.3497 AU | used best marg 1.0128 | tank 861.3 miss 15 km (0.03 s)
[17:19:45] leg 27 ->  58 (tof 349.8 d): L2 price src 0.5224 best 0.085 (dt 2.5) coast 0.0548 AU | used best marg 0.1133 | tank 863.8 miss 15 km (0.04 s)
[17:19:45] leg 28 -> 287 (tof 124.5 d): L2 price src 2.5038 best 2.429 (dt 2.5) coast 0.2757 AU | used best marg 2.8763 | tank 929.5 miss 15 km (0.03 s)
[17:19:45] leg 29 ->  53 (tof 273.3 d): L2 price src 1.0245 best 1.0245 (dt 0.0) coast 0.292 AU | used best marg 1.282 | tank 960.4 miss 15 km (0.03 s)
[17:19:50] RESULT guided 04 L2: 29 legs; admissible at the source epoch <=1.2/2.0/3.0 km/s: 23/27/29; best epoch +-15 d: 26/28/29; refine fails 0; planned 30 fb @ 960.4 kg; settled {'ok': True, 'miss': 60.3, 'tank': 884.8, 'dt_s': 5.3}; source 886.7 kg; wall 1 s
