[17:18:48] === s14_lookback guided route 04: 30 fb @ 886.7 kg; L 1 mcap 1100.0 (tcap 0.675 km/s/node) eps 0.05,0.02,0.01,0.005,0.003,0.002 ref 6/100.0/1000.0/rho 30.0
[17:18:48] leg  1 -> 161 (tof 289.8 d): L1 price src 1.1988 best 0.6151 (dt -5.0) coast 0.1488 AU | used best marg 0.6352 | tank 611.3 miss 0 km (0.02 s)
[17:18:48] leg  2 ->  47 (tof 109.9 d): L1 price src None best None (dt None) coast None AU | used fallback marg 0.7062 | tank 622.4 miss 1 km (0.46 s)
[17:18:48] leg  3 ->  84 (tof 461.1 d): L1 price src 0.5532 best 0.5407 (dt 2.5) coast 0.1042 AU | used best marg 0.5144 | tank 630.6 miss 85 km (0.03 s)
[17:18:48] leg  4 -> 140 (tof 124.7 d): L1 price src 1.4945 best 1.4035 (dt -2.5) coast 0.1454 AU | used best marg 1.3985 | tank 653.5 miss 85 km (0.01 s)
[17:18:48] leg  5 ->  57 (tof  84.8 d): L1 price src 1.8211 best 1.8211 (dt 0.0) coast 0.085 AU | used best marg 1.758 | tank 683.5 miss 85 km (0.01 s)
[17:18:49] leg  6 -> 235 (tof  41.7 d): L1 price src None best None (dt None) coast None AU | used fallback marg -1.9253 | tank 650.8 miss 67 km (0.82 s)
[17:18:49] leg  7 -> 125 (tof 145.3 d): L1 price src 0.2749 best 0.2749 (dt 0.0) coast 0.0142 AU | used best marg 0.2452 | tank 654.8 miss 67 km (0.01 s)
[17:18:49] leg  8 ->  50 (tof 127.9 d): L1 price src 0.2847 best 0.1974 (dt 2.5) coast 0.0344 AU | used best marg 0.1935 | tank 658.1 miss 99 km (0.01 s)
[17:18:51] leg  9 -> 276 (tof 108.6 d): L1 price src None best None (dt None) coast None AU | used fallback marg 0.3029 | tank 663.2 miss 21 km (1.51 s)
[17:18:51] leg 10 ->  92 (tof 132.4 d): L1 price src 0.9139 best 0.658 (dt -5.0) coast 0.1274 AU | used best marg 0.6555 | tank 674.3 miss 21 km (0.01 s)
[17:18:51] leg 11 ->  48 (tof 127.7 d): L1 price src 1.5032 best 1.5032 (dt 2.5) coast 0.1691 AU | used best marg 1.3995 | tank 698.8 miss 21 km (0.02 s)
[17:18:51] leg 12 ->  38 (tof 188.2 d): L1 price src 2.5676 best 2.5358 (dt 2.5) coast 0.1653 AU | used best marg 2.4509 | tank 743.9 miss 21 km (0.02 s)
[17:18:53] leg 13 -> 123 (tof 119.8 d): L1 price src None best None (dt None) coast None AU | used fallback marg -3.1309 | tank 686.8 miss 6 km (2.03 s)
[17:18:53] leg 14 -> 239 (tof 199.8 d): L1 price src 0.4806 best 0.4806 (dt 0.0) coast 0.0296 AU | used best marg 0.4497 | tank 694.7 miss 6 km (0.02 s)
[17:18:53] leg 15 ->  66 (tof 250.8 d): L1 price src 0.3929 best 0.3929 (dt 0.0) coast 0.1851 AU | used best marg 0.4124 | tank 702.1 miss 6 km (0.02 s)
[17:18:53] leg 16 -> 158 (tof 116.7 d): L1 price src 0.711 best 0.711 (dt 0.0) coast 0.0511 AU | used best marg 0.7111 | tank 714.9 miss 46 km (0.01 s)
[17:18:53] leg 17 -> 159 (tof 260.5 d): L1 price src 2.5565 best 1.6552 (dt -12.5) coast 0.4675 AU | used best marg 1.1765 | tank 736.7 miss 46 km (0.03 s)
[17:18:55] leg 18 ->   9 (tof  72.6 d): L1 price src None best None (dt None) coast None AU | used fallback marg -0.9298 | tank 719.4 miss 87 km (2.49 s)
[17:18:55] leg 19 -> 236 (tof 183.8 d): L1 price src 0.5914 best 0.5914 (dt 0.0) coast 0.179 AU | used best marg 0.5615 | tank 729.8 miss 87 km (0.02 s)
[17:19:00] leg 20 ->  22 (tof 107.3 d): L1 price src None best None (dt None) coast None AU | used fallback marg 0.7536 | tank 744.0 miss 55 km (4.47 s)
[17:19:00] leg 21 -> 176 (tof  67.7 d): L1 price src 0.9608 best 0.9608 (dt 5.0) coast 0.0348 AU | used best marg 0.9386 | tank 762.0 miss 55 km (0.01 s)
[17:19:00] leg 22 -> 216 (tof 457.0 d): L1 price src 0.9231 best 0.4659 (dt -2.5) coast 0.1037 AU | used best marg 0.4764 | tank 771.3 miss 55 km (0.05 s)
[17:19:00] leg 23 ->  44 (tof 111.1 d): L1 price src 0.8476 best 0.8393 (dt -2.5) coast 0.0267 AU | used best marg 0.8046 | tank 787.3 miss 55 km (0.02 s)
[17:19:04] leg 24 -> 137 (tof  91.9 d): L1 price src None best None (dt None) coast None AU | used fallback marg -1.111 | tank 765.3 miss 40 km (4.55 s)
[17:19:08] leg 25 -> 232 (tof  87.8 d): L1 price src None best None (dt None) coast None AU | used fallback marg 1.4839 | tank 794.8 miss 39 km (3.47 s)
[17:19:08] leg 26 -> 129 (tof 213.4 d): L1 price src 1.7832 best 1.0501 (dt 2.5) coast 0.3568 AU | used best marg 1.0773 | tank 816.9 miss 39 km (0.02 s)
[17:19:08] leg 27 ->  58 (tof 349.5 d): L1 price src 1.0132 best 0.4981 (dt 2.5) coast 0.0942 AU | used best marg 0.5571 | tank 828.6 miss 39 km (0.02 s)
[17:19:15] leg 28 -> 287 (tof 124.5 d): L1 price src None best None (dt None) coast None AU | used fallback marg 1.421 | tank 859.2 miss 6 km (6.54 s)
[17:19:15] leg 29 ->  53 (tof 276.9 d): L1 price src 0.8799 best 0.8799 (dt 0.0) coast 0.4566 AU | used best marg 1.6002 | tank 895.0 miss 6 km (0.02 s)
[17:19:18] RESULT guided 04 L1: 29 legs; admissible at the source epoch <=1.2/2.0/3.0 km/s: 14/18/20; best epoch +-15 d: 15/19/20; refine fails 9; planned 30 fb @ 895.0 kg; settled {'ok': True, 'miss': 12.9, 'tank': 891.29, 'dt_s': 3.5}; source 886.7 kg; wall 27 s
