[17:18:55] === s14_lookback guided route 05: 28 fb @ 976.3 kg; L 1 mcap 1100.0 (tcap 0.675 km/s/node) eps 0.05,0.02,0.01,0.005,0.003,0.002 ref 6/100.0/1000.0/rho 30.0
[17:18:55] leg  1 ->  42 (tof 195.0 d): L1 price src 1.1554 best 1.1554 (dt 0.0) coast 0.2361 AU | used best marg 1.3938 | tank 623.3 miss 0 km (0.03 s)
[17:18:55] leg  2 -> 270 (tof 204.3 d): L1 price src 1.0807 best 0.8944 (dt 5.0) coast 0.2887 AU | used best marg 1.1424 | tank 641.7 miss 62 km (0.02 s)
[17:18:55] leg  3 ->   8 (tof 221.5 d): L1 price src 1.9011 best 1.6867 (dt -2.5) coast 0.1052 AU | used best marg 1.6859 | tank 669.9 miss 62 km (0.02 s)
[17:18:56] leg  4 ->  39 (tof 112.9 d): L1 price src None best None (dt None) coast None AU | used fallback marg -2.3777 | tank 630.5 miss 2 km (0.64 s)
[17:18:56] leg  5 ->  49 (tof 191.3 d): L1 price src 1.0968 best 1.0968 (dt 0.0) coast 0.2745 AU | used best marg 1.3689 | tank 652.9 miss 2 km (0.03 s)
[17:18:56] leg  6 -> 251 (tof 223.1 d): L1 price src 1.9493 best 1.2448 (dt -5.0) coast 0.0928 AU | used best marg 1.2398 | tank 673.8 miss 34 km (0.01 s)
[17:18:56] leg  7 -> 292 (tof 162.6 d): L1 price src 1.3209 best 0.8203 (dt -7.5) coast 0.0646 AU | used best marg 0.8283 | tank 688.2 miss 34 km (0.01 s)
[17:18:56] leg  8 -> 273 (tof 172.8 d): L1 price src 3.0837 best 2.5352 (dt -7.5) coast 0.2242 AU | used best marg 2.2417 | tank 728.7 miss 34 km (0.02 s)
[17:18:56] leg  9 -> 165 (tof 260.4 d): L1 price src 4.7255 best 3.6159 (dt -7.5) coast 0.2605 AU | used best marg 3.6613 | tank 800.0 miss 34 km (0.03 s)
[17:18:58] leg 10 -> 118 (tof 131.0 d): L1 price src None best None (dt None) coast None AU | used fallback marg -4.9897 | tank 704.4 miss 31 km (2.77 s)
[17:18:59] leg 11 -> 150 (tof 203.5 d): L1 price src 0.6221 best 0.4312 (dt -7.5) coast 0.0609 AU | used best marg 0.4424 | tank 712.4 miss 34 km (0.02 s)
[17:19:01] leg 12 ->  68 (tof  65.2 d): L1 price src None best None (dt None) coast None AU | used fallback marg 0.9902 | tank 730.6 miss 8 km (2.21 s)
[17:19:08] leg 13 -> 260 (tof 117.6 d): L1 price src None best None (dt None) coast None AU | used fallback marg 1.0231 | tank 749.9 miss 4 km (6.80 s)
[17:19:08] leg 14 -> 272 (tof 282.7 d): L1 price src 2.1758 best 2.119 (dt 2.5) coast 0.3158 AU | used best marg 1.8588 | tank 786.3 miss 4 km (0.03 s)
[17:19:08] leg 15 -> 213 (tof 197.0 d): L1 price src 1.3124 best 1.1556 (dt -2.5) coast 0.1197 AU | used best marg 1.0269 | tank 807.2 miss 4 km (0.02 s)
[17:19:08] leg 16 -> 267 (tof 271.8 d): L1 price src 1.4603 best 1.2526 (dt -2.5) coast 0.0959 AU | used best marg 1.2311 | tank 832.9 miss 4 km (0.02 s)
[17:19:08] leg 17 ->  51 (tof 195.5 d): L1 price src 1.8812 best 1.4497 (dt 2.5) coast 0.3324 AU | used best marg 1.3282 | tank 861.6 miss 4 km (0.03 s)
[17:19:08] leg 18 -> 248 (tof 171.8 d): L1 price src 2.1455 best 1.6592 (dt -5.0) coast 0.1883 AU | used best marg 1.8715 | tank 903.7 miss 4 km (0.02 s)
[17:19:08] leg 19 -> 168 (tof 227.4 d): L1 price src 2.85 best 2.7444 (dt -2.5) coast 0.4639 AU | used best marg 3.6304 | tank 991.3 miss 4 km (0.02 s)
[17:19:08] leg 20 -> 124 (tof 257.1 d): L1 price src 6.1402 best 5.2324 (dt -15.0) coast 1.1042 AU | used best marg 4.3386 | tank 1107.2 miss 4 km (0.04 s)
[17:19:14] leg 21 ->  71 (tof 129.5 d): L1 price src None best None (dt None) coast None AU | used fallback marg -8.8058 | tank 884.6 miss 13 km (5.90 s)
[17:19:19] leg 22 ->   2 (tof  60.8 d): L1 price src None best None (dt None) coast None AU | used fallback marg 0.1257 | tank 887.4 miss 33 km (5.25 s)
[17:19:24] leg 23 -> 157 (tof 197.7 d): L1 price src None best None (dt None) coast None AU | used fallback marg 1.8942 | tank 931.4 miss 22 km (4.86 s)
[17:19:24] leg 24 ->   6 (tof 102.2 d): L1 price src 1.3943 best 1.3943 (dt 0.0) coast 0.0748 AU | used best marg 1.3094 | tank 963.0 miss 22 km (0.01 s)
[17:19:24] leg 25 -> 188 (tof 115.4 d): L1 price src 1.3313 best 1.3313 (dt 0.0) coast 0.1485 AU | used best marg 1.1857 | tank 992.5 miss 74 km (0.01 s)
[17:19:24] leg 26 -> 219 (tof 182.7 d): L1 price src 1.3355 best 1.3355 (dt 0.0) coast 0.2328 AU | used best marg 1.4759 | tank 1030.6 miss 74 km (0.02 s)
[17:19:24] leg 27 -> 221 (tof 131.6 d): L1 price src 0.7437 best 0.5969 (dt 5.0) coast 0.1038 AU | used best marg 0.592 | tank 1046.2 miss 74 km (0.01 s)
[17:19:29] RESULT guided 05 L1: 27 legs; admissible at the source epoch <=1.2/2.0/3.0 km/s: 5/14/17; best epoch +-15 d: 7/15/18; refine fails 7; planned 28 fb @ 1046.2 kg; settled {'ok': True, 'miss': 8.2, 'tank': 978.2, 'dt_s': 5.4}; source 976.3 kg; wall 29 s
