[17:19:46] === s14_lookback guided route 05: 28 fb @ 976.3 kg; L 2 mcap 1100.0 (tcap 0.675 km/s/node) eps 0.05,0.02,0.01,0.005,0.003,0.002 ref 6/100.0/1000.0/rho 30.0
[17:19:46] leg  1 ->  42 (tof 195.0 d): L2 price src 0.4524 best 0.4524 (dt 0.0) coast 0.2361 AU | used best marg 0.4797 | tank 608.9 miss 2 km (0.04 s)
[17:19:46] leg  2 -> 270 (tof 206.9 d): L2 price src 0.5105 best 0.4524 (dt 5.0) coast 0.0402 AU | used best marg 0.4374 | tank 615.7 miss 2 km (0.03 s)
[17:19:46] leg  3 ->   8 (tof 232.1 d): L2 price src 1.3124 best 1.2947 (dt 2.5) coast 0.1732 AU | used best marg 1.1092 | tank 633.4 miss 2 km (0.05 s)
[17:19:46] leg  4 ->  39 (tof 108.3 d): L2 price src 1.0509 best 1.0509 (dt 0.0) coast 0.0442 AU | used best marg 1.0462 | tank 650.5 miss 3 km (0.02 s)
[17:19:46] leg  5 ->  49 (tof 191.0 d): L2 price src 1.0391 best 1.0391 (dt 0.0) coast 0.3673 AU | used best marg 1.0639 | tank 668.4 miss 3 km (0.03 s)
[17:19:46] leg  6 -> 251 (tof 224.1 d): L2 price src 0.8823 best 0.1912 (dt 5.0) coast 0.1651 AU | used best marg 0.2424 | tank 672.5 miss 88 km (0.04 s)
[17:19:46] leg  7 -> 292 (tof 152.7 d): L2 price src 4.3857 best 4.0383 (dt 10.0) coast 0.5437 AU | used best marg 3.5383 | tank 736.0 miss 28 km (0.03 s)
[17:19:46] leg  8 -> 273 (tof 171.6 d): L2 price src 0.925 best 0.137 (dt -7.5) coast 0.5776 AU | used best marg -0.4006 | tank 728.5 miss 28 km (0.03 s)
[17:19:46] leg  9 -> 165 (tof 256.5 d): L2 price src 2.1243 best 2.0771 (dt -2.5) coast 0.45 AU | used best marg 1.9562 | tank 765.8 miss 28 km (0.03 s)
[17:19:46] leg 10 -> 118 (tof 129.5 d): L2 price src 1.7683 best 1.7683 (dt 0.0) coast 0.3635 AU | used best marg 1.2526 | tank 790.6 miss 28 km (0.05 s)
[17:19:46] leg 11 -> 150 (tof 204.9 d): L2 price src 1.7067 best 1.6095 (dt 7.5) coast 0.3704 AU | used best marg 0.8596 | tank 808.2 miss 28 km (0.03 s)
[17:19:46] leg 12 ->  68 (tof  53.2 d): L2 price src 1.2379 best 1.0789 (dt -7.5) coast 0.0393 AU | used best marg 1.0204 | tank 829.5 miss 92 km (0.03 s)
[17:19:46] leg 13 -> 260 (tof 121.7 d): L2 price src 2.6786 best 2.6786 (dt 0.0) coast 0.2133 AU | used best marg 2.5229 | tank 884.6 miss 90 km (0.02 s)
[17:19:47] leg 14 -> 272 (tof 283.6 d): L2 price src 1.2786 best 1.0055 (dt 7.5) coast 0.3961 AU | used best marg 0.6216 | tank 898.7 miss 59 km (0.04 s)
[17:19:47] leg 15 -> 213 (tof 197.3 d): L2 price src 1.1833 best 1.1833 (dt 0.0) coast 0.3195 AU | used best marg 0.8934 | tank 919.4 miss 59 km (0.04 s)
[17:19:47] leg 16 -> 267 (tof 269.7 d): L2 price src 1.0914 best 0.9479 (dt -2.5) coast 0.1709 AU | used best marg 0.9645 | tank 942.3 miss 59 km (0.04 s)
[17:19:47] leg 17 ->  51 (tof 194.9 d): L2 price src 1.0102 best 0.6968 (dt 2.5) coast 0.4106 AU | used best marg 0.9809 | tank 966.1 miss 59 km (0.04 s)
[17:19:47] leg 18 -> 248 (tof 171.2 d): L2 price src 1.6602 best 1.0641 (dt -7.5) coast 0.247 AU | used best marg 1.3582 | tank 1000.2 miss 59 km (0.04 s)
[17:19:47] leg 19 -> 168 (tof 229.5 d): L2 price src 1.1943 best 1.0749 (dt -2.5) coast 0.3311 AU | used best marg 1.6817 | tank 1044.0 miss 59 km (0.04 s)
[17:19:47] leg 20 -> 124 (tof 256.0 d): L2 price src 2.1779 best 1.6234 (dt -7.5) coast 0.5555 AU | used best marg 1.7156 | tank 1090.7 miss 59 km (0.06 s)
[17:19:47] leg 21 ->  71 (tof 118.0 d): L2 price src 0.5505 best -0.2785 (dt 5.0) coast 0.0569 AU | used best marg -0.271 | tank 1083.1 miss 59 km (0.03 s)
[17:19:47] leg 22 ->   2 (tof  58.9 d): L2 price src 3.3418 best 1.1959 (dt 10.0) coast 0.104 AU | used best marg 1.1795 | tank 1116.2 miss 63 km (0.02 s)
[17:19:54] leg 23 -> 157 (tof 192.3 d): L2 price src None best None (dt None) coast None AU | used fallback marg -7.1944 | tank 929.2 miss 4 km (6.93 s)
[17:19:54] leg 24 ->   6 (tof 102.2 d): L2 price src 0.289 best 0.289 (dt 0.0) coast 0.0766 AU | used best marg 0.2075 | tank 934.1 miss 4 km (0.03 s)
[17:19:54] leg 25 -> 188 (tof 115.1 d): L2 price src 0.3291 best 0.3291 (dt 0.0) coast 0.0542 AU | used best marg 0.3326 | tank 942.0 miss 48 km (0.01 s)
[17:19:54] leg 26 -> 219 (tof 182.6 d): L2 price src 1.3862 best 1.3367 (dt -2.5) coast 0.1657 AU | used best marg 1.319 | tank 974.3 miss 4 km (0.03 s)
[17:19:54] leg 27 -> 221 (tof 134.0 d): L2 price src 0.7032 best 0.3516 (dt 7.5) coast 0.2324 AU | used best marg 0.4646 | tank 985.9 miss 4 km (0.04 s)
[17:19:55] RESULT guided 05 L2: 27 legs; admissible at the source epoch <=1.2/2.0/3.0 km/s: 14/21/24; best epoch +-15 d: 18/23/25; refine fails 1; planned 28 fb @ 985.9 kg; settled {'ok': True, 'miss': 79.1, 'tank': 979.04, 'dt_s': 1.3}; source 976.3 kg; wall 8 s
