[17:20:48] === s14_lookback guided route 05: 28 fb @ 976.3 kg; L 4 mcap 1100.0 (tcap 0.675 km/s/node) eps 0.05,0.02,0.01,0.005,0.003,0.002 ref 6/100.0/1000.0/rho 30.0
[17:20:48] leg  1 ->  42 (tof 195.0 d): L4 price src 0.4524 best 0.4524 (dt 0.0) coast 0.2361 AU | used best marg 0.4797 | tank 608.9 miss 2 km (0.04 s)
[17:20:48] leg  2 -> 270 (tof 206.9 d): L4 price src 0.2805 best 0.2805 (dt 0.0) coast 0.0402 AU | used best marg 0.292 | tank 613.5 miss 1 km (0.04 s)
[17:20:48] leg  3 ->   8 (tof 237.1 d): L4 price src 0.6437 best 0.6437 (dt 0.0) coast 0.0638 AU | used best marg 0.6513 | tank 623.7 miss 0 km (0.05 s)
[17:20:48] leg  4 ->  39 (tof 110.5 d): L4 price src 0.8479 best 0.8479 (dt 0.0) coast 0.0434 AU | used best marg 0.8418 | tank 637.2 miss 0 km (0.06 s)
[17:20:48] leg  5 ->  49 (tof 191.0 d): L4 price src 0.9016 best 0.9016 (dt 0.0) coast 0.3258 AU | used best marg 0.9236 | tank 652.4 miss 0 km (0.06 s)
[17:20:48] leg  6 -> 251 (tof 223.7 d): L4 price src 0.3638 best 0.3362 (dt 2.5) coast 0.1497 AU | used best marg 0.4094 | tank 659.3 miss 0 km (0.08 s)
[17:20:48] leg  7 -> 292 (tof 155.2 d): L4 price src 1.8514 best 1.4375 (dt 12.5) coast 0.4781 AU | used best marg 1.1333 | tank 678.6 miss 0 km (0.08 s)
[17:20:48] leg  8 -> 273 (tof 168.0 d): L4 price src 0.4712 best -0.218 (dt -5.0) coast 0.1814 AU | used best marg -0.1589 | tank 675.9 miss 0 km (0.05 s)
[17:20:48] leg  9 -> 165 (tof 257.6 d): L4 price src 2.2219 best 2.1943 (dt -2.5) coast 0.4229 AU | used best marg 2.1165 | tank 713.3 miss 27 km (0.05 s)
[17:20:48] leg 10 -> 118 (tof 129.4 d): L4 price src 1.4593 best 1.2605 (dt 2.5) coast 0.3681 AU | used best marg 0.9127 | tank 730.1 miss 0 km (0.08 s)
[17:20:48] leg 11 -> 150 (tof 202.2 d): L4 price src -0.209 best -0.2523 (dt -5.0) coast 0.0467 AU | used best marg -0.2774 | tank 725.0 miss 61 km (0.06 s)
[17:20:48] leg 12 ->  68 (tof  62.3 d): L4 price src 0.9868 best 0.9426 (dt -2.5) coast 0.0743 AU | used best marg 0.9851 | tank 743.4 miss 72 km (0.04 s)
[17:20:48] leg 13 -> 260 (tof 117.0 d): L4 price src 1.4519 best 1.4519 (dt 0.0) coast 0.1566 AU | used best marg 1.3675 | tank 769.8 miss 14 km (0.04 s)
[17:20:49] leg 14 -> 272 (tof 283.4 d): L4 price src 1.3793 best 1.3793 (dt 0.0) coast 0.2498 AU | used best marg 1.2486 | tank 794.7 miss 14 km (0.07 s)
[17:20:49] leg 15 -> 213 (tof 198.3 d): L4 price src 1.1855 best 1.1855 (dt 0.0) coast 0.2906 AU | used best marg 0.9051 | tank 813.2 miss 14 km (0.06 s)
[17:20:49] leg 16 -> 267 (tof 269.8 d): L4 price src 0.8939 best 0.6981 (dt -5.0) coast 0.2481 AU | used best marg 0.9042 | tank 832.2 miss 51 km (0.05 s)
[17:20:49] leg 17 ->  51 (tof 196.0 d): L4 price src 0.8004 best 0.4304 (dt 2.5) coast 0.372 AU | used best marg 0.8771 | tank 851.0 miss 47 km (0.05 s)
[17:20:49] leg 18 -> 248 (tof 170.9 d): L4 price src 0.8705 best 0.2981 (dt -5.0) coast 0.1212 AU | used best marg 0.2868 | tank 857.2 miss 14 km (0.07 s)
[17:20:49] leg 19 -> 168 (tof 227.2 d): L4 price src 1.0147 best 1.0147 (dt 0.0) coast 0.3285 AU | used best marg 1.9487 | tank 900.9 miss 14 km (0.06 s)
[17:20:49] leg 20 -> 124 (tof 253.0 d): L4 price src 1.3258 best 0.9665 (dt -7.5) coast 0.3945 AU | used best marg 0.7703 | tank 918.8 miss 14 km (0.07 s)
[17:20:49] leg 21 ->  71 (tof 116.0 d): L4 price src 0.4839 best 0.0799 (dt 2.5) coast 0.0371 AU | used best marg 0.0764 | tank 920.6 miss 14 km (0.04 s)
[17:20:49] leg 22 ->   2 (tof  61.2 d): L4 price src 1.5522 best 0.5983 (dt 7.5) coast 0.0564 AU | used best marg 0.5852 | tank 934.4 miss 14 km (0.07 s)
[17:20:49] leg 23 -> 157 (tof 196.4 d): L4 price src 3.9459 best 3.6896 (dt 2.5) coast 0.5451 AU | used best marg 2.5106 | tank 996.2 miss 14 km (0.06 s)
[17:20:49] leg 24 ->   6 (tof 101.6 d): L4 price src -0.0772 best -0.0772 (dt 0.0) coast 0.2144 AU | used best marg -0.1759 | tank 991.7 miss 14 km (0.05 s)
[17:20:49] leg 25 -> 188 (tof 114.4 d): L4 price src 0.1387 best 0.1387 (dt 0.0) coast 0.0772 AU | used best marg 0.1414 | tank 995.3 miss 14 km (0.06 s)
[17:20:49] leg 26 -> 219 (tof 182.7 d): L4 price src 1.1505 best 1.1505 (dt 0.0) coast 0.1779 AU | used best marg 1.1493 | tank 1024.9 miss 14 km (0.06 s)
[17:20:49] leg 27 -> 221 (tof 131.6 d): L4 price src 0.7316 best 0.5473 (dt 7.5) coast 0.2002 AU | used best marg 0.6157 | tank 1041.1 miss 77 km (0.06 s)
[17:20:55] RESULT guided 05 L4: 27 legs; admissible at the source epoch <=1.2/2.0/3.0 km/s: 19/25/26; best epoch +-15 d: 21/25/26; refine fails 0; planned 28 fb @ 1041.1 kg; settled {'ok': True, 'miss': 50.4, 'tank': 978.83, 'dt_s': 5.3}; source 976.3 kg; wall 2 s
