[17:20:17] === s14_lookback guided route 05: 28 fb @ 976.3 kg; L 3 mcap 1100.0 (tcap 0.675 km/s/node) eps 0.05,0.02,0.01,0.005,0.003,0.002 ref 6/100.0/1000.0/rho 30.0
[17:20:17] leg  1 ->  42 (tof 195.0 d): L3 price src 0.4524 best 0.4524 (dt 0.0) coast 0.2361 AU | used best marg 0.4797 | tank 608.9 miss 2 km (0.04 s)
[17:20:17] leg  2 -> 270 (tof 206.9 d): L3 price src 0.2805 best 0.2805 (dt 0.0) coast 0.0402 AU | used best marg 0.292 | tank 613.5 miss 1 km (0.04 s)
[17:20:17] leg  3 ->   8 (tof 237.1 d): L3 price src 0.836 best 0.836 (dt 0.0) coast 0.0638 AU | used best marg 0.8062 | tank 626.2 miss 0 km (0.06 s)
[17:20:17] leg  4 ->  39 (tof 110.4 d): L3 price src 0.818 best 0.818 (dt 0.0) coast 0.0388 AU | used best marg 0.8129 | tank 639.3 miss 0 km (0.05 s)
[17:20:17] leg  5 ->  49 (tof 191.0 d): L3 price src 0.9299 best 0.9299 (dt 0.0) coast 0.3342 AU | used best marg 0.9673 | tank 655.3 miss 0 km (0.05 s)
[17:20:17] leg  6 -> 251 (tof 223.8 d): L3 price src 0.3835 best 0.2573 (dt 2.5) coast 0.1517 AU | used best marg 0.302 | tank 660.3 miss 0 km (0.04 s)
[17:20:17] leg  7 -> 292 (tof 155.2 d): L3 price src 2.2417 best 1.6643 (dt 15.0) coast 0.4801 AU | used best marg 1.2973 | tank 682.5 miss 0 km (0.07 s)
[17:20:17] leg  8 -> 273 (tof 167.3 d): L3 price src 0.5283 best -0.0952 (dt -5.0) coast 0.1605 AU | used best marg -0.0339 | tank 681.9 miss 49 km (0.03 s)
[17:20:17] leg  9 -> 165 (tof 257.8 d): L3 price src 2.173 best 2.1585 (dt -2.5) coast 0.4561 AU | used best marg 2.0573 | tank 718.7 miss 32 km (0.03 s)
[17:20:17] leg 10 -> 118 (tof 129.8 d): L3 price src 1.4947 best 1.4031 (dt 2.5) coast 0.3757 AU | used best marg 0.7235 | tank 732.0 miss 11 km (0.05 s)
[17:20:17] leg 11 -> 150 (tof 202.4 d): L3 price src 0.121 best 0.0237 (dt -7.5) coast 0.0831 AU | used best marg 0.0071 | tank 732.2 miss 11 km (0.06 s)
[17:20:17] leg 12 ->  68 (tof  63.8 d): L3 price src 0.9621 best 0.9058 (dt -2.5) coast 0.0889 AU | used best marg 0.9896 | tank 750.9 miss 34 km (0.03 s)
[17:20:17] leg 13 -> 260 (tof 117.1 d): L3 price src 1.5182 best 1.5182 (dt 0.0) coast 0.1613 AU | used best marg 1.4256 | tank 778.7 miss 11 km (0.03 s)
[17:20:17] leg 14 -> 272 (tof 283.4 d): L3 price src 1.6221 best 1.6221 (dt 0.0) coast 0.2561 AU | used best marg 1.4791 | tank 808.6 miss 11 km (0.03 s)
[17:20:18] leg 15 -> 213 (tof 198.3 d): L3 price src 1.013 best 1.013 (dt 0.0) coast 0.2275 AU | used best marg 0.8604 | tank 826.5 miss 11 km (0.06 s)
[17:20:18] leg 16 -> 267 (tof 269.8 d): L3 price src 0.7338 best 0.3954 (dt -5.0) coast 0.2937 AU | used best marg 0.7114 | tank 841.6 miss 43 km (0.04 s)
[17:20:18] leg 17 ->  51 (tof 195.3 d): L3 price src 0.863 best 0.5269 (dt 2.5) coast 0.3347 AU | used best marg 0.9278 | tank 861.8 miss 11 km (0.04 s)
[17:20:18] leg 18 -> 248 (tof 170.7 d): L3 price src 1.3778 best 0.8054 (dt -5.0) coast 0.1823 AU | used best marg 0.9392 | tank 882.7 miss 11 km (0.06 s)
[17:20:18] leg 19 -> 168 (tof 227.2 d): L3 price src 0.8068 best 0.8068 (dt 0.0) coast 0.3988 AU | used best marg 1.9679 | tank 928.1 miss 11 km (0.07 s)
[17:20:18] leg 20 -> 124 (tof 253.4 d): L3 price src 1.7522 best 1.1485 (dt -10.0) coast 0.4285 AU | used best marg 0.8899 | tank 949.4 miss 11 km (0.05 s)
[17:20:18] leg 21 ->  71 (tof 118.7 d): L3 price src 0.9699 best 0.1346 (dt 5.0) coast 0.0603 AU | used best marg 0.1314 | tank 952.6 miss 84 km (0.04 s)
[17:20:18] leg 22 ->   2 (tof  58.8 d): L3 price src 2.5468 best 1.1085 (dt 7.5) coast 0.1068 AU | used best marg 1.1366 | tank 980.6 miss 84 km (0.04 s)
[17:20:18] leg 23 -> 157 (tof 195.8 d): L3 price src 4.6673 best 4.4577 (dt 5.0) coast 0.5793 AU | used best marg 3.0646 | tank 1060.2 miss 58 km (0.05 s)
[17:20:18] leg 24 ->   6 (tof  99.3 d): L3 price src 1.2514 best 0.1951 (dt -2.5) coast 0.3224 AU | used best marg -0.0043 | tank 1060.1 miss 58 km (0.04 s)
[17:20:18] leg 25 -> 188 (tof 115.2 d): L3 price src 0.1237 best 0.1237 (dt 0.0) coast 0.0106 AU | used best marg 0.1159 | tank 1063.3 miss 58 km (0.05 s)
[17:20:18] leg 26 -> 219 (tof 182.6 d): L3 price src 1.3517 best 1.2783 (dt -2.5) coast 0.1531 AU | used best marg 1.2412 | tank 1097.5 miss 58 km (0.04 s)
[17:20:18] leg 27 -> 221 (tof 134.0 d): L3 price src 0.7535 best 0.34 (dt 7.5) coast 0.2525 AU | used best marg 0.4531 | tank 1110.2 miss 58 km (0.05 s)
[17:20:25] RESULT guided 05 L3: 27 legs; admissible at the source epoch <=1.2/2.0/3.0 km/s: 16/23/26; best epoch +-15 d: 20/25/26; refine fails 0; planned 28 fb @ 1110.2 kg; settled {'ok': True, 'miss': 4.1, 'tank': 979.93, 'dt_s': 6.7}; source 976.3 kg; wall 1 s
