[17:20:50] === s14_lookback guided route 06: 27 fb @ 791.9 kg; L 4 mcap 1100.0 (tcap 0.675 km/s/node) eps 0.05,0.02,0.01,0.005,0.003,0.002 ref 6/100.0/1000.0/rho 30.0
[17:20:50] leg  1 -> 169 (tof 209.2 d): L4 price src 0.488 best 0.488 (dt 0.0) coast 0.1924 AU | used best marg 0.5224 | tank 609.6 miss 66 km (0.04 s)
[17:20:50] leg  2 ->  31 (tof 135.2 d): L4 price src 0.8974 best 0.5577 (dt 2.5) coast 0.1012 AU | used best marg 0.5545 | tank 618.2 miss 90 km (0.04 s)
[17:20:50] leg  3 -> 293 (tof 252.4 d): L4 price src 3.3617 best 3.2174 (dt 10.0) coast 0.7444 AU | used best marg 3.0806 | tank 668.8 miss 3 km (0.06 s)
[17:20:50] leg  4 -> 242 (tof 146.8 d): L4 price src 0.0262 best -0.0572 (dt -15.0) coast 0.5105 AU | used best marg -0.3727 | tank 662.4 miss 3 km (0.05 s)
[17:20:50] leg  5 -> 172 (tof  45.7 d): L4 price src 0.5109 best 0.0906 (dt 2.5) coast 0.0278 AU | used best marg 0.0784 | tank 663.8 miss 40 km (0.03 s)
[17:20:50] leg  6 -> 166 (tof 125.0 d): L4 price src 0.4982 best 0.4982 (dt 0.0) coast 0.1357 AU | used best marg 0.5169 | tank 672.6 miss 1 km (0.04 s)
[17:20:50] leg  7 -> 269 (tof 263.3 d): L4 price src 0.2554 best 0.2554 (dt 0.0) coast 0.0209 AU | used best marg 0.2363 | tank 676.6 miss 1 km (0.05 s)
[17:20:50] leg  8 -> 233 (tof 172.3 d): L4 price src 1.342 best 1.1124 (dt 7.5) coast 0.0819 AU | used best marg 1.0675 | tank 695.3 miss 30 km (0.04 s)
[17:20:50] leg  9 -> 199 (tof 156.6 d): L4 price src 0.6284 best 0.6284 (dt 0.0) coast 0.102 AU | used best marg 0.4485 | tank 703.3 miss 1 km (0.07 s)
[17:20:50] leg 10 -> 207 (tof 213.4 d): L4 price src 0.3268 best -0.0765 (dt -2.5) coast 0.0827 AU | used best marg -0.0753 | tank 701.9 miss 62 km (0.05 s)
[17:20:50] leg 11 -> 121 (tof 158.9 d): L4 price src 1.1619 best 1.0434 (dt -2.5) coast 0.2364 AU | used best marg 0.8712 | tank 717.7 miss 2 km (0.05 s)
[17:20:50] leg 12 ->  62 (tof 255.5 d): L4 price src 0.4091 best 0.4091 (dt 0.0) coast 0.2104 AU | used best marg 0.5165 | tank 727.2 miss 2 km (0.07 s)
[17:20:50] leg 13 -> 230 (tof 244.8 d): L4 price src 0.1412 best 0.1412 (dt 0.0) coast 0.093 AU | used best marg 0.1324 | tank 729.7 miss 79 km (0.07 s)
[17:20:50] leg 14 -> 116 (tof 153.5 d): L4 price src 0.3018 best 0.3018 (dt 0.0) coast 0.0484 AU | used best marg 0.2905 | tank 735.1 miss 53 km (0.03 s)
[17:20:51] leg 15 -> 290 (tof 269.3 d): L4 price src 0.0218 best 0.0218 (dt 0.0) coast 0.0205 AU | used best marg 0.0138 | tank 735.4 miss 10 km (0.04 s)
[17:20:51] leg 16 ->  56 (tof 263.1 d): L4 price src 0.1244 best 0.1244 (dt 0.0) coast 0.0613 AU | used best marg 0.1199 | tank 737.6 miss 3 km (0.07 s)
[17:20:51] leg 17 ->  18 (tof 208.0 d): L4 price src 0.678 best 0.6338 (dt 2.5) coast 0.3434 AU | used best marg 0.6425 | tank 749.8 miss 42 km (0.05 s)
[17:20:51] leg 18 -> 282 (tof 171.7 d): L4 price src 0.1839 best 0.1839 (dt 0.0) coast 0.0999 AU | used best marg 0.1677 | tank 753.0 miss 86 km (0.08 s)
[17:20:51] leg 19 -> 255 (tof 284.3 d): L4 price src 0.6762 best 0.5748 (dt 2.5) coast 0.1393 AU | used best marg 0.5848 | tank 764.3 miss 3 km (0.05 s)
[17:20:51] leg 20 -> 237 (tof 225.7 d): L4 price src 0.5094 best 0.3781 (dt -2.5) coast 0.1014 AU | used best marg 0.3801 | tank 771.8 miss 90 km (0.05 s)
[17:20:51] leg 21 -> 234 (tof  88.0 d): L4 price src 0.3512 best 0.1854 (dt 2.5) coast 0.0869 AU | used best marg 0.2092 | tank 775.9 miss 8 km (0.04 s)
[17:20:51] leg 22 -> 291 (tof 158.9 d): L4 price src 0.3429 best 0.2654 (dt -2.5) coast 0.1112 AU | used best marg 0.282 | tank 781.5 miss 8 km (0.04 s)
[17:20:51] leg 23 -> 167 (tof 289.4 d): L4 price src 0.2562 best 0.2562 (dt 0.0) coast 0.3023 AU | used best marg 0.4444 | tank 790.4 miss 76 km (0.05 s)
[17:20:51] leg 24 -> 146 (tof 281.7 d): L4 price src 0.957 best 0.7893 (dt 5.0) coast 0.3742 AU | used best marg 0.5498 | tank 801.5 miss 8 km (0.08 s)
[17:20:51] leg 25 -> 212 (tof 151.0 d): L4 price src -0.0341 best -0.0341 (dt 0.0) coast 0.0052 AU | used best marg -0.0341 | tank 800.8 miss 8 km (0.04 s)
[17:20:51] leg 26 ->  94 (tof 208.6 d): L4 price src 0.5829 best 0.5829 (dt 0.0) coast 0.2493 AU | used best marg 0.5301 | tank 811.7 miss 8 km (0.07 s)
[17:20:54] RESULT guided 06 L4: 26 legs; admissible at the source epoch <=1.2/2.0/3.0 km/s: 24/25/25; best epoch +-15 d: 25/25/25; refine fails 0; planned 27 fb @ 811.7 kg; settled {'ok': True, 'miss': 6.5, 'tank': 791.0, 'dt_s': 3.1}; source 791.9 kg; wall 1 s
