[17:19:02] === s14_lookback guided route 06: 27 fb @ 791.9 kg; L 1 mcap 1100.0 (tcap 0.675 km/s/node) eps 0.05,0.02,0.01,0.005,0.003,0.002 ref 6/100.0/1000.0/rho 30.0
[17:19:02] leg  1 -> 169 (tof 209.2 d): L1 price src 0.8185 best 0.8185 (dt 0.0) coast 0.1924 AU | used best marg 0.9552 | tank 616.3 miss 1983568 km (0.02 s)
[17:19:02] leg  2 ->  31 (tof 135.2 d): L1 price src 0.9128 best 0.4758 (dt 2.5) coast 0.0714 AU | used best marg 0.4555 | tank 623.5 miss 1983568 km (0.01 s)
[17:19:06] leg  3 -> 293 (tof 252.6 d): L1 price src None best None (dt None) coast None AU | used fallback marg 0.5438 | tank 632.2 miss 0 km (3.85 s)
[17:19:07] leg  4 -> 242 (tof 130.6 d): L1 price src None best None (dt None) coast None AU | used fallback marg 0.8661 | tank 646.3 miss 8 km (1.13 s)
[17:19:08] leg  5 -> 172 (tof  62.8 d): L1 price src None best None (dt None) coast None AU | used fallback marg 0.4261 | tank 653.4 miss 1 km (1.00 s)
[17:19:09] leg  6 -> 166 (tof 124.6 d): L1 price src None best None (dt None) coast None AU | used fallback marg 0.4902 | tank 661.6 miss 1 km (0.87 s)
[17:19:09] leg  7 -> 269 (tof 263.4 d): L1 price src 0.2737 best 0.2737 (dt 0.0) coast 0.0296 AU | used best marg 0.2574 | tank 666.0 miss 1 km (0.03 s)
[17:19:09] leg  8 -> 233 (tof 172.2 d): L1 price src 1.3419 best 1.1665 (dt 5.0) coast 0.0928 AU | used best marg 1.1248 | tank 685.4 miss 80 km (0.02 s)
[17:19:09] leg  9 -> 199 (tof 158.8 d): L1 price src 1.3903 best 1.3903 (dt 0.0) coast 0.1017 AU | used best marg 1.3137 | tank 708.7 miss 98 km (0.02 s)
[17:19:09] leg 10 -> 207 (tof 212.9 d): L1 price src 2.4484 best 2.214 (dt -5.0) coast 0.3097 AU | used best marg 1.6663 | tank 739.4 miss 98 km (0.02 s)
[17:19:09] leg 11 -> 121 (tof 160.2 d): L1 price src 0.9443 best 0.5618 (dt -2.5) coast 0.0823 AU | used best marg 0.5316 | tank 749.5 miss 98 km (0.02 s)
[17:19:09] leg 12 ->  62 (tof 255.9 d): L1 price src 0.4743 best 0.4743 (dt 0.0) coast 0.2561 AU | used best marg 0.7815 | tank 764.6 miss 98 km (0.05 s)
[17:19:09] leg 13 -> 230 (tof 244.9 d): L1 price src 0.7849 best 0.6676 (dt 2.5) coast 0.1458 AU | used best marg 0.6155 | tank 776.7 miss 98 km (0.05 s)
[17:19:09] leg 14 -> 116 (tof 151.0 d): L1 price src 1.188 best 0.476 (dt 5.0) coast 0.1042 AU | used best marg 0.4744 | tank 786.1 miss 98 km (0.01 s)
[17:19:09] leg 15 -> 290 (tof 264.4 d): L1 price src 0.1557 best 0.1557 (dt 0.0) coast 0.047 AU | used best marg 0.1113 | tank 788.4 miss 98 km (0.03 s)
[17:19:09] leg 16 ->  56 (tof 263.2 d): L1 price src 0.6375 best 0.6375 (dt 0.0) coast 0.1792 AU | used best marg 0.7972 | tank 804.6 miss 98 km (0.03 s)
[17:19:09] leg 17 ->  18 (tof 207.8 d): L1 price src 0.6933 best 0.4994 (dt -2.5) coast 0.146 AU | used best marg 0.4903 | tank 814.7 miss 98 km (0.02 s)
[17:19:09] leg 18 -> 282 (tof 172.7 d): L1 price src 1.2982 best 1.2982 (dt 0.0) coast 0.1205 AU | used best marg 1.1972 | tank 839.9 miss 98 km (0.01 s)
[17:19:09] leg 19 -> 255 (tof 284.5 d): L1 price src 3.6802 best 2.331 (dt 15.0) coast 0.4771 AU | used best marg 2.2233 | tank 888.9 miss 98 km (0.02 s)
[17:19:09] leg 20 -> 237 (tof 224.8 d): L1 price src 3.3562 best 2.4536 (dt 12.5) coast 0.3814 AU | used best marg 1.9492 | tank 934.2 miss 98 km (0.03 s)
[17:19:14] leg 21 -> 234 (tof  78.6 d): L1 price src None best None (dt None) coast None AU | used fallback marg -8.0143 | tank 761.6 miss 0 km (4.40 s)
[17:19:14] leg 22 -> 291 (tof 159.4 d): L1 price src 1.2968 best 0.979 (dt -5.0) coast 0.089 AU | used best marg 1.0237 | tank 781.7 miss 43 km (0.01 s)
[17:19:14] leg 23 -> 167 (tof 291.8 d): L1 price src 0.6177 best 0.6177 (dt 0.0) coast 0.2385 AU | used best marg 0.6955 | tank 795.7 miss 43 km (0.03 s)
[17:19:14] leg 24 -> 146 (tof 281.7 d): L1 price src 3.5056 best 2.6077 (dt 12.5) coast 0.4744 AU | used best marg 2.1209 | tank 839.9 miss 43 km (0.02 s)
[17:19:14] leg 25 -> 212 (tof 146.7 d): L1 price src 1.1171 best 1.1171 (dt 0.0) coast 0.2071 AU | used best marg 1.1118 | tank 864.0 miss 43 km (0.01 s)
[17:19:14] leg 26 ->  94 (tof 210.1 d): L1 price src 1.3544 best 1.3544 (dt 0.0) coast 0.4377 AU | used best marg 1.7734 | tank 904.0 miss 43 km (0.02 s)
[17:19:15] RESULT guided 06 L1: 26 legs; admissible at the source epoch <=1.2/2.0/3.0 km/s: 12/17/18; best epoch +-15 d: 14/17/21; refine fails 5; planned 27 fb @ 904.0 kg; settled {'ok': True, 'miss': 22.0, 'tank': 790.81, 'dt_s': 1.5}; source 791.9 kg; wall 12 s
