[17:19:09] === s14_lookback guided route 07: 27 fb @ 815.1 kg; L 1 mcap 1100.0 (tcap 0.675 km/s/node) eps 0.05,0.02,0.01,0.005,0.003,0.002 ref 6/100.0/1000.0/rho 30.0
[17:19:10] leg  1 -> 181 (tof 161.1 d): L1 price src None best None (dt None) coast None AU | used fallback marg 0.869 | tank 615.0 miss 0 km (0.25 s)
[17:19:10] leg  2 -> 103 (tof 304.9 d): L1 price src 1.8309 best 1.2182 (dt 15.0) coast 0.3882 AU | used best marg 1.2424 | tank 634.8 miss 3 km (0.02 s)
[17:19:10] leg  3 -> 138 (tof 217.2 d): L1 price src None best None (dt None) coast None AU | used fallback marg -0.5162 | tank 626.5 miss 0 km (0.61 s)
[17:19:10] leg  4 -> 214 (tof 350.4 d): L1 price src 0.8863 best 0.8863 (dt 0.0) coast 0.4229 AU | used best marg 0.9516 | tank 641.9 miss 0 km (0.04 s)
[17:19:10] leg  5 -> 203 (tof 202.3 d): L1 price src 1.0075 best 0.9457 (dt -2.5) coast 0.3056 AU | used best marg 1.1967 | tank 661.7 miss 96 km (0.02 s)
[17:19:10] leg  6 -> 201 (tof 220.9 d): L1 price src 0.7188 best 0.5378 (dt 2.5) coast 0.2377 AU | used best marg 0.5422 | tank 670.9 miss 96 km (0.02 s)
[17:19:11] leg  7 ->  19 (tof  53.7 d): L1 price src None best None (dt None) coast None AU | used fallback marg -0.9851 | tank 654.3 miss 1 km (0.73 s)
[17:19:11] leg  8 ->  88 (tof 240.3 d): L1 price src 1.0104 best 0.6687 (dt -2.5) coast 0.3098 AU | used best marg 1.0627 | tank 672.3 miss 1 km (0.03 s)
[17:19:12] leg  9 ->  69 (tof 107.7 d): L1 price src None best None (dt None) coast None AU | used fallback marg -0.5553 | tank 662.8 miss 1 km (1.01 s)
[17:19:12] leg 10 -> 299 (tof 325.6 d): L1 price src 1.785 best 1.2631 (dt -7.5) coast 0.2824 AU | used best marg 1.6417 | tank 691.1 miss 51 km (0.02 s)
[17:19:15] leg 11 -> 106 (tof  38.3 d): L1 price src None best None (dt None) coast None AU | used fallback marg 0.2482 | tank 695.5 miss 68 km (2.79 s)
[17:19:15] leg 12 -> 191 (tof 356.1 d): L1 price src 0.1913 best 0.1913 (dt 0.0) coast 0.0981 AU | used best marg 0.1931 | tank 699.0 miss 68 km (0.02 s)
[17:19:15] leg 13 -> 119 (tof 100.5 d): L1 price src 0.5665 best 0.2401 (dt -2.5) coast 0.0326 AU | used best marg 0.2327 | tank 703.1 miss 68 km (0.01 s)
[17:19:15] leg 14 ->  15 (tof 231.2 d): L1 price src 1.4414 best 1.3383 (dt 2.5) coast 0.1868 AU | used best marg 1.1966 | tank 724.9 miss 68 km (0.02 s)
[17:19:15] leg 15 -> 178 (tof 152.2 d): L1 price src 1.1173 best 0.6358 (dt 2.5) coast 0.1061 AU | used best marg 0.6262 | tank 736.6 miss 68 km (0.02 s)
[17:19:17] leg 16 -> 241 (tof  96.0 d): L1 price src None best None (dt None) coast None AU | used fallback marg -0.8011 | tank 721.7 miss 7 km (2.59 s)
[17:19:19] leg 17 ->  87 (tof  89.9 d): L1 price src None best None (dt None) coast None AU | used fallback marg 0.4042 | tank 729.1 miss 8 km (1.28 s)
[17:19:19] leg 18 ->   3 (tof 283.9 d): L1 price src 0.423 best 0.423 (dt 0.0) coast 0.0965 AU | used best marg 0.3949 | tank 736.5 miss 73 km (0.03 s)
[17:19:19] leg 19 ->  43 (tof 241.0 d): L1 price src 0.8467 best 0.8467 (dt 0.0) coast 0.0734 AU | used best marg 0.8255 | tank 752.2 miss 73 km (0.01 s)
[17:19:19] leg 20 -> 170 (tof 182.9 d): L1 price src 0.4188 best 0.4188 (dt 0.0) coast 0.0715 AU | used best marg 0.4055 | tank 760.0 miss 73 km (0.02 s)
[17:19:19] leg 21 ->  36 (tof  78.1 d): L1 price src 0.1801 best 0.1801 (dt 0.0) coast 0.012 AU | used best marg 0.1524 | tank 763.0 miss 90 km (0.01 s)
[17:19:19] leg 22 ->  23 (tof 219.8 d): L1 price src 1.0931 best 0.9499 (dt -2.5) coast 0.1375 AU | used best marg 0.9617 | tank 781.9 miss 90 km (0.02 s)
[17:19:21] leg 23 -> 294 (tof  64.4 d): L1 price src None best None (dt None) coast None AU | used fallback marg -0.2892 | tank 776.2 miss 24 km (2.07 s)
[17:19:21] leg 24 -> 296 (tof 179.5 d): L1 price src 0.959 best 0.5224 (dt 5.0) coast 0.1177 AU | used best marg 0.5858 | tank 787.8 miss 97 km (0.01 s)
[17:19:23] leg 25 ->  13 (tof  36.0 d): L1 price src None best None (dt None) coast None AU | used fallback marg 0.8504 | tank 805.1 miss 54 km (2.03 s)
[17:19:23] leg 26 -> 184 (tof 162.1 d): L1 price src 2.4642 best 2.014 (dt 10.0) coast 0.2712 AU | used best marg 1.6777 | tank 840.3 miss 54 km (0.02 s)
[17:19:24] RESULT guided 07 L1: 26 legs; admissible at the source epoch <=1.2/2.0/3.0 km/s: 13/16/17; best epoch +-15 d: 13/16/17; refine fails 9; planned 27 fb @ 840.3 kg; settled {'ok': True, 'miss': 30.1, 'tank': 815.27, 'dt_s': 1.0}; source 815.1 kg; wall 14 s
