[17:19:16] === s14_lookback guided route 08: 26 fb @ 870.6 kg; L 1 mcap 1100.0 (tcap 0.675 km/s/node) eps 0.05,0.02,0.01,0.005,0.003,0.002 ref 6/100.0/1000.0/rho 30.0
[17:19:16] leg  1 ->  98 (tof 233.8 d): L1 price src 3.4466 best 1.3662 (dt -15.0) coast 0.3334 AU | used best marg 1.3481 | tank 622.5 miss 16 km (0.02 s)
[17:19:18] leg  2 ->  86 (tof 164.7 d): L1 price src None best None (dt None) coast None AU | used fallback marg -0.9881 | tank 607.0 miss 3 km (1.18 s)
[17:19:18] leg  3 -> 108 (tof 271.8 d): L1 price src 0.7524 best 0.7524 (dt 0.0) coast 0.306 AU | used best marg 0.7779 | tank 619.2 miss 3 km (0.02 s)
[17:19:18] leg  4 -> 196 (tof 131.2 d): L1 price src 1.3436 best 0.907 (dt -5.0) coast 0.0478 AU | used best marg 0.9041 | tank 633.6 miss 62 km (0.01 s)
[17:19:18] leg  5 -> 154 (tof 549.4 d): L1 price src 2.4798 best 1.9246 (dt -10.0) coast 0.3973 AU | used best marg 1.77 | tank 662.9 miss 62 km (0.03 s)
[17:19:18] leg  6 -> 257 (tof 347.4 d): L1 price src 1.5246 best 0.402 (dt -7.5) coast 0.1951 AU | used best marg 0.3376 | tank 668.6 miss 62 km (0.02 s)
[17:19:18] leg  7 ->  93 (tof 172.3 d): L1 price src 2.8159 best 1.2572 (dt 7.5) coast 0.1844 AU | used best marg 1.45 | tank 693.8 miss 62 km (0.02 s)
[17:19:20] leg  8 -> 177 (tof  63.6 d): L1 price src None best None (dt None) coast None AU | used fallback marg -2.2574 | tank 655.0 miss 18 km (2.51 s)
[17:19:20] leg  9 -> 160 (tof 249.7 d): L1 price src 0.9585 best 0.589 (dt -10.0) coast 0.0649 AU | used best marg 0.5765 | tank 664.7 miss 30 km (0.02 s)
[17:19:20] leg 10 -> 180 (tof 263.8 d): L1 price src 3.7114 best 3.6803 (dt 2.5) coast 0.2686 AU | used best marg 3.6141 | tank 728.9 miss 30 km (0.02 s)
[17:19:22] leg 11 -> 145 (tof 224.5 d): L1 price src None best None (dt None) coast None AU | used fallback marg -1.0762 | tank 709.1 miss 66 km (1.54 s)
[17:19:22] leg 12 -> 286 (tof 147.4 d): L1 price src 1.1077 best 0.3319 (dt -7.5) coast 0.1024 AU | used best marg 0.3188 | tank 714.9 miss 66 km (0.02 s)
[17:19:24] leg 13 -> 247 (tof 102.9 d): L1 price src None best None (dt None) coast None AU | used fallback marg 0.5337 | tank 724.7 miss 82 km (1.83 s)
[17:19:24] leg 14 ->  59 (tof 261.6 d): L1 price src 0.9473 best 0.7346 (dt 10.0) coast 0.1838 AU | used best marg 0.7667 | tank 739.0 miss 82 km (0.03 s)
[17:19:24] leg 15 -> 198 (tof 185.5 d): L1 price src 3.0412 best 3.0412 (dt 0.0) coast 0.1343 AU | used best marg 3.0024 | tank 797.8 miss 85 km (0.01 s)
[17:19:28] leg 16 ->   1 (tof 107.7 d): L1 price src None best None (dt None) coast None AU | used fallback marg -1.3699 | tank 770.4 miss 82 km (4.38 s)
[17:19:28] leg 17 -> 280 (tof 214.0 d): L1 price src 0.9074 best 0.9074 (dt 0.0) coast 0.2031 AU | used best marg 0.9959 | tank 790.2 miss 82 km (0.02 s)
[17:19:28] leg 18 ->  96 (tof 148.6 d): L1 price src 1.6726 best 1.645 (dt 2.5) coast 0.1055 AU | used best marg 1.5882 | tank 822.9 miss 82 km (0.02 s)
[17:19:28] leg 19 -> 110 (tof  57.7 d): L1 price src 1.904 best 1.904 (dt 2.5) coast 0.0516 AU | used best marg 1.8525 | tank 862.7 miss 82 km (0.01 s)
[17:19:28] leg 20 ->  70 (tof 117.2 d): L1 price src 1.9314 best 1.9314 (dt -15.0) coast 0.1204 AU | used best marg 1.8867 | tank 905.2 miss 82 km (0.02 s)
[17:19:28] leg 21 -> 148 (tof 307.6 d): L1 price src 1.2996 best 0.6582 (dt 10.0) coast 0.3542 AU | used best marg 1.1994 | tank 933.3 miss 82 km (0.05 s)
[17:19:28] leg 22 -> 244 (tof 190.9 d): L1 price src 2.1362 best 0.4259 (dt 7.5) coast 0.1329 AU | used best marg 0.3659 | tank 942.0 miss 82 km (0.02 s)
[17:19:39] leg 23 ->  91 (tof  45.6 d): L1 price src None best None (dt None) coast None AU | used fallback marg -3.9606 | tank 851.5 miss 30 km (10.73 s)
[17:19:46] leg 24 ->  64 (tof  79.9 d): L1 price src None best None (dt None) coast None AU | used fallback marg 0.8959 | tank 871.2 miss 1 km (6.98 s)
[17:19:46] leg 25 ->  95 (tof 176.1 d): L1 price src 0.5575 best 0.5575 (dt 0.0) coast 0.0594 AU | used best marg 0.5696 | tank 884.0 miss 1 km (0.01 s)
[17:19:49] RESULT guided 08 L1: 25 legs; admissible at the source epoch <=1.2/2.0/3.0 km/s: 6/12/15; best epoch +-15 d: 10/16/16; refine fails 7; planned 26 fb @ 884.0 kg; settled {'ok': True, 'miss': 75.2, 'tank': 872.78, 'dt_s': 3.5}; source 870.6 kg; wall 30 s
