[17:20:54] === s14_lookback guided route 08: 26 fb @ 870.6 kg; L 4 mcap 1100.0 (tcap 0.675 km/s/node) eps 0.05,0.02,0.01,0.005,0.003,0.002 ref 6/100.0/1000.0/rho 30.0
[17:20:54] leg  1 ->  98 (tof 233.8 d): L4 price src 1.5873 best 0.5691 (dt -10.0) coast 0.3334 AU | used best marg 0.602 | tank 610.8 miss 0 km (0.04 s)
[17:20:54] leg  2 ->  86 (tof 159.8 d): L4 price src 0.3845 best 0.3845 (dt 0.0) coast 0.2684 AU | used best marg 0.2499 | tank 614.7 miss 0 km (0.06 s)
[17:20:54] leg  3 -> 108 (tof 273.2 d): L4 price src 0.7461 best 0.3708 (dt -2.5) coast 0.3622 AU | used best marg 0.4262 | tank 621.4 miss 35 km (0.09 s)
[17:20:54] leg  4 -> 196 (tof 130.6 d): L4 price src 1.4936 best 0.7278 (dt -10.0) coast 0.0724 AU | used best marg 0.6193 | tank 631.3 miss 16 km (0.07 s)
[17:20:54] leg  5 -> 154 (tof 553.9 d): L4 price src 1.8207 best 1.1656 (dt -12.5) coast 0.1997 AU | used best marg 1.0198 | tank 647.9 miss 16 km (0.07 s)
[17:20:54] leg  6 -> 257 (tof 351.6 d): L4 price src 1.1646 best 0.065 (dt -7.5) coast 0.1226 AU | used best marg 0.0235 | tank 648.3 miss 16 km (0.09 s)
[17:20:54] leg  7 ->  93 (tof 172.6 d): L4 price src 1.0125 best 0.5462 (dt 5.0) coast 0.3574 AU | used best marg 1.0213 | tank 665.4 miss 16 km (0.07 s)
[17:20:55] leg  8 -> 177 (tof  64.7 d): L4 price src 1.4233 best 1.2498 (dt -2.5) coast 0.1181 AU | used best marg 1.1528 | tank 685.3 miss 30 km (0.10 s)
[17:20:55] leg  9 -> 160 (tof 250.6 d): L4 price src 0.8342 best 0.3472 (dt -12.5) coast 0.1606 AU | used best marg 0.4148 | tank 692.6 miss 86 km (0.07 s)
[17:20:55] leg 10 -> 180 (tof 266.0 d): L4 price src 2.4928 best 2.337 (dt 2.5) coast 0.1836 AU | used best marg 2.2599 | tank 733.6 miss 16 km (0.06 s)
[17:20:55] leg 11 -> 145 (tof 224.7 d): L4 price src 1.3206 best 1.223 (dt 5.0) coast 0.4633 AU | used best marg 1.0455 | tank 753.4 miss 16 km (0.09 s)
[17:20:55] leg 12 -> 286 (tof 147.8 d): L4 price src 0.2808 best -0.2169 (dt -7.5) coast 0.1195 AU | used best marg -0.2099 | tank 749.4 miss 16 km (0.08 s)
[17:20:55] leg 13 -> 247 (tof 103.0 d): L4 price src 0.9955 best 0.7673 (dt 7.5) coast 0.2324 AU | used best marg 0.9928 | tank 768.6 miss 16 km (0.05 s)
[17:20:55] leg 14 ->  59 (tof 261.3 d): L4 price src 0.7884 best 0.5023 (dt 10.0) coast 0.1486 AU | used best marg 0.4846 | tank 778.2 miss 59 km (0.04 s)
[17:20:55] leg 15 -> 198 (tof 185.6 d): L4 price src 1.7162 best 1.3801 (dt 2.5) coast 0.1357 AU | used best marg 1.429 | tank 807.1 miss 16 km (0.06 s)
[17:20:55] leg 16 ->   1 (tof 104.5 d): L4 price src 1.1391 best 0.9295 (dt -2.5) coast 0.2662 AU | used best marg 0.8909 | tank 825.6 miss 16 km (0.08 s)
[17:20:55] leg 17 -> 280 (tof 214.0 d): L4 price src 0.391 best 0.391 (dt 0.0) coast 0.2454 AU | used best marg 0.4059 | tank 834.2 miss 16 km (0.08 s)
[17:20:55] leg 18 ->  96 (tof 149.4 d): L4 price src 1.6393 best 1.5747 (dt 5.0) coast 0.2048 AU | used best marg 1.4042 | tank 864.6 miss 16 km (0.06 s)
[17:20:55] leg 19 -> 110 (tof  55.5 d): L4 price src 0.4773 best 0.4773 (dt 0.0) coast 0.0529 AU | used best marg 0.4099 | tank 873.7 miss 73 km (0.03 s)
[17:20:55] leg 20 ->  70 (tof 119.4 d): L4 price src 0.4508 best 0.1426 (dt -5.0) coast 0.0168 AU | used best marg 0.1283 | tank 876.5 miss 16 km (0.04 s)
[17:20:55] leg 21 -> 148 (tof 297.3 d): L4 price src 0.6977 best 0.4528 (dt 5.0) coast 0.0282 AU | used best marg 0.4467 | tank 886.6 miss 79 km (0.04 s)
[17:20:55] leg 22 -> 244 (tof 191.4 d): L4 price src 1.4311 best 0.2684 (dt 5.0) coast 0.1373 AU | used best marg 0.2856 | tank 893.0 miss 16 km (0.04 s)
[17:20:55] leg 23 ->  91 (tof  48.7 d): L4 price src 1.6 best 1.1441 (dt -2.5) coast 0.0546 AU | used best marg 1.0138 | tank 916.4 miss 16 km (0.05 s)
[17:20:56] leg 24 ->  64 (tof  79.5 d): L4 price src 0.7234 best 0.7234 (dt 0.0) coast 0.0819 AU | used best marg 0.7505 | tank 934.1 miss 16 km (0.06 s)
[17:20:56] leg 25 ->  95 (tof 176.9 d): L4 price src 0.1136 best 0.1136 (dt 0.0) coast 0.0319 AU | used best marg 0.1038 | tank 936.6 miss 18 km (0.02 s)
[17:21:02] RESULT guided 08 L4: 25 legs; admissible at the source epoch <=1.2/2.0/3.0 km/s: 15/24/25; best epoch +-15 d: 20/24/25; refine fails 0; planned 26 fb @ 936.6 kg; settled {'ok': True, 'miss': 63.8, 'tank': 893.09, 'dt_s': 6.5}; source 870.6 kg; wall 2 s
