[17:20:23] === s14_lookback guided route 08: 26 fb @ 870.6 kg; L 3 mcap 1100.0 (tcap 0.675 km/s/node) eps 0.05,0.02,0.01,0.005,0.003,0.002 ref 6/100.0/1000.0/rho 30.0
[17:20:23] leg  1 ->  98 (tof 233.8 d): L3 price src 1.5873 best 0.5691 (dt -10.0) coast 0.3334 AU | used best marg 0.602 | tank 610.8 miss 0 km (0.04 s)
[17:20:23] leg  2 ->  86 (tof 159.8 d): L3 price src 0.3845 best 0.3845 (dt 0.0) coast 0.2684 AU | used best marg 0.2499 | tank 614.7 miss 0 km (0.06 s)
[17:20:23] leg  3 -> 108 (tof 273.2 d): L3 price src 1.0191 best 0.6193 (dt -2.5) coast 0.3622 AU | used best marg 0.6931 | tank 625.7 miss 0 km (0.07 s)
[17:20:23] leg  4 -> 196 (tof 133.2 d): L3 price src 0.8267 best 0.0708 (dt -7.5) coast 0.0858 AU | used best marg 0.0594 | tank 626.6 miss 15 km (0.02 s)
[17:20:23] leg  5 -> 154 (tof 551.8 d): L3 price src 1.7059 best 0.9828 (dt -10.0) coast 0.1227 AU | used best marg 0.8966 | tank 641.1 miss 1 km (0.09 s)
[17:20:23] leg  6 -> 257 (tof 349.7 d): L3 price src 1.1037 best 0.1938 (dt -7.5) coast 0.0848 AU | used best marg 0.1852 | tank 644.1 miss 1 km (0.05 s)
[17:20:23] leg  7 ->  93 (tof 172.4 d): L3 price src 0.7992 best 0.422 (dt 5.0) coast 0.333 AU | used best marg 0.7126 | tank 655.9 miss 1 km (0.08 s)
[17:20:24] leg  8 -> 177 (tof  64.9 d): L3 price src 1.6918 best 1.3469 (dt -5.0) coast 0.1125 AU | used best marg 1.2528 | tank 677.2 miss 87 km (0.04 s)
[17:20:24] leg  9 -> 160 (tof 253.1 d): L3 price src 1.1836 best 0.503 (dt -12.5) coast 0.4723 AU | used best marg 0.8819 | tank 692.6 miss 13 km (0.06 s)
[17:20:24] leg 10 -> 180 (tof 260.2 d): L3 price src 2.1687 best 2.1687 (dt 0.0) coast 0.2273 AU | used best marg 2.3733 | tank 735.8 miss 13 km (0.05 s)
[17:20:24] leg 11 -> 145 (tof 227.4 d): L3 price src 0.8327 best 0.7763 (dt 2.5) coast 0.3051 AU | used best marg 0.591 | tank 747.0 miss 13 km (0.07 s)
[17:20:24] leg 12 -> 286 (tof 150.2 d): L3 price src 0.5588 best 0.273 (dt -7.5) coast 0.0622 AU | used best marg 0.2664 | tank 752.1 miss 13 km (0.05 s)
[17:20:24] leg 13 -> 247 (tof 102.8 d): L3 price src 0.8999 best 0.7772 (dt 2.5) coast 0.2305 AU | used best marg 0.7817 | tank 767.2 miss 13 km (0.04 s)
[17:20:24] leg 14 ->  59 (tof 265.1 d): L3 price src 0.6518 best 0.5193 (dt 7.5) coast 0.201 AU | used best marg 0.5661 | tank 778.4 miss 36 km (0.03 s)
[17:20:24] leg 15 -> 198 (tof 187.6 d): L3 price src 1.5786 best 1.2246 (dt 2.5) coast 0.1195 AU | used best marg 1.2495 | tank 803.6 miss 13 km (0.04 s)
[17:20:24] leg 16 ->   1 (tof 104.4 d): L3 price src 1.0503 best 0.9064 (dt -2.5) coast 0.2558 AU | used best marg 0.841 | tank 821.0 miss 13 km (0.06 s)
[17:20:24] leg 17 -> 280 (tof 214.2 d): L3 price src 0.454 best 0.454 (dt 0.0) coast 0.2478 AU | used best marg 0.5015 | tank 831.5 miss 13 km (0.05 s)
[17:20:24] leg 18 ->  96 (tof 149.2 d): L3 price src 1.8532 best 1.8532 (dt 0.0) coast 0.1984 AU | used best marg 1.6364 | tank 867.0 miss 13 km (0.04 s)
[17:20:24] leg 19 -> 110 (tof  60.5 d): L3 price src 0.5879 best 0.5879 (dt 0.0) coast 0.0306 AU | used best marg 0.5654 | tank 879.6 miss 13 km (0.04 s)
[17:20:24] leg 20 ->  70 (tof 119.4 d): L3 price src 0.439 best 0.1193 (dt -5.0) coast 0.0185 AU | used best marg 0.1114 | tank 882.1 miss 86 km (0.02 s)
[17:20:24] leg 21 -> 148 (tof 297.3 d): L3 price src 0.6982 best 0.4543 (dt 5.0) coast 0.0285 AU | used best marg 0.4484 | tank 892.2 miss 85 km (0.04 s)
[17:20:24] leg 22 -> 244 (tof 191.4 d): L3 price src 1.4364 best 0.2729 (dt 5.0) coast 0.1377 AU | used best marg 0.2887 | tank 898.8 miss 13 km (0.03 s)
[17:20:24] leg 23 ->  91 (tof  48.7 d): L3 price src 1.6304 best 1.1877 (dt -2.5) coast 0.0545 AU | used best marg 1.0746 | tank 923.8 miss 13 km (0.05 s)
[17:20:24] leg 24 ->  64 (tof  79.4 d): L3 price src 0.7517 best 0.7517 (dt 0.0) coast 0.0803 AU | used best marg 0.7759 | tank 942.2 miss 13 km (0.04 s)
[17:20:24] leg 25 ->  95 (tof 176.9 d): L3 price src 0.1084 best 0.1084 (dt 0.0) coast 0.0323 AU | used best marg 0.1085 | tank 944.8 miss 13 km (0.02 s)
[17:20:34] RESULT guided 08 L3: 25 legs; admissible at the source epoch <=1.2/2.0/3.0 km/s: 17/24/25; best epoch +-15 d: 21/24/25; refine fails 0; planned 26 fb @ 944.8 kg; settled {'ok': True, 'miss': 103.7, 'tank': 905.9, 'dt_s': 9.8}; source 870.6 kg; wall 1 s
