[17:20:56] === s14_lookback guided route 09: 24 fb @ 876.5 kg; L 4 mcap 1100.0 (tcap 0.675 km/s/node) eps 0.05,0.02,0.01,0.005,0.003,0.002 ref 6/100.0/1000.0/rho 30.0
[17:20:56] leg  1 ->  16 (tof  39.7 d): L4 price src 0.4637 best 0.4335 (dt -2.5) coast 0.0253 AU | used best marg 0.4333 | tank 608.2 miss 0 km (0.03 s)
[17:20:56] leg  2 -> 289 (tof 136.6 d): L4 price src 1.1816 best 0.9737 (dt 5.0) coast 0.1493 AU | used best marg 0.9692 | tank 623.4 miss 0 km (0.03 s)
[17:20:56] leg  3 ->  12 (tof 261.0 d): L4 price src 0.5856 best 0.3935 (dt -15.0) coast 0.3178 AU | used best marg 0.3165 | tank 628.5 miss 35 km (0.05 s)
[17:20:56] leg  4 -> 141 (tof 114.1 d): L4 price src 0.5496 best 0.338 (dt -2.5) coast 0.156 AU | used best marg 0.8232 | tank 641.8 miss 8 km (0.04 s)
[17:20:56] leg  5 -> 175 (tof 370.3 d): L4 price src 2.2951 best 2.2587 (dt -2.5) coast 0.6491 AU | used best marg 2.5299 | tank 684.5 miss 24 km (0.06 s)
[17:20:56] leg  6 -> 208 (tof 390.7 d): L4 price src -0.689 best -0.6903 (dt 2.5) coast 0.5274 AU | used best marg -0.6338 | tank 673.6 miss 8 km (0.07 s)
[17:20:56] leg  7 -> 149 (tof 242.6 d): L4 price src 0.2007 best -0.0171 (dt 12.5) coast 0.1627 AU | used best marg -0.0608 | tank 672.5 miss 1 km (0.11 s)
[17:20:57] leg  8 -> 107 (tof  85.4 d): L4 price src 1.1467 best 1.1445 (dt -2.5) coast 0.2599 AU | used best marg 1.1885 | tank 693.2 miss 1 km (0.11 s)
[17:20:57] leg  9 -> 224 (tof 108.8 d): L4 price src 0.3268 best 0.0625 (dt 2.5) coast 0.0468 AU | used best marg 0.0662 | tank 694.4 miss 75 km (0.07 s)
[17:20:57] leg 10 ->  85 (tof  53.2 d): L4 price src 0.3423 best 0.3423 (dt 0.0) coast 0.0399 AU | used best marg 0.2995 | tank 699.7 miss 75 km (0.03 s)
[17:20:57] leg 11 ->   7 (tof 275.9 d): L4 price src 3.2101 best 3.1296 (dt 2.5) coast 0.4537 AU | used best marg 2.0782 | tank 737.8 miss 75 km (0.05 s)
[17:20:57] leg 12 -> 250 (tof 109.8 d): L4 price src 0.6419 best 0.6419 (dt 0.0) coast 0.0601 AU | used best marg 0.5725 | tank 748.6 miss 75 km (0.05 s)
[17:20:57] leg 13 ->  75 (tof 151.5 d): L4 price src 0.3837 best 0.215 (dt -2.5) coast 0.0534 AU | used best marg 0.2055 | tank 752.5 miss 94 km (0.06 s)
[17:20:57] leg 14 -> 117 (tof 181.2 d): L4 price src 0.5975 best 0.2847 (dt 2.5) coast 0.2113 AU | used best marg 0.4131 | tank 760.5 miss 75 km (0.08 s)
[17:20:57] leg 15 -> 171 (tof 247.1 d): L4 price src 1.0159 best 0.4352 (dt -5.0) coast 0.0595 AU | used best marg 0.4189 | tank 768.7 miss 93 km (0.04 s)
[17:20:57] leg 16 ->  34 (tof  55.7 d): L4 price src 1.3184 best 1.2791 (dt -2.5) coast 0.123 AU | used best marg 1.3649 | tank 795.9 miss 75 km (0.07 s)
[17:20:57] leg 17 -> 240 (tof 317.0 d): L4 price src 0.4673 best 0.4673 (dt 0.0) coast 0.0705 AU | used best marg 0.4675 | tank 805.4 miss 75 km (0.05 s)
[17:20:57] leg 18 ->  83 (tof 173.8 d): L4 price src 0.9946 best 0.9288 (dt 2.5) coast 0.1952 AU | used best marg 0.6585 | tank 819.1 miss 75 km (0.07 s)
[17:20:57] leg 19 -> 134 (tof 379.1 d): L4 price src 1.2869 best 0.3076 (dt -5.0) coast 0.1554 AU | used best marg 0.3637 | tank 826.7 miss 75 km (0.09 s)
[17:20:57] leg 20 -> 120 (tof 201.7 d): L4 price src 2.4542 best 1.7888 (dt 10.0) coast 0.5237 AU | used best marg 2.4581 | tank 880.2 miss 75 km (0.09 s)
[17:20:57] leg 21 -> 130 (tof 295.3 d): L4 price src 0.9609 best 0.2111 (dt -10.0) coast 0.1412 AU | used best marg 0.1977 | tank 884.6 miss 75 km (0.05 s)
[17:20:58] leg 22 -> 254 (tof 345.8 d): L4 price src 1.2859 best 1.1384 (dt -7.5) coast 0.0991 AU | used best marg 1.0194 | tank 907.9 miss 75 km (0.11 s)
[17:20:58] leg 23 ->  27 (tof 134.5 d): L4 price src 0.491 best 0.491 (dt 0.0) coast 0.072 AU | used best marg 0.4829 | tank 919.1 miss 95 km (0.08 s)
[17:21:04] RESULT guided 09 L4: 23 legs; admissible at the source epoch <=1.2/2.0/3.0 km/s: 17/20/22; best epoch +-15 d: 19/21/22; refine fails 0; planned 24 fb @ 919.1 kg; settled {'ok': True, 'miss': 45.7, 'tank': 895.13, 'dt_s': 6.7}; source 876.5 kg; wall 1 s
