[17:19:24] === s14_lookback guided route 09: 24 fb @ 876.5 kg; L 1 mcap 1100.0 (tcap 0.675 km/s/node) eps 0.05,0.02,0.01,0.005,0.003,0.002 ref 6/100.0/1000.0/rho 30.0
[17:19:24] leg  1 ->  16 (tof  39.7 d): L1 price src None best None (dt None) coast None AU | used fallback marg 0.0379 | tank 602.1 miss 0 km (0.40 s)
[17:19:24] leg  2 -> 289 (tof 135.5 d): L1 price src 2.1031 best 1.4646 (dt 7.5) coast 0.0833 AU | used best marg 1.4169 | tank 624.2 miss 25 km (0.01 s)
[17:19:24] leg  3 ->  12 (tof 257.8 d): L1 price src 1.1631 best 1.1097 (dt -12.5) coast 0.534 AU | used best marg 2.1556 | tank 659.5 miss 25 km (0.03 s)
[17:19:26] leg  4 -> 141 (tof 112.2 d): L1 price src None best None (dt None) coast None AU | used fallback marg -1.6152 | tank 632.9 miss 6 km (1.68 s)
[17:19:26] leg  5 -> 175 (tof 370.8 d): L1 price src 2.3586 best 2.338 (dt -2.5) coast 0.5953 AU | used best marg 1.3754 | tank 655.5 miss 6 km (0.04 s)
[17:19:26] leg  6 -> 208 (tof 393.8 d): L1 price src 0.8936 best 0.8936 (dt 0.0) coast 0.369 AU | used best marg 0.4736 | tank 663.4 miss 6 km (0.04 s)
[17:19:26] leg  7 -> 149 (tof 244.5 d): L1 price src 1.3437 best 0.7754 (dt 7.5) coast 0.1276 AU | used best marg 0.7798 | tank 676.8 miss 10 km (0.01 s)
[17:19:28] leg  8 -> 107 (tof  89.0 d): L1 price src None best None (dt None) coast None AU | used fallback marg -0.0194 | tank 676.4 miss 8 km (2.69 s)
[17:19:30] leg  9 -> 224 (tof 113.0 d): L1 price src None best None (dt None) coast None AU | used fallback marg 0.1348 | tank 678.8 miss 3 km (1.13 s)
[17:19:31] leg 10 ->  85 (tof  52.9 d): L1 price src None best None (dt None) coast None AU | used fallback marg 0.2678 | tank 683.4 miss 4 km (1.03 s)
[17:19:31] leg 11 ->   7 (tof 275.9 d): L1 price src 3.5235 best 3.4639 (dt 2.5) coast 0.4523 AU | used best marg 2.5171 | tank 728.7 miss 4 km (0.03 s)
[17:19:33] leg 12 -> 250 (tof 109.7 d): L1 price src None best None (dt None) coast None AU | used fallback marg -0.0331 | tank 728.1 miss 17 km (2.64 s)
[17:19:33] leg 13 ->  75 (tof 151.7 d): L1 price src 0.4147 best 0.4147 (dt 0.0) coast 0.0763 AU | used best marg 0.4074 | tank 735.7 miss 17 km (0.01 s)
[17:19:33] leg 14 -> 117 (tof 178.5 d): L1 price src 0.7222 best 0.4747 (dt 2.5) coast 0.077 AU | used best marg 0.5008 | tank 745.1 miss 70 km (0.02 s)
[17:19:33] leg 15 -> 171 (tof 246.7 d): L1 price src 1.105 best 0.7373 (dt -5.0) coast 0.0511 AU | used best marg 0.72 | tank 758.9 miss 70 km (0.02 s)
[17:19:37] leg 16 ->  34 (tof  55.4 d): L1 price src None best None (dt None) coast None AU | used fallback marg 0.6903 | tank 772.4 miss 9 km (3.20 s)
[17:19:37] leg 17 -> 240 (tof 316.1 d): L1 price src 0.6189 best 0.6189 (dt 0.0) coast 0.1209 AU | used best marg 0.5748 | tank 783.8 miss 49 km (0.02 s)
[17:19:39] leg 18 ->  83 (tof 173.9 d): L1 price src None best None (dt None) coast None AU | used fallback marg 0.322 | tank 790.3 miss 33 km (2.86 s)
[17:19:39] leg 19 -> 134 (tof 379.3 d): L1 price src 1.5037 best 0.3851 (dt -5.0) coast 0.1385 AU | used best marg 0.3946 | tank 798.2 miss 33 km (0.04 s)
[17:19:39] leg 20 -> 120 (tof 201.7 d): L1 price src 4.238 best 3.6762 (dt -12.5) coast 0.5287 AU | used best marg 4.8905 | tank 904.2 miss 33 km (0.03 s)
[17:19:39] leg 21 -> 130 (tof 312.4 d): L1 price src 4.3554 best 1.8432 (dt -15.0) coast 0.3336 AU | used best marg 1.8116 | tank 947.0 miss 33 km (0.04 s)
[17:19:40] leg 22 -> 254 (tof 350.0 d): L1 price src 2.6604 best 1.5357 (dt -15.0) coast 0.1648 AU | used best marg 1.5595 | tank 985.4 miss 33 km (0.02 s)
[17:19:50] leg 23 ->  27 (tof 140.7 d): L1 price src None best None (dt None) coast None AU | used fallback marg -4.5883 | tank 876.6 miss 30 km (10.96 s)
[17:19:51] RESULT guided 09 L1: 23 legs; admissible at the source epoch <=1.2/2.0/3.0 km/s: 6/8/11; best epoch +-15 d: 8/11/12; refine fails 9; planned 24 fb @ 876.6 kg; settled {'ok': True, 'miss': 25.1, 'tank': 876.31, 'dt_s': 0.7}; source 876.5 kg; wall 27 s
