==============================================================================
validator2  --  results/CTOC14_Result_s15a.txt
==============================================================================
rows: 47582   segments integrated: 47573   runtime: 34.6 s
SC 1: rows=5378 arcs=1 samples=5335 flyby_rows=41  m0=911.610882 kg  m_final=600.340906 kg  J_i=1.272121
      launch t=0.000 s  pos err=0.000000 km  v_inf=2.457493 km/s   end t=460944060.000 s   min row mass=600.340906 kg
      max seg err: pos=5.411842e-07 km  vel=2.982e-12 km/s  mass=2.809e-06 kg   max|T| sample=0.356866744 interp=0.373113315 N
SC 2: rows=5443 arcs=1 samples=5398 flyby_rows=43  m0=972.791875 kg  m_final=600.457594 kg  J_i=1.337185
      launch t=3456000.000 s  pos err=0.000000 km  v_inf=2.502993 km/s   end t=469843260.000 s   min row mass=600.457594 kg
      max seg err: pos=4.006054e-07 km  vel=2.580e-12 km/s  mass=1.775e-06 kg   max|T| sample=0.395032114 interp=0.404173505 N
SC 3: rows=5412 arcs=1 samples=5366 flyby_rows=44  m0=1051.120241 kg  m_final=600.670838 kg  J_i=1.426060
      launch t=6912000.000 s  pos err=0.000000 km  v_inf=2.984798 km/s   end t=470534460.000 s   min row mass=600.670838 kg
      max seg err: pos=4.099851e-07 km  vel=6.123e-13 km/s  mass=1.966e-06 kg   max|T| sample=0.441318398 interp=0.444494720 N
SC 4: rows=5516 arcs=1 samples=5475 flyby_rows=39  m0=925.073544 kg  m_final=600.664884 kg  J_i=1.286110
      launch t=0.000 s  pos err=0.000000 km  v_inf=3.570430 km/s   end t=473040060.000 s   min row mass=600.664884 kg
      max seg err: pos=7.689550e-07 km  vel=2.861e-12 km/s  mass=1.278e-06 kg   max|T| sample=0.411254614 interp=0.424393354 N
SC 5: rows=5455 arcs=1 samples=5422 flyby_rows=31  m0=921.925559 kg  m_final=600.947848 kg  J_i=1.282822
      launch t=0.000 s  pos err=0.000000 km  v_inf=3.942953 km/s   end t=468460860.000 s   min row mass=600.947848 kg
      max seg err: pos=6.201868e-07 km  vel=2.310e-12 km/s  mass=1.248e-06 kg   max|T| sample=0.432459908 interp=0.453102409 N
SC 6: rows=5412 arcs=1 samples=5381 flyby_rows=29  m0=949.804244 kg  m_final=600.711561 kg  J_i=1.312290
      launch t=6912000.000 s  pos err=0.000000 km  v_inf=2.942867 km/s   end t=471830460.000 s   min row mass=600.711561 kg
      max seg err: pos=5.968208e-07 km  vel=1.268e-12 km/s  mass=1.290e-06 kg   max|T| sample=0.375653189 interp=0.390000564 N
SC 7: rows=5098 arcs=1 samples=5073 flyby_rows=23  m0=922.126516 kg  m_final=601.085254 kg  J_i=1.283032
      launch t=1728000.000 s  pos err=0.000000 km  v_inf=3.458047 km/s   end t=440035260.000 s   min row mass=601.085254 kg
      max seg err: pos=3.659141e-07 km  vel=5.919e-13 km/s  mass=1.280e-06 kg   max|T| sample=0.366296494 interp=0.375466363 N
SC 8: rows=4445 arcs=1 samples=4425 flyby_rows=18  m0=881.469401 kg  m_final=601.314493 kg  J_i=1.241471
      launch t=82944000.000 s  pos err=0.000000 km  v_inf=2.870165 km/s   end t=465264060.000 s   min row mass=601.314493 kg
      max seg err: pos=6.390828e-07 km  vel=2.924e-12 km/s  mass=1.143e-05 kg   max|T| sample=0.400872340 interp=0.421149595 N
SC 9: rows=5423 arcs=1 samples=5391 flyby_rows=30  m0=1029.702438 kg  m_final=600.934197 kg  J_i=1.401137
      launch t=2160000.000 s  pos err=0.000000 km  v_inf=3.868296 km/s   end t=467942460.000 s   min row mass=600.934197 kg
      max seg err: pos=4.200018e-07 km  vel=1.583e-12 km/s  mass=4.276e-06 kg   max|T| sample=0.436670665 interp=0.442540482 N
global max errors: pos 7.689550e-07 km at (4, 20524, 20525) | vel 2.982e-12 km/s (2.982e-09 m/s) at (1, 2077, 2078) | mass 1.143e-05 kg at (8, 39501, 39502)
max |T| at samples 0.441318398 N at (3, 11027); max interpolated |T(t)| 0.453102409 N (sc 5, from Line 22111, t=31140583.767 s)
cross-checks: DOP853 vs universal-variable Kepler on coasts 5.960e-08 km; polynomial vs direct Lagrange 4.592e-14 N; DOP853 vs RK4(2000 steps) on worst thrust segments 4.429e-07 km
------------------------------------------------------------------------------
flybys (sc Line t[s] asteroid d[km] vrel[km/s] status):
   1    171     14675578.914  155        0.020   12.879 COUNTED
   1    268     22919622.138  279        0.309   18.920 COUNTED
   1    336     28726366.467  127        0.396   19.766 COUNTED
   1    460     39371312.497  238        0.488   10.005 COUNTED
   1    587     50247984.611  192        3.963   20.469 COUNTED
   1    727     62211677.007  226        6.746   23.257 COUNTED
   1    840     71904842.854  101       10.078   11.558 COUNTED
   1   1066     91332055.462   80       27.524   20.778 COUNTED
   1   1216    104249967.449   46       43.840   11.925 COUNTED
   1   1417    121522346.162  115       62.645   14.843 COUNTED
   1   1484    127186576.311   83       64.675   16.112 COUNTED
   1   1549    132728360.080  209       61.510   10.530 COUNTED
   1   1773    152016122.253  128       53.376    6.678 COUNTED
   1   1869    160232765.011   44       42.638   20.984 COUNTED
   1   1964    168328513.001   91       42.163    9.615 COUNTED
   1   2060    176569041.245  229       57.200   13.982 COUNTED
   1   2327    199552653.343   31       49.956   36.377 COUNTED
   1   2419    207440528.547  271       60.107    9.559 COUNTED
   1   2475    212124286.752  224       55.326    9.376 COUNTED
   1   2535    217269962.863   85       58.276   25.979 COUNTED
   1   2792    239389388.543  252      179.308   12.778 COUNTED
   1   2864    245492071.536   13      171.915   19.452 COUNTED
   1   2992    256436039.281  211      133.942   15.994 COUNTED
   1   3063    262510567.108  225      140.405   13.879 COUNTED
   1   3184    272887984.215  189      150.734   13.961 COUNTED
   1   3294    282339340.596  125      106.269   36.387 COUNTED
   1   3416    292729130.411  274       89.699   12.376 COUNTED
   1   3474    297662179.925   77       97.442   11.519 COUNTED
   1   3738    320454522.514  162       50.536    7.654 COUNTED
   1   3859    330754490.974  261       61.681   13.771 COUNTED
   1   4094    351039075.823  187      133.929   11.434 COUNTED
   1   4177    358046999.537  171      159.842   24.776 COUNTED
   1   4309    369372760.128   47      206.541    8.443 COUNTED
   1   4421    379010199.242  193      234.867   17.090 COUNTED
   1   4595    393980105.723   57      277.108   29.179 COUNTED
   1   4639    397643720.827  179      288.854   30.058 COUNTED
   1   4671    400335368.901  273      298.492   12.483 COUNTED
   1   4905    420454778.689  153      333.658   19.703 COUNTED
   1   5082    435702333.210  205      408.626   10.711 COUNTED
   1   5226    448062378.444  196      438.460   11.970 COUNTED
   1   5376    460863654.954   54      503.722   12.946 COUNTED
   2   5426      7436929.989  174        0.002   15.454 COUNTED
   2   5581     20745399.610  278        1.039   34.163 COUNTED
   2   5635     25358293.902  272        2.392   23.938 COUNTED
   2   5808     40258547.628   28        6.614   11.142 COUNTED
   2   5991     55928686.980    1        8.975   14.212 COUNTED
   2   6111     66233501.657  292       11.743   12.413 COUNTED
   2   6238     77135619.665   42       16.232   14.800 COUNTED
   2   6384     89635646.564   67       26.633    7.943 COUNTED
   2   6451     95319949.767  270       28.813    8.667 COUNTED
   2   6513    100590550.466  248       24.373   15.539 COUNTED
   2   6687    115549899.801    8       36.266   25.641 COUNTED
   2   6782    123664094.332  206       54.145   24.598 COUNTED
   2   6847    129178253.460   70       48.512    9.304 COUNTED
   2   6994    141830305.192   49       49.193   28.680 COUNTED
   2   7049    146509846.738  194       64.656   27.930 COUNTED
   2   7237    162641868.588  210       67.852   12.209 COUNTED
   2   7375    174476670.160  130       62.915   11.264 COUNTED
   2   7461    181785822.354  102       87.855   14.107 COUNTED
   2   7626    196019965.127   43       69.135   24.817 COUNTED
   2   7813    212106872.353  183      106.585   12.149 COUNTED
   2   7893    218893928.643  294      117.324   10.943 COUNTED
   2   7990    227149860.687  293      137.843   27.804 COUNTED
   2   8128    239059659.235  215      150.298   17.303 COUNTED
   2   8190    244315258.510    9      163.892   13.670 COUNTED
   2   8257    249964847.054   30      193.362   20.100 COUNTED
   2   8475    268776350.422  268      306.409   12.395 COUNTED
   2   8565    276397279.188   72      342.893   22.907 COUNTED
   2   8707    288602101.690   61      366.824   15.759 COUNTED
   2   8783    295125123.029  117      395.123   11.415 COUNTED
   2   9000    313757623.193  222      324.084   11.649 COUNTED
   2   9073    319949861.238  133      274.020   25.719 COUNTED
   2   9162    327609345.286   94      266.489   15.561 COUNTED
   2   9189    329822811.236   66      302.340   22.147 COUNTED
   2   9254    335349975.960  161      269.134   25.822 COUNTED
   2   9531    359236173.929   41       36.279   28.228 COUNTED
   2   9772    379922531.626  221      148.278    7.491 COUNTED
   2   9903    391177083.048  281      342.989   18.045 COUNTED
   2  10058    404448946.259  214      225.143   16.343 COUNTED
   2  10186    415432127.126  260      400.063   30.249 COUNTED
   2  10365    430846969.717   55      395.112   16.174 COUNTED
   2  10469    439756571.909  239      374.707   25.807 COUNTED
   2  10652    455465270.190  195      624.725   20.755 COUNTED
   2  10819    469830109.000   35      481.236   22.179 COUNTED
   3  10938     16927733.211   81        0.001   24.395 COUNTED
   3  11028     24540187.904  277        0.025   24.390 COUNTED
   3  11127     33017175.480  291        0.834   16.878 COUNTED
   3  11348     52095814.499  111        2.624   19.206 COUNTED
   3  11461     61743223.541   63        3.961   30.434 COUNTED
   3  11630     76240475.615  126        0.805    8.266 COUNTED
   3  11699     82092669.181  297        0.635   13.329 COUNTED
   3  11748     86309166.589   52        1.435   26.315 COUNTED
   3  11841     94197850.289   14        1.736   11.046 COUNTED
   3  11936    102336191.858  114        7.588   20.975 COUNTED
   3  12005    108198891.235  201       11.875   13.006 COUNTED
   3  12117    117818858.281  250        5.262   23.971 COUNTED
   3  12239    128240094.552    5        3.381   24.146 COUNTED
   3  12405    142474962.424    2       15.482   13.342 COUNTED
   3  12486    149427786.244  164       29.806   23.923 COUNTED
   3  12636    162339488.559  276        7.231   12.574 COUNTED
   3  12773    174041749.141   92        1.791   12.210 COUNTED
   3  12895    184531312.516   48       20.220   30.562 COUNTED
   3  13089    201158099.916   38       57.380   10.666 COUNTED
   3  13214    211861369.879  123       54.917   11.454 COUNTED
   3  13355    224013082.240  105       90.847   19.157 COUNTED
   3  13500    236470628.655   21       95.025   12.987 COUNTED
   3  13580    243277176.907  160       94.770    7.215 COUNTED
   3  13794    261647942.178  200      208.260   13.776 COUNTED
   3  13913    271852093.245  103      231.969   13.757 COUNTED
   3  13984    277902514.816  296      184.739   15.762 COUNTED
   3  14057    284103999.990  159      150.376   17.968 COUNTED
   3  14164    293263667.430  197      164.031   13.430 COUNTED
   3  14188    295277547.639  286      169.736    8.644 COUNTED
   3  14243    299910661.499   74      173.229    6.925 COUNTED
   3  14338    308098106.977  198      112.054   33.866 COUNTED
   3  14525    324149693.751  176      103.163   13.704 COUNTED
   3  14612    331548250.775  245      118.863   17.884 COUNTED
   3  14723    341060592.339  255       64.005   13.568 COUNTED
   3  14843    351336848.094   12       58.675   14.286 COUNTED
   3  14968    362017917.746  237       78.077   17.650 COUNTED
   3  15314    391830911.694   56       30.743   19.030 COUNTED
   3  15502    408044530.958   45      110.352   22.384 COUNTED
   3  15596    416074274.622  167       96.858   41.024 COUNTED
   3  15649    420560632.278  207      121.501   11.290 COUNTED
   3  15858    438550674.803  191      192.545   25.831 COUNTED
   3  15963    447534879.686   65      207.342   19.746 COUNTED
   3  16070    456646106.538   19      267.617   17.808 COUNTED
   3  16231    470519879.003  285      218.114   20.759 COUNTED
   4  16471     20424890.689  136        0.018   11.970 COUNTED
   4  16579     29662528.745  300        0.119   28.279 COUNTED
   4  16686     38814025.159  185        0.652   22.819 COUNTED
   4  16953     61841610.563  152        1.586   18.556 COUNTED
   4  16992     65134776.479   16        0.736   16.348 COUNTED
   4  17124     76414293.725  289        2.247   15.789 COUNTED
   4  17231     85596540.861  295        5.759    9.637 COUNTED
   4  17463    105534531.308   84        1.275    7.250 COUNTED
   4  17618    118819613.479  140        6.471   17.157 COUNTED
   4  17735    128887027.134  235        5.305   29.094 COUNTED
   4  17926    145274126.077  259        9.439   20.978 COUNTED
   4  18137    163446297.139   27       10.148   32.080 COUNTED
   4  18246    172745608.867  282       11.487   19.856 COUNTED
   4  18316    178745006.222  113       17.052   35.132 COUNTED
   4  18431    188530993.062  163       19.360   18.544 COUNTED
   4  18569    200387265.190  146       16.584   16.617 COUNTED
   4  18666    208679034.283   73       21.716   14.748 COUNTED
   4  18755    216276689.035   88       21.874   13.784 COUNTED
   4  18882    227156335.310   69       17.382    8.652 COUNTED
   4  18903    228955713.805  190       18.076    7.531 COUNTED
   4  19081    244209901.393  244       25.992   12.237 COUNTED
   4  19174    252149491.437  299       17.429   14.718 COUNTED
   4  19209    255133632.510  106       14.385   21.361 COUNTED
   4  19392    270809500.786  290       13.747   20.381 COUNTED
   4  19527    282356180.882  109        8.688   17.029 COUNTED
   4  19647    292659320.648   76        8.372   14.556 COUNTED
   4  19792    305160374.166  236       13.613   42.888 COUNTED
   4  19962    319726339.797  122       16.159   10.067 COUNTED
   4  20079    329752038.806   24       22.856   31.762 COUNTED
   4  20252    344618006.399  181       21.588    7.859 COUNTED
   4  20455    362040391.605   78       31.229   22.500 COUNTED
   4  20530    368436271.035  202       33.888   14.748 COUNTED
   4  20713    384198735.911  232       32.980   32.994 COUNTED
   4  20967    406050414.145  178       40.358   25.128 COUNTED
   4  21247    430176094.305  112       53.303   33.751 COUNTED
   4  21339    438022509.235   37       54.235   16.829 COUNTED
   4  21606    461023432.807  227       73.932   20.382 COUNTED
   4  21673    466705407.791  149       75.370    8.349 COUNTED
   4  21747    473009208.161   68       77.053    6.711 COUNTED
   5  22075     28036581.335  218        0.006   16.569 COUNTED
   5  22304     47754208.787  169        0.621   14.907 COUNTED
   5  22492     63881700.719  217        1.424   18.848 COUNTED
   5  22674     79554548.086  143        2.850   20.891 COUNTED
   5  22788     89267458.774  264        3.532   19.324 COUNTED
   5  22992    106863144.854  231        4.099   15.511 COUNTED
   5  23141    119618712.614   23        5.116   31.887 COUNTED
   5  23293    132703568.461   79       22.161    5.483 COUNTED
   5  23524    152520896.989   50       29.125   13.524 COUNTED
   5  23697    167389039.841  154       58.932    7.636 COUNTED
   5  23801    176340202.090  134       62.184   20.774 COUNTED
   5  24046    197366986.138  257       61.552   11.417 COUNTED
   5  24186    209364761.977   99       55.879   10.783 COUNTED
   5  24384    226395046.916  177        5.323   17.818 COUNTED
   5  24517    237824905.026  241       36.376   34.663 COUNTED
   5  24704    253850713.177    4       82.868   35.574 COUNTED
   5  24807    262730640.114   89      110.289   11.144 COUNTED
   5  25104    288276258.845  228      122.573    6.565 COUNTED
   5  25331    307824155.228   34      152.859   11.443 COUNTED
   5  25448    317821884.568  267      125.481   25.044 COUNTED
   5  25659    335965038.901    7      171.226   25.245 COUNTED
   5  25799    347978445.109   98      124.033   16.362 COUNTED
   5  25970    362664113.609  263      149.689    8.997 COUNTED
   5  26121    375586468.265  208       93.002    8.966 COUNTED
   5  26199    382305018.245  100       51.759   21.496 COUNTED
   5  26278    389026304.902   25       56.727   17.003 COUNTED
   5  26472    405728196.198  166       65.243   16.640 COUNTED
   5  26713    426436703.764   40       59.223   14.734 COUNTED
   5  26815    435153689.035  256       99.929   12.116 COUNTED
   5  27063    456477899.128  170      172.973   12.536 COUNTED
   5  27202    468408314.236   53      290.964   17.124 COUNTED
   6  27445     27562195.945   29        0.456   24.371 COUNTED
   6  27732     52277817.668  156        1.824   15.471 COUNTED
   6  27790     57201897.736  145        1.834   15.941 COUNTED
   6  28005     75690264.649  110        5.283   21.636 COUNTED
   6  28299    101060337.193  253       21.495   22.850 COUNTED
   6  28522    120251207.615  275       57.151   17.826 COUNTED
   6  28735    138515373.249  107       97.688   11.202 COUNTED
   6  28807    144681657.196  233      107.588   11.861 COUNTED
   6  28882    151110372.913   10      101.529   25.985 COUNTED
   6  29170    175836923.517  269      155.421   10.701 COUNTED
   6  29325    189211263.559   90      180.523   14.193 COUNTED
   6  29488    203157661.726  129      200.119   30.311 COUNTED
   6  29603    213060316.258   62      194.817   16.369 COUNTED
   6  29656    217518271.487   60      201.149   23.199 COUNTED
   6  29891    237726451.651  186      214.936   16.002 COUNTED
   6  30076    253615110.869   86      189.553   32.968 COUNTED
   6  30324    274986862.831   97      194.130   16.559 COUNTED
   6  30524    292125259.872  151      189.088   12.576 COUNTED
   6  30811    316867957.990  121      194.531   11.940 COUNTED
   6  31036    336235032.909   87      191.741   22.825 COUNTED
   6  31143    345372747.721  135      200.768   23.225 COUNTED
   6  31248    354338010.571   26      238.437   23.056 COUNTED
   6  31483    374607650.441  116      312.884   11.983 COUNTED
   6  31584    383258302.003   82      294.101   14.133 COUNTED
   6  31801    401912417.626   59      158.736   13.174 COUNTED
   6  31960    415503652.272   18      142.888   16.564 COUNTED
   6  32108    428268425.575  230       48.691   17.404 COUNTED
   6  32396    453017863.071   64       19.429   26.755 COUNTED
   6  32614    471828120.326    3       29.031   29.742 COUNTED
   7  32848     21655064.739  249        0.006   15.751 COUNTED
   7  33142     46980988.907  199        0.091   19.027 COUNTED
   7  33412     70213463.975   95        0.598   32.078 COUNTED
   7  33555     82508730.334  204        1.559   10.733 COUNTED
   7  33911    113146721.018  240        6.682   16.868 COUNTED
   7  34209    138788378.978  137        6.412   14.464 COUNTED
   7  34460    160439293.686  266       26.938   15.052 COUNTED
   7  34639    175761616.066   96       18.722   10.973 COUNTED
   7  34898    198074870.935  213       38.436   34.427 COUNTED
   7  35408    242042139.956  132       39.102   16.780 COUNTED
   7  35581    256952182.641  280       56.614   24.385 COUNTED
   7  35723    269066883.808   58       55.668   18.252 COUNTED
   7  36057    297853307.519   93      111.381   20.388 COUNTED
   7  36142    305100848.758   33      110.290   19.659 COUNTED
   7  36227    312400401.710  138      132.682   31.479 COUNTED
   7  36566    341546434.482   71      113.632   19.040 COUNTED
   7  36847    365791578.727  139       88.557   34.545 COUNTED
   7  36955    375048511.581  223       59.437   26.570 COUNTED
   7  37215    397413643.628  173       72.801   19.767 COUNTED
   7  37373    410925461.971   22       34.544   21.969 COUNTED
   7  37510    422742638.987  148       46.971   16.391 COUNTED
   7  37680    437276177.699  172        7.073    9.711 COUNTED
   7  37712    439961236.274  150        5.173   12.390 COUNTED
   8  37846     94251526.270  184        0.000   14.483 COUNTED
   8  38065    113066290.514   17        0.006   22.555 COUNTED
   8  38174    122395231.813  258        0.027   12.616 COUNTED
   8  38255    129257512.754   36        0.023   36.718 COUNTED
   8  38440    145162580.259   75        0.108   19.497 COUNTED
   8  38648    163096637.419  118        0.896   37.379 COUNTED
   8  39218    212224314.992  212        5.150   20.479 COUNTED
   8  39455    232657046.354  243       13.843   18.443 COUNTED
   8  39610    245944469.575    6       36.405   20.898 COUNTED
   8  39801    262353098.452  180       34.642   23.063 COUNTED
   8  40011    280430001.232  220       72.260   19.933 COUNTED
   8  40206    297170339.691  265      108.357   33.316 COUNTED
   8  40256    301438603.549  219      112.810   37.685 COUNTED
   8  40870    354335902.485  108      183.225   24.762 COUNTED
   8  41071    371638888.369  216      206.275   21.981 COUNTED
   8  41373    397678801.307  288      323.975    8.931 COUNTED
   8  41960    448278475.394  247      454.028   10.235 COUNTED
   8  42157    465195081.645  142      358.565   12.893 COUNTED
   9  42316     15558218.142  284        0.408   15.360 COUNTED
   9  42519     33077685.166   11        2.592   26.048 COUNTED
   9  42657     44866851.145  165       11.754   30.183 COUNTED
   9  42920     67522277.399  188       17.978   34.887 COUNTED
   9  42999     74251383.480  124       26.550   13.184 COUNTED
   9  43237     94769607.895  203       26.044   14.049 COUNTED
   9  43437    111903500.491  168       46.039   15.203 COUNTED
   9  43718    136159032.175  157       44.467   21.248 COUNTED
   9  43856    147971796.770  287       50.644   10.630 COUNTED
   9  44141    172454696.167   20       76.687    9.829 COUNTED
   9  44298    185948970.759  298       79.130   16.938 COUNTED
   9  44498    203127214.875  283      112.402   12.009 COUNTED
   9  44627    214236105.953   39      122.286   32.533 COUNTED
   9  44677    218438500.499  175      118.809   10.868 COUNTED
   9  44820    230768162.057  242      146.501   13.950 COUNTED
   9  44991    245422895.830   51      234.872   13.788 COUNTED
   9  45267    269189760.202  120      278.758   19.602 COUNTED
   9  45495    288764273.298  141      434.941   20.234 COUNTED
   9  45564    294677259.929  119      475.761   10.235 COUNTED
   9  45782    313405235.254   15      353.516   12.489 COUNTED
   9  45863    320318796.173  254      378.080   15.929 COUNTED
   9  45989    331167952.902  251      370.925   15.368 COUNTED
   9  46247    353344900.201  262      156.349   29.337 COUNTED
   9  46526    377312437.967  234      112.231   15.065 COUNTED
   9  46755    397070090.165  246      202.530   14.735 COUNTED
   9  46929    412016516.504  158      342.843   15.525 COUNTED
   9  47153    431245232.274   32      503.184    9.946 COUNTED
   9  47251    439660788.793  182      650.326   24.013 COUNTED
   9  47286    442590534.381  147      641.045   42.495 COUNTED
   9  47580    467916857.532  104      690.439   19.563 COUNTED
------------------------------------------------------------------------------
N_covered = 298   N_miss = 2   sum J_i = 11.842227   J = 13.842227
VERDICT: VALID
exit 0
