[15:53:31] 144 routes from 144 carriers, frac 1.0, max-tank 1150.0, step 50.0
[16:04:31] [  1/144] carrier 123: 31 fb @    885 kg, 0.0401 J/fb  (660 s, total 660 s)
[16:05:10] [  2/144] carrier 14: 29 fb @    854 kg, 0.0419 J/fb  (699 s, total 699 s)
[16:05:13] [  3/144] carrier 12: 37 fb @    974 kg, 0.0362 J/fb  (702 s, total 702 s)
[16:05:23] [  4/144] carrier 28: 34 fb @    950 kg, 0.0386 J/fb  (712 s, total 712 s)
[16:06:36] [  5/144] carrier 63: 28 fb @    840 kg, 0.0429 J/fb  (786 s, total 786 s)
[16:07:18] [  6/144] carrier 46: 29 fb @    914 kg, 0.0439 J/fb  (827 s, total 827 s)
[16:15:50] [  7/144] carrier 15: 31 fb @    888 kg, 0.0403 J/fb  (640 s, total 1339 s)
[16:16:13] [  8/144] carrier 75: 35 fb @   1008 kg, 0.0393 J/fb  (660 s, total 1362 s)
[16:17:30] [  9/144] carrier 19: 31 fb @    865 kg, 0.0395 J/fb  (727 s, total 1439 s)
[16:18:06] [ 10/144] carrier 37: 29 fb @    809 kg, 0.0404 J/fb  (815 s, total 1475 s)
[16:19:15] [ 11/144] carrier 48: 36 fb @    899 kg, 0.0350 J/fb  (717 s, total 1544 s)
[16:21:12] [ 12/144] carrier 87: 29 fb @    889 kg, 0.0431 J/fb  (876 s, total 1662 s)
[16:26:30] [ 13/144] carrier 99: 34 fb @    914 kg, 0.0375 J/fb  (641 s, total 1979 s)
[16:27:21] [ 14/144] carrier 108: 30 fb @    912 kg, 0.0424 J/fb  (668 s, total 2030 s)
[16:30:10] [ 15/144] carrier 59: 28 fb @    800 kg, 0.0416 J/fb  (655 s, total 2200 s)
[16:30:47] [ 16/144] carrier 82: 26 fb @    791 kg, 0.0444 J/fb  (761 s, total 2236 s)
[16:31:41] [ 17/144] carrier 16: 33 fb @   1008 kg, 0.0417 J/fb  (851 s, total 2290 s)
[16:33:44] [ 18/144] carrier 17: 28 fb @    938 kg, 0.0464 J/fb  (751 s, total 2413 s)
[16:38:32] [ 19/144] carrier 1: 34 fb @    887 kg, 0.0367 J/fb  (721 s, total 2701 s)
[16:39:18] [ 20/144] carrier 29: 33 fb @    975 kg, 0.0406 J/fb  (717 s, total 2747 s)
[16:41:32] [ 21/144] carrier 89: 28 fb @    874 kg, 0.0441 J/fb  (681 s, total 2881 s)
[16:41:42] [ 22/144] carrier 116: 34 fb @    938 kg, 0.0382 J/fb  (656 s, total 2891 s)
[16:43:35] [ 23/144] carrier 22: 39 fb @   1036 kg, 0.0361 J/fb  (715 s, total 3005 s)
[16:44:06] [ 24/144] carrier 140: 29 fb @    905 kg, 0.0436 J/fb  (623 s, total 3035 s)
[16:50:17] [ 25/144] carrier 69: 34 fb @    976 kg, 0.0394 J/fb  (659 s, total 3406 s)
[16:51:48] [ 26/144] carrier 131: 27 fb @    786 kg, 0.0426 J/fb  (797 s, total 3497 s)
[16:53:13] [ 27/144] carrier 139: 26 fb @    873 kg, 0.0474 J/fb  (701 s, total 3582 s)
[16:54:08] [ 28/144] carrier 70: 31 fb @    872 kg, 0.0397 J/fb  (746 s, total 3637 s)
[16:54:57] [ 29/144] carrier 97: 31 fb @    862 kg, 0.0394 J/fb  (681 s, total 3686 s)
[16:55:53] [ 30/144] carrier 94: 25 fb @    877 kg, 0.0495 J/fb  (707 s, total 3742 s)
