[14:50:00] polish results/s16/iter/B/it1/fleet: 9 routes, sum J_i 11.7332; 24 settles (0 cached) on 4 procs
[14:50:01]   r1 s0: tank 944.64 (-0.02 kg) miss 4 km imp/cap 0.999 irr 0 (0.8 s)
[14:50:07]   r1 pT05b: tank 944.97 (+0.31 kg) miss 62 km imp/cap 0.993 irr 0 (7.0 s)
[14:50:09]   r1 pT03a: tank 944.47 (-0.19 kg) miss 13 km imp/cap 0.984 irr 0 (2.1 s)
[14:50:13]   r1 pT10a: tank 1624.05 (+679.39 kg) miss 5 km imp/cap 0.974 irr 0 (12.6 s)
[14:50:20]   r1 pT05a: tank 1070.78 (+126.12 kg) miss 66 km imp/cap 0.998 irr 0 (19.9 s)
[14:50:21]   r6 s0: tank 906.08 (-0.01 kg) miss 46 km imp/cap 1.000 irr 0 (0.8 s)
[14:50:28]   r1 tLwp: fail no gain (2 steps)  (19.0 s)
[14:50:30]   r1 pT10c: tank 947.65 (+2.99 kg) miss 4 km imp/cap 0.987 irr 0 (28.5 s)
[14:50:33]   r6 pT05a: tank 902.90 (-3.19 kg) miss 63 km imp/cap 0.999 irr 0 (12.0 s)
[14:50:34]   r1 tLwm: fail no gain (2 steps)  (21.5 s)
[14:50:39]   r6 pT03a: tank 905.69 (-0.40 kg) miss 77 km imp/cap 1.000 irr 0 (5.0 s)
[14:50:40]   r6 pT05b: tank 902.66 (-3.44 kg) miss 60 km imp/cap 0.999 irr 0 (11.5 s)
[14:50:40]   r6 tLwm: fail no gain (1 steps)  (0.0 s)
[14:50:40]   r9 s0: tank 906.48 (-0.01 kg) miss 72 km imp/cap 1.000 irr 0 (0.6 s)
[14:50:42]   r9 pT05a: tank 905.82 (-0.67 kg) miss 45 km imp/cap 0.881 irr 0 (2.0 s)
[14:50:44]   r6 pT10c: tank 902.67 (-3.43 kg) miss 77 km imp/cap 0.994 irr 0 (10.8 s)
[14:50:48]   r9 pT05b: tank 905.36 (-1.13 kg) miss 79 km imp/cap 0.999 irr 0 (5.2 s)
[14:50:50]   r9 pT10a: tank 904.79 (-1.69 kg) miss 84 km imp/cap 0.998 irr 0 (6.4 s)
[14:50:52]   r9 pT03a: tank 906.07 (-0.42 kg) miss 11 km imp/cap 0.979 irr 0 (1.7 s)
[14:50:55]   r9 pT10c: tank 905.01 (-1.48 kg) miss 71 km imp/cap 0.997 irr 0 (6.8 s)
[14:50:55]   r9 tLwp: fail no gain (2 steps)  (2.7 s)
[14:51:00]   r6 pT10a: fail  164518776.82715988 (30.3 s)
[14:51:01]   r9 tLwm: tank 905.49 (-1.00 kg) miss 59 km imp/cap 1.000 irr 0 (6.9 s)
[14:51:08]   r6 tLwp: fail no gain (1 steps)  (28.4 s)
[14:51:08] polish done: sum J_i 11.7332 -> 11.7278; chosen {'r1': 'pT03a', 'r2': 'orig', 'r3': 'orig', 'r4': 'orig', 'r5': 'orig', 'r6': 'pT05b', 'r7': 'orig', 'r8': 'orig', 'r9': 'pT10a'}
