[14:09:22] polish results/s16/iter/A/it4/fleet: 9 routes, sum J_i 11.7731; 99 settles (0 cached) on 4 procs
[14:09:23]   r1 s0: tank 945.96 (-0.42 kg) miss 6 km imp/cap 0.999 irr 0 (0.7 s)
[14:09:29]   r1 pT05c: tank 946.04 (-0.34 kg) miss 65 km imp/cap 0.995 irr 0 (6.7 s)
[14:09:29]   r1 pT05b: tank 946.13 (-0.25 kg) miss 68 km imp/cap 0.993 irr 0 (7.0 s)
[14:09:37]   r1 pT05a: fail  4609.817917553028 (14.4 s)
[14:09:37]   r1 pT10a: tank 1071.63 (+125.25 kg) miss 52 km imp/cap 0.996 irr 0 (14.0 s)
[14:09:41]   r1 pT10c: tank 946.26 (-0.12 kg) miss 56 km imp/cap 0.996 irr 0 (11.4 s)
[14:09:43]   r1 pT10b: tank 947.45 (+1.07 kg) miss 61 km imp/cap 0.997 irr 0 (14.3 s)
[14:09:48]   r1 pT10d: tank 947.20 (+0.82 kg) miss 70 km imp/cap 0.994 irr 0 (10.8 s)
[14:09:48]   r2 s0: tank 909.09 (-0.06 kg) miss 1 km imp/cap 0.962 irr 0 (0.8 s)
[14:09:50]   r2 pT05a: tank 909.24 (+0.09 kg) miss 14 km imp/cap 0.959 irr 0 (1.4 s)
[14:09:51]   r2 pT05b: tank 909.24 (+0.09 kg) miss 2 km imp/cap 0.970 irr 0 (1.0 s)
[14:09:52]   r2 pT05c: tank 909.28 (+0.13 kg) miss 5 km imp/cap 0.953 irr 0 (1.3 s)
[14:09:54]   r2 pT10a: tank 909.52 (+0.37 kg) miss 30 km imp/cap 0.945 irr 0 (1.6 s)
[14:09:56]   r2 pT10b: tank 909.23 (+0.08 kg) miss 60 km imp/cap 0.930 irr 0 (1.9 s)
[14:10:01]   r1 tLp3: tank 1072.45 (+126.06 kg) miss 72 km imp/cap 0.993 irr 0 (17.1 s)
[14:10:03]   r1 tLwm: fail no gain (2 steps)  (22.1 s)
[14:10:06]   r1 tLwp: fail no gain (2 steps)  (28.4 s)
[14:10:06]   r2 tLwm: fail no gain (1 steps)  (0.0 s)
[14:10:14]   r2 tLwp: fail no gain (2 steps)  (11.4 s)
[14:10:17]   r3 s0: tank 994.57 (-1.02 kg) miss 37 km imp/cap 0.998 irr 0 (2.5 s)
[14:10:20]   r3 pT05a: tank 994.39 (-1.20 kg) miss 24 km imp/cap 0.994 irr 0 (3.0 s)
[14:10:21]   r2 pT10c: fail  2472291.319212664 (24.9 s)
[14:10:22]   r3 pT05b: tank 993.88 (-1.70 kg) miss 33 km imp/cap 0.971 irr 0 (2.5 s)
[14:10:23]   r3 pT05c: tank 994.35 (-1.23 kg) miss 21 km imp/cap 0.999 irr 0 (2.1 s)
[14:10:25]   r3 pT10a: tank 994.43 (-1.16 kg) miss 61 km imp/cap 0.995 irr 0 (3.0 s)
[14:10:36]   r2 pT10d: fail  237236405.64575154 (35.4 s)
[14:10:40]   r3 pT10c: tank 991.86 (-3.72 kg) miss 74 km imp/cap 0.997 irr 0 (14.5 s)
[14:10:42]   r2 tLp3: fail  74599933.65471157 (36.0 s)
[14:11:03]   r3 tLwm: tank 992.99 (-2.59 kg) miss 67 km imp/cap 0.997 irr 0 (21.9 s)
[14:11:08]   r3 pT10b: fail  178471506.8403956 (45.6 s)
[14:11:09]   r4 s0: tank 913.62 (-0.42 kg) miss 10 km imp/cap 0.999 irr 0 (1.3 s)
[14:11:13]   r3 tLp3: tank 989.64 (-5.95 kg) miss 58 km imp/cap 0.996 irr 0 (9.8 s)
[14:11:15]   r4 pT05b: tank 913.83 (-0.21 kg) miss 48 km imp/cap 0.989 irr 0 (1.6 s)
[14:11:20]   r4 pT05a: tank 914.22 (+0.18 kg) miss 72 km imp/cap 0.989 irr 0 (10.6 s)
[14:11:23]   r4 pT05c: tank 914.75 (+0.71 kg) miss 63 km imp/cap 0.989 irr 0 (7.7 s)
[14:11:25]   r4 pT10b: tank 913.28 (-0.76 kg) miss 69 km imp/cap 0.981 irr 0 (2.3 s)
[14:11:25]   r3 pT10d: fail  60330316.210265234 (49.4 s)
[14:11:30]   r4 pT10a: tank 914.60 (+0.56 kg) miss 71 km imp/cap 0.997 irr 0 (9.8 s)
[14:11:31]   r4 pT10d: tank 915.25 (+1.21 kg) miss 24 km imp/cap 0.781 irr 0 (5.7 s)
[14:11:31]   r4 tLwm: fail no gain (1 steps)  (0.0 s)
[14:11:37]   r4 pT10c: tank 914.38 (+0.34 kg) miss 69 km imp/cap 0.997 irr 0 (11.8 s)
[14:11:39]   r5 s0: tank 920.52 (-0.01 kg) miss 4 km imp/cap 1.000 irr 0 (2.5 s)
[14:11:43]   r3 tLwp: tank 988.07 (-7.52 kg) miss 58 km imp/cap 0.996 irr 0 (62.9 s)
[14:11:48]   r5 pT05a: tank 920.71 (+0.19 kg) miss 8 km imp/cap 0.863 irr 0 (8.8 s)
[14:11:50]   r5 pT05b: tank 920.59 (+0.07 kg) miss 68 km imp/cap 0.992 irr 0 (7.0 s)
[14:11:57]   r4 tLwp: fail no gain (1 steps)  (27.6 s)
[14:12:01]   r5 pT05c: tank 920.47 (-0.05 kg) miss 75 km imp/cap 0.996 irr 0 (13.2 s)
[14:12:05]   r5 pT10a: tank 921.04 (+0.51 kg) miss 72 km imp/cap 0.766 irr 0 (15.5 s)
[14:12:22]   r5 pT10b: tank 920.34 (-0.19 kg) miss 72 km imp/cap 0.995 irr 0 (24.2 s)
[14:12:31]   r4 tLp3: fail  105804839.51199788 (59.6 s)
[14:12:31]   r5 tLwm: fail no gain (1 steps)  (0.0 s)
[14:12:32]   r5 pT10c: fail  173616265.95257553 (30.8 s)
[14:12:34]   r6 s0: tank 958.92 (-0.26 kg) miss 4 km imp/cap 0.999 irr 0 (1.9 s)
[14:12:39]   r6 pT05a: tank 958.76 (-0.43 kg) miss 37 km imp/cap 0.986 irr 0 (4.9 s)
[14:12:40]   r5 pT10d: fail  259678439.52684456 (35.1 s)
[14:12:44]   r6 pT05b: tank 958.28 (-0.91 kg) miss 66 km imp/cap 0.993 irr 0 (4.8 s)
[14:12:44]   r6 pT05c: tank 958.96 (-0.23 kg) miss 79 km imp/cap 0.996 irr 0 (3.8 s)
[14:12:54]   r6 pT10b: tank 959.13 (-0.06 kg) miss 16 km imp/cap 0.997 irr 0 (10.2 s)
[14:13:00]   r6 pT10a: tank 959.00 (-0.18 kg) miss 69 km imp/cap 0.999 irr 0 (16.3 s)
[14:13:02]   r6 pT10c: tank 959.20 (+0.02 kg) miss 60 km imp/cap 0.998 irr 0 (7.7 s)
[14:13:10]   r6 tLwp: tank 959.05 (-0.13 kg) miss 10 km imp/cap 1.000 irr 0 (7.5 s)
[14:13:17]   r6 tLwm: tank 959.11 (-0.07 kg) miss 36 km imp/cap 0.999 irr 0 (7.5 s)
[14:13:20]   r6 tLp3: tank 959.63 (+0.45 kg) miss 16 km imp/cap 1.000 irr 0 (3.4 s)
[14:13:23]   r7 s0: tank 1026.10 (-0.57 kg) miss 70 km imp/cap 1.000 irr 0 (2.8 s)
[14:13:23]   r6 pT10d: tank 959.06 (-0.12 kg) miss 59 km imp/cap 0.997 irr 0 (23.4 s)
[14:13:33]   r5 tLwp: fail no gain (1 steps)  (71.0 s)
[14:13:38]   r5 tLp3: fail  157180444.88783714 (67.3 s)
[14:13:39]   r7 pT05b: tank 1027.98 (+1.31 kg) miss 65 km imp/cap 0.987 irr 0 (15.8 s)
[14:13:49]   r7 pT10a: tank 1026.50 (-0.17 kg) miss 71 km imp/cap 0.998 irr 0 (11.6 s)
[14:14:02]   r7 pT05c: tank 1027.34 (+0.67 kg) miss 59 km imp/cap 0.994 irr 0 (29.7 s)
[14:14:11]   r7 pT10b: fail  32245184.95345883 (31.8 s)
[14:14:14]   r7 pT10d: tank 1026.76 (+0.09 kg) miss 71 km imp/cap 0.997 irr 0 (11.6 s)
[14:14:18]   r7 pT05a: fail  164922782.91562888 (54.6 s)
[14:14:41]   r7 tLwm: fail no gain (1 steps)  (26.6 s)
[14:14:41]   r8 s0: tank 929.60 (-0.01 kg) miss 54 km imp/cap 1.000 irr 0 (0.9 s)
[14:14:44]   r7 pT10c: fail  104429694.34070049 (54.9 s)
[14:14:45]   r8 pT05a: tank 928.78 (-0.84 kg) miss 23 km imp/cap 0.999 irr 0 (3.9 s)
[14:14:46]   r8 pT05b: tank 929.39 (-0.22 kg) miss 40 km imp/cap 0.999 irr 0 (1.8 s)
[14:14:48]   r8 pT05c: tank 929.19 (-0.43 kg) miss 57 km imp/cap 0.998 irr 0 (2.3 s)
[14:14:50]   r7 tLwp: fail no gain (2 steps)  (39.0 s)
[14:14:56]   r8 pT10c: tank 929.22 (-0.39 kg) miss 57 km imp/cap 0.999 irr 0 (5.6 s)
[14:14:56]   r8 pT10b: tank 928.50 (-1.11 kg) miss 61 km imp/cap 0.999 irr 0 (8.7 s)
[14:14:58]   r7 tLp3: tank 1843.16 (+816.49 kg) miss 84 km imp/cap 0.880 irr 0 (39.8 s)
[14:15:02]   r8 pT10a: fail  48573925.01190041 (16.0 s)
[14:15:07]   r8 pT10d: tank 928.78 (-0.83 kg) miss 66 km imp/cap 0.994 irr 0 (11.0 s)
[14:15:08]   r9 s0: tank 905.05 (-0.19 kg) miss 4 km imp/cap 0.975 irr 0 (1.4 s)
[14:15:11]   r9 pT05a: tank 905.08 (-0.15 kg) miss 13 km imp/cap 0.887 irr 0 (3.2 s)
[14:15:12]   r9 pT05b: tank 905.11 (-0.13 kg) miss 54 km imp/cap 0.910 irr 0 (1.2 s)
[14:15:13]   r9 pT05c: tank 904.99 (-0.25 kg) miss 3 km imp/cap 0.980 irr 0 (0.8 s)
[14:15:14]   r8 tLwm: fail no gain (1 steps)  (16.5 s)
[14:15:14]   r9 pT10a: tank 905.07 (-0.17 kg) miss 37 km imp/cap 0.980 irr 0 (1.1 s)
[14:15:15]   r9 pT10b: tank 904.85 (-0.39 kg) miss 69 km imp/cap 0.993 irr 0 (1.2 s)
[14:15:18]   r9 pT10c: tank 904.71 (-0.52 kg) miss 74 km imp/cap 0.997 irr 0 (4.0 s)
[14:15:27]   r9 pT10d: tank 904.30 (-0.93 kg) miss 75 km imp/cap 0.997 irr 0 (11.6 s)
[14:15:29]   r9 tLwp: fail no gain (2 steps)  (10.4 s)
[14:15:33]   r8 tLwp: fail no gain (1 steps)  (36.5 s)
[14:15:40]   r9 tLp3: tank 906.00 (+0.76 kg) miss 32 km imp/cap 0.995 irr 0 (10.9 s)
[14:15:42]   r8 tLp3: fail  437744764.90895545 (39.6 s)
[14:15:48]   r9 tLwm: tank 901.19 (-4.04 kg) miss 44 km imp/cap 0.998 irr 0 (21.2 s)
[14:15:48] polish done: sum J_i 11.7731 -> 11.7563; chosen {'r1': 's0', 'r2': 's0', 'r3': 'tLwp', 'r4': 'pT10b', 'r5': 'pT10b', 'r6': 'pT05b', 'r7': 's0', 'r8': 'pT10b', 'r9': 'tLwm'}
