[13:55:38] polish results/s15b/reloc_h2/fleet: 9 routes, sum J_i 11.8327; 48 settles (16 cached) on 4 procs
[13:55:39]   h02 pFa: tank 969.39 (-0.20 kg) miss 4 km imp/cap 0.999 irr 0 (1.1 s)
Traceback (most recent call last):
  File "/Users/mickey/solarsystem/ctoc14/tools/s16_polish.py", line 167, in <module>
    main()
    ~~~~^^
  File "/Users/mickey/solarsystem/ctoc14/tools/s16_polish.py", line 148, in main
    f'fail {r.get("err", "")} {r.get("miss", "")}') + f' ({r["sec"]} s)')
                                                           ~^^^^^^^
KeyError: 'sec'
[13:59:31] polish results/s15b/reloc_h2/fleet: 9 routes, sum J_i 11.8327; 46 settles (18 cached) on 4 procs
[13:59:43]   h03 tLwp: tank 1045.45 (-3.22 kg) miss 64 km imp/cap 0.999 irr 0 (12.7 s)
[13:59:44]   h01 s0: tank 909.49 (-0.38 kg) miss 4 km imp/cap 0.955 irr 0 (0.7 s)
[13:59:44]   h02 tLp3: tank 1777.02 (+807.43 kg) miss 83 km imp/cap 0.968 irr 0 (13.5 s)
[13:59:45]   h01 pFa: tank 909.48 (-0.39 kg) miss 4 km imp/cap 0.955 irr 0 (0.8 s)
[13:59:45]   h01 pT10a: tank 909.35 (-0.52 kg) miss 39 km imp/cap 0.943 irr 0 (1.5 s)
[13:59:45]   h01 tLwm: fail no gain (1 steps)  (0.0 s)
[13:59:56]   h01 tLwp: fail no gain (2 steps)  (10.7 s)
[13:59:56]   h04 s0: tank 922.09 (-0.35 kg) miss 20 km imp/cap 0.996 irr 0 (0.7 s)
[14:00:02]   h04 pT10a: tank 921.83 (-0.61 kg) miss 69 km imp/cap 0.996 irr 0 (6.0 s)
[14:00:03]   h04 pFa: tank 922.13 (-0.31 kg) miss 22 km imp/cap 1.000 irr 0 (1.0 s)
[14:00:07]   h02 tLwm: tank 968.95 (-0.65 kg) miss 63 km imp/cap 0.997 irr 0 (36.2 s)
[14:00:07]   h04 tLwm: fail no gain (1 steps)  (0.0 s)
[14:00:15]   h02 tLwp: tank 968.50 (-1.09 kg) miss 80 km imp/cap 0.994 irr 0 (44.3 s)
[14:00:16]   h05 s0: tank 920.55 (-0.31 kg) miss 12 km imp/cap 0.999 irr 0 (0.7 s)
[14:00:18]   h01 tLp3: fail  45255296.447129466 (32.5 s)
[14:00:19]   h05 pFa: tank 920.68 (-0.18 kg) miss 5 km imp/cap 0.999 irr 0 (1.0 s)
[14:00:27]   h05 pT10a: tank 921.00 (+0.14 kg) miss 75 km imp/cap 0.770 irr 0 (11.4 s)
[14:00:27]   h05 tLwm: fail no gain (1 steps)  (0.0 s)
[14:00:40]   h04 tLwp: fail no gain (2 steps)  (37.1 s)
[14:00:42]   t1 s0: tank 1029.62 (-0.47 kg) miss 22 km imp/cap 0.999 irr 0 (1.6 s)
[14:00:42]   h04 tLp3: fail  516387058.24971515 (35.6 s)
[14:00:44]   t1 pFa: tank 1029.66 (-0.43 kg) miss 28 km imp/cap 0.999 irr 0 (1.9 s)
[14:00:47]   t1 pT10a: tank 1027.42 (-2.67 kg) miss 64 km imp/cap 0.993 irr 0 (5.5 s)
[14:00:50]   h05 tLwp: fail no gain (1 steps)  (31.5 s)
[14:01:00]   h05 tLp3: fail  145680454.69719067 (33.3 s)
[14:01:01]   h06 s0: tank 950.69 (-0.28 kg) miss 64 km imp/cap 0.999 irr 0 (0.8 s)
[14:01:11]   t1 tLwp: fail no gain (2 steps)  (27.2 s)
[14:01:13]   h06 pFa: tank 950.59 (-0.38 kg) miss 65 km imp/cap 1.000 irr 0 (1.1 s)
[14:01:13]   h06 pT10a: tank 944.39 (-6.59 kg) miss 77 km imp/cap 0.996 irr 0 (12.2 s)
[14:01:20]   t1 tLwm: fail no gain (1 steps)  (32.5 s)
[14:01:25]   t1 tLp3: fail  338140920.6406017 (34.1 s)
[14:01:26]   h06 tLp3: tank 946.02 (-4.95 kg) miss 40 km imp/cap 0.983 irr 0 (6.0 s)
[14:01:26]   s1 s0: tank 921.61 (-0.62 kg) miss 24 km imp/cap 0.999 irr 0 (1.5 s)
[14:01:27]   s1 pFa: tank 921.93 (-0.30 kg) miss 20 km imp/cap 0.998 irr 0 (0.9 s)
[14:01:29]   h06 tLwp: tank 945.64 (-5.34 kg) miss 71 km imp/cap 0.997 irr 0 (16.2 s)
[14:01:40]   s1 tLwp: fail no gain (1 steps)  (13.4 s)
[14:01:42]   h06 tLwm: tank 946.16 (-4.82 kg) miss 64 km imp/cap 0.999 irr 0 (28.7 s)
[14:01:43]   s2 s0: tank 882.07 (-0.06 kg) miss 24 km imp/cap 1.000 irr 0 (0.9 s)
[14:01:49]   s2 pT10a: tank 879.42 (-2.71 kg) miss 63 km imp/cap 0.985 irr 0 (5.7 s)
[14:01:49]   s2 pFa: tank 882.03 (-0.10 kg) miss 8 km imp/cap 1.000 irr 0 (0.9 s)
[14:01:57]   s1 tLp3: fail  270778472.9187887 (16.2 s)
[14:01:57]   s1 pT10a: fail  86297268.13712889 (31.4 s)
[14:02:08]   s2 tLwp: tank 879.43 (-2.70 kg) miss 88 km imp/cap 0.998 irr 0 (18.4 s)
[14:02:12]   s1 tLwm: tank 919.59 (-2.64 kg) miss 24 km imp/cap 0.999 irr 0 (43.2 s)
[14:02:14]   s2 tLp3: tank 1183.24 (+301.11 kg) miss 34 km imp/cap 0.999 irr 0 (16.1 s)
[14:02:18]   s2 tLwm: tank 877.59 (-4.54 kg) miss 85 km imp/cap 1.000 irr 0 (21.7 s)
[14:02:18] polish done: sum J_i 11.8327 -> 11.8086; chosen {'h01': 'pT10a', 'h02': 'tLwp', 'h03': 'tLp3', 'h04': 'pT10a', 'h05': 's0', 'h06': 'pT10a', 's1': 'tLwm', 's2': 'tLwm', 't1': 'pT10a'}
