[14:24:05] polish results/s16/iter/A/it6/fleet: 9 routes, sum J_i 11.7528; 99 settles (0 cached) on 4 procs
[14:24:06]   r1 pT05g: tank 945.41 (-0.36 kg) miss 19 km imp/cap 0.993 irr 0 (1.5 s)
[14:24:09]   r1 pT05h: tank 945.32 (-0.45 kg) miss 44 km imp/cap 0.997 irr 0 (4.0 s)
[14:24:10]   r1 pT10g: tank 945.28 (-0.49 kg) miss 66 km imp/cap 0.996 irr 0 (4.7 s)
[14:24:11]   r1 pT03a: tank 945.31 (-0.46 kg) miss 21 km imp/cap 0.997 irr 0 (2.0 s)
[14:24:11]   r1 pT05f: tank 945.04 (-0.73 kg) miss 77 km imp/cap 0.993 irr 0 (6.5 s)
[14:24:13]   r1 pT10h: tank 946.07 (+0.29 kg) miss 79 km imp/cap 0.992 irr 0 (6.1 s)
[14:24:18]   r1 pT03b: tank 945.01 (-0.76 kg) miss 70 km imp/cap 0.995 irr 0 (7.9 s)
[14:24:31]   r1 tLwm: fail no gain (1 steps)  (13.0 s)
[14:24:35]   r2 pT05f: tank 909.57 (+0.67 kg) miss 33 km imp/cap 0.881 irr 0 (4.7 s)
[14:24:39]   r2 pT05g: tank 909.49 (+0.59 kg) miss 55 km imp/cap 0.885 irr 0 (4.3 s)
[14:24:43]   r1 tLwp: fail no gain (2 steps)  (30.8 s)
[14:24:44]   r1 tLwm2: fail no gain (1 steps)  (32.9 s)
[14:24:45]   r2 pT05h: tank 909.52 (+0.61 kg) miss 23 km imp/cap 0.920 irr 0 (5.0 s)
[14:24:45]   r1 tLwp2: fail no gain (1 steps)  (33.7 s)
[14:24:46]   r2 pT03a: tank 909.07 (+0.17 kg) miss 14 km imp/cap 0.937 irr 0 (1.1 s)
[14:24:46]   r2 pT03b: tank 909.18 (+0.28 kg) miss 13 km imp/cap 0.896 irr 0 (1.0 s)
[14:24:46]   r2 tLwm2: fail no gain (1 steps)  (0.0 s)
[14:24:47]   r2 pT10h: tank 909.32 (+0.42 kg) miss 49 km imp/cap 0.953 irr 0 (2.2 s)
[14:24:47]   r2 tLwm: fail no gain (1 steps)  (0.0 s)
[14:24:58]   r2 tLwp: fail no gain (2 steps)  (12.0 s)
[14:24:58]   r3 pT05f: tank 1431.71 (+444.66 kg) miss 51 km imp/cap 0.885 irr 0 (11.4 s)
[14:25:01]   r3 pT05h: tank 987.60 (+0.55 kg) miss 54 km imp/cap 0.987 irr 0 (3.1 s)
[14:25:06]   r2 pT10g: fail  168529.46742105787 (23.1 s)
[14:25:08]   r3 pT05g: tank 987.33 (+0.28 kg) miss 64 km imp/cap 0.998 irr 0 (10.0 s)
[14:25:09]   r3 pT10h: tank 987.49 (+0.44 kg) miss 73 km imp/cap 0.996 irr 0 (2.2 s)
[14:25:10]   r3 pT03b: tank 986.99 (-0.06 kg) miss 29 km imp/cap 0.983 irr 0 (1.4 s)
[14:25:10]   r3 pT03a: tank 987.19 (+0.15 kg) miss 75 km imp/cap 0.998 irr 0 (2.7 s)
[14:25:11]   r3 pT10g: tank 986.86 (-0.19 kg) miss 56 km imp/cap 0.997 irr 0 (9.8 s)
[14:25:18]   r2 tLwp2: fail no gain (1 steps)  (32.5 s)
[14:25:23]   r3 tLwp: fail no gain (2 steps)  (12.3 s)
[14:25:25]   r3 tLwp2: fail no gain (2 steps)  (14.7 s)
[14:25:27]   r4 pT05g: tank 913.93 (+0.75 kg) miss 32 km imp/cap 0.864 irr 0 (2.8 s)
[14:25:32]   r4 pT05f: tank 913.95 (+0.77 kg) miss 49 km imp/cap 0.985 irr 0 (8.5 s)
[14:25:34]   r4 pT05h: tank 914.39 (+1.21 kg) miss 73 km imp/cap 0.998 irr 0 (6.9 s)
[14:25:35]   r3 tLwm: fail no gain (2 steps)  (17.4 s)
[14:25:36]   r4 pT03a: tank 913.15 (-0.02 kg) miss 39 km imp/cap 0.973 irr 0 (1.0 s)
[14:25:39]   r4 pT03b: tank 914.03 (+0.85 kg) miss 36 km imp/cap 0.827 irr 0 (2.5 s)
[14:25:40]   r4 pT10h: tank 914.13 (+0.95 kg) miss 73 km imp/cap 0.992 irr 0 (5.2 s)
[14:25:40]   r4 tLwm2: fail no gain (1 steps)  (0.0 s)
[14:25:47]   r4 pT10g: fail  2360165.804898101 (15.7 s)
[14:25:47]   r4 tLwm: fail no gain (1 steps)  (0.0 s)
[14:25:48]   r5 pT05f: tank 919.78 (+0.24 kg) miss 9 km imp/cap 0.946 irr 0 (1.0 s)
[14:25:51]   r5 pT05g: tank 919.81 (+0.27 kg) miss 58 km imp/cap 0.882 irr 0 (2.3 s)
[14:25:53]   r5 pT05h: tank 919.53 (-0.01 kg) miss 72 km imp/cap 0.892 irr 0 (2.2 s)
[14:26:04]   r4 tLwp: fail no gain (2 steps)  (24.0 s)
[14:26:09]   r5 pT10g: fail  71528734.56085928 (16.1 s)
[14:26:10]   r5 pT03a: tank 919.67 (+0.14 kg) miss 23 km imp/cap 0.983 irr 0 (1.0 s)
[14:26:13]   r3 tLwm2: fail no gain (2 steps)  (62.7 s)
[14:26:14]   r4 tLwp2: fail no gain (1 steps)  (35.0 s)
[14:26:14]   r5 tLwm2: fail no gain (1 steps)  (0.0 s)
[14:26:14]   r5 pT03b: tank 920.22 (+0.68 kg) miss 62 km imp/cap 0.880 irr 0 (4.2 s)
[14:26:14]   r5 tLwm: fail no gain (1 steps)  (0.0 s)
[14:26:18]   r5 pT10h: fail  138600133.6807658 (14.0 s)
[14:26:18]   r6 pT05f: tank 958.65 (+0.37 kg) miss 56 km imp/cap 0.997 irr 0 (3.4 s)
[14:26:18]   r6 pT05g: tank 958.43 (+0.16 kg) miss 49 km imp/cap 0.999 irr 0 (0.9 s)
[14:26:22]   r6 pT10g: tank 959.08 (+0.80 kg) miss 59 km imp/cap 0.996 irr 0 (3.5 s)
[14:26:23]   r6 pT05h: tank 958.36 (+0.09 kg) miss 63 km imp/cap 0.998 irr 0 (5.6 s)
[14:26:24]   r6 pT03a: tank 958.43 (+0.16 kg) miss 9 km imp/cap 0.996 irr 0 (0.8 s)
[14:26:28]   r6 pT03b: tank 958.60 (+0.33 kg) miss 62 km imp/cap 0.996 irr 0 (3.6 s)
[14:26:31]   r6 tLwp2: fail no gain (2 steps)  (2.9 s)
[14:26:33]   r6 tLwm2: fail no gain (2 steps)  (2.1 s)
[14:26:35]   r6 tLwp: fail no gain (2 steps)  (1.9 s)
[14:26:37]   r6 tLwm: fail no gain (2 steps)  (2.2 s)
[14:26:40]   r5 tLwp2: fail no gain (1 steps)  (26.5 s)
[14:26:40]   r5 tLwp: fail no gain (1 steps)  (26.0 s)
[14:26:46]   r7 pT05h: tank 1026.64 (+0.76 kg) miss 22 km imp/cap 0.996 irr 0 (5.5 s)
[14:26:50]   r6 pT10h: fail  52145671.531914964 (28.5 s)
[14:26:55]   r7 pT05f: fail  21507132.067093857 (18.2 s)
[14:26:56]   r7 pT10h: tank 1026.60 (+0.72 kg) miss 13 km imp/cap 0.992 irr 0 (5.5 s)
[14:26:57]   r7 pT03a: tank 1025.57 (-0.31 kg) miss 34 km imp/cap 0.978 irr 0 (1.5 s)
[14:26:59]   r7 pT05g: tank 1028.08 (+2.20 kg) miss 64 km imp/cap 0.994 irr 0 (19.3 s)
[14:26:59]   r7 pT10g: tank 1028.20 (+2.32 kg) miss 69 km imp/cap 0.999 irr 0 (14.0 s)
[14:27:03]   r7 pT03b: tank 1028.80 (+2.92 kg) miss 64 km imp/cap 0.995 irr 0 (6.9 s)
[14:27:17]   r7 tLwm2: fail no gain (1 steps)  (18.5 s)
[14:27:31]   r8 pT05f: tank 929.10 (+0.90 kg) miss 32 km imp/cap 0.996 irr 0 (13.5 s)
[14:27:33]   r8 pT05g: tank 927.84 (-0.36 kg) miss 10 km imp/cap 0.998 irr 0 (1.8 s)
[14:27:33]   r7 tLwp2: fail no gain (1 steps)  (36.2 s)
[14:27:34]   r8 pT05h: tank 927.90 (-0.30 kg) miss 42 km imp/cap 0.999 irr 0 (1.8 s)
[14:27:39]   r7 tLwp: fail no gain (2 steps)  (39.6 s)
[14:27:40]   r8 pT03a: tank 927.98 (-0.23 kg) miss 77 km imp/cap 0.997 irr 0 (1.2 s)
[14:27:43]   r8 pT10g: tank 928.04 (-0.16 kg) miss 66 km imp/cap 0.998 irr 0 (9.7 s)
[14:27:43]   r8 pT03b: tank 927.96 (-0.24 kg) miss 70 km imp/cap 0.999 irr 0 (2.3 s)
[14:27:44]   r8 pT10h: tank 927.83 (-0.38 kg) miss 48 km imp/cap 0.996 irr 0 (9.7 s)
[14:27:58]   r7 tLwm: fail no gain (2 steps)  (55.3 s)
[14:27:59]   r8 tLwm2: fail no gain (1 steps)  (16.0 s)
[14:28:00]   r9 pT05f: tank 900.47 (-0.28 kg) miss 14 km imp/cap 0.995 irr 0 (1.7 s)
[14:28:02]   r9 pT05g: tank 900.37 (-0.37 kg) miss 59 km imp/cap 0.996 irr 0 (1.4 s)
[14:28:03]   r9 pT05h: tank 900.54 (-0.20 kg) miss 55 km imp/cap 0.994 irr 0 (1.1 s)
[14:28:12]   r9 pT10g: tank 898.15 (-2.59 kg) miss 70 km imp/cap 0.999 irr 0 (9.1 s)
[14:28:14]   r8 tLwp: tank 928.07 (-0.14 kg) miss 50 km imp/cap 0.996 irr 0 (29.8 s)
[14:28:16]   r9 pT03a: tank 900.46 (-0.28 kg) miss 37 km imp/cap 0.993 irr 0 (1.8 s)
[14:28:17]   r9 pT03b: tank 900.50 (-0.25 kg) miss 6 km imp/cap 0.998 irr 0 (1.6 s)
[14:28:26]   r9 pT10h: fail  29747076.62954317 (14.2 s)
[14:28:27]   r8 tLwp2: fail no gain (2 steps)  (44.7 s)
[14:28:29]   r9 tLwm2: fail no gain (2 steps)  (3.2 s)
[14:28:30]   r9 tLwp2: tank 899.88 (-0.87 kg) miss 33 km imp/cap 0.992 irr 0 (12.3 s)
[14:28:31]   r9 tLwm: fail no gain (2 steps)  (1.8 s)
[14:28:32]   r9 tLwp: tank 900.29 (-0.45 kg) miss 38 km imp/cap 0.995 irr 0 (4.4 s)
[14:28:39]   r8 tLwm: fail no gain (2 steps)  (41.0 s)
[14:28:39] polish done: sum J_i 11.7528 -> 11.7483; chosen {'r1': 'pT03b', 'r2': 'orig', 'r3': 'pT10g', 'r4': 'pT03a', 'r5': 'pT05h', 'r6': 'orig', 'r7': 'pT03a', 'r8': 'pT10h', 'r9': 'pT10g'}
