[14:43:43] polish results/s16/fleets/C: 9 routes, sum J_i 11.7439; 72 settles (0 cached) on 3 procs
[14:43:43]   r1 s0: tank 944.66 (-0.03 kg) miss 4 km imp/cap 0.999 irr 0 (0.8 s)
[14:43:45]   r1 pT05j: tank 944.82 (+0.13 kg) miss 81 km imp/cap 0.995 irr 0 (2.1 s)
[14:43:54]   r1 pT10i: tank 946.32 (+1.64 kg) miss 71 km imp/cap 0.995 irr 0 (10.4 s)
[14:43:56]   r1 pT05i: tank 1071.31 (+126.62 kg) miss 74 km imp/cap 0.998 irr 0 (12.9 s)
[14:43:56]   r1 pT03c: tank 944.86 (+0.18 kg) miss 79 km imp/cap 0.985 irr 0 (2.1 s)
[14:44:13]   r1 tLwm: fail no gain (2 steps)  (17.2 s)
[14:44:14]   r2 s0: tank 908.90 (-0.00 kg) miss 29 km imp/cap 0.933 irr 0 (0.7 s)
[14:44:15]   r2 pT05i: tank 909.06 (+0.16 kg) miss 31 km imp/cap 0.925 irr 0 (1.2 s)
[14:44:15]   r1 pT10j: fail  263011917.12744555 (30.5 s)
[14:44:17]   r2 pT10i: tank 909.45 (+0.55 kg) miss 43 km imp/cap 0.861 irr 0 (2.0 s)
[14:44:18]   r1 tLwp: fail no gain (2 steps)  (22.2 s)
[14:44:20]   r2 pT10j: tank 909.55 (+0.65 kg) miss 20 km imp/cap 0.946 irr 0 (2.8 s)
[14:44:21]   r2 pT05j: tank 910.14 (+1.24 kg) miss 15 km imp/cap 0.903 irr 0 (5.5 s)
[14:44:21]   r2 tLwm: fail no gain (1 steps)  (0.0 s)
[14:44:22]   r3 s0: tank 986.72 (-0.03 kg) miss 8 km imp/cap 0.999 irr 0 (0.9 s)
[14:44:22]   r2 pT03c: tank 909.30 (+0.40 kg) miss 12 km imp/cap 0.911 irr 0 (3.9 s)
[14:44:24]   r3 pT05j: tank 986.79 (+0.05 kg) miss 35 km imp/cap 0.998 irr 0 (2.2 s)
[14:44:30]   r3 pT05i: tank 987.51 (+0.76 kg) miss 66 km imp/cap 0.998 irr 0 (8.3 s)
[14:44:31]   r2 tLwp: fail no gain (2 steps)  (10.8 s)
[14:44:31]   r3 pT10i: tank 987.59 (+0.84 kg) miss 73 km imp/cap 0.989 irr 0 (7.5 s)
[14:44:32]   r3 pT03c: tank 986.58 (-0.17 kg) miss 9 km imp/cap 0.999 irr 0 (1.0 s)
[14:44:37]   r3 tLwp: fail no gain (2 steps)  (5.2 s)
[14:44:37]   r4 s0: tank 913.15 (-0.00 kg) miss 29 km imp/cap 0.973 irr 0 (0.7 s)
[14:44:42]   r4 pT05i: tank 914.01 (+0.86 kg) miss 69 km imp/cap 0.996 irr 0 (4.5 s)
[14:44:43]   r4 pT05j: tank 913.17 (+0.02 kg) miss 58 km imp/cap 0.978 irr 0 (1.5 s)
[14:44:45]   r3 tLwm: fail no gain (2 steps)  (13.5 s)
[14:44:45]   r4 pT10i: tank 913.47 (+0.32 kg) miss 86 km imp/cap 0.861 irr 0 (2.2 s)
[14:44:47]   r4 pT03c: tank 913.44 (+0.29 kg) miss 90 km imp/cap 0.856 irr 0 (2.0 s)
[14:44:52]   r3 pT10j: tank 1331.67 (+344.92 kg) miss 93 km imp/cap 0.992 irr 0 (21.8 s)
[14:44:52]   r4 tLwm: fail no gain (1 steps)  (0.0 s)
[14:44:53]   r5 s0: tank 918.68 (-0.20 kg) miss 78 km imp/cap 0.928 irr 0 (1.0 s)
[14:44:56]   r4 tLwp: fail no gain (1 steps)  (8.2 s)
[14:44:56]   r4 pT10j: tank 914.18 (+1.02 kg) miss 67 km imp/cap 0.996 irr 0 (10.6 s)
[14:44:57]   r5 pT05i: tank 918.64 (-0.24 kg) miss 39 km imp/cap 0.828 irr 0 (4.3 s)
[14:45:04]   r5 pT05j: tank 917.91 (-0.98 kg) miss 76 km imp/cap 0.996 irr 0 (8.3 s)
[14:45:05]   r5 pT03c: tank 918.70 (-0.19 kg) miss 66 km imp/cap 0.938 irr 0 (1.3 s)
[14:45:24]   r5 pT10i: fail  152771384.05250344 (28.1 s)
[14:45:24]   r5 tLwm: fail no gain (1 steps)  (0.0 s)
[14:45:25]   r6 s0: tank 958.27 (-0.01 kg) miss 17 km imp/cap 0.984 irr 0 (0.7 s)
[14:45:26]   r5 pT10j: fail  97159371.32570446 (29.1 s)
[14:45:27]   r6 pT05i: tank 958.53 (+0.25 kg) miss 51 km imp/cap 0.966 irr 0 (2.2 s)
[14:45:28]   r6 pT05j: tank 958.54 (+0.26 kg) miss 40 km imp/cap 0.997 irr 0 (2.2 s)
[14:45:34]   r6 pT10j: tank 958.49 (+0.21 kg) miss 65 km imp/cap 0.998 irr 0 (5.3 s)
[14:45:34]   r5 tLwp: fail no gain (1 steps)  (29.1 s)
[14:45:35]   r6 pT03c: tank 958.10 (-0.18 kg) miss 22 km imp/cap 0.995 irr 0 (1.1 s)
[14:45:36]   r6 tLwp: fail no gain (2 steps)  (2.1 s)
[14:45:37]   r6 tLwm: fail no gain (2 steps)  (2.0 s)
[14:45:41]   r6 pT10i: fail  33564630.07387292 (14.0 s)
[14:45:43]   r7 s0: tank 1021.86 (-0.84 kg) miss 70 km imp/cap 1.000 irr 0 (6.9 s)
[14:45:46]   r7 pT05i: tank 1019.66 (-3.03 kg) miss 67 km imp/cap 0.995 irr 0 (9.2 s)
[14:45:51]   r7 pT05j: tank 1020.13 (-2.57 kg) miss 72 km imp/cap 0.998 irr 0 (9.8 s)
[14:45:58]   r7 pT03c: tank 1020.51 (-2.18 kg) miss 75 km imp/cap 0.983 irr 0 (7.7 s)
[14:46:00]   r7 pT10i: tank 1020.98 (-1.72 kg) miss 44 km imp/cap 0.971 irr 0 (16.9 s)
[14:46:02]   r7 pT10j: fail  228398750.11582333 (16.5 s)
[14:46:03]   r8 s0: tank 927.74 (-0.08 kg) miss 14 km imp/cap 0.999 irr 0 (0.8 s)
[14:46:08]   r8 pT05i: tank 928.02 (+0.19 kg) miss 56 km imp/cap 0.996 irr 0 (4.9 s)
[14:46:15]   r8 pT05j: tank 928.49 (+0.67 kg) miss 60 km imp/cap 0.998 irr 0 (6.3 s)
[14:46:23]   r8 pT10i: tank 928.55 (+0.72 kg) miss 63 km imp/cap 0.999 irr 0 (8.3 s)
[14:46:25]   r8 pT10j: tank 927.82 (-0.00 kg) miss 35 km imp/cap 0.998 irr 0 (1.9 s)
[14:46:26]   r8 pT03c: tank 927.62 (-0.20 kg) miss 6 km imp/cap 0.999 irr 0 (1.6 s)
[14:46:50]   r8 tLwp: tank 927.66 (-0.17 kg) miss 64 km imp/cap 0.999 irr 0 (24.1 s)
[14:47:05]   r7 tLwp: tank 1018.89 (-3.80 kg) miss 48 km imp/cap 0.997 irr 0 (66.9 s)
[14:47:06]   r9 s0: tank 898.05 (-0.10 kg) miss 9 km imp/cap 1.000 irr 0 (0.7 s)
[14:47:12]   r8 tLwm: fail no gain (2 steps)  (22.0 s)
[14:47:14]   r9 pT05i: tank 897.43 (-0.72 kg) miss 69 km imp/cap 0.999 irr 0 (7.8 s)
[14:47:14]   r9 pT05j: tank 897.94 (-0.21 kg) miss 63 km imp/cap 0.998 irr 0 (2.0 s)
[14:47:15]   r9 pT10i: tank 897.97 (-0.18 kg) miss 55 km imp/cap 0.965 irr 0 (1.5 s)
[14:47:16]   r9 pT03c: tank 897.76 (-0.39 kg) miss 42 km imp/cap 0.994 irr 0 (1.1 s)
[14:47:17]   r9 pT10j: tank 897.99 (-0.16 kg) miss 35 km imp/cap 0.999 irr 0 (2.1 s)
[14:47:19]   r9 tLwp: fail no gain (2 steps)  (2.3 s)
[14:47:20]   r9 tLwm: tank 897.30 (-0.85 kg) miss 29 km imp/cap 1.000 irr 0 (3.5 s)
[14:47:31]   r7 tLwm: tank 1018.04 (-4.66 kg) miss 81 km imp/cap 0.999 irr 0 (90.4 s)
[14:47:31] polish done: sum J_i 11.7439 -> 11.7360; chosen {'r1': 's0', 'r2': 's0', 'r3': 'pT03c', 'r4': 's0', 'r5': 'pT05j', 'r6': 'pT03c', 'r7': 'tLwm', 'r8': 'pT03c', 'r9': 'tLwm'}
