[14:57:17] polish results/s16/fleets/D: 9 routes, sum J_i 11.7247; 72 settles (0 cached) on 9 procs
[14:57:17]   r2 pT05m: tank 909.12 (+0.22 kg) miss 3 km imp/cap 0.962 irr 0 (0.9 s)
[14:57:18]   r1 pT03e: tank 944.48 (+0.08 kg) miss 14 km imp/cap 0.985 irr 0 (0.9 s)
[14:57:18]   r1 pT07a: tank 944.38 (-0.03 kg) miss 58 km imp/cap 0.978 irr 0 (1.4 s)
[14:57:18]   r2 pT03e: tank 909.06 (+0.16 kg) miss 4 km imp/cap 0.932 irr 0 (0.9 s)
[14:57:23]   r2 pT03f: tank 909.59 (+0.69 kg) miss 49 km imp/cap 0.919 irr 0 (5.4 s)
[14:57:24]   r2 pT05n: tank 909.66 (+0.76 kg) miss 38 km imp/cap 0.940 irr 0 (6.1 s)
[14:57:24]   r1 pT05n: tank 944.64 (+0.23 kg) miss 60 km imp/cap 0.997 irr 0 (7.3 s)
[14:57:24]   r2 tLwm: fail no gain (1 steps)  (0.0 s)
[14:57:26]   r1 pT03f: tank 944.76 (+0.35 kg) miss 66 km imp/cap 0.997 irr 0 (9.1 s)
[14:57:26]   r3 pT05m: tank 986.52 (+0.11 kg) miss 50 km imp/cap 0.996 irr 0 (1.9 s)
[14:57:27]   r2 pT07a: tank 909.51 (+0.61 kg) miss 38 km imp/cap 0.931 irr 0 (8.6 s)
[14:57:28]   r3 pT03e: tank 986.29 (-0.13 kg) miss 58 km imp/cap 0.988 irr 0 (2.1 s)
[14:57:28]   r3 pT05n: tank 987.20 (+0.79 kg) miss 25 km imp/cap 0.997 irr 0 (2.5 s)
[14:57:29]   r3 pT07a: tank 986.77 (+0.35 kg) miss 52 km imp/cap 0.996 irr 0 (1.2 s)
[14:57:30]   r2 pT07b: tank 909.25 (+0.35 kg) miss 62 km imp/cap 0.875 irr 0 (6.6 s)
[14:57:32]   r3 pT03f: tank 986.84 (+0.42 kg) miss 64 km imp/cap 0.996 irr 0 (4.4 s)
[14:57:33]   r1 pT05m: fail  105357117.55594753 (16.2 s)
[14:57:34]   r4 pT05m: tank 913.28 (+0.15 kg) miss 57 km imp/cap 0.940 irr 0 (2.1 s)
[14:57:35]   r3 pT07b: tank 987.93 (+1.51 kg) miss 55 km imp/cap 0.997 irr 0 (6.4 s)
[14:57:35]   r2 tLwp: fail no gain (2 steps)  (11.2 s)
[14:57:35]   r1 tLwp: fail no gain (2 steps)  (18.5 s)
[14:57:36]   r4 pT03e: tank 913.12 (-0.01 kg) miss 64 km imp/cap 0.961 irr 0 (2.2 s)
[14:57:37]   r4 pT03f: tank 913.12 (-0.01 kg) miss 38 km imp/cap 0.976 irr 0 (2.0 s)
[14:57:37]   r4 tLwm: fail no gain (1 steps)  (0.0 s)
[14:57:37]   r4 pT07a: tank 913.52 (+0.39 kg) miss 27 km imp/cap 0.976 irr 0 (1.9 s)
[14:57:37]   r4 pT07b: tank 913.63 (+0.50 kg) miss 24 km imp/cap 0.882 irr 0 (1.7 s)
[14:57:37]   r1 tLwm: fail no gain (2 steps)  (20.3 s)
[14:57:38]   r5 pT05m: tank 958.44 (+0.34 kg) miss 9 km imp/cap 0.985 irr 0 (1.4 s)
[14:57:39]   r5 pT03e: tank 958.17 (+0.07 kg) miss 57 km imp/cap 0.978 irr 0 (2.1 s)
[14:57:40]   r5 pT03f: tank 958.46 (+0.36 kg) miss 47 km imp/cap 0.965 irr 0 (3.2 s)
[14:57:41]   r4 pT05n: tank 914.09 (+0.96 kg) miss 84 km imp/cap 0.999 irr 0 (7.8 s)
[14:57:42]   r3 tLwp: fail no gain (2 steps)  (12.4 s)
[14:57:43]   r5 tLwp: fail no gain (2 steps)  (2.5 s)
[14:57:43]   r5 tLwm: fail no gain (2 steps)  (2.9 s)
[14:57:44]   r5 pT07a: tank 958.49 (+0.39 kg) miss 52 km imp/cap 0.998 irr 0 (6.2 s)
[14:57:44]   r5 pT05n: tank 959.39 (+1.29 kg) miss 57 km imp/cap 0.995 irr 0 (7.7 s)
[14:57:46]   r6 pT07a: tank 902.02 (-0.22 kg) miss 57 km imp/cap 0.996 irr 0 (1.8 s)
[14:57:47]   r3 tLwm: fail no gain (2 steps)  (17.3 s)
[14:57:48]   r6 pT07b: tank 901.55 (-0.69 kg) miss 36 km imp/cap 0.961 irr 0 (1.6 s)
[14:57:48]   r6 tLwm: fail no gain (1 steps)  (0.0 s)
[14:57:48]   r4 tLwp: fail no gain (1 steps)  (12.1 s)
[14:57:49]   r6 pT03e: tank 901.83 (-0.41 kg) miss 78 km imp/cap 0.995 irr 0 (5.1 s)
[14:57:51]   r1 pT07b: fail  127817290.0186302 (33.9 s)
[14:57:52]   r6 pT05n: tank 901.90 (-0.33 kg) miss 77 km imp/cap 0.995 irr 0 (9.2 s)
[14:57:53]   r6 pT03f: tank 902.02 (-0.22 kg) miss 82 km imp/cap 0.993 irr 0 (8.5 s)
[14:57:53]   r7 pT03f: tank 1017.13 (-0.04 kg) miss 67 km imp/cap 0.980 irr 0 (2.4 s)
[14:57:54]   r7 pT05n: tank 1017.68 (+0.51 kg) miss 43 km imp/cap 0.992 irr 0 (6.2 s)
[14:57:54]   r7 pT03e: tank 1017.81 (+0.64 kg) miss 71 km imp/cap 0.952 irr 0 (5.7 s)
[14:57:58]   r6 pT05m: fail  90778254.45792906 (16.7 s)
[14:58:00]   r7 pT07a: tank 1018.82 (+1.64 kg) miss 69 km imp/cap 0.997 irr 0 (8.2 s)
[14:58:00]   r8 pT05n: tank 927.58 (+0.06 kg) miss 29 km imp/cap 1.000 irr 0 (2.2 s)
[14:58:02]   r8 pT03f: tank 927.23 (-0.28 kg) miss 33 km imp/cap 0.997 irr 0 (1.7 s)
[14:58:03]   r7 pT07b: tank 1018.45 (+1.27 kg) miss 65 km imp/cap 0.998 irr 0 (10.0 s)
[14:58:03]   r8 pT03e: tank 927.43 (-0.08 kg) miss 72 km imp/cap 0.999 irr 0 (2.8 s)
[14:58:06]   r8 pT07b: tank 927.53 (+0.01 kg) miss 6 km imp/cap 0.999 irr 0 (3.0 s)
[14:58:06]   r8 pT07a: tank 927.33 (-0.19 kg) miss 72 km imp/cap 0.998 irr 0 (3.8 s)
[14:58:09]   r9 pT05m: tank 903.27 (-0.29 kg) miss 46 km imp/cap 0.914 irr 0 (3.3 s)
[14:58:11]   r9 pT05n: tank 903.46 (-0.09 kg) miss 33 km imp/cap 0.994 irr 0 (2.3 s)
[14:58:13]   r9 pT03e: tank 903.58 (+0.03 kg) miss 51 km imp/cap 0.995 irr 0 (1.4 s)
[14:58:15]   r7 tLwp: fail no gain (2 steps)  (21.8 s)
[14:58:15]   r9 pT03f: tank 902.83 (-0.72 kg) miss 64 km imp/cap 0.998 irr 0 (2.4 s)
[14:58:16]   r7 tLwm: fail no gain (2 steps)  (22.3 s)
[14:58:17]   r5 pT07b: fail  27198328.149983894 (38.1 s)
[14:58:18]   r9 pT07b: tank 902.87 (-0.69 kg) miss 46 km imp/cap 0.996 irr 0 (2.4 s)
[14:58:19]   r9 tLwm: fail no gain (2 steps)  (2.3 s)
[14:58:20]   r9 tLwp: tank 903.50 (-0.06 kg) miss 5 km imp/cap 0.995 irr 0 (3.2 s)
[14:58:20]   r9 pT07a: tank 903.49 (-0.07 kg) miss 72 km imp/cap 0.994 irr 0 (5.5 s)
[14:58:24]   r8 tLwp: fail no gain (2 steps)  (20.7 s)
[14:58:25]   r6 tLwp: fail no gain (1 steps)  (37.5 s)
[14:58:25]   r7 pT05m: fail  179797653.74827066 (37.1 s)
[14:58:27]   r8 pT05m: fail  109280049.19418117 (33.0 s)
[14:58:35]   r8 tLwm: fail no gain (2 steps)  (29.1 s)
[14:58:35] polish done: sum J_i 11.7247 -> 11.7227; chosen {'r1': 'pT07a', 'r2': 'orig', 'r3': 'pT03e', 'r4': 'pT03e', 'r5': 'orig', 'r6': 'pT07b', 'r7': 'pT03f', 'r8': 'pT03f', 'r9': 'pT03f'}
