camp1/pool.jsonl: 60929 routes, 298/300 targets present, max len 31 (2 s)
camp2/pool.jsonl: 62255 routes, 298/300 targets present, max len 32 (5 s)
camp3/pool.jsonl: 62643 routes, 298/300 targets present, max len 24 (7 s)
camp4/pool.jsonl: 40051 routes, 296/300 targets present, max len 26 (8 s)
camp5/pool.jsonl: 50559 routes, 298/300 targets present, max len 38 (11 s)
pool/late_m700.jsonl: 1351 routes, 253/300 targets present, max len 17 (11 s)
pool/single_m1000_b500.jsonl: 10144 routes, 295/300 targets present, max len 31 (11 s)
pool/single_m1000_cap0.7.jsonl: 6560 routes, 283/300 targets present, max len 31 (12 s)
pool/single_m1000_cap1.5.jsonl: 7389 routes, 292/300 targets present, max len 34 (12 s)
pool/single_m1000_ref.jsonl: 10008 routes, 296/300 targets present, max len 37 (12 s)
pool/tail_chaser.jsonl: 5106 routes, 47/300 targets present, max len 22 (13 s)
pool/win400.jsonl: 9227 routes, 293/300 targets present, max len 33 (13 s)
pool/win800.jsonl: 8776 routes, 280/300 targets present, max len 31 (13 s)
TOTAL 334998 routes (91054 with >=20 flybys), 298/300 targets present in some route

medians over 300: {'a': 1.901, 'e': 0.586, 'i': 13.531, 'U_opik': 0.556, 'node_gap_AU': 0.043, 'n_routes': 14374.5, 'n_routes_first3': 739.5, 'n_routes_ge20': 6448.5}

40 RAREST targets (by #routes containing them; ge20 = in routes with >= 20 flybys; e3 = within first 3 legs)
  id  routes   ge20  ge28     e3 maxlen  mincpt      a      e      i      q      Q  P_yr     U nodegap  mindv why
 131       0      0     0      0      0  0.0000  8.605  0.883 134.00  1.009 16.202 25.24  2.19   0.044  -1.00 high-i+large-a+high-e+fast
 144       0      0     0      0      0  0.0000 17.814  0.947  19.57  0.944 34.683 75.18  0.62   0.004  -1.00 large-a+high-e
 261    4269   2368  1052     57     38  0.0386  1.260  0.264  23.25  0.928  1.593  1.41  0.47   0.008   0.03 phasing?
  53    4890   1690   196     14     37  0.0396  2.315  0.605  29.53  0.914  3.715  3.52  0.68   0.023   0.04 high-i+large-a
 123    4920   2192   180     96     37  0.0396  2.085  0.593   4.49  0.848  3.321  3.01  0.45   0.119   0.03 phasing?
 187    5198   2827   345    154     38  0.0386  2.637  0.607  13.36  1.038  4.237  4.28  0.33   0.044   0.00 large-a
 118    5260   4290  2116     30     37  0.0393  1.490  0.367  68.42  0.944  2.036  1.82  1.22   0.053   0.06 high-i+fast
 159    5390   3491   509      3     35  0.0415  2.691  0.677   5.40  0.869  4.513  4.41  0.47   0.151   0.06 large-a
 236    5418   1432    82     23     36  0.0405  2.482  0.610  75.66  0.967  3.997  3.91  1.41   0.033   0.10 high-i+large-a+fast
  15    5730   1665   144      0     38  0.0386  2.724  0.642  13.84  0.976  4.472  4.50  0.42   0.013   0.02 large-a
 208    5826   3308   897    144     36  0.0408  1.643  0.383   3.41  1.013  2.272  2.11  0.17   0.085   0.05 phasing?
 157    5865   3386   384      3     37  0.0396  2.747  0.706  20.67  0.807  4.688  4.55  0.66   0.018   0.06 large-a
 148    6229   2286   233      0     37  0.0397  2.513  0.632   9.87  0.926  4.100  3.98  0.43   0.008   0.05 large-a
 200    6234   2601   474      1     37  0.0394  2.108  0.602  16.08  0.838  3.379  3.06  0.55   0.055   0.10 phasing?
 179    6249   2259   436    107     35  0.0418  1.628  0.776  34.25  0.365  2.892  2.08  1.03   0.106   0.04 high-i+high-e+fast
  22    6277   1672   217    516     33  0.0438  2.122  0.654  34.89  0.735  3.510  3.09  0.85   0.039   0.08 high-i
 287    6471   2371   522      0     37  0.0396  2.812  0.645   9.77  0.997  4.626  4.71  0.35   0.005   0.07 large-a
 199    6478   2394   577   4789     37  0.0395  2.323  0.578  28.07  0.981  3.666  3.54  0.61   0.020   0.00 high-i+large-a
  88    6481   1768   379    922     34  0.0431  2.600  0.634  17.09  0.952  4.249  4.19  0.48   0.004   0.08 large-a
  50    6491   3953   640     31     37  0.0396  1.866  0.508  10.61  0.918  2.814  2.55  0.39   0.115   0.06 phasing?
  92    6501   3557   610      1     37  0.0394  2.799  0.675   6.02  0.909  4.688  4.68  0.43   0.053   0.09 large-a
 136    6544   4763  1528    279     35  0.0415  1.105  0.076  24.10  1.022  1.188  1.16  0.43   0.036   0.00 phasing?
  64    6597   1537    15      0     36  0.0403  3.655  0.724  44.12  1.009  6.301  6.99  0.91   0.028   0.10 high-i+large-a+fast
  51    6829   3418  1060     62     35  0.0415  2.036  0.493  10.03  1.033  3.040  2.91  0.25   0.045   0.02 phasing?
 160    6887   1733   725     40     35  0.0419  2.320  0.561   1.94  1.018  3.622  3.53  0.22   0.465   0.02 large-a+nodes-far
 251    6962   3383   275      0     35  0.0420  3.069  0.695  16.40  0.935  5.203  5.38  0.51   0.008   0.08 large-a
 247    6965   4851  1672    127     37  0.0392  1.744  0.433   8.70  0.988  2.500  2.30  0.27   0.012   0.04 phasing?
 230    6989   3842  1014    102     38  0.0384  1.336  0.603   8.27  0.530  2.142  1.54  0.65   0.148   0.00 phasing?
  40    7117   2011   308    458     36  0.0407  2.275  0.566   9.28  0.986  3.564  3.43  0.33   0.066   0.08 phasing?
 280    7121   2751   493    226     38  0.0384  1.490  0.377  36.78  0.929  2.051  1.82  0.72   0.060   0.00 high-i
 116    7246   3525   761    135     37  0.0396  2.541  0.668   6.23  0.844  4.237  4.05  0.50   0.081   0.09 large-a
  34    7519   5224  2215      1     37  0.0397  2.627  0.631   2.80  0.970  4.284  4.26  0.33   0.491   0.06 large-a+nodes-far
   3    7536   4327   739      0     37  0.0393  2.201  0.859  17.51  0.310  4.091  3.26  1.05   0.061   0.05 high-e+fast
 259    7664   4341  1204      6     37  0.0397  2.608  0.726   8.35  0.714  4.503  4.21  0.65   0.050   0.03 large-a
 207    7680   3250   822    254     37  0.0397  1.546  0.472  13.53  0.817  2.275  1.92  0.47   0.072   0.05 phasing?
 277    7769   2813   919   4459     37  0.0393  2.058  0.533  40.35  0.960  3.156  2.95  0.82   0.040   0.00 high-i
  77    7781   3297  1095      0     38  0.0386  2.592  0.618  13.23  0.990  4.194  4.17  0.39   0.008   0.06 large-a
 223    7787   2103   277    895     36  0.0407  2.493  0.825  10.89  0.436  4.550  3.94  0.92   0.123   0.00 large-a+high-e+fast
  39    7808   2126   245     56     35  0.0419  2.005  0.570  52.37  0.862  3.149  2.84  1.04   0.060   0.07 high-i+fast
 254    7821   3295   283     47     37  0.0396  2.671  0.702   5.85  0.795  4.547  4.36  0.56   0.120   0.00 large-a

Spearman(#routes, element) over 298 reachable targets:
  a            -0.371
  e            -0.131
  i            -0.116
  q            -0.274
  Q            -0.343
  U_opik       -0.028
  node_gap_AU  +0.048
  P_yr         -0.371

absent from every route: [131, 144]
present but never in a route with >= 20 flybys: []
present but never in a route with >= 28 flybys: []
never within the first 3 legs of any route: [3, 15, 64, 77, 96, 148, 193, 216, 251, 287]
