[11:26:06] start results/s14/A/guided2/g05
[11:27:52] start results/s14/A/guided2/g09
[11:28:57] start results/s14/A/guided2/g04
[11:30:13] start results/s14/A/guided2/g00
[11:30:38] start results/s14/A/guided2/g01
[11:32:03] start results/s14/A/guided2/g02
[11:32:29] start results/s14/A/guided2/g03
[11:33:04] start results/s14/A/guided2/g07
[11:33:19] start 
[11:33:44] start results/s14/A/free/lt60_09
[11:33:49] start results/s14/A/free/prod_00
[11:55:57] start results/s14/A/free/prod_01
[12:05:15] start results/s14/A/free/prod_02
[12:07:51] start results/s14/A/free/prod_03
[12:14:19] start results/s14/A/free/prod_07
[12:15:14] start results/s14/A/free/lt_00
[12:29:47] start results/s14/A/free/lt_01
[13:00:56] start results/s14/A/free/lt_02
[13:05:33] start results/s14/A/free/lt_03
[13:19:24] start results/s14/A/free/lt_07
[13:19:29] start results/s14/A/free/rel_00
