  leg   0 it  0: miss [km]       0.0 6539935.5  bplane       0.0 6539935.5  t*   170.00   262.32  max|T|=0.000
  leg   0 it  1: miss [km]   27899.8  304392.7  bplane   27899.8  304392.7  t*   168.68   265.47  max|T|=0.140
  leg   0 it  2: miss [km]      79.8     431.6  bplane      79.8     431.6  t*   168.71   265.30  max|T|=0.136
  leg   0 it  3: miss [km]       0.1       0.8  bplane       0.1       0.8  t*   168.71   265.30  max|T|=0.136
leg   0 frozen: ast 155 t=   168.7 d dist=   0.1 km m=1967.6 kg
  leg   1 it  0: miss [km]       0.8 1949064.1  bplane       0.8 1949064.1  t*   265.30   332.51  max|T|=0.123
  leg   1 it  1: miss [km]    3454.7   22409.7  bplane    3454.7   22409.7  t*   265.22   332.62  max|T|=0.302
  leg   1 it  2: miss [km]       1.1       5.6  bplane       1.1       5.6  t*   265.22   332.61  max|T|=0.300
leg   1 frozen: ast 279 t=   265.2 d dist=   1.1 km m=1936.0 kg
  leg   2 it  0: miss [km]       5.6 49743104.5  bplane       5.6 49743104.5  t*   332.61   476.34  max|T|=0.109
  leg   2 it  1: miss [km]  196707.7 10306874.9  bplane  196707.7 10306874.9  t*   334.46   498.46  max|T|=0.450
  leg   2 it  2: miss [km]   15888.7 1047802.4  bplane   15888.7 1047802.4  t*   334.68   494.00  max|T|=0.450
  leg   2 it  3: miss [km]    8796.5  395664.4  bplane    8796.5  395664.4  t*   334.73   493.87  max|T|=0.450
  leg   2 it  4: miss [km]     289.2   21901.6  bplane     289.2   21901.6  t*   334.75   493.99  max|T|=0.450
  leg   2 it  5: miss [km]      29.6    1211.9  bplane      29.6    1211.9  t*   334.75   494.00  max|T|=0.450
  leg   2 it  6: miss [km]       2.3      79.2  bplane       2.3      79.2  t*   334.75   494.00  max|T|=0.450
leg   2 frozen: ast 127 t=   334.7 d dist=   2.3 km m=1887.7 kg
  leg   3 it  0: miss [km]      81.6 24010023.4  bplane      81.6 24010023.4  t*   494.00   670.81  max|T|=0.064
  leg   3 it  1: miss [km]   50541.1  421529.7  bplane   50541.1  421529.7  t*   492.36   667.20  max|T|=0.163
  leg   3 it  2: miss [km]      19.4     575.1  bplane      19.4     575.1  t*   492.34   667.19  max|T|=0.163
  leg   3 it  3: miss [km]       0.0       0.2  bplane       0.0       0.2  t*   492.34   667.19  max|T|=0.163
leg   3 frozen: ast  42 t=   492.3 d dist=   0.1 km m=1849.5 kg
  leg   4 it  0: miss [km]       1.2 30288233.6  bplane       1.2 30288233.6  t*   667.19   845.31  max|T|=0.038
  leg   4 it  1: miss [km]  115076.9 6317292.7  bplane  115076.9 6317292.7  t*   664.85   858.01  max|T|=0.118
  leg   4 it  2: miss [km]     964.1   29911.2  bplane     964.1   29911.2  t*   665.03   858.89  max|T|=0.128
  leg   4 it  3: miss [km]       0.3      14.4  bplane       0.3      14.4  t*   665.03   858.89  max|T|=0.128
leg   4 frozen: ast 195 t=   665.0 d dist=   0.3 km m=1818.8 kg
  leg   5 it  0: miss [km]      12.7 9731193.7  bplane      12.7 9731193.7  t*   858.89   943.31  max|T|=0.128
  leg   5 it  1: miss [km]   66375.6 1742721.6  bplane   66375.6 1742721.6  t*   858.19   949.18  max|T|=0.265
  leg   5 it  2: miss [km]     669.7   10371.3  bplane     669.7   10371.3  t*   858.29   949.04  max|T|=0.246
  leg   5 it  3: miss [km]       1.4       5.4  bplane       1.4       5.4  t*   858.29   949.04  max|T|=0.246
leg   5 frozen: ast 292 t=   858.3 d dist=   1.4 km m=1767.7 kg
  leg   6 it  0: miss [km]       5.5 33634921.2  bplane       5.5 33634921.2  t*   949.04  1163.35  max|T|=0.058
  leg   6 it  1: miss [km]   80441.5 2730287.1  bplane   80441.5 2730287.1  t*   952.56  1167.82  max|T|=0.223
  leg   6 it  2: miss [km]     790.6   15172.5  bplane     790.6   15172.5  t*   952.31  1167.46  max|T|=0.212
  leg   6 it  3: miss [km]       0.1       6.9  bplane       0.1       6.9  t*   952.31  1167.46  max|T|=0.212
leg   6 frozen: ast 197 t=   952.3 d dist=   0.1 km m=1734.1 kg
  leg   7 it  0: miss [km]       6.8 23436081.4  bplane       6.8 23436081.4  t*  1167.46  1286.66  max|T|=0.101
  leg   7 it  1: miss [km]   23020.6 1021926.1  bplane   23020.6 1021926.1  t*  1166.80  1290.46  max|T|=0.308
  leg   7 it  2: miss [km]     215.7     341.5  bplane     215.7     341.5  t*  1166.87  1290.53  max|T|=0.290
  leg   7 it  3: miss [km]       0.1       0.4  bplane       0.1       0.4  t*  1166.87  1290.53  max|T|=0.290
leg   7 frozen: ast 113 t=  1166.9 d dist=   0.1 km m=1659.6 kg
  leg   8 it  0: miss [km]       0.4 13067224.0  bplane       0.4 13067224.0  t*  1290.53  1398.04  max|T|=0.085
  leg   8 it  1: miss [km]   61698.3  686581.9  bplane   61698.3  686581.9  t*  1293.09  1407.21  max|T|=0.234
  leg   8 it  2: miss [km]     232.3    1866.4  bplane     232.3    1866.4  t*  1293.03  1406.96  max|T|=0.235
  leg   8 it  3: miss [km]       0.2       0.5  bplane       0.2       0.5  t*  1293.03  1406.96  max|T|=0.235
leg   8 frozen: ast 105 t=  1293.0 d dist=   0.1 km m=1608.0 kg
  leg   9 it  0: miss [km]       0.5 6299050.9  bplane       0.5 6299050.9  t*  1406.96  1468.79  max|T|=0.125
  leg   9 it  1: miss [km]   77062.3  701532.3  bplane   77062.3  701532.3  t*  1404.23  1475.83  max|T|=0.356
  leg   9 it  2: miss [km]     351.1    9132.0  bplane     351.1    9132.0  t*  1404.34  1475.26  max|T|=0.366
  leg   9 it  3: miss [km]       0.0       0.6  bplane       0.0       0.6  t*  1404.34  1475.26  max|T|=0.367
leg   9 frozen: ast 115 t=  1404.3 d dist=   0.1 km m=1575.4 kg
  leg  10 it  0: miss [km]       0.5 8166592.6  bplane       0.5 8166592.6  t*  1475.26  1571.44  max|T|=0.093
  leg  10 it  1: miss [km]  118685.9 1873423.4  bplane  118685.9 1873423.4  t*  1473.14  1583.73  max|T|=0.450
  leg  10 it  2: miss [km]     254.8   34128.3  bplane     254.8   34128.3  t*  1473.12  1583.08  max|T|=0.450
  leg  10 it  3: miss [km]      14.2      42.8  bplane      14.2      42.8  t*  1473.12  1583.08  max|T|=0.450
leg  10 frozen: ast  83 t=  1473.1 d dist=  14.1 km m=1532.4 kg
  leg  11 it  0: miss [km]      44.0 12054411.0  bplane      44.0 12054411.0  t*  1583.08  1696.21  max|T|=0.273
  leg  11 it  1: miss [km]   34278.7  283526.4  bplane   34278.7  283526.4  t*  1580.85  1696.15  max|T|=0.450
  leg  11 it  2: miss [km]      15.8      63.9  bplane      15.8      63.9  t*  1580.88  1696.16  max|T|=0.450
leg  11 frozen: ast 283 t=  1580.9 d dist=  15.8 km m=1484.1 kg
  leg  12 it  0: miss [km]      63.9 2118155.8  bplane      63.9 2118155.8  t*  1696.16  1738.53  max|T|=0.063
  leg  12 it  1: miss [km]    9529.3   79858.8  bplane    9529.3   79858.8  t*  1696.27  1739.39  max|T|=0.281
  leg  12 it  2: miss [km]      11.5      84.2  bplane      11.5      84.2  t*  1696.27  1739.38  max|T|=0.275
leg  12 frozen: ast   7 t=  1696.3 d dist=  11.5 km m=1451.8 kg
  leg  13 it  0: miss [km]      84.2 12459080.9  bplane      84.2 12459080.9  t*  1739.38  1931.20  max|T|=0.126
  leg  13 it  1: miss [km]    9300.3  305212.6  bplane    9300.3  305212.6  t*  1739.67  1930.62  max|T|=0.450
  leg  13 it  2: miss [km]      23.1    2117.5  bplane      23.1    2117.5  t*  1739.68  1930.95  max|T|=0.450
  leg  13 it  3: miss [km]       0.2       2.8  bplane       0.2       2.8  t*  1739.68  1930.95  max|T|=0.450
leg  13 frozen: ast 190 t=  1739.7 d dist=   0.2 km m=1435.5 kg
  leg  14 it  0: miss [km]       2.2 25689127.7  bplane       2.2 25689127.7  t*  1930.95  2080.41  max|T|=0.162
  leg  14 it  1: miss [km]  472567.8 2156736.9  bplane  472567.8 2156736.9  t*  1931.81  2074.37  max|T|=0.450
  leg  14 it  2: miss [km]   59824.9   73036.3  bplane   59824.9   73036.3  t*  1932.16  2074.03  max|T|=0.450
  leg  14 it  3: miss [km]     198.0     205.1  bplane     198.0     205.1  t*  1932.22  2074.03  max|T|=0.450
leg  14 frozen: ast 295 t=  1932.2 d dist= 197.8 km m=1351.2 kg
  leg  15 it  0: miss [km]     204.0 1060636.3  bplane     204.0 1060636.3  t*  2074.03  2200.60  max|T|=0.054
  leg  15 it  1: miss [km]     629.4    4232.7  bplane     629.4    4232.7  t*  2073.99  2200.49  max|T|=0.086
  leg  15 it  2: miss [km]       0.1       0.4  bplane       0.1       0.4  t*  2073.99  2200.49  max|T|=0.086
leg  15 frozen: ast 133 t=  2074.0 d dist=   0.1 km m=1339.8 kg
  leg  16 it  0: miss [km]       0.4 4285228.8  bplane       0.4 4285228.8  t*  2200.49  2347.76  max|T|=0.025
  leg  16 it  1: miss [km]     802.4   25043.9  bplane     802.4   25043.9  t*  2200.70  2346.22  max|T|=0.027
  leg  16 it  2: miss [km]       0.5       5.5  bplane       0.5       5.5  t*  2200.70  2346.22  max|T|=0.027
leg  16 frozen: ast 293 t=  2200.7 d dist=   0.5 km m=1333.8 kg
  leg  17 it  0: miss [km]       5.5 31250000.6  bplane       5.5 31250000.6  t*  2346.22  2419.77  max|T|=0.012
  leg  17 it  1: miss [km]  387848.1 4477441.0  bplane  387848.1 4477441.0  t*  2339.83  2435.92  max|T|=0.219
  leg  17 it  2: miss [km]    4821.6   76301.7  bplane    4821.6   76301.7  t*  2340.49  2434.00  max|T|=0.186
  leg  17 it  3: miss [km]       2.0      16.2  bplane       2.0      16.2  t*  2340.51  2433.96  max|T|=0.185
leg  17 frozen: ast 284 t=  2340.5 d dist=   2.0 km m=1291.7 kg
  leg  18 it  0: miss [km]      16.2 26007471.3  bplane      16.2 26007471.3  t*  2433.96  2522.61  max|T|=0.065
  leg  18 it  1: miss [km]   41110.0 1714916.7  bplane   41110.0 1714916.7  t*  2430.76  2523.26  max|T|=0.322
  leg  18 it  2: miss [km]     295.0    4809.9  bplane     295.0    4809.9  t*  2430.94  2523.64  max|T|=0.299
  leg  18 it  3: miss [km]       0.0       0.3  bplane       0.0       0.3  t*  2430.94  2523.64  max|T|=0.299
leg  18 frozen: ast  18 t=  2430.9 d dist=   0.0 km m=1259.1 kg
  leg  19 it  0: miss [km]       0.1 3543837.5  bplane       0.1 3543837.5  t*  2523.64  2554.66  max|T|=0.090
  leg  19 it  1: miss [km]   53065.6   19442.7  bplane   53065.6   19442.7  t*  2525.01  2554.72  max|T|=0.232
  leg  19 it  2: miss [km]      22.8      44.7  bplane      22.8      44.7  t*  2525.01  2554.72  max|T|=0.242
leg  19 frozen: ast 184 t=  2525.0 d dist=  22.6 km m=1231.5 kg
  leg  20 it  0: miss [km]      44.5 12068738.9  bplane      44.5 12068738.9  t*  2554.72  2704.94  max|T|=0.095
  leg  20 it  1: miss [km]    1056.6  312488.0  bplane    1056.6  312488.0  t*  2554.82  2710.90  max|T|=0.229
  leg  20 it  2: miss [km]       1.7     699.5  bplane       1.7     699.5  t*  2554.82  2710.63  max|T|=0.241
  leg  20 it  3: miss [km]       0.0       0.2  bplane       0.0       0.2  t*  2554.82  2710.63  max|T|=0.241
leg  20 frozen: ast 118 t=  2554.8 d dist=   0.0 km m=1221.3 kg
  leg  21 it  0: miss [km]       0.1 13642545.5  bplane       0.1 13642545.5  t*  2710.63  2805.35  max|T|=0.088
  leg  21 it  1: miss [km]  166044.6  272166.8  bplane  166044.6  272166.8  t*  2713.09  2810.89  max|T|=0.326
  leg  21 it  2: miss [km]     207.2     180.8  bplane     207.2     180.8  t*  2713.06  2810.78  max|T|=0.315
leg  21 frozen: ast 242 t=  2713.1 d dist= 207.3 km m=1185.8 kg
  leg  22 it  0: miss [km]     181.9 7800401.4  bplane     181.9 7800401.4  t*  2810.78  2872.83  max|T|=0.076
  leg  22 it  1: miss [km]   63023.3  256273.6  bplane   63023.3  256273.6  t*  2809.36  2873.52  max|T|=0.450
  leg  22 it  2: miss [km]      18.6     648.3  bplane      18.6     648.3  t*  2809.38  2873.50  max|T|=0.450
  leg  22 it  3: miss [km]       0.0       0.1  bplane       0.0       0.1  t*  2809.38  2873.50  max|T|=0.449
leg  22 frozen: ast 100 t=  2809.4 d dist=   0.5 km m=1142.3 kg
  leg  23 it  0: miss [km]       1.4 28085057.3  bplane       1.4 28085057.3  t*  2873.50  3073.37  max|T|=0.222
  leg  23 it  1: miss [km]  180293.4 5737028.4  bplane  180293.4 5737028.4  t*  2873.96  3060.98  max|T|=0.450
  leg  23 it  2: miss [km]   10519.2  186666.1  bplane   10519.2  186666.1  t*  2874.05  3061.60  max|T|=0.450
  leg  23 it  3: miss [km]     157.0    2203.3  bplane     157.0    2203.3  t*  2874.05  3061.61  max|T|=0.450
  leg  23 it  4: miss [km]       2.6      35.1  bplane       2.6      35.1  t*  2874.05  3061.61  max|T|=0.450
leg  23 frozen: ast  35 t=  2874.1 d dist=   2.6 km m=1112.5 kg
  leg  24 it  0: miss [km]      34.4 9845184.5  bplane      34.4 9845184.5  t*  3061.61  3109.38  max|T|=0.096
  leg  24 it  1: miss [km]  106775.1  625364.7  bplane  106775.1  625364.7  t*  3064.83  3104.11  max|T|=0.172
  leg  24 it  2: miss [km]     916.6    5571.4  bplane     916.6    5571.4  t*  3065.10  3103.63  max|T|=0.179
  leg  24 it  3: miss [km]       2.8       6.9  bplane       2.8       6.9  t*  3065.11  3103.62  max|T|=0.179
leg  24 frozen: ast 189 t=  3065.1 d dist=   2.2 km m=1082.7 kg
  leg  25 it  0: miss [km]       7.5 23012057.8  bplane       7.5 23012057.8  t*  3103.62  3234.33  max|T|=0.021
  leg  25 it  1: miss [km]    7481.3 1532338.8  bplane    7481.3 1532338.8  t*  3104.30  3239.74  max|T|=0.290
  leg  25 it  2: miss [km]      35.4    6918.4  bplane      35.4    6918.4  t*  3104.28  3239.46  max|T|=0.277
  leg  25 it  3: miss [km]       0.0       5.7  bplane       0.0       5.7  t*  3104.28  3239.46  max|T|=0.277
leg  25 frozen: ast 146 t=  3104.3 d dist=   0.0 km m=1069.2 kg
  leg  26 it  0: miss [km]       5.6 17519111.1  bplane       5.6 17519111.1  t*  3239.46  3325.59  max|T|=0.141
  leg  26 it  1: miss [km]  444339.9 3839070.3  bplane  444339.9 3839070.3  t*  3236.39  3334.04  max|T|=0.450
  leg  26 it  2: miss [km]    2038.8   21759.2  bplane    2038.8   21759.2  t*  3236.68  3333.84  max|T|=0.450
  leg  26 it  3: miss [km]     411.0     544.4  bplane     411.0     544.4  t*  3236.68  3333.84  max|T|=0.450
  leg  26 it  4: miss [km]      11.3      14.2  bplane      11.3      14.2  t*  3236.68  3333.84  max|T|=0.450
leg  26 frozen: ast  16 t=  3236.7 d dist=  11.4 km m=1021.4 kg
  leg  27 it  0: miss [km]      14.4 1464669.8  bplane      14.4 1464669.8  t*  3333.84  3411.88  max|T|=0.120
  leg  27 it  1: miss [km]    2415.2    8765.2  bplane    2415.2    8765.2  t*  3333.99  3411.16  max|T|=0.218
  leg  27 it  2: miss [km]       0.2       0.5  bplane       0.2       0.5  t*  3333.99  3411.17  max|T|=0.218
leg  27 frozen: ast  61 t=  3334.0 d dist=   0.2 km m=1004.2 kg
  leg  28 it  0: miss [km]       0.5 10636448.6  bplane       0.5 10636448.6  t*  3411.17  3514.57  max|T|=0.029
  leg  28 it  1: miss [km]   10298.0  276096.3  bplane   10298.0  276096.3  t*  3409.72  3517.94  max|T|=0.125
  leg  28 it  2: miss [km]       2.7      74.0  bplane       2.7      74.0  t*  3409.76  3517.87  max|T|=0.121
leg  28 frozen: ast 258 t=  3409.8 d dist=   2.7 km m=994.9 kg
  leg  29 it  0: miss [km]      74.0 13521193.0  bplane      74.0 13521193.0  t*  3517.87  3747.70  max|T|=0.032
  leg  29 it  1: miss [km]  104606.9 12620737.2  bplane  104606.9 11046507.8  t*  3514.97  3761.00  max|T|=0.224
  leg  29 it  2: miss [km]    1276.6 6729264.3  bplane    1276.6  694555.9  t*  3515.22  3761.00  max|T|=0.191
  leg  29 it  3: miss [km]      31.8 6906661.5  bplane      31.8   60540.2  t*  3515.18  3761.00  max|T|=0.195
  leg  29 it  4: miss [km]       0.2 6899283.2  bplane       0.2    4365.2  t*  3515.18  3761.00  max|T|=0.195
  leg  29 it  5: miss [km]       0.0 6900062.8  bplane       0.0     331.5  t*  3515.18  3761.00  max|T|=0.195
  leg  29 it  6: miss [km]       0.0 6900010.1  bplane       0.0      24.8  t*  3515.18  3761.00  max|T|=0.195
  leg  29 it  7: miss [km]       0.0 6900014.2  bplane       0.0       1.9  t*  3515.18  3761.00  max|T|=0.195
  leg  29 it  8: miss [km]       0.0 6900013.9  bplane       0.0       0.1  t*  3515.18  3761.00  max|T|=0.195
  leg  29 it  9: miss [km]       0.0 6900013.9  bplane       0.0       0.0  t*  3515.18  3761.00  max|T|=0.195
  leg  29 it 10: miss [km]       0.0 6900013.9  bplane       0.0       0.0  t*  3515.18  3761.00  max|T|=0.195
  leg  29 it 11: miss [km]       0.0 6900013.9  bplane       0.0       0.0  t*  3515.18  3761.00  max|T|=0.195
  !! replanned from leg 29: 2 legs (was 2), lost []
  leg  29 it  0: miss [km]  873171.1 15234697.0  bplane  873171.1 15234697.0  t*  3517.84  3743.33  max|T|=0.000
  leg  29 it  1: miss [km]   62643.3 16082002.1  bplane   62643.3 9610584.2  t*  3515.08  3755.76  max|T|=0.198
  leg  29 it  2: miss [km]    2147.3 12521545.0  bplane    2147.3 1256328.4  t*  3515.43  3755.76  max|T|=0.148
  leg  29 it  3: miss [km]      55.4 12606520.1  bplane      55.4  189158.4  t*  3515.38  3755.76  max|T|=0.154
  leg  29 it  4: miss [km]       0.3 12587715.0  bplane       0.3   27545.7  t*  3515.39  3755.76  max|T|=0.153
  leg  29 it  5: miss [km]       0.2 12590451.9  bplane       0.2    4042.0  t*  3515.39  3755.76  max|T|=0.154
  leg  29 it  6: miss [km]       0.0 12590053.8  bplane       0.0     592.1  t*  3515.39  3755.76  max|T|=0.154
  leg  29 it  7: miss [km]       0.0 12590112.3  bplane       0.0      86.8  t*  3515.39  3755.76  max|T|=0.154
  leg  29 it  8: miss [km]       0.0 12590103.7  bplane       0.0      12.7  t*  3515.39  3755.76  max|T|=0.154
  leg  29 it  9: miss [km]       0.0 12590105.0  bplane       0.0       1.9  t*  3515.39  3755.76  max|T|=0.154
  leg  29 it 10: miss [km]       0.0 12590104.8  bplane       0.0       0.3  t*  3515.39  3755.76  max|T|=0.154
  leg  29 it 11: miss [km]       0.0 12590104.8  bplane       0.0       0.0  t*  3515.39  3755.76  max|T|=0.154
  !! replanned from leg 29: 2 legs (was 2), lost []
  leg  29 it  0: miss [km]  873171.1 15234697.0  bplane  873171.1 15234697.0  t*  3517.84  3743.33  max|T|=0.000
  leg  29 it  1: miss [km]   62643.3 16082002.1  bplane   62643.3 9610584.2  t*  3515.08  3755.76  max|T|=0.198
  leg  29 it  2: miss [km]    2147.3 12521545.0  bplane    2147.3 1256328.4  t*  3515.43  3755.76  max|T|=0.148
  leg  29 it  3: miss [km]      55.4 12606520.1  bplane      55.4  189158.4  t*  3515.38  3755.76  max|T|=0.154
  leg  29 it  4: miss [km]       0.3 12587715.0  bplane       0.3   27545.7  t*  3515.39  3755.76  max|T|=0.153
  leg  29 it  5: miss [km]       0.2 12590451.9  bplane       0.2    4042.0  t*  3515.39  3755.76  max|T|=0.154
  leg  29 it  6: miss [km]       0.0 12590053.8  bplane       0.0     592.1  t*  3515.39  3755.76  max|T|=0.154
  leg  29 it  7: miss [km]       0.0 12590112.3  bplane       0.0      86.8  t*  3515.39  3755.76  max|T|=0.154
  leg  29 it  8: miss [km]       0.0 12590103.7  bplane       0.0      12.7  t*  3515.39  3755.76  max|T|=0.154
  leg  29 it  9: miss [km]       0.0 12590105.0  bplane       0.0       1.9  t*  3515.39  3755.76  max|T|=0.154
  leg  29 it 10: miss [km]       0.0 12590104.8  bplane       0.0       0.3  t*  3515.39  3755.76  max|T|=0.154
  leg  29 it 11: miss [km]       0.0 12590104.8  bplane       0.0       0.0  t*  3515.39  3755.76  max|T|=0.154
  !! replanned from leg 29: 2 legs (was 2), lost []
  leg  29 it  0: miss [km]  873171.1 15234697.0  bplane  873171.1 15234697.0  t*  3517.84  3743.33  max|T|=0.000
  leg  29 it  1: miss [km]   62643.3 16082002.1  bplane   62643.3 9610584.2  t*  3515.08  3755.76  max|T|=0.198
  leg  29 it  2: miss [km]    2147.3 12521545.0  bplane    2147.3 1256328.4  t*  3515.43  3755.76  max|T|=0.148
  leg  29 it  3: miss [km]      55.4 12606520.1  bplane      55.4  189158.4  t*  3515.38  3755.76  max|T|=0.154
  leg  29 it  4: miss [km]       0.3 12587715.0  bplane       0.3   27545.7  t*  3515.39  3755.76  max|T|=0.153
  leg  29 it  5: miss [km]       0.2 12590451.9  bplane       0.2    4042.0  t*  3515.39  3755.76  max|T|=0.154
  leg  29 it  6: miss [km]       0.0 12590053.8  bplane       0.0     592.1  t*  3515.39  3755.76  max|T|=0.154
  leg  29 it  7: miss [km]       0.0 12590112.3  bplane       0.0      86.8  t*  3515.39  3755.76  max|T|=0.154
  leg  29 it  8: miss [km]       0.0 12590103.7  bplane       0.0      12.7  t*  3515.39  3755.76  max|T|=0.154
  leg  29 it  9: miss [km]       0.0 12590105.0  bplane       0.0       1.9  t*  3515.39  3755.76  max|T|=0.154
  leg  29 it 10: miss [km]       0.0 12590104.8  bplane       0.0       0.3  t*  3515.39  3755.76  max|T|=0.154
  leg  29 it 11: miss [km]       0.0 12590104.8  bplane       0.0       0.0  t*  3515.39  3755.76  max|T|=0.154
  !! replanned from leg 29: 2 legs (was 2), lost []
  leg  29 it  0: miss [km]  873171.1 15234697.0  bplane  873171.1 15234697.0  t*  3517.84  3743.33  max|T|=0.000
  leg  29 it  1: miss [km]   62643.3 16082002.1  bplane   62643.3 9610584.2  t*  3515.08  3755.76  max|T|=0.198
  leg  29 it  2: miss [km]    2147.3 12521545.0  bplane    2147.3 1256328.4  t*  3515.43  3755.76  max|T|=0.148
  leg  29 it  3: miss [km]      55.4 12606520.1  bplane      55.4  189158.4  t*  3515.38  3755.76  max|T|=0.154
  leg  29 it  4: miss [km]       0.3 12587715.0  bplane       0.3   27545.7  t*  3515.39  3755.76  max|T|=0.153
  leg  29 it  5: miss [km]       0.2 12590451.9  bplane       0.2    4042.0  t*  3515.39  3755.76  max|T|=0.154
  leg  29 it  6: miss [km]       0.0 12590053.8  bplane       0.0     592.1  t*  3515.39  3755.76  max|T|=0.154
  leg  29 it  7: miss [km]       0.0 12590112.3  bplane       0.0      86.8  t*  3515.39  3755.76  max|T|=0.154
  leg  29 it  8: miss [km]       0.0 12590103.7  bplane       0.0      12.7  t*  3515.39  3755.76  max|T|=0.154
  leg  29 it  9: miss [km]       0.0 12590105.0  bplane       0.0       1.9  t*  3515.39  3755.76  max|T|=0.154
  leg  29 it 10: miss [km]       0.0 12590104.8  bplane       0.0       0.3  t*  3515.39  3755.76  max|T|=0.154
  leg  29 it 11: miss [km]       0.0 12590104.8  bplane       0.0       0.0  t*  3515.39  3755.76  max|T|=0.154
  !! replanned from leg 29: 2 legs (was 2), lost []
  leg  29 it  0: miss [km]  873171.1 15234697.0  bplane  873171.1 15234697.0  t*  3517.84  3743.33  max|T|=0.000
  leg  29 it  1: miss [km]   62643.3 16082002.1  bplane   62643.3 9610584.2  t*  3515.08  3755.76  max|T|=0.198
  leg  29 it  2: miss [km]    2147.3 12521545.0  bplane    2147.3 1256328.4  t*  3515.43  3755.76  max|T|=0.148
  leg  29 it  3: miss [km]      55.4 12606520.1  bplane      55.4  189158.4  t*  3515.38  3755.76  max|T|=0.154
  leg  29 it  4: miss [km]       0.3 12587715.0  bplane       0.3   27545.7  t*  3515.39  3755.76  max|T|=0.153
  leg  29 it  5: miss [km]       0.2 12590451.9  bplane       0.2    4042.0  t*  3515.39  3755.76  max|T|=0.154
  leg  29 it  6: miss [km]       0.0 12590053.8  bplane       0.0     592.1  t*  3515.39  3755.76  max|T|=0.154
  leg  29 it  7: miss [km]       0.0 12590112.3  bplane       0.0      86.8  t*  3515.39  3755.76  max|T|=0.154
  leg  29 it  8: miss [km]       0.0 12590103.7  bplane       0.0      12.7  t*  3515.39  3755.76  max|T|=0.154
  leg  29 it  9: miss [km]       0.0 12590105.0  bplane       0.0       1.9  t*  3515.39  3755.76  max|T|=0.154
  leg  29 it 10: miss [km]       0.0 12590104.8  bplane       0.0       0.3  t*  3515.39  3755.76  max|T|=0.154
  leg  29 it 11: miss [km]       0.0 12590104.8  bplane       0.0       0.0  t*  3515.39  3755.76  max|T|=0.154
  !! replanned from leg 29: 2 legs (was 2), lost []
  leg  29 it  0: miss [km]  873171.1 15234697.0  bplane  873171.1 15234697.0  t*  3517.84  3743.33  max|T|=0.000
  leg  29 it  1: miss [km]   62643.3 16082002.1  bplane   62643.3 9610584.2  t*  3515.08  3755.76  max|T|=0.198
  leg  29 it  2: miss [km]    2147.3 12521545.0  bplane    2147.3 1256328.4  t*  3515.43  3755.76  max|T|=0.148
  leg  29 it  3: miss [km]      55.4 12606520.1  bplane      55.4  189158.4  t*  3515.38  3755.76  max|T|=0.154
  leg  29 it  4: miss [km]       0.3 12587715.0  bplane       0.3   27545.7  t*  3515.39  3755.76  max|T|=0.153
  leg  29 it  5: miss [km]       0.2 12590451.9  bplane       0.2    4042.0  t*  3515.39  3755.76  max|T|=0.154
  leg  29 it  6: miss [km]       0.0 12590053.8  bplane       0.0     592.1  t*  3515.39  3755.76  max|T|=0.154
  leg  29 it  7: miss [km]       0.0 12590112.3  bplane       0.0      86.8  t*  3515.39  3755.76  max|T|=0.154
  leg  29 it  8: miss [km]       0.0 12590103.7  bplane       0.0      12.7  t*  3515.39  3755.76  max|T|=0.154
  leg  29 it  9: miss [km]       0.0 12590105.0  bplane       0.0       1.9  t*  3515.39  3755.76  max|T|=0.154
  leg  29 it 10: miss [km]       0.0 12590104.8  bplane       0.0       0.3  t*  3515.39  3755.76  max|T|=0.154
  leg  29 it 11: miss [km]       0.0 12590104.8  bplane       0.0       0.0  t*  3515.39  3755.76  max|T|=0.154
  !! replanned from leg 29: 2 legs (was 2), lost []
  leg  29 it  0: miss [km]  873171.1 15234697.0  bplane  873171.1 15234697.0  t*  3517.84  3743.33  max|T|=0.000
  leg  29 it  1: miss [km]   62643.3 16082002.1  bplane   62643.3 9610584.2  t*  3515.08  3755.76  max|T|=0.198
  leg  29 it  2: miss [km]    2147.3 12521545.0  bplane    2147.3 1256328.4  t*  3515.43  3755.76  max|T|=0.148
  leg  29 it  3: miss [km]      55.4 12606520.1  bplane      55.4  189158.4  t*  3515.38  3755.76  max|T|=0.154
  leg  29 it  4: miss [km]       0.3 12587715.0  bplane       0.3   27545.7  t*  3515.39  3755.76  max|T|=0.153
  leg  29 it  5: miss [km]       0.2 12590451.9  bplane       0.2    4042.0  t*  3515.39  3755.76  max|T|=0.154
  leg  29 it  6: miss [km]       0.0 12590053.8  bplane       0.0     592.1  t*  3515.39  3755.76  max|T|=0.154
  leg  29 it  7: miss [km]       0.0 12590112.3  bplane       0.0      86.8  t*  3515.39  3755.76  max|T|=0.154
  leg  29 it  8: miss [km]       0.0 12590103.7  bplane       0.0      12.7  t*  3515.39  3755.76  max|T|=0.154
  leg  29 it  9: miss [km]       0.0 12590105.0  bplane       0.0       1.9  t*  3515.39  3755.76  max|T|=0.154
  leg  29 it 10: miss [km]       0.0 12590104.8  bplane       0.0       0.3  t*  3515.39  3755.76  max|T|=0.154
  leg  29 it 11: miss [km]       0.0 12590104.8  bplane       0.0       0.0  t*  3515.39  3755.76  max|T|=0.154
  !! replanned from leg 29: 2 legs (was 2), lost []
  leg  29 it  0: miss [km]  873171.1 15234697.0  bplane  873171.1 15234697.0  t*  3517.84  3743.33  max|T|=0.000
  leg  29 it  1: miss [km]   62643.3 16082002.1  bplane   62643.3 9610584.2  t*  3515.08  3755.76  max|T|=0.198
  leg  29 it  2: miss [km]    2147.3 12521545.0  bplane    2147.3 1256328.4  t*  3515.43  3755.76  max|T|=0.148
  leg  29 it  3: miss [km]      55.4 12606520.1  bplane      55.4  189158.4  t*  3515.38  3755.76  max|T|=0.154
  leg  29 it  4: miss [km]       0.3 12587715.0  bplane       0.3   27545.7  t*  3515.39  3755.76  max|T|=0.153
  leg  29 it  5: miss [km]       0.2 12590451.9  bplane       0.2    4042.0  t*  3515.39  3755.76  max|T|=0.154
  leg  29 it  6: miss [km]       0.0 12590053.8  bplane       0.0     592.1  t*  3515.39  3755.76  max|T|=0.154
  leg  29 it  7: miss [km]       0.0 12590112.3  bplane       0.0      86.8  t*  3515.39  3755.76  max|T|=0.154
  leg  29 it  8: miss [km]       0.0 12590103.7  bplane       0.0      12.7  t*  3515.39  3755.76  max|T|=0.154
  leg  29 it  9: miss [km]       0.0 12590105.0  bplane       0.0       1.9  t*  3515.39  3755.76  max|T|=0.154
  leg  29 it 10: miss [km]       0.0 12590104.8  bplane       0.0       0.3  t*  3515.39  3755.76  max|T|=0.154
  leg  29 it 11: miss [km]       0.0 12590104.8  bplane       0.0       0.0  t*  3515.39  3755.76  max|T|=0.154
  !! replanned from leg 29: 2 legs (was 2), lost []
  leg  29 it  0: miss [km]  873171.1 15234697.0  bplane  873171.1 15234697.0  t*  3517.84  3743.33  max|T|=0.000
  leg  29 it  1: miss [km]   62643.3 16082002.1  bplane   62643.3 9610584.2  t*  3515.08  3755.76  max|T|=0.198
  leg  29 it  2: miss [km]    2147.3 12521545.0  bplane    2147.3 1256328.4  t*  3515.43  3755.76  max|T|=0.148
  leg  29 it  3: miss [km]      55.4 12606520.1  bplane      55.4  189158.4  t*  3515.38  3755.76  max|T|=0.154
  leg  29 it  4: miss [km]       0.3 12587715.0  bplane       0.3   27545.7  t*  3515.39  3755.76  max|T|=0.153
  leg  29 it  5: miss [km]       0.2 12590451.9  bplane       0.2    4042.0  t*  3515.39  3755.76  max|T|=0.154
  leg  29 it  6: miss [km]       0.0 12590053.8  bplane       0.0     592.1  t*  3515.39  3755.76  max|T|=0.154
  leg  29 it  7: miss [km]       0.0 12590112.3  bplane       0.0      86.8  t*  3515.39  3755.76  max|T|=0.154
  leg  29 it  8: miss [km]       0.0 12590103.7  bplane       0.0      12.7  t*  3515.39  3755.76  max|T|=0.154
  leg  29 it  9: miss [km]       0.0 12590105.0  bplane       0.0       1.9  t*  3515.39  3755.76  max|T|=0.154
  leg  29 it 10: miss [km]       0.0 12590104.8  bplane       0.0       0.3  t*  3515.39  3755.76  max|T|=0.154
  leg  29 it 11: miss [km]       0.0 12590104.8  bplane       0.0       0.0  t*  3515.39  3755.76  max|T|=0.154
  !! replanned from leg 29: 2 legs (was 2), lost []
  leg  29 it  0: miss [km]  873171.1 15234697.0  bplane  873171.1 15234697.0  t*  3517.84  3743.33  max|T|=0.000
  leg  29 it  1: miss [km]   62643.3 16082002.1  bplane   62643.3 9610584.2  t*  3515.08  3755.76  max|T|=0.198
  leg  29 it  2: miss [km]    2147.3 12521545.0  bplane    2147.3 1256328.4  t*  3515.43  3755.76  max|T|=0.148
  leg  29 it  3: miss [km]      55.4 12606520.1  bplane      55.4  189158.4  t*  3515.38  3755.76  max|T|=0.154
  leg  29 it  4: miss [km]       0.3 12587715.0  bplane       0.3   27545.7  t*  3515.39  3755.76  max|T|=0.153
  leg  29 it  5: miss [km]       0.2 12590451.9  bplane       0.2    4042.0  t*  3515.39  3755.76  max|T|=0.154
  leg  29 it  6: miss [km]       0.0 12590053.8  bplane       0.0     592.1  t*  3515.39  3755.76  max|T|=0.154
  leg  29 it  7: miss [km]       0.0 12590112.3  bplane       0.0      86.8  t*  3515.39  3755.76  max|T|=0.154
  leg  29 it  8: miss [km]       0.0 12590103.7  bplane       0.0      12.7  t*  3515.39  3755.76  max|T|=0.154
  leg  29 it  9: miss [km]       0.0 12590105.0  bplane       0.0       1.9  t*  3515.39  3755.76  max|T|=0.154
  leg  29 it 10: miss [km]       0.0 12590104.8  bplane       0.0       0.3  t*  3515.39  3755.76  max|T|=0.154
  leg  29 it 11: miss [km]       0.0 12590104.8  bplane       0.0       0.0  t*  3515.39  3755.76  max|T|=0.154
  !! replanned from leg 29: 2 legs (was 2), lost []
  leg  29 it  0: miss [km]  873171.1 15234697.0  bplane  873171.1 15234697.0  t*  3517.84  3743.33  max|T|=0.000
  leg  29 it  1: miss [km]   62643.3 16082002.1  bplane   62643.3 9610584.2  t*  3515.08  3755.76  max|T|=0.198
  leg  29 it  2: miss [km]    2147.3 12521545.0  bplane    2147.3 1256328.4  t*  3515.43  3755.76  max|T|=0.148
  leg  29 it  3: miss [km]      55.4 12606520.1  bplane      55.4  189158.4  t*  3515.38  3755.76  max|T|=0.154
  leg  29 it  4: miss [km]       0.3 12587715.0  bplane       0.3   27545.7  t*  3515.39  3755.76  max|T|=0.153
  leg  29 it  5: miss [km]       0.2 12590451.9  bplane       0.2    4042.0  t*  3515.39  3755.76  max|T|=0.154
  leg  29 it  6: miss [km]       0.0 12590053.8  bplane       0.0     592.1  t*  3515.39  3755.76  max|T|=0.154
  leg  29 it  7: miss [km]       0.0 12590112.3  bplane       0.0      86.8  t*  3515.39  3755.76  max|T|=0.154
  leg  29 it  8: miss [km]       0.0 12590103.7  bplane       0.0      12.7  t*  3515.39  3755.76  max|T|=0.154
  leg  29 it  9: miss [km]       0.0 12590105.0  bplane       0.0       1.9  t*  3515.39  3755.76  max|T|=0.154
  leg  29 it 10: miss [km]       0.0 12590104.8  bplane       0.0       0.3  t*  3515.39  3755.76  max|T|=0.154
  leg  29 it 11: miss [km]       0.0 12590104.8  bplane       0.0       0.0  t*  3515.39  3755.76  max|T|=0.154
  !! replanned from leg 29: 2 legs (was 2), lost []
  leg  29 it  0: miss [km]  873171.1 15234697.0  bplane  873171.1 15234697.0  t*  3517.84  3743.33  max|T|=0.000
  leg  29 it  1: miss [km]   62643.3 16082002.1  bplane   62643.3 9610584.2  t*  3515.08  3755.76  max|T|=0.198
  leg  29 it  2: miss [km]    2147.3 12521545.0  bplane    2147.3 1256328.4  t*  3515.43  3755.76  max|T|=0.148
  leg  29 it  3: miss [km]      55.4 12606520.1  bplane      55.4  189158.4  t*  3515.38  3755.76  max|T|=0.154
  leg  29 it  4: miss [km]       0.3 12587715.0  bplane       0.3   27545.7  t*  3515.39  3755.76  max|T|=0.153
  leg  29 it  5: miss [km]       0.2 12590451.9  bplane       0.2    4042.0  t*  3515.39  3755.76  max|T|=0.154
  leg  29 it  6: miss [km]       0.0 12590053.8  bplane       0.0     592.1  t*  3515.39  3755.76  max|T|=0.154
  leg  29 it  7: miss [km]       0.0 12590112.3  bplane       0.0      86.8  t*  3515.39  3755.76  max|T|=0.154
  leg  29 it  8: miss [km]       0.0 12590103.7  bplane       0.0      12.7  t*  3515.39  3755.76  max|T|=0.154
  leg  29 it  9: miss [km]       0.0 12590105.0  bplane       0.0       1.9  t*  3515.39  3755.76  max|T|=0.154
  leg  29 it 10: miss [km]       0.0 12590104.8  bplane       0.0       0.3  t*  3515.39  3755.76  max|T|=0.154
  leg  29 it 11: miss [km]       0.0 12590104.8  bplane       0.0       0.0  t*  3515.39  3755.76  max|T|=0.154
  !! replanned from leg 29: 2 legs (was 2), lost []
  leg  29 it  0: miss [km]  873171.1 15234697.0  bplane  873171.1 15234697.0  t*  3517.84  3743.33  max|T|=0.000
  leg  29 it  1: miss [km]   62643.3 16082002.1  bplane   62643.3 9610584.2  t*  3515.08  3755.76  max|T|=0.198
  leg  29 it  2: miss [km]    2147.3 12521545.0  bplane    2147.3 1256328.4  t*  3515.43  3755.76  max|T|=0.148
  leg  29 it  3: miss [km]      55.4 12606520.1  bplane      55.4  189158.4  t*  3515.38  3755.76  max|T|=0.154
  leg  29 it  4: miss [km]       0.3 12587715.0  bplane       0.3   27545.7  t*  3515.39  3755.76  max|T|=0.153
  leg  29 it  5: miss [km]       0.2 12590451.9  bplane       0.2    4042.0  t*  3515.39  3755.76  max|T|=0.154
  leg  29 it  6: miss [km]       0.0 12590053.8  bplane       0.0     592.1  t*  3515.39  3755.76  max|T|=0.154
  leg  29 it  7: miss [km]       0.0 12590112.3  bplane       0.0      86.8  t*  3515.39  3755.76  max|T|=0.154
  leg  29 it  8: miss [km]       0.0 12590103.7  bplane       0.0      12.7  t*  3515.39  3755.76  max|T|=0.154
  leg  29 it  9: miss [km]       0.0 12590105.0  bplane       0.0       1.9  t*  3515.39  3755.76  max|T|=0.154
  leg  29 it 10: miss [km]       0.0 12590104.8  bplane       0.0       0.3  t*  3515.39  3755.76  max|T|=0.154
  leg  29 it 11: miss [km]       0.0 12590104.8  bplane       0.0       0.0  t*  3515.39  3755.76  max|T|=0.154
  !! replanned from leg 29: 2 legs (was 2), lost []
  leg  29 it  0: miss [km]  873171.1 15234697.0  bplane  873171.1 15234697.0  t*  3517.84  3743.33  max|T|=0.000
  leg  29 it  1: miss [km]   62643.3 16082002.1  bplane   62643.3 9610584.2  t*  3515.08  3755.76  max|T|=0.198
  leg  29 it  2: miss [km]    2147.3 12521545.0  bplane    2147.3 1256328.4  t*  3515.43  3755.76  max|T|=0.148
  leg  29 it  3: miss [km]      55.4 12606520.1  bplane      55.4  189158.4  t*  3515.38  3755.76  max|T|=0.154
  leg  29 it  4: miss [km]       0.3 12587715.0  bplane       0.3   27545.7  t*  3515.39  3755.76  max|T|=0.153
  leg  29 it  5: miss [km]       0.2 12590451.9  bplane       0.2    4042.0  t*  3515.39  3755.76  max|T|=0.154
  leg  29 it  6: miss [km]       0.0 12590053.8  bplane       0.0     592.1  t*  3515.39  3755.76  max|T|=0.154
  leg  29 it  7: miss [km]       0.0 12590112.3  bplane       0.0      86.8  t*  3515.39  3755.76  max|T|=0.154
  leg  29 it  8: miss [km]       0.0 12590103.7  bplane       0.0      12.7  t*  3515.39  3755.76  max|T|=0.154
  leg  29 it  9: miss [km]       0.0 12590105.0  bplane       0.0       1.9  t*  3515.39  3755.76  max|T|=0.154
  leg  29 it 10: miss [km]       0.0 12590104.8  bplane       0.0       0.3  t*  3515.39  3755.76  max|T|=0.154
  leg  29 it 11: miss [km]       0.0 12590104.8  bplane       0.0       0.0  t*  3515.39  3755.76  max|T|=0.154
  !! replanned from leg 29: 2 legs (was 2), lost []
  leg  29 it  0: miss [km]  873171.1 15234697.0  bplane  873171.1 15234697.0  t*  3517.84  3743.33  max|T|=0.000
  leg  29 it  1: miss [km]   62643.3 16082002.1  bplane   62643.3 9610584.2  t*  3515.08  3755.76  max|T|=0.198
  leg  29 it  2: miss [km]    2147.3 12521545.0  bplane    2147.3 1256328.4  t*  3515.43  3755.76  max|T|=0.148
  leg  29 it  3: miss [km]      55.4 12606520.1  bplane      55.4  189158.4  t*  3515.38  3755.76  max|T|=0.154
  leg  29 it  4: miss [km]       0.3 12587715.0  bplane       0.3   27545.7  t*  3515.39  3755.76  max|T|=0.153
  leg  29 it  5: miss [km]       0.2 12590451.9  bplane       0.2    4042.0  t*  3515.39  3755.76  max|T|=0.154
  leg  29 it  6: miss [km]       0.0 12590053.8  bplane       0.0     592.1  t*  3515.39  3755.76  max|T|=0.154
  leg  29 it  7: miss [km]       0.0 12590112.3  bplane       0.0      86.8  t*  3515.39  3755.76  max|T|=0.154
  leg  29 it  8: miss [km]       0.0 12590103.7  bplane       0.0      12.7  t*  3515.39  3755.76  max|T|=0.154
  leg  29 it  9: miss [km]       0.0 12590105.0  bplane       0.0       1.9  t*  3515.39  3755.76  max|T|=0.154
  leg  29 it 10: miss [km]       0.0 12590104.8  bplane       0.0       0.3  t*  3515.39  3755.76  max|T|=0.154
  leg  29 it 11: miss [km]       0.0 12590104.8  bplane       0.0       0.0  t*  3515.39  3755.76  max|T|=0.154
  !! replanned from leg 29: 2 legs (was 2), lost []
  leg  29 it  0: miss [km]  873171.1 15234697.0  bplane  873171.1 15234697.0  t*  3517.84  3743.33  max|T|=0.000
  leg  29 it  1: miss [km]   62643.3 16082002.1  bplane   62643.3 9610584.2  t*  3515.08  3755.76  max|T|=0.198
  leg  29 it  2: miss [km]    2147.3 12521545.0  bplane    2147.3 1256328.4  t*  3515.43  3755.76  max|T|=0.148
  leg  29 it  3: miss [km]      55.4 12606520.1  bplane      55.4  189158.4  t*  3515.38  3755.76  max|T|=0.154
  leg  29 it  4: miss [km]       0.3 12587715.0  bplane       0.3   27545.7  t*  3515.39  3755.76  max|T|=0.153
  leg  29 it  5: miss [km]       0.2 12590451.9  bplane       0.2    4042.0  t*  3515.39  3755.76  max|T|=0.154
  leg  29 it  6: miss [km]       0.0 12590053.8  bplane       0.0     592.1  t*  3515.39  3755.76  max|T|=0.154
  leg  29 it  7: miss [km]       0.0 12590112.3  bplane       0.0      86.8  t*  3515.39  3755.76  max|T|=0.154
  leg  29 it  8: miss [km]       0.0 12590103.7  bplane       0.0      12.7  t*  3515.39  3755.76  max|T|=0.154
  leg  29 it  9: miss [km]       0.0 12590105.0  bplane       0.0       1.9  t*  3515.39  3755.76  max|T|=0.154
  leg  29 it 10: miss [km]       0.0 12590104.8  bplane       0.0       0.3  t*  3515.39  3755.76  max|T|=0.154
  leg  29 it 11: miss [km]       0.0 12590104.8  bplane       0.0       0.0  t*  3515.39  3755.76  max|T|=0.154
  !! replanned from leg 29: 2 legs (was 2), lost []
  leg  29 it  0: miss [km]  873171.1 15234697.0  bplane  873171.1 15234697.0  t*  3517.84  3743.33  max|T|=0.000
  leg  29 it  1: miss [km]   62643.3 16082002.1  bplane   62643.3 9610584.2  t*  3515.08  3755.76  max|T|=0.198
  leg  29 it  2: miss [km]    2147.3 12521545.0  bplane    2147.3 1256328.4  t*  3515.43  3755.76  max|T|=0.148
  leg  29 it  3: miss [km]      55.4 12606520.1  bplane      55.4  189158.4  t*  3515.38  3755.76  max|T|=0.154
  leg  29 it  4: miss [km]       0.3 12587715.0  bplane       0.3   27545.7  t*  3515.39  3755.76  max|T|=0.153
  leg  29 it  5: miss [km]       0.2 12590451.9  bplane       0.2    4042.0  t*  3515.39  3755.76  max|T|=0.154
  leg  29 it  6: miss [km]       0.0 12590053.8  bplane       0.0     592.1  t*  3515.39  3755.76  max|T|=0.154
  leg  29 it  7: miss [km]       0.0 12590112.3  bplane       0.0      86.8  t*  3515.39  3755.76  max|T|=0.154
  leg  29 it  8: miss [km]       0.0 12590103.7  bplane       0.0      12.7  t*  3515.39  3755.76  max|T|=0.154
  leg  29 it  9: miss [km]       0.0 12590105.0  bplane       0.0       1.9  t*  3515.39  3755.76  max|T|=0.154
  leg  29 it 10: miss [km]       0.0 12590104.8  bplane       0.0       0.3  t*  3515.39  3755.76  max|T|=0.154
  leg  29 it 11: miss [km]       0.0 12590104.8  bplane       0.0       0.0  t*  3515.39  3755.76  max|T|=0.154
  !! replanned from leg 29: 2 legs (was 2), lost []
  leg  29 it  0: miss [km]  873171.1 15234697.0  bplane  873171.1 15234697.0  t*  3517.84  3743.33  max|T|=0.000
  leg  29 it  1: miss [km]   62643.3 16082002.1  bplane   62643.3 9610584.2  t*  3515.08  3755.76  max|T|=0.198
  leg  29 it  2: miss [km]    2147.3 12521545.0  bplane    2147.3 1256328.4  t*  3515.43  3755.76  max|T|=0.148
  leg  29 it  3: miss [km]      55.4 12606520.1  bplane      55.4  189158.4  t*  3515.38  3755.76  max|T|=0.154
  leg  29 it  4: miss [km]       0.3 12587715.0  bplane       0.3   27545.7  t*  3515.39  3755.76  max|T|=0.153
  leg  29 it  5: miss [km]       0.2 12590451.9  bplane       0.2    4042.0  t*  3515.39  3755.76  max|T|=0.154
  leg  29 it  6: miss [km]       0.0 12590053.8  bplane       0.0     592.1  t*  3515.39  3755.76  max|T|=0.154
  leg  29 it  7: miss [km]       0.0 12590112.3  bplane       0.0      86.8  t*  3515.39  3755.76  max|T|=0.154
  leg  29 it  8: miss [km]       0.0 12590103.7  bplane       0.0      12.7  t*  3515.39  3755.76  max|T|=0.154
  leg  29 it  9: miss [km]       0.0 12590105.0  bplane       0.0       1.9  t*  3515.39  3755.76  max|T|=0.154
  leg  29 it 10: miss [km]       0.0 12590104.8  bplane       0.0       0.3  t*  3515.39  3755.76  max|T|=0.154
  leg  29 it 11: miss [km]       0.0 12590104.8  bplane       0.0       0.0  t*  3515.39  3755.76  max|T|=0.154
  !! replanned from leg 29: 2 legs (was 2), lost []
  leg  29 it  0: miss [km]  873171.1 15234697.0  bplane  873171.1 15234697.0  t*  3517.84  3743.33  max|T|=0.000
  leg  29 it  1: miss [km]   62643.3 16082002.1  bplane   62643.3 9610584.2  t*  3515.08  3755.76  max|T|=0.198
  leg  29 it  2: miss [km]    2147.3 12521545.0  bplane    2147.3 1256328.4  t*  3515.43  3755.76  max|T|=0.148
  leg  29 it  3: miss [km]      55.4 12606520.1  bplane      55.4  189158.4  t*  3515.38  3755.76  max|T|=0.154
  leg  29 it  4: miss [km]       0.3 12587715.0  bplane       0.3   27545.7  t*  3515.39  3755.76  max|T|=0.153
  leg  29 it  5: miss [km]       0.2 12590451.9  bplane       0.2    4042.0  t*  3515.39  3755.76  max|T|=0.154
  leg  29 it  6: miss [km]       0.0 12590053.8  bplane       0.0     592.1  t*  3515.39  3755.76  max|T|=0.154
  leg  29 it  7: miss [km]       0.0 12590112.3  bplane       0.0      86.8  t*  3515.39  3755.76  max|T|=0.154
  leg  29 it  8: miss [km]       0.0 12590103.7  bplane       0.0      12.7  t*  3515.39  3755.76  max|T|=0.154
  leg  29 it  9: miss [km]       0.0 12590105.0  bplane       0.0       1.9  t*  3515.39  3755.76  max|T|=0.154
  leg  29 it 10: miss [km]       0.0 12590104.8  bplane       0.0       0.3  t*  3515.39  3755.76  max|T|=0.154
  leg  29 it 11: miss [km]       0.0 12590104.8  bplane       0.0       0.0  t*  3515.39  3755.76  max|T|=0.154
  !! replanned from leg 29: 2 legs (was 2), lost []
  leg  29 it  0: miss [km]  873171.1 15234697.0  bplane  873171.1 15234697.0  t*  3517.84  3743.33  max|T|=0.000
  leg  29 it  1: miss [km]   62643.3 16082002.1  bplane   62643.3 9610584.2  t*  3515.08  3755.76  max|T|=0.198
  leg  29 it  2: miss [km]    2147.3 12521545.0  bplane    2147.3 1256328.4  t*  3515.43  3755.76  max|T|=0.148
  leg  29 it  3: miss [km]      55.4 12606520.1  bplane      55.4  189158.4  t*  3515.38  3755.76  max|T|=0.154
  leg  29 it  4: miss [km]       0.3 12587715.0  bplane       0.3   27545.7  t*  3515.39  3755.76  max|T|=0.153
  leg  29 it  5: miss [km]       0.2 12590451.9  bplane       0.2    4042.0  t*  3515.39  3755.76  max|T|=0.154
  leg  29 it  6: miss [km]       0.0 12590053.8  bplane       0.0     592.1  t*  3515.39  3755.76  max|T|=0.154
  leg  29 it  7: miss [km]       0.0 12590112.3  bplane       0.0      86.8  t*  3515.39  3755.76  max|T|=0.154
  leg  29 it  8: miss [km]       0.0 12590103.7  bplane       0.0      12.7  t*  3515.39  3755.76  max|T|=0.154
  leg  29 it  9: miss [km]       0.0 12590105.0  bplane       0.0       1.9  t*  3515.39  3755.76  max|T|=0.154
  leg  29 it 10: miss [km]       0.0 12590104.8  bplane       0.0       0.3  t*  3515.39  3755.76  max|T|=0.154
  leg  29 it 11: miss [km]       0.0 12590104.8  bplane       0.0       0.0  t*  3515.39  3755.76  max|T|=0.154
  !! replanned from leg 29: 2 legs (was 2), lost []
  leg  29 it  0: miss [km]  873171.1 15234697.0  bplane  873171.1 15234697.0  t*  3517.84  3743.33  max|T|=0.000
  leg  29 it  1: miss [km]   62643.3 16082002.1  bplane   62643.3 9610584.2  t*  3515.08  3755.76  max|T|=0.198
  leg  29 it  2: miss [km]    2147.3 12521545.0  bplane    2147.3 1256328.4  t*  3515.43  3755.76  max|T|=0.148
  leg  29 it  3: miss [km]      55.4 12606520.1  bplane      55.4  189158.4  t*  3515.38  3755.76  max|T|=0.154
  leg  29 it  4: miss [km]       0.3 12587715.0  bplane       0.3   27545.7  t*  3515.39  3755.76  max|T|=0.153
  leg  29 it  5: miss [km]       0.2 12590451.9  bplane       0.2    4042.0  t*  3515.39  3755.76  max|T|=0.154
  leg  29 it  6: miss [km]       0.0 12590053.8  bplane       0.0     592.1  t*  3515.39  3755.76  max|T|=0.154
  leg  29 it  7: miss [km]       0.0 12590112.3  bplane       0.0      86.8  t*  3515.39  3755.76  max|T|=0.154
  leg  29 it  8: miss [km]       0.0 12590103.7  bplane       0.0      12.7  t*  3515.39  3755.76  max|T|=0.154
  leg  29 it  9: miss [km]       0.0 12590105.0  bplane       0.0       1.9  t*  3515.39  3755.76  max|T|=0.154
  leg  29 it 10: miss [km]       0.0 12590104.8  bplane       0.0       0.3  t*  3515.39  3755.76  max|T|=0.154
  leg  29 it 11: miss [km]       0.0 12590104.8  bplane       0.0       0.0  t*  3515.39  3755.76  max|T|=0.154
  !! replanned from leg 29: 2 legs (was 2), lost []
  leg  29 it  0: miss [km]  873171.1 15234697.0  bplane  873171.1 15234697.0  t*  3517.84  3743.33  max|T|=0.000
  leg  29 it  1: miss [km]   62643.3 16082002.1  bplane   62643.3 9610584.2  t*  3515.08  3755.76  max|T|=0.198
  leg  29 it  2: miss [km]    2147.3 12521545.0  bplane    2147.3 1256328.4  t*  3515.43  3755.76  max|T|=0.148
  leg  29 it  3: miss [km]      55.4 12606520.1  bplane      55.4  189158.4  t*  3515.38  3755.76  max|T|=0.154
  leg  29 it  4: miss [km]       0.3 12587715.0  bplane       0.3   27545.7  t*  3515.39  3755.76  max|T|=0.153
  leg  29 it  5: miss [km]       0.2 12590451.9  bplane       0.2    4042.0  t*  3515.39  3755.76  max|T|=0.154
  leg  29 it  6: miss [km]       0.0 12590053.8  bplane       0.0     592.1  t*  3515.39  3755.76  max|T|=0.154
  leg  29 it  7: miss [km]       0.0 12590112.3  bplane       0.0      86.8  t*  3515.39  3755.76  max|T|=0.154
  leg  29 it  8: miss [km]       0.0 12590103.7  bplane       0.0      12.7  t*  3515.39  3755.76  max|T|=0.154
  leg  29 it  9: miss [km]       0.0 12590105.0  bplane       0.0       1.9  t*  3515.39  3755.76  max|T|=0.154
  leg  29 it 10: miss [km]       0.0 12590104.8  bplane       0.0       0.3  t*  3515.39  3755.76  max|T|=0.154
  leg  29 it 11: miss [km]       0.0 12590104.8  bplane       0.0       0.0  t*  3515.39  3755.76  max|T|=0.154
  !! replanned from leg 29: 2 legs (was 2), lost []
  leg  29 it  0: miss [km]  873171.1 15234697.0  bplane  873171.1 15234697.0  t*  3517.84  3743.33  max|T|=0.000
  leg  29 it  1: miss [km]   62643.3 16082002.1  bplane   62643.3 9610584.2  t*  3515.08  3755.76  max|T|=0.198
  leg  29 it  2: miss [km]    2147.3 12521545.0  bplane    2147.3 1256328.4  t*  3515.43  3755.76  max|T|=0.148
  leg  29 it  3: miss [km]      55.4 12606520.1  bplane      55.4  189158.4  t*  3515.38  3755.76  max|T|=0.154
  leg  29 it  4: miss [km]       0.3 12587715.0  bplane       0.3   27545.7  t*  3515.39  3755.76  max|T|=0.153
  leg  29 it  5: miss [km]       0.2 12590451.9  bplane       0.2    4042.0  t*  3515.39  3755.76  max|T|=0.154
  leg  29 it  6: miss [km]       0.0 12590053.8  bplane       0.0     592.1  t*  3515.39  3755.76  max|T|=0.154
  leg  29 it  7: miss [km]       0.0 12590112.3  bplane       0.0      86.8  t*  3515.39  3755.76  max|T|=0.154
  leg  29 it  8: miss [km]       0.0 12590103.7  bplane       0.0      12.7  t*  3515.39  3755.76  max|T|=0.154
  leg  29 it  9: miss [km]       0.0 12590105.0  bplane       0.0       1.9  t*  3515.39  3755.76  max|T|=0.154
  leg  29 it 10: miss [km]       0.0 12590104.8  bplane       0.0       0.3  t*  3515.39  3755.76  max|T|=0.154
  leg  29 it 11: miss [km]       0.0 12590104.8  bplane       0.0       0.0  t*  3515.39  3755.76  max|T|=0.154
  !! replanned from leg 29: 2 legs (was 2), lost []
  leg  29 it  0: miss [km]  873171.1 15234697.0  bplane  873171.1 15234697.0  t*  3517.84  3743.33  max|T|=0.000
  leg  29 it  1: miss [km]   62643.3 16082002.1  bplane   62643.3 9610584.2  t*  3515.08  3755.76  max|T|=0.198
  leg  29 it  2: miss [km]    2147.3 12521545.0  bplane    2147.3 1256328.4  t*  3515.43  3755.76  max|T|=0.148
  leg  29 it  3: miss [km]      55.4 12606520.1  bplane      55.4  189158.4  t*  3515.38  3755.76  max|T|=0.154
  leg  29 it  4: miss [km]       0.3 12587715.0  bplane       0.3   27545.7  t*  3515.39  3755.76  max|T|=0.153
  leg  29 it  5: miss [km]       0.2 12590451.9  bplane       0.2    4042.0  t*  3515.39  3755.76  max|T|=0.154
  leg  29 it  6: miss [km]       0.0 12590053.8  bplane       0.0     592.1  t*  3515.39  3755.76  max|T|=0.154
  leg  29 it  7: miss [km]       0.0 12590112.3  bplane       0.0      86.8  t*  3515.39  3755.76  max|T|=0.154
  leg  29 it  8: miss [km]       0.0 12590103.7  bplane       0.0      12.7  t*  3515.39  3755.76  max|T|=0.154
  leg  29 it  9: miss [km]       0.0 12590105.0  bplane       0.0       1.9  t*  3515.39  3755.76  max|T|=0.154
  leg  29 it 10: miss [km]       0.0 12590104.8  bplane       0.0       0.3  t*  3515.39  3755.76  max|T|=0.154
  leg  29 it 11: miss [km]       0.0 12590104.8  bplane       0.0       0.0  t*  3515.39  3755.76  max|T|=0.154
  !! replanned from leg 29: 2 legs (was 2), lost []
  leg  29 it  0: miss [km]  873171.1 15234697.0  bplane  873171.1 15234697.0  t*  3517.84  3743.33  max|T|=0.000
  leg  29 it  1: miss [km]   62643.3 16082002.1  bplane   62643.3 9610584.2  t*  3515.08  3755.76  max|T|=0.198
  leg  29 it  2: miss [km]    2147.3 12521545.0  bplane    2147.3 1256328.4  t*  3515.43  3755.76  max|T|=0.148
  leg  29 it  3: miss [km]      55.4 12606520.1  bplane      55.4  189158.4  t*  3515.38  3755.76  max|T|=0.154
  leg  29 it  4: miss [km]       0.3 12587715.0  bplane       0.3   27545.7  t*  3515.39  3755.76  max|T|=0.153
  leg  29 it  5: miss [km]       0.2 12590451.9  bplane       0.2    4042.0  t*  3515.39  3755.76  max|T|=0.154
  leg  29 it  6: miss [km]       0.0 12590053.8  bplane       0.0     592.1  t*  3515.39  3755.76  max|T|=0.154
  leg  29 it  7: miss [km]       0.0 12590112.3  bplane       0.0      86.8  t*  3515.39  3755.76  max|T|=0.154
  leg  29 it  8: miss [km]       0.0 12590103.7  bplane       0.0      12.7  t*  3515.39  3755.76  max|T|=0.154
  leg  29 it  9: miss [km]       0.0 12590105.0  bplane       0.0       1.9  t*  3515.39  3755.76  max|T|=0.154
  leg  29 it 10: miss [km]       0.0 12590104.8  bplane       0.0       0.3  t*  3515.39  3755.76  max|T|=0.154
  leg  29 it 11: miss [km]       0.0 12590104.8  bplane       0.0       0.0  t*  3515.39  3755.76  max|T|=0.154
  !! replanned from leg 29: 2 legs (was 2), lost []
  leg  29 it  0: miss [km]  873171.1 15234697.0  bplane  873171.1 15234697.0  t*  3517.84  3743.33  max|T|=0.000
  leg  29 it  1: miss [km]   62643.3 16082002.1  bplane   62643.3 9610584.2  t*  3515.08  3755.76  max|T|=0.198
  leg  29 it  2: miss [km]    2147.3 12521545.0  bplane    2147.3 1256328.4  t*  3515.43  3755.76  max|T|=0.148
  leg  29 it  3: miss [km]      55.4 12606520.1  bplane      55.4  189158.4  t*  3515.38  3755.76  max|T|=0.154
  leg  29 it  4: miss [km]       0.3 12587715.0  bplane       0.3   27545.7  t*  3515.39  3755.76  max|T|=0.153
  leg  29 it  5: miss [km]       0.2 12590451.9  bplane       0.2    4042.0  t*  3515.39  3755.76  max|T|=0.154
  leg  29 it  6: miss [km]       0.0 12590053.8  bplane       0.0     592.1  t*  3515.39  3755.76  max|T|=0.154
  leg  29 it  7: miss [km]       0.0 12590112.3  bplane       0.0      86.8  t*  3515.39  3755.76  max|T|=0.154
  leg  29 it  8: miss [km]       0.0 12590103.7  bplane       0.0      12.7  t*  3515.39  3755.76  max|T|=0.154
  leg  29 it  9: miss [km]       0.0 12590105.0  bplane       0.0       1.9  t*  3515.39  3755.76  max|T|=0.154
  leg  29 it 10: miss [km]       0.0 12590104.8  bplane       0.0       0.3  t*  3515.39  3755.76  max|T|=0.154
  leg  29 it 11: miss [km]       0.0 12590104.8  bplane       0.0       0.0  t*  3515.39  3755.76  max|T|=0.154
  !! replanned from leg 29: 2 legs (was 2), lost []
  leg  29 it  0: miss [km]  873171.1 15234697.0  bplane  873171.1 15234697.0  t*  3517.84  3743.33  max|T|=0.000
  leg  29 it  1: miss [km]   62643.3 16082002.1  bplane   62643.3 9610584.2  t*  3515.08  3755.76  max|T|=0.198
  leg  29 it  2: miss [km]    2147.3 12521545.0  bplane    2147.3 1256328.4  t*  3515.43  3755.76  max|T|=0.148
  leg  29 it  3: miss [km]      55.4 12606520.1  bplane      55.4  189158.4  t*  3515.38  3755.76  max|T|=0.154
  leg  29 it  4: miss [km]       0.3 12587715.0  bplane       0.3   27545.7  t*  3515.39  3755.76  max|T|=0.153
  leg  29 it  5: miss [km]       0.2 12590451.9  bplane       0.2    4042.0  t*  3515.39  3755.76  max|T|=0.154
  leg  29 it  6: miss [km]       0.0 12590053.8  bplane       0.0     592.1  t*  3515.39  3755.76  max|T|=0.154
  leg  29 it  7: miss [km]       0.0 12590112.3  bplane       0.0      86.8  t*  3515.39  3755.76  max|T|=0.154
  leg  29 it  8: miss [km]       0.0 12590103.7  bplane       0.0      12.7  t*  3515.39  3755.76  max|T|=0.154
  leg  29 it  9: miss [km]       0.0 12590105.0  bplane       0.0       1.9  t*  3515.39  3755.76  max|T|=0.154
  leg  29 it 10: miss [km]       0.0 12590104.8  bplane       0.0       0.3  t*  3515.39  3755.76  max|T|=0.154
  leg  29 it 11: miss [km]       0.0 12590104.8  bplane       0.0       0.0  t*  3515.39  3755.76  max|T|=0.154
  !! replanned from leg 29: 2 legs (was 2), lost []
  leg  29 it  0: miss [km]  873171.1 15234697.0  bplane  873171.1 15234697.0  t*  3517.84  3743.33  max|T|=0.000
  leg  29 it  1: miss [km]   62643.3 16082002.1  bplane   62643.3 9610584.2  t*  3515.08  3755.76  max|T|=0.198
  leg  29 it  2: miss [km]    2147.3 12521545.0  bplane    2147.3 1256328.4  t*  3515.43  3755.76  max|T|=0.148
  leg  29 it  3: miss [km]      55.4 12606520.1  bplane      55.4  189158.4  t*  3515.38  3755.76  max|T|=0.154
  leg  29 it  4: miss [km]       0.3 12587715.0  bplane       0.3   27545.7  t*  3515.39  3755.76  max|T|=0.153
  leg  29 it  5: miss [km]       0.2 12590451.9  bplane       0.2    4042.0  t*  3515.39  3755.76  max|T|=0.154
  leg  29 it  6: miss [km]       0.0 12590053.8  bplane       0.0     592.1  t*  3515.39  3755.76  max|T|=0.154
  leg  29 it  7: miss [km]       0.0 12590112.3  bplane       0.0      86.8  t*  3515.39  3755.76  max|T|=0.154
  leg  29 it  8: miss [km]       0.0 12590103.7  bplane       0.0      12.7  t*  3515.39  3755.76  max|T|=0.154
  leg  29 it  9: miss [km]       0.0 12590105.0  bplane       0.0       1.9  t*  3515.39  3755.76  max|T|=0.154
  leg  29 it 10: miss [km]       0.0 12590104.8  bplane       0.0       0.3  t*  3515.39  3755.76  max|T|=0.154
  leg  29 it 11: miss [km]       0.0 12590104.8  bplane       0.0       0.0  t*  3515.39  3755.76  max|T|=0.154
  !! replanned from leg 29: 2 legs (was 2), lost []
  leg  29 it  0: miss [km]  873171.1 15234697.0  bplane  873171.1 15234697.0  t*  3517.84  3743.33  max|T|=0.000
  leg  29 it  1: miss [km]   62643.3 16082002.1  bplane   62643.3 9610584.2  t*  3515.08  3755.76  max|T|=0.198
  leg  29 it  2: miss [km]    2147.3 12521545.0  bplane    2147.3 1256328.4  t*  3515.43  3755.76  max|T|=0.148
  leg  29 it  3: miss [km]      55.4 12606520.1  bplane      55.4  189158.4  t*  3515.38  3755.76  max|T|=0.154
  leg  29 it  4: miss [km]       0.3 12587715.0  bplane       0.3   27545.7  t*  3515.39  3755.76  max|T|=0.153
  leg  29 it  5: miss [km]       0.2 12590451.9  bplane       0.2    4042.0  t*  3515.39  3755.76  max|T|=0.154
  leg  29 it  6: miss [km]       0.0 12590053.8  bplane       0.0     592.1  t*  3515.39  3755.76  max|T|=0.154
  leg  29 it  7: miss [km]       0.0 12590112.3  bplane       0.0      86.8  t*  3515.39  3755.76  max|T|=0.154
  leg  29 it  8: miss [km]       0.0 12590103.7  bplane       0.0      12.7  t*  3515.39  3755.76  max|T|=0.154
  leg  29 it  9: miss [km]       0.0 12590105.0  bplane       0.0       1.9  t*  3515.39  3755.76  max|T|=0.154
  leg  29 it 10: miss [km]       0.0 12590104.8  bplane       0.0       0.3  t*  3515.39  3755.76  max|T|=0.154
  leg  29 it 11: miss [km]       0.0 12590104.8  bplane       0.0       0.0  t*  3515.39  3755.76  max|T|=0.154
  !! replanned from leg 29: 2 legs (was 2), lost []
  leg  29 it  0: miss [km]  873171.1 15234697.0  bplane  873171.1 15234697.0  t*  3517.84  3743.33  max|T|=0.000
  leg  29 it  1: miss [km]   62643.3 16082002.1  bplane   62643.3 9610584.2  t*  3515.08  3755.76  max|T|=0.198
  leg  29 it  2: miss [km]    2147.3 12521545.0  bplane    2147.3 1256328.4  t*  3515.43  3755.76  max|T|=0.148
  leg  29 it  3: miss [km]      55.4 12606520.1  bplane      55.4  189158.4  t*  3515.38  3755.76  max|T|=0.154
  leg  29 it  4: miss [km]       0.3 12587715.0  bplane       0.3   27545.7  t*  3515.39  3755.76  max|T|=0.153
  leg  29 it  5: miss [km]       0.2 12590451.9  bplane       0.2    4042.0  t*  3515.39  3755.76  max|T|=0.154
  leg  29 it  6: miss [km]       0.0 12590053.8  bplane       0.0     592.1  t*  3515.39  3755.76  max|T|=0.154
  leg  29 it  7: miss [km]       0.0 12590112.3  bplane       0.0      86.8  t*  3515.39  3755.76  max|T|=0.154
  leg  29 it  8: miss [km]       0.0 12590103.7  bplane       0.0      12.7  t*  3515.39  3755.76  max|T|=0.154
  leg  29 it  9: miss [km]       0.0 12590105.0  bplane       0.0       1.9  t*  3515.39  3755.76  max|T|=0.154
  leg  29 it 10: miss [km]       0.0 12590104.8  bplane       0.0       0.3  t*  3515.39  3755.76  max|T|=0.154
  leg  29 it 11: miss [km]       0.0 12590104.8  bplane       0.0       0.0  t*  3515.39  3755.76  max|T|=0.154
  !! dropping asteroid 2 (miss 12590105 km)
  leg  29 it  0: miss [km]  873171.1  bplane  873171.1  t*  3517.84  max|T|=0.000
  leg  29 it  1: miss [km]    2057.7  bplane    2057.7  t*  3517.87  max|T|=0.032
  leg  29 it  2: miss [km]       0.9  bplane       0.9  t*  3517.87  max|T|=0.032
leg  29 frozen: ast 202 t=  3517.9 d dist=   0.9 km m=990.3 kg
INFO [2] 30 1009.7482150989852
