  leg   0 it  0: miss [km]       0.0 6539935.5  |vrel| 12.40 20.45  t*   170.00   262.32  max|T|=0.000
  leg   0 it  1: miss [km]   27898.8  304165.9  |vrel| 12.74 18.85  t*   168.68   265.47  max|T|=0.140
  leg   0 it  2: miss [km]      80.1     427.2  |vrel| 12.75 18.94  t*   168.71   265.30  max|T|=0.136
  leg   0 it  3: miss [km]       0.1       0.8  |vrel| 12.75 18.94  t*   168.71   265.30  max|T|=0.136
leg   0 frozen: ast 155 t=   168.7 d dist=   0.1 km m=1967.6 kg
  leg   1 it  0: miss [km]       0.8 1947805.1  |vrel| 18.94 19.74  t*   265.30   332.52  max|T|=0.123
  leg   1 it  1: miss [km]    3474.6   22335.5  |vrel| 18.93 19.70  t*   265.22   332.62  max|T|=0.302
  leg   1 it  2: miss [km]       1.1       5.5  |vrel| 18.93 19.70  t*   265.22   332.61  max|T|=0.300
leg   1 frozen: ast 279 t=   265.2 d dist=   1.1 km m=1936.0 kg
  leg   2 it  0: miss [km]       5.5 49741787.6  |vrel| 19.70 24.46  t*   332.61   476.34  max|T|=0.109
  leg   2 it  1: miss [km]  196305.3 10295157.8  |vrel| 18.65 14.51  t*   334.46   498.44  max|T|=0.450
  leg   2 it  2: miss [km]   15951.0 1045109.6  |vrel| 18.49 16.25  t*   334.68   494.02  max|T|=0.450
  leg   2 it  3: miss [km]    8712.0  392107.4  |vrel| 18.45 16.29  t*   334.73   493.89  max|T|=0.450
  leg   2 it  4: miss [km]     282.1   20967.8  |vrel| 18.44 16.24  t*   334.75   494.01  max|T|=0.450
  leg   2 it  5: miss [km]      29.0    1174.8  |vrel| 18.44 16.24  t*   334.75   494.02  max|T|=0.450
  leg   2 it  6: miss [km]       2.2      77.0  |vrel| 18.44 16.24  t*   334.75   494.02  max|T|=0.450
leg   2 frozen: ast 127 t=   334.7 d dist=   2.3 km m=1887.8 kg
  leg   3 it  0: miss [km]      79.4 24129132.6  |vrel| 16.24 14.84  t*   494.02   670.81  max|T|=0.064
  leg   3 it  1: miss [km]   50930.6  425308.9  |vrel| 16.54 18.53  t*   492.38   667.18  max|T|=0.162
  leg   3 it  2: miss [km]      20.1     591.7  |vrel| 16.55 18.57  t*   492.36   667.18  max|T|=0.162
  leg   3 it  3: miss [km]       0.0       0.2  |vrel| 16.55 18.57  t*   492.36   667.18  max|T|=0.162
leg   3 frozen: ast  42 t=   492.4 d dist=   0.1 km m=1849.6 kg
  leg   4 it  0: miss [km]       1.2 30290347.1  |vrel| 18.57  9.57  t*   667.18   845.33  max|T|=0.039
  leg   4 it  1: miss [km]  110040.0 6304109.5  |vrel| 19.22 14.33  t*   664.88   857.76  max|T|=0.117
  leg   4 it  2: miss [km]     962.6   29473.8  |vrel| 19.16 13.18  t*   665.07   858.61  max|T|=0.129
  leg   4 it  3: miss [km]       0.2      14.6  |vrel| 19.17 13.19  t*   665.06   858.61  max|T|=0.129
leg   4 frozen: ast 195 t=   665.1 d dist=   0.3 km m=1819.5 kg
  leg   5 it  0: miss [km]      12.7 9074205.1  |vrel| 13.19  9.18  t*   858.61   944.28  max|T|=0.129
  leg   5 it  1: miss [km]   70973.3 1348599.7  |vrel| 13.65  9.64  t*   858.14   949.26  max|T|=0.262
  leg   5 it  2: miss [km]     407.4    6234.9  |vrel| 13.60  9.51  t*   858.22   949.15  max|T|=0.246
  leg   5 it  3: miss [km]       0.8       2.9  |vrel| 13.60  9.51  t*   858.22   949.15  max|T|=0.246
leg   5 frozen: ast 292 t=   858.2 d dist=   0.8 km m=1768.0 kg
  leg   6 it  0: miss [km]       3.2 33565581.7  |vrel|  9.51 37.43  t*   949.15  1163.32  max|T|=0.059
  leg   6 it  1: miss [km]   80788.8 2711932.4  |vrel|  8.98 31.03  t*   952.67  1167.78  max|T|=0.223
  leg   6 it  2: miss [km]     789.1   14993.8  |vrel|  9.02 31.50  t*   952.43  1167.42  max|T|=0.212
  leg   6 it  3: miss [km]       0.1       6.7  |vrel|  9.02 31.50  t*   952.42  1167.42  max|T|=0.212
leg   6 frozen: ast 197 t=   952.4 d dist=   0.1 km m=1734.3 kg
  leg   7 it  0: miss [km]       6.0 23451254.4  |vrel| 31.50 19.36  t*  1167.42  1286.62  max|T|=0.099
  leg   7 it  1: miss [km]   22697.2 1019621.2  |vrel| 31.44 19.35  t*  1166.78  1290.43  max|T|=0.304
  leg   7 it  2: miss [km]     203.7     311.9  |vrel| 31.41 19.32  t*  1166.86  1290.50  max|T|=0.285
  leg   7 it  3: miss [km]       0.1       0.4  |vrel| 31.41 19.32  t*  1166.86  1290.50  max|T|=0.285
leg   7 frozen: ast 113 t=  1166.9 d dist=   0.1 km m=1660.7 kg
  leg   8 it  0: miss [km]       0.3 13051608.8  |vrel| 19.32 17.41  t*  1290.50  1398.06  max|T|=0.085
  leg   8 it  1: miss [km]   61749.1  681444.0  |vrel| 18.81 13.66  t*  1293.05  1407.21  max|T|=0.233
  leg   8 it  2: miss [km]     231.9    1818.2  |vrel| 18.75 13.74  t*  1293.00  1406.96  max|T|=0.234
  leg   8 it  3: miss [km]       0.2       0.5  |vrel| 18.75 13.74  t*  1293.00  1406.97  max|T|=0.234
leg   8 frozen: ast 105 t=  1293.0 d dist=   0.1 km m=1609.2 kg
  leg   9 it  0: miss [km]       0.4 6286315.6  |vrel| 13.74 17.03  t*  1406.97  1468.77  max|T|=0.125
  leg   9 it  1: miss [km]   77768.7  693967.8  |vrel| 14.64 15.43  t*  1404.24  1475.77  max|T|=0.355
  leg   9 it  2: miss [km]     341.1    8864.4  |vrel| 14.60 15.61  t*  1404.35  1475.21  max|T|=0.366
  leg   9 it  3: miss [km]       0.0       0.5  |vrel| 14.60 15.61  t*  1404.35  1475.20  max|T|=0.366
leg   9 frozen: ast 115 t=  1404.3 d dist=   0.0 km m=1576.9 kg
  leg  10 it  0: miss [km]       0.5 8114487.0  |vrel| 15.61  6.05  t*  1475.20  1571.66  max|T|=0.092
  leg  10 it  1: miss [km]  113886.6 1749264.0  |vrel| 16.21  6.45  t*  1473.11  1583.68  max|T|=0.450
  leg  10 it  2: miss [km]     566.2   28166.7  |vrel| 16.22  6.41  t*  1473.09  1583.09  max|T|=0.450
  leg  10 it  3: miss [km]      15.3      43.2  |vrel| 16.22  6.41  t*  1473.09  1583.09  max|T|=0.450
leg  10 frozen: ast  83 t=  1473.1 d dist=  15.3 km m=1534.2 kg
  leg  11 it  0: miss [km]      45.1 11943054.7  |vrel|  6.41 26.20  t*  1583.09  1696.23  max|T|=0.270
  leg  11 it  1: miss [km]   35320.9  279585.0  |vrel|  6.69 26.26  t*  1580.92  1696.17  max|T|=0.450
  leg  11 it  2: miss [km]      11.9      70.9  |vrel|  6.68 26.26  t*  1580.95  1696.17  max|T|=0.450
leg  11 frozen: ast 283 t=  1580.9 d dist=  11.9 km m=1486.0 kg
  leg  12 it  0: miss [km]      70.9 2116165.3  |vrel| 26.26  8.78  t*  1696.17  1738.54  max|T|=0.063
  leg  12 it  1: miss [km]    8989.9   78876.7  |vrel| 26.22  8.54  t*  1696.27  1739.38  max|T|=0.281
  leg  12 it  2: miss [km]      11.2      81.8  |vrel| 26.22  8.55  t*  1696.27  1739.37  max|T|=0.275
leg  12 frozen: ast   7 t=  1696.3 d dist=  11.3 km m=1453.8 kg
  leg  13 it  0: miss [km]      81.7 12477739.4  |vrel|  8.55 10.84  t*  1739.37  1931.18  max|T|=0.126
  leg  13 it  1: miss [km]    9646.5  303058.3  |vrel|  8.47 11.30  t*  1739.66  1930.62  max|T|=0.450
  leg  13 it  2: miss [km]      24.5    2018.4  |vrel|  8.46 11.23  t*  1739.67  1930.94  max|T|=0.450
  leg  13 it  3: miss [km]       0.2       2.8  |vrel|  8.46 11.23  t*  1739.67  1930.94  max|T|=0.450
leg  13 frozen: ast 190 t=  1739.7 d dist=   0.1 km m=1437.5 kg
  leg  14 it  0: miss [km]       1.8 25698267.4  |vrel| 11.23 22.94  t*  1930.94  2080.40  max|T|=0.163
  leg  14 it  1: miss [km]  477140.6 2163723.5  |vrel| 10.42 27.60  t*  1931.83  2074.40  max|T|=0.450
  leg  14 it  2: miss [km]   63785.6   77158.0  |vrel| 10.29 28.00  t*  1932.18  2074.06  max|T|=0.450
  leg  14 it  3: miss [km]     215.1     225.3  |vrel| 10.28 28.01  t*  1932.24  2074.06  max|T|=0.450
leg  14 frozen: ast 295 t=  1932.2 d dist= 214.8 km m=1353.0 kg
  leg  15 it  0: miss [km]     223.5 1239826.6  |vrel| 28.01 28.33  t*  2074.06  2200.69  max|T|=0.054
  leg  15 it  1: miss [km]     788.8    4651.1  |vrel| 28.06 28.49  t*  2073.99  2200.48  max|T|=0.086
  leg  15 it  2: miss [km]       0.2       1.1  |vrel| 28.06 28.49  t*  2073.99  2200.48  max|T|=0.086
leg  15 frozen: ast 133 t=  2074.0 d dist=   0.2 km m=1341.6 kg
  leg  16 it  0: miss [km]       1.1 4438326.0  |vrel| 28.49 16.94  t*  2200.48  2347.79  max|T|=0.025
  leg  16 it  1: miss [km]     854.5   27290.2  |vrel| 28.33 17.77  t*  2200.70  2346.21  max|T|=0.027
  leg  16 it  2: miss [km]       0.5       6.1  |vrel| 28.33 17.77  t*  2200.69  2346.20  max|T|=0.027
leg  16 frozen: ast 293 t=  2200.7 d dist=   0.5 km m=1335.6 kg
  leg  17 it  0: miss [km]       6.1 31207233.1  |vrel| 17.77 24.24  t*  2346.20  2419.78  max|T|=0.012
  leg  17 it  1: miss [km]  386250.1 4457033.8  |vrel| 20.21 17.29  t*  2339.82  2435.88  max|T|=0.219
  leg  17 it  2: miss [km]    4796.0   75046.4  |vrel| 19.97 18.04  t*  2340.49  2433.98  max|T|=0.185
  leg  17 it  3: miss [km]       1.9      15.9  |vrel| 19.96 18.05  t*  2340.50  2433.95  max|T|=0.185
leg  17 frozen: ast 284 t=  2340.5 d dist=   1.9 km m=1293.6 kg
  leg  18 it  0: miss [km]      16.0 25925855.9  |vrel| 18.05 13.54  t*  2433.95  2522.64  max|T|=0.065
  leg  18 it  1: miss [km]   40849.9 1691883.3  |vrel| 19.32 16.37  t*  2430.76  2523.26  max|T|=0.321
  leg  18 it  2: miss [km]     287.6    4621.8  |vrel| 19.24 16.12  t*  2430.94  2523.64  max|T|=0.298
  leg  18 it  3: miss [km]       0.0       0.2  |vrel| 19.24 16.12  t*  2430.93  2523.64  max|T|=0.298
leg  18 frozen: ast  18 t=  2430.9 d dist=   0.0 km m=1261.0 kg
  leg  19 it  0: miss [km]       0.2 3544092.2  |vrel| 16.12 40.12  t*  2523.64  2554.66  max|T|=0.090
  leg  19 it  1: miss [km]   53045.0   19400.2  |vrel| 15.78 39.90  t*  2525.01  2554.72  max|T|=0.232
  leg  19 it  2: miss [km]      22.8      44.7  |vrel| 15.78 39.91  t*  2525.01  2554.72  max|T|=0.242
leg  19 frozen: ast 184 t=  2525.0 d dist=  22.7 km m=1233.4 kg
  leg  20 it  0: miss [km]      44.4 12068290.5  |vrel| 39.91 17.89  t*  2554.72  2704.94  max|T|=0.095
  leg  20 it  1: miss [km]    1056.8  310452.2  |vrel| 39.69 15.14  t*  2554.82  2710.88  max|T|=0.229
  leg  20 it  2: miss [km]       1.7     674.4  |vrel| 39.68 15.24  t*  2554.82  2710.61  max|T|=0.241
  leg  20 it  3: miss [km]       0.0       0.2  |vrel| 39.68 15.24  t*  2554.82  2710.61  max|T|=0.241
leg  20 frozen: ast 118 t=  2554.8 d dist=   0.0 km m=1223.1 kg
  leg  21 it  0: miss [km]       0.1 13707852.6  |vrel| 15.24 20.78  t*  2710.61  2805.32  max|T|=0.088
  leg  21 it  1: miss [km]  166684.2  272981.5  |vrel| 14.32 18.17  t*  2713.09  2810.87  max|T|=0.327
  leg  21 it  2: miss [km]     209.6     184.9  |vrel| 14.33 18.22  t*  2713.06  2810.76  max|T|=0.316
leg  21 frozen: ast 242 t=  2713.1 d dist= 209.7 km m=1187.6 kg
  leg  22 it  0: miss [km]     186.1 7740115.5  |vrel| 18.22 21.23  t*  2810.76  2872.84  max|T|=0.076
  leg  22 it  1: miss [km]   61706.0  254537.4  |vrel| 18.79 21.27  t*  2809.36  2873.52  max|T|=0.450
  leg  22 it  2: miss [km]      18.2     633.9  |vrel| 18.78 21.27  t*  2809.38  2873.50  max|T|=0.450
  leg  22 it  3: miss [km]       0.0       0.1  |vrel| 18.78 21.27  t*  2809.38  2873.50  max|T|=0.449
leg  22 frozen: ast 100 t=  2809.4 d dist=   0.4 km m=1144.1 kg
  leg  23 it  0: miss [km]       1.3 28057925.9  |vrel| 21.27 14.21  t*  2873.50  3073.35  max|T|=0.222
  leg  23 it  1: miss [km]  190872.5 5884689.4  |vrel| 21.05 20.08  t*  2873.95  3061.17  max|T|=0.450
  leg  23 it  2: miss [km]   13854.7  238719.8  |vrel| 20.99 19.14  t*  2874.04  3061.79  max|T|=0.450
  leg  23 it  3: miss [km]     261.0    3703.5  |vrel| 20.99 19.10  t*  2874.05  3061.80  max|T|=0.450
  leg  23 it  4: miss [km]       5.3      73.0  |vrel| 20.99 19.10  t*  2874.05  3061.81  max|T|=0.450
leg  23 frozen: ast  35 t=  2874.0 d dist=   5.3 km m=1114.1 kg
  leg  24 it  0: miss [km]      72.3 9249954.3  |vrel| 19.10 13.35  t*  3061.81  3109.07  max|T|=0.097
  leg  24 it  1: miss [km]   97428.0  559320.6  |vrel| 18.08 15.07  t*  3064.86  3104.07  max|T|=0.171
  leg  24 it  2: miss [km]     742.7    4598.1  |vrel| 18.00 15.20  t*  3065.11  3103.64  max|T|=0.176
  leg  24 it  3: miss [km]       2.3       5.7  |vrel| 18.00 15.20  t*  3065.11  3103.64  max|T|=0.176
leg  24 frozen: ast 189 t=  3065.1 d dist=   1.7 km m=1084.5 kg
  leg  25 it  0: miss [km]       6.3 22855313.6  |vrel| 15.20 24.52  t*  3103.64  3234.36  max|T|=0.021
  leg  25 it  1: miss [km]    7392.1 1509382.7  |vrel| 14.71 20.93  t*  3104.31  3239.72  max|T|=0.289
  leg  25 it  2: miss [km]      34.3    6697.4  |vrel| 14.72 21.14  t*  3104.29  3239.45  max|T|=0.276
  leg  25 it  3: miss [km]       0.0       5.6  |vrel| 14.72 21.14  t*  3104.29  3239.45  max|T|=0.276
leg  25 frozen: ast 146 t=  3104.3 d dist=   0.0 km m=1071.1 kg
  leg  26 it  0: miss [km]       5.4 17505351.2  |vrel| 21.14 11.19  t*  3239.45  3325.62  max|T|=0.140
  leg  26 it  1: miss [km]  434406.5 3815371.9  |vrel| 21.17 13.53  t*  3236.41  3333.98  max|T|=0.450
  leg  26 it  2: miss [km]    1881.0   21065.0  |vrel| 21.04 12.76  t*  3236.69  3333.79  max|T|=0.450
  leg  26 it  3: miss [km]     344.4     453.7  |vrel| 21.04 12.76  t*  3236.69  3333.80  max|T|=0.450
  leg  26 it  4: miss [km]      16.1      20.1  |vrel| 21.04 12.76  t*  3236.69  3333.80  max|T|=0.450
leg  26 frozen: ast  16 t=  3236.7 d dist=  16.2 km m=1023.1 kg
  leg  27 it  0: miss [km]      20.2 1508528.7  |vrel| 12.76 15.02  t*  3333.80  3412.01  max|T|=0.120
  leg  27 it  1: miss [km]    2794.9    9088.9  |vrel| 12.64 15.34  t*  3333.98  3411.15  max|T|=0.216
  leg  27 it  2: miss [km]       0.2       0.7  |vrel| 12.64 15.34  t*  3333.98  3411.15  max|T|=0.216
leg  27 frozen: ast  61 t=  3334.0 d dist=   0.2 km m=1006.0 kg
  leg  28 it  0: miss [km]       0.7 10556046.7  |vrel| 15.34 19.63  t*  3411.15  3514.59  max|T|=0.028
  leg  28 it  1: miss [km]   10083.8  271337.2  |vrel| 15.97 17.93  t*  3409.72  3517.92  max|T|=0.124
  leg  28 it  2: miss [km]       2.6      69.6  |vrel| 15.96 17.97  t*  3409.76  3517.85  max|T|=0.119
leg  28 frozen: ast 258 t=  3409.8 d dist=   2.6 km m=996.8 kg
  leg  29 it  0: miss [km]      69.5 13373044.6  |vrel| 17.97  9.20  t*  3517.85  3747.96  max|T|=0.032
  leg  29 it  1: miss [km]  100503.2 11268511.1  |vrel| 19.08 11.07  t*  3515.13  3761.00  max|T|=0.225
  leg  29 it  2: miss [km]    1513.4 4140323.9  |vrel| 18.93 12.06  t*  3515.47  3761.00  max|T|=0.193
  leg  29 it  3: miss [km]      52.4 3583093.1  |vrel| 18.91 12.00  t*  3515.51  3761.00  max|T|=0.196
  leg  29 it  4: miss [km]      42.4 3016611.2  |vrel| 18.89 11.97  t*  3515.57  3761.00  max|T|=0.196
  leg  29 it  5: miss [km]      29.7 2543779.0  |vrel| 18.87 11.94  t*  3515.61  3761.00  max|T|=0.197
  leg  29 it  6: miss [km]      20.8 2146863.4  |vrel| 18.86 11.92  t*  3515.65  3761.00  max|T|=0.197
  leg  29 it  7: miss [km]      14.5 1813140.3  |vrel| 18.85 11.90  t*  3515.68  3761.00  max|T|=0.198
  leg  29 it  8: miss [km]      10.0 1532128.1  |vrel| 18.84 11.88  t*  3515.71  3761.00  max|T|=0.198
  leg  29 it  9: miss [km]       6.9 1295240.0  |vrel| 18.83 11.87  t*  3515.73  3761.00  max|T|=0.199
  leg  29 it 10: miss [km]       4.7 1095369.6  |vrel| 18.82 11.86  t*  3515.75  3761.00  max|T|=0.199
  leg  29 it 11: miss [km]       3.2  926611.8  |vrel| 18.81 11.85  t*  3515.76  3761.00  max|T|=0.199
  !! replanned from leg 29: 2 legs (was 2), lost []
  leg  29 it  0: miss [km]  871980.9 15140627.1  |vrel| 17.97  8.66  t*  3517.83  3743.56  max|T|=0.000
  leg  29 it  1: miss [km]   61515.9 14027571.7  |vrel| 19.07 11.57  t*  3515.27  3755.76  max|T|=0.204
  leg  29 it  2: miss [km]    2367.9 8228940.8  |vrel| 18.83 12.08  t*  3515.79  3755.76  max|T|=0.167
  leg  29 it  3: miss [km]     209.9 6908718.2  |vrel| 18.80 11.91  t*  3515.89  3755.76  max|T|=0.176
  leg  29 it  4: miss [km]     150.8 5759704.2  |vrel| 18.76 11.84  t*  3515.98  3755.76  max|T|=0.183
  leg  29 it  5: miss [km]     105.7 4813844.8  |vrel| 18.73 11.77  t*  3516.06  3755.76  max|T|=0.189
  leg  29 it  6: miss [km]      73.9 4027223.7  |vrel| 18.70 11.72  t*  3516.13  3755.76  max|T|=0.195
  leg  29 it  7: miss [km]      51.6 3371671.0  |vrel| 18.68 11.68  t*  3516.18  3755.76  max|T|=0.199
  leg  29 it  8: miss [km]      35.8 2824319.8  |vrel| 18.66 11.65  t*  3516.23  3755.76  max|T|=0.204
  leg  29 it  9: miss [km]      24.8 2366726.9  |vrel| 18.64 11.62  t*  3516.27  3755.76  max|T|=0.207
  leg  29 it 10: miss [km]      17.0 1983816.5  |vrel| 18.63 11.60  t*  3516.30  3755.76  max|T|=0.210
  leg  29 it 11: miss [km]      11.5 1663184.8  |vrel| 18.62 11.58  t*  3516.33  3755.76  max|T|=0.213
  !! replanned from leg 29: 2 legs (was 2), lost []
  leg  29 it  0: miss [km]  871980.9 15140627.1  |vrel| 17.97  8.66  t*  3517.83  3743.56  max|T|=0.000
  leg  29 it  1: miss [km]   61515.9 14027571.7  |vrel| 19.07 11.57  t*  3515.27  3755.76  max|T|=0.204
  leg  29 it  2: miss [km]    2367.9 8228940.8  |vrel| 18.83 12.08  t*  3515.79  3755.76  max|T|=0.167
  leg  29 it  3: miss [km]     209.9 6908718.2  |vrel| 18.80 11.91  t*  3515.89  3755.76  max|T|=0.176
  leg  29 it  4: miss [km]     150.8 5759704.2  |vrel| 18.76 11.84  t*  3515.98  3755.76  max|T|=0.183
  leg  29 it  5: miss [km]     105.7 4813844.8  |vrel| 18.73 11.77  t*  3516.06  3755.76  max|T|=0.189
  leg  29 it  6: miss [km]      73.9 4027223.7  |vrel| 18.70 11.72  t*  3516.13  3755.76  max|T|=0.195
  leg  29 it  7: miss [km]      51.6 3371671.0  |vrel| 18.68 11.68  t*  3516.18  3755.76  max|T|=0.199
  leg  29 it  8: miss [km]      35.8 2824319.8  |vrel| 18.66 11.65  t*  3516.23  3755.76  max|T|=0.204
  leg  29 it  9: miss [km]      24.8 2366726.9  |vrel| 18.64 11.62  t*  3516.27  3755.76  max|T|=0.207
  leg  29 it 10: miss [km]      17.0 1983816.5  |vrel| 18.63 11.60  t*  3516.30  3755.76  max|T|=0.210
  leg  29 it 11: miss [km]      11.5 1663184.8  |vrel| 18.62 11.58  t*  3516.33  3755.76  max|T|=0.213
  !! replanned from leg 29: 2 legs (was 2), lost []
  leg  29 it  0: miss [km]  871980.9 15140627.1  |vrel| 17.97  8.66  t*  3517.83  3743.56  max|T|=0.000
  leg  29 it  1: miss [km]   61515.9 14027571.7  |vrel| 19.07 11.57  t*  3515.27  3755.76  max|T|=0.204
  leg  29 it  2: miss [km]    2367.9 8228940.8  |vrel| 18.83 12.08  t*  3515.79  3755.76  max|T|=0.167
  leg  29 it  3: miss [km]     209.9 6908718.2  |vrel| 18.80 11.91  t*  3515.89  3755.76  max|T|=0.176
  leg  29 it  4: miss [km]     150.8 5759704.2  |vrel| 18.76 11.84  t*  3515.98  3755.76  max|T|=0.183
  leg  29 it  5: miss [km]     105.7 4813844.8  |vrel| 18.73 11.77  t*  3516.06  3755.76  max|T|=0.189
  leg  29 it  6: miss [km]      73.9 4027223.7  |vrel| 18.70 11.72  t*  3516.13  3755.76  max|T|=0.195
  leg  29 it  7: miss [km]      51.6 3371671.0  |vrel| 18.68 11.68  t*  3516.18  3755.76  max|T|=0.199
  leg  29 it  8: miss [km]      35.8 2824319.8  |vrel| 18.66 11.65  t*  3516.23  3755.76  max|T|=0.204
  leg  29 it  9: miss [km]      24.8 2366726.9  |vrel| 18.64 11.62  t*  3516.27  3755.76  max|T|=0.207
  leg  29 it 10: miss [km]      17.0 1983816.5  |vrel| 18.63 11.60  t*  3516.30  3755.76  max|T|=0.210
  leg  29 it 11: miss [km]      11.5 1663184.8  |vrel| 18.62 11.58  t*  3516.33  3755.76  max|T|=0.213
  !! replanned from leg 29: 2 legs (was 2), lost []
  leg  29 it  0: miss [km]  871980.9 15140627.1  |vrel| 17.97  8.66  t*  3517.83  3743.56  max|T|=0.000
  leg  29 it  1: miss [km]   61515.9 14027571.7  |vrel| 19.07 11.57  t*  3515.27  3755.76  max|T|=0.204
  leg  29 it  2: miss [km]    2367.9 8228940.8  |vrel| 18.83 12.08  t*  3515.79  3755.76  max|T|=0.167
  leg  29 it  3: miss [km]     209.9 6908718.2  |vrel| 18.80 11.91  t*  3515.89  3755.76  max|T|=0.176
  leg  29 it  4: miss [km]     150.8 5759704.2  |vrel| 18.76 11.84  t*  3515.98  3755.76  max|T|=0.183
  leg  29 it  5: miss [km]     105.7 4813844.8  |vrel| 18.73 11.77  t*  3516.06  3755.76  max|T|=0.189
  leg  29 it  6: miss [km]      73.9 4027223.7  |vrel| 18.70 11.72  t*  3516.13  3755.76  max|T|=0.195
  leg  29 it  7: miss [km]      51.6 3371671.0  |vrel| 18.68 11.68  t*  3516.18  3755.76  max|T|=0.199
  leg  29 it  8: miss [km]      35.8 2824319.8  |vrel| 18.66 11.65  t*  3516.23  3755.76  max|T|=0.204
  leg  29 it  9: miss [km]      24.8 2366726.9  |vrel| 18.64 11.62  t*  3516.27  3755.76  max|T|=0.207
  leg  29 it 10: miss [km]      17.0 1983816.5  |vrel| 18.63 11.60  t*  3516.30  3755.76  max|T|=0.210
  leg  29 it 11: miss [km]      11.5 1663184.8  |vrel| 18.62 11.58  t*  3516.33  3755.76  max|T|=0.213
  !! replanned from leg 29: 2 legs (was 2), lost []
  leg  29 it  0: miss [km]  871980.9 15140627.1  |vrel| 17.97  8.66  t*  3517.83  3743.56  max|T|=0.000
  leg  29 it  1: miss [km]   61515.9 14027571.7  |vrel| 19.07 11.57  t*  3515.27  3755.76  max|T|=0.204
  leg  29 it  2: miss [km]    2367.9 8228940.8  |vrel| 18.83 12.08  t*  3515.79  3755.76  max|T|=0.167
  leg  29 it  3: miss [km]     209.9 6908718.2  |vrel| 18.80 11.91  t*  3515.89  3755.76  max|T|=0.176
  leg  29 it  4: miss [km]     150.8 5759704.2  |vrel| 18.76 11.84  t*  3515.98  3755.76  max|T|=0.183
  leg  29 it  5: miss [km]     105.7 4813844.8  |vrel| 18.73 11.77  t*  3516.06  3755.76  max|T|=0.189
  leg  29 it  6: miss [km]      73.9 4027223.7  |vrel| 18.70 11.72  t*  3516.13  3755.76  max|T|=0.195
  leg  29 it  7: miss [km]      51.6 3371671.0  |vrel| 18.68 11.68  t*  3516.18  3755.76  max|T|=0.199
  leg  29 it  8: miss [km]      35.8 2824319.8  |vrel| 18.66 11.65  t*  3516.23  3755.76  max|T|=0.204
  leg  29 it  9: miss [km]      24.8 2366726.9  |vrel| 18.64 11.62  t*  3516.27  3755.76  max|T|=0.207
  leg  29 it 10: miss [km]      17.0 1983816.5  |vrel| 18.63 11.60  t*  3516.30  3755.76  max|T|=0.210
  leg  29 it 11: miss [km]      11.5 1663184.8  |vrel| 18.62 11.58  t*  3516.33  3755.76  max|T|=0.213
  !! replanned from leg 29: 2 legs (was 2), lost []
  leg  29 it  0: miss [km]  871980.9 15140627.1  |vrel| 17.97  8.66  t*  3517.83  3743.56  max|T|=0.000
  leg  29 it  1: miss [km]   61515.9 14027571.7  |vrel| 19.07 11.57  t*  3515.27  3755.76  max|T|=0.204
  leg  29 it  2: miss [km]    2367.9 8228940.8  |vrel| 18.83 12.08  t*  3515.79  3755.76  max|T|=0.167
  leg  29 it  3: miss [km]     209.9 6908718.2  |vrel| 18.80 11.91  t*  3515.89  3755.76  max|T|=0.176
  leg  29 it  4: miss [km]     150.8 5759704.2  |vrel| 18.76 11.84  t*  3515.98  3755.76  max|T|=0.183
  leg  29 it  5: miss [km]     105.7 4813844.8  |vrel| 18.73 11.77  t*  3516.06  3755.76  max|T|=0.189
  leg  29 it  6: miss [km]      73.9 4027223.7  |vrel| 18.70 11.72  t*  3516.13  3755.76  max|T|=0.195
  leg  29 it  7: miss [km]      51.6 3371671.0  |vrel| 18.68 11.68  t*  3516.18  3755.76  max|T|=0.199
  leg  29 it  8: miss [km]      35.8 2824319.8  |vrel| 18.66 11.65  t*  3516.23  3755.76  max|T|=0.204
  leg  29 it  9: miss [km]      24.8 2366726.9  |vrel| 18.64 11.62  t*  3516.27  3755.76  max|T|=0.207
  leg  29 it 10: miss [km]      17.0 1983816.5  |vrel| 18.63 11.60  t*  3516.30  3755.76  max|T|=0.210
  leg  29 it 11: miss [km]      11.5 1663184.8  |vrel| 18.62 11.58  t*  3516.33  3755.76  max|T|=0.213
  !! replanned from leg 29: 2 legs (was 2), lost []
  leg  29 it  0: miss [km]  871980.9 15140627.1  |vrel| 17.97  8.66  t*  3517.83  3743.56  max|T|=0.000
  leg  29 it  1: miss [km]   61515.9 14027571.7  |vrel| 19.07 11.57  t*  3515.27  3755.76  max|T|=0.204
  leg  29 it  2: miss [km]    2367.9 8228940.8  |vrel| 18.83 12.08  t*  3515.79  3755.76  max|T|=0.167
  leg  29 it  3: miss [km]     209.9 6908718.2  |vrel| 18.80 11.91  t*  3515.89  3755.76  max|T|=0.176
  leg  29 it  4: miss [km]     150.8 5759704.2  |vrel| 18.76 11.84  t*  3515.98  3755.76  max|T|=0.183
  leg  29 it  5: miss [km]     105.7 4813844.8  |vrel| 18.73 11.77  t*  3516.06  3755.76  max|T|=0.189
  leg  29 it  6: miss [km]      73.9 4027223.7  |vrel| 18.70 11.72  t*  3516.13  3755.76  max|T|=0.195
  leg  29 it  7: miss [km]      51.6 3371671.0  |vrel| 18.68 11.68  t*  3516.18  3755.76  max|T|=0.199
  leg  29 it  8: miss [km]      35.8 2824319.8  |vrel| 18.66 11.65  t*  3516.23  3755.76  max|T|=0.204
  leg  29 it  9: miss [km]      24.8 2366726.9  |vrel| 18.64 11.62  t*  3516.27  3755.76  max|T|=0.207
  leg  29 it 10: miss [km]      17.0 1983816.5  |vrel| 18.63 11.60  t*  3516.30  3755.76  max|T|=0.210
  leg  29 it 11: miss [km]      11.5 1663184.8  |vrel| 18.62 11.58  t*  3516.33  3755.76  max|T|=0.213
  !! replanned from leg 29: 2 legs (was 2), lost []
  leg  29 it  0: miss [km]  871980.9 15140627.1  |vrel| 17.97  8.66  t*  3517.83  3743.56  max|T|=0.000
  leg  29 it  1: miss [km]   61515.9 14027571.7  |vrel| 19.07 11.57  t*  3515.27  3755.76  max|T|=0.204
  leg  29 it  2: miss [km]    2367.9 8228940.8  |vrel| 18.83 12.08  t*  3515.79  3755.76  max|T|=0.167
  leg  29 it  3: miss [km]     209.9 6908718.2  |vrel| 18.80 11.91  t*  3515.89  3755.76  max|T|=0.176
  leg  29 it  4: miss [km]     150.8 5759704.2  |vrel| 18.76 11.84  t*  3515.98  3755.76  max|T|=0.183
  leg  29 it  5: miss [km]     105.7 4813844.8  |vrel| 18.73 11.77  t*  3516.06  3755.76  max|T|=0.189
  leg  29 it  6: miss [km]      73.9 4027223.7  |vrel| 18.70 11.72  t*  3516.13  3755.76  max|T|=0.195
  leg  29 it  7: miss [km]      51.6 3371671.0  |vrel| 18.68 11.68  t*  3516.18  3755.76  max|T|=0.199
  leg  29 it  8: miss [km]      35.8 2824319.8  |vrel| 18.66 11.65  t*  3516.23  3755.76  max|T|=0.204
  leg  29 it  9: miss [km]      24.8 2366726.9  |vrel| 18.64 11.62  t*  3516.27  3755.76  max|T|=0.207
  leg  29 it 10: miss [km]      17.0 1983816.5  |vrel| 18.63 11.60  t*  3516.30  3755.76  max|T|=0.210
  leg  29 it 11: miss [km]      11.5 1663184.8  |vrel| 18.62 11.58  t*  3516.33  3755.76  max|T|=0.213
  !! replanned from leg 29: 2 legs (was 2), lost []
  leg  29 it  0: miss [km]  871980.9 15140627.1  |vrel| 17.97  8.66  t*  3517.83  3743.56  max|T|=0.000
  leg  29 it  1: miss [km]   61515.9 14027571.7  |vrel| 19.07 11.57  t*  3515.27  3755.76  max|T|=0.204
  leg  29 it  2: miss [km]    2367.9 8228940.8  |vrel| 18.83 12.08  t*  3515.79  3755.76  max|T|=0.167
  leg  29 it  3: miss [km]     209.9 6908718.2  |vrel| 18.80 11.91  t*  3515.89  3755.76  max|T|=0.176
  leg  29 it  4: miss [km]     150.8 5759704.2  |vrel| 18.76 11.84  t*  3515.98  3755.76  max|T|=0.183
  leg  29 it  5: miss [km]     105.7 4813844.8  |vrel| 18.73 11.77  t*  3516.06  3755.76  max|T|=0.189
  leg  29 it  6: miss [km]      73.9 4027223.7  |vrel| 18.70 11.72  t*  3516.13  3755.76  max|T|=0.195
  leg  29 it  7: miss [km]      51.6 3371671.0  |vrel| 18.68 11.68  t*  3516.18  3755.76  max|T|=0.199
  leg  29 it  8: miss [km]      35.8 2824319.8  |vrel| 18.66 11.65  t*  3516.23  3755.76  max|T|=0.204
  leg  29 it  9: miss [km]      24.8 2366726.9  |vrel| 18.64 11.62  t*  3516.27  3755.76  max|T|=0.207
  leg  29 it 10: miss [km]      17.0 1983816.5  |vrel| 18.63 11.60  t*  3516.30  3755.76  max|T|=0.210
  leg  29 it 11: miss [km]      11.5 1663184.8  |vrel| 18.62 11.58  t*  3516.33  3755.76  max|T|=0.213
  !! replanned from leg 29: 2 legs (was 2), lost []
  leg  29 it  0: miss [km]  871980.9 15140627.1  |vrel| 17.97  8.66  t*  3517.83  3743.56  max|T|=0.000
  leg  29 it  1: miss [km]   61515.9 14027571.7  |vrel| 19.07 11.57  t*  3515.27  3755.76  max|T|=0.204
  leg  29 it  2: miss [km]    2367.9 8228940.8  |vrel| 18.83 12.08  t*  3515.79  3755.76  max|T|=0.167
  leg  29 it  3: miss [km]     209.9 6908718.2  |vrel| 18.80 11.91  t*  3515.89  3755.76  max|T|=0.176
  leg  29 it  4: miss [km]     150.8 5759704.2  |vrel| 18.76 11.84  t*  3515.98  3755.76  max|T|=0.183
  leg  29 it  5: miss [km]     105.7 4813844.8  |vrel| 18.73 11.77  t*  3516.06  3755.76  max|T|=0.189
  leg  29 it  6: miss [km]      73.9 4027223.7  |vrel| 18.70 11.72  t*  3516.13  3755.76  max|T|=0.195
  leg  29 it  7: miss [km]      51.6 3371671.0  |vrel| 18.68 11.68  t*  3516.18  3755.76  max|T|=0.199
  leg  29 it  8: miss [km]      35.8 2824319.8  |vrel| 18.66 11.65  t*  3516.23  3755.76  max|T|=0.204
  leg  29 it  9: miss [km]      24.8 2366726.9  |vrel| 18.64 11.62  t*  3516.27  3755.76  max|T|=0.207
  leg  29 it 10: miss [km]      17.0 1983816.5  |vrel| 18.63 11.60  t*  3516.30  3755.76  max|T|=0.210
  leg  29 it 11: miss [km]      11.5 1663184.8  |vrel| 18.62 11.58  t*  3516.33  3755.76  max|T|=0.213
  !! replanned from leg 29: 2 legs (was 2), lost []
  leg  29 it  0: miss [km]  871980.9 15140627.1  |vrel| 17.97  8.66  t*  3517.83  3743.56  max|T|=0.000
  leg  29 it  1: miss [km]   61515.9 14027571.7  |vrel| 19.07 11.57  t*  3515.27  3755.76  max|T|=0.204
  leg  29 it  2: miss [km]    2367.9 8228940.8  |vrel| 18.83 12.08  t*  3515.79  3755.76  max|T|=0.167
  leg  29 it  3: miss [km]     209.9 6908718.2  |vrel| 18.80 11.91  t*  3515.89  3755.76  max|T|=0.176
  leg  29 it  4: miss [km]     150.8 5759704.2  |vrel| 18.76 11.84  t*  3515.98  3755.76  max|T|=0.183
  leg  29 it  5: miss [km]     105.7 4813844.8  |vrel| 18.73 11.77  t*  3516.06  3755.76  max|T|=0.189
  leg  29 it  6: miss [km]      73.9 4027223.7  |vrel| 18.70 11.72  t*  3516.13  3755.76  max|T|=0.195
  leg  29 it  7: miss [km]      51.6 3371671.0  |vrel| 18.68 11.68  t*  3516.18  3755.76  max|T|=0.199
  leg  29 it  8: miss [km]      35.8 2824319.8  |vrel| 18.66 11.65  t*  3516.23  3755.76  max|T|=0.204
  leg  29 it  9: miss [km]      24.8 2366726.9  |vrel| 18.64 11.62  t*  3516.27  3755.76  max|T|=0.207
  leg  29 it 10: miss [km]      17.0 1983816.5  |vrel| 18.63 11.60  t*  3516.30  3755.76  max|T|=0.210
  leg  29 it 11: miss [km]      11.5 1663184.8  |vrel| 18.62 11.58  t*  3516.33  3755.76  max|T|=0.213
  !! replanned from leg 29: 2 legs (was 2), lost []
  leg  29 it  0: miss [km]  871980.9 15140627.1  |vrel| 17.97  8.66  t*  3517.83  3743.56  max|T|=0.000
  leg  29 it  1: miss [km]   61515.9 14027571.7  |vrel| 19.07 11.57  t*  3515.27  3755.76  max|T|=0.204
  leg  29 it  2: miss [km]    2367.9 8228940.8  |vrel| 18.83 12.08  t*  3515.79  3755.76  max|T|=0.167
  leg  29 it  3: miss [km]     209.9 6908718.2  |vrel| 18.80 11.91  t*  3515.89  3755.76  max|T|=0.176
  leg  29 it  4: miss [km]     150.8 5759704.2  |vrel| 18.76 11.84  t*  3515.98  3755.76  max|T|=0.183
  leg  29 it  5: miss [km]     105.7 4813844.8  |vrel| 18.73 11.77  t*  3516.06  3755.76  max|T|=0.189
  leg  29 it  6: miss [km]      73.9 4027223.7  |vrel| 18.70 11.72  t*  3516.13  3755.76  max|T|=0.195
  leg  29 it  7: miss [km]      51.6 3371671.0  |vrel| 18.68 11.68  t*  3516.18  3755.76  max|T|=0.199
  leg  29 it  8: miss [km]      35.8 2824319.8  |vrel| 18.66 11.65  t*  3516.23  3755.76  max|T|=0.204
  leg  29 it  9: miss [km]      24.8 2366726.9  |vrel| 18.64 11.62  t*  3516.27  3755.76  max|T|=0.207
  leg  29 it 10: miss [km]      17.0 1983816.5  |vrel| 18.63 11.60  t*  3516.30  3755.76  max|T|=0.210
  leg  29 it 11: miss [km]      11.5 1663184.8  |vrel| 18.62 11.58  t*  3516.33  3755.76  max|T|=0.213
  !! replanned from leg 29: 2 legs (was 2), lost []
  leg  29 it  0: miss [km]  871980.9 15140627.1  |vrel| 17.97  8.66  t*  3517.83  3743.56  max|T|=0.000
  leg  29 it  1: miss [km]   61515.9 14027571.7  |vrel| 19.07 11.57  t*  3515.27  3755.76  max|T|=0.204
  leg  29 it  2: miss [km]    2367.9 8228940.8  |vrel| 18.83 12.08  t*  3515.79  3755.76  max|T|=0.167
  leg  29 it  3: miss [km]     209.9 6908718.2  |vrel| 18.80 11.91  t*  3515.89  3755.76  max|T|=0.176
  leg  29 it  4: miss [km]     150.8 5759704.2  |vrel| 18.76 11.84  t*  3515.98  3755.76  max|T|=0.183
  leg  29 it  5: miss [km]     105.7 4813844.8  |vrel| 18.73 11.77  t*  3516.06  3755.76  max|T|=0.189
  leg  29 it  6: miss [km]      73.9 4027223.7  |vrel| 18.70 11.72  t*  3516.13  3755.76  max|T|=0.195
  leg  29 it  7: miss [km]      51.6 3371671.0  |vrel| 18.68 11.68  t*  3516.18  3755.76  max|T|=0.199
  leg  29 it  8: miss [km]      35.8 2824319.8  |vrel| 18.66 11.65  t*  3516.23  3755.76  max|T|=0.204
  leg  29 it  9: miss [km]      24.8 2366726.9  |vrel| 18.64 11.62  t*  3516.27  3755.76  max|T|=0.207
  leg  29 it 10: miss [km]      17.0 1983816.5  |vrel| 18.63 11.60  t*  3516.30  3755.76  max|T|=0.210
  leg  29 it 11: miss [km]      11.5 1663184.8  |vrel| 18.62 11.58  t*  3516.33  3755.76  max|T|=0.213
  !! replanned from leg 29: 2 legs (was 2), lost []
  leg  29 it  0: miss [km]  871980.9 15140627.1  |vrel| 17.97  8.66  t*  3517.83  3743.56  max|T|=0.000
  leg  29 it  1: miss [km]   61515.9 14027571.7  |vrel| 19.07 11.57  t*  3515.27  3755.76  max|T|=0.204
  leg  29 it  2: miss [km]    2367.9 8228940.8  |vrel| 18.83 12.08  t*  3515.79  3755.76  max|T|=0.167
  leg  29 it  3: miss [km]     209.9 6908718.2  |vrel| 18.80 11.91  t*  3515.89  3755.76  max|T|=0.176
  leg  29 it  4: miss [km]     150.8 5759704.2  |vrel| 18.76 11.84  t*  3515.98  3755.76  max|T|=0.183
  leg  29 it  5: miss [km]     105.7 4813844.8  |vrel| 18.73 11.77  t*  3516.06  3755.76  max|T|=0.189
  leg  29 it  6: miss [km]      73.9 4027223.7  |vrel| 18.70 11.72  t*  3516.13  3755.76  max|T|=0.195
  leg  29 it  7: miss [km]      51.6 3371671.0  |vrel| 18.68 11.68  t*  3516.18  3755.76  max|T|=0.199
  leg  29 it  8: miss [km]      35.8 2824319.8  |vrel| 18.66 11.65  t*  3516.23  3755.76  max|T|=0.204
  leg  29 it  9: miss [km]      24.8 2366726.9  |vrel| 18.64 11.62  t*  3516.27  3755.76  max|T|=0.207
  leg  29 it 10: miss [km]      17.0 1983816.5  |vrel| 18.63 11.60  t*  3516.30  3755.76  max|T|=0.210
  leg  29 it 11: miss [km]      11.5 1663184.8  |vrel| 18.62 11.58  t*  3516.33  3755.76  max|T|=0.213
  !! replanned from leg 29: 2 legs (was 2), lost []
  leg  29 it  0: miss [km]  871980.9 15140627.1  |vrel| 17.97  8.66  t*  3517.83  3743.56  max|T|=0.000
  leg  29 it  1: miss [km]   61515.9 14027571.7  |vrel| 19.07 11.57  t*  3515.27  3755.76  max|T|=0.204
  leg  29 it  2: miss [km]    2367.9 8228940.8  |vrel| 18.83 12.08  t*  3515.79  3755.76  max|T|=0.167
  leg  29 it  3: miss [km]     209.9 6908718.2  |vrel| 18.80 11.91  t*  3515.89  3755.76  max|T|=0.176
  leg  29 it  4: miss [km]     150.8 5759704.2  |vrel| 18.76 11.84  t*  3515.98  3755.76  max|T|=0.183
  leg  29 it  5: miss [km]     105.7 4813844.8  |vrel| 18.73 11.77  t*  3516.06  3755.76  max|T|=0.189
  leg  29 it  6: miss [km]      73.9 4027223.7  |vrel| 18.70 11.72  t*  3516.13  3755.76  max|T|=0.195
  leg  29 it  7: miss [km]      51.6 3371671.0  |vrel| 18.68 11.68  t*  3516.18  3755.76  max|T|=0.199
  leg  29 it  8: miss [km]      35.8 2824319.8  |vrel| 18.66 11.65  t*  3516.23  3755.76  max|T|=0.204
  leg  29 it  9: miss [km]      24.8 2366726.9  |vrel| 18.64 11.62  t*  3516.27  3755.76  max|T|=0.207
  leg  29 it 10: miss [km]      17.0 1983816.5  |vrel| 18.63 11.60  t*  3516.30  3755.76  max|T|=0.210
  leg  29 it 11: miss [km]      11.5 1663184.8  |vrel| 18.62 11.58  t*  3516.33  3755.76  max|T|=0.213
  !! replanned from leg 29: 2 legs (was 2), lost []
  leg  29 it  0: miss [km]  871980.9 15140627.1  |vrel| 17.97  8.66  t*  3517.83  3743.56  max|T|=0.000
  leg  29 it  1: miss [km]   61515.9 14027571.7  |vrel| 19.07 11.57  t*  3515.27  3755.76  max|T|=0.204
  leg  29 it  2: miss [km]    2367.9 8228940.8  |vrel| 18.83 12.08  t*  3515.79  3755.76  max|T|=0.167
  leg  29 it  3: miss [km]     209.9 6908718.2  |vrel| 18.80 11.91  t*  3515.89  3755.76  max|T|=0.176
  leg  29 it  4: miss [km]     150.8 5759704.2  |vrel| 18.76 11.84  t*  3515.98  3755.76  max|T|=0.183
  leg  29 it  5: miss [km]     105.7 4813844.8  |vrel| 18.73 11.77  t*  3516.06  3755.76  max|T|=0.189
  leg  29 it  6: miss [km]      73.9 4027223.7  |vrel| 18.70 11.72  t*  3516.13  3755.76  max|T|=0.195
  leg  29 it  7: miss [km]      51.6 3371671.0  |vrel| 18.68 11.68  t*  3516.18  3755.76  max|T|=0.199
  leg  29 it  8: miss [km]      35.8 2824319.8  |vrel| 18.66 11.65  t*  3516.23  3755.76  max|T|=0.204
  leg  29 it  9: miss [km]      24.8 2366726.9  |vrel| 18.64 11.62  t*  3516.27  3755.76  max|T|=0.207
  leg  29 it 10: miss [km]      17.0 1983816.5  |vrel| 18.63 11.60  t*  3516.30  3755.76  max|T|=0.210
  leg  29 it 11: miss [km]      11.5 1663184.8  |vrel| 18.62 11.58  t*  3516.33  3755.76  max|T|=0.213
  !! replanned from leg 29: 2 legs (was 2), lost []
  leg  29 it  0: miss [km]  871980.9 15140627.1  |vrel| 17.97  8.66  t*  3517.83  3743.56  max|T|=0.000
  leg  29 it  1: miss [km]   61515.9 14027571.7  |vrel| 19.07 11.57  t*  3515.27  3755.76  max|T|=0.204
  leg  29 it  2: miss [km]    2367.9 8228940.8  |vrel| 18.83 12.08  t*  3515.79  3755.76  max|T|=0.167
  leg  29 it  3: miss [km]     209.9 6908718.2  |vrel| 18.80 11.91  t*  3515.89  3755.76  max|T|=0.176
  leg  29 it  4: miss [km]     150.8 5759704.2  |vrel| 18.76 11.84  t*  3515.98  3755.76  max|T|=0.183
  leg  29 it  5: miss [km]     105.7 4813844.8  |vrel| 18.73 11.77  t*  3516.06  3755.76  max|T|=0.189
  leg  29 it  6: miss [km]      73.9 4027223.7  |vrel| 18.70 11.72  t*  3516.13  3755.76  max|T|=0.195
  leg  29 it  7: miss [km]      51.6 3371671.0  |vrel| 18.68 11.68  t*  3516.18  3755.76  max|T|=0.199
  leg  29 it  8: miss [km]      35.8 2824319.8  |vrel| 18.66 11.65  t*  3516.23  3755.76  max|T|=0.204
  leg  29 it  9: miss [km]      24.8 2366726.9  |vrel| 18.64 11.62  t*  3516.27  3755.76  max|T|=0.207
  leg  29 it 10: miss [km]      17.0 1983816.5  |vrel| 18.63 11.60  t*  3516.30  3755.76  max|T|=0.210
  leg  29 it 11: miss [km]      11.5 1663184.8  |vrel| 18.62 11.58  t*  3516.33  3755.76  max|T|=0.213
  !! replanned from leg 29: 2 legs (was 2), lost []
  leg  29 it  0: miss [km]  871980.9 15140627.1  |vrel| 17.97  8.66  t*  3517.83  3743.56  max|T|=0.000
  leg  29 it  1: miss [km]   61515.9 14027571.7  |vrel| 19.07 11.57  t*  3515.27  3755.76  max|T|=0.204
  leg  29 it  2: miss [km]    2367.9 8228940.8  |vrel| 18.83 12.08  t*  3515.79  3755.76  max|T|=0.167
  leg  29 it  3: miss [km]     209.9 6908718.2  |vrel| 18.80 11.91  t*  3515.89  3755.76  max|T|=0.176
  leg  29 it  4: miss [km]     150.8 5759704.2  |vrel| 18.76 11.84  t*  3515.98  3755.76  max|T|=0.183
  leg  29 it  5: miss [km]     105.7 4813844.8  |vrel| 18.73 11.77  t*  3516.06  3755.76  max|T|=0.189
  leg  29 it  6: miss [km]      73.9 4027223.7  |vrel| 18.70 11.72  t*  3516.13  3755.76  max|T|=0.195
  leg  29 it  7: miss [km]      51.6 3371671.0  |vrel| 18.68 11.68  t*  3516.18  3755.76  max|T|=0.199
  leg  29 it  8: miss [km]      35.8 2824319.8  |vrel| 18.66 11.65  t*  3516.23  3755.76  max|T|=0.204
  leg  29 it  9: miss [km]      24.8 2366726.9  |vrel| 18.64 11.62  t*  3516.27  3755.76  max|T|=0.207
  leg  29 it 10: miss [km]      17.0 1983816.5  |vrel| 18.63 11.60  t*  3516.30  3755.76  max|T|=0.210
  leg  29 it 11: miss [km]      11.5 1663184.8  |vrel| 18.62 11.58  t*  3516.33  3755.76  max|T|=0.213
  !! replanned from leg 29: 2 legs (was 2), lost []
  leg  29 it  0: miss [km]  871980.9 15140627.1  |vrel| 17.97  8.66  t*  3517.83  3743.56  max|T|=0.000
  leg  29 it  1: miss [km]   61515.9 14027571.7  |vrel| 19.07 11.57  t*  3515.27  3755.76  max|T|=0.204
  leg  29 it  2: miss [km]    2367.9 8228940.8  |vrel| 18.83 12.08  t*  3515.79  3755.76  max|T|=0.167
  leg  29 it  3: miss [km]     209.9 6908718.2  |vrel| 18.80 11.91  t*  3515.89  3755.76  max|T|=0.176
  leg  29 it  4: miss [km]     150.8 5759704.2  |vrel| 18.76 11.84  t*  3515.98  3755.76  max|T|=0.183
  leg  29 it  5: miss [km]     105.7 4813844.8  |vrel| 18.73 11.77  t*  3516.06  3755.76  max|T|=0.189
  leg  29 it  6: miss [km]      73.9 4027223.7  |vrel| 18.70 11.72  t*  3516.13  3755.76  max|T|=0.195
  leg  29 it  7: miss [km]      51.6 3371671.0  |vrel| 18.68 11.68  t*  3516.18  3755.76  max|T|=0.199
  leg  29 it  8: miss [km]      35.8 2824319.8  |vrel| 18.66 11.65  t*  3516.23  3755.76  max|T|=0.204
  leg  29 it  9: miss [km]      24.8 2366726.9  |vrel| 18.64 11.62  t*  3516.27  3755.76  max|T|=0.207
  leg  29 it 10: miss [km]      17.0 1983816.5  |vrel| 18.63 11.60  t*  3516.30  3755.76  max|T|=0.210
  leg  29 it 11: miss [km]      11.5 1663184.8  |vrel| 18.62 11.58  t*  3516.33  3755.76  max|T|=0.213
  !! replanned from leg 29: 2 legs (was 2), lost []
  leg  29 it  0: miss [km]  871980.9 15140627.1  |vrel| 17.97  8.66  t*  3517.83  3743.56  max|T|=0.000
  leg  29 it  1: miss [km]   61515.9 14027571.7  |vrel| 19.07 11.57  t*  3515.27  3755.76  max|T|=0.204
  leg  29 it  2: miss [km]    2367.9 8228940.8  |vrel| 18.83 12.08  t*  3515.79  3755.76  max|T|=0.167
  leg  29 it  3: miss [km]     209.9 6908718.2  |vrel| 18.80 11.91  t*  3515.89  3755.76  max|T|=0.176
  leg  29 it  4: miss [km]     150.8 5759704.2  |vrel| 18.76 11.84  t*  3515.98  3755.76  max|T|=0.183
  leg  29 it  5: miss [km]     105.7 4813844.8  |vrel| 18.73 11.77  t*  3516.06  3755.76  max|T|=0.189
  leg  29 it  6: miss [km]      73.9 4027223.7  |vrel| 18.70 11.72  t*  3516.13  3755.76  max|T|=0.195
  leg  29 it  7: miss [km]      51.6 3371671.0  |vrel| 18.68 11.68  t*  3516.18  3755.76  max|T|=0.199
  leg  29 it  8: miss [km]      35.8 2824319.8  |vrel| 18.66 11.65  t*  3516.23  3755.76  max|T|=0.204
  leg  29 it  9: miss [km]      24.8 2366726.9  |vrel| 18.64 11.62  t*  3516.27  3755.76  max|T|=0.207
  leg  29 it 10: miss [km]      17.0 1983816.5  |vrel| 18.63 11.60  t*  3516.30  3755.76  max|T|=0.210
  leg  29 it 11: miss [km]      11.5 1663184.8  |vrel| 18.62 11.58  t*  3516.33  3755.76  max|T|=0.213
  !! replanned from leg 29: 2 legs (was 2), lost []
  leg  29 it  0: miss [km]  871980.9 15140627.1  |vrel| 17.97  8.66  t*  3517.83  3743.56  max|T|=0.000
  leg  29 it  1: miss [km]   61515.9 14027571.7  |vrel| 19.07 11.57  t*  3515.27  3755.76  max|T|=0.204
  leg  29 it  2: miss [km]    2367.9 8228940.8  |vrel| 18.83 12.08  t*  3515.79  3755.76  max|T|=0.167
  leg  29 it  3: miss [km]     209.9 6908718.2  |vrel| 18.80 11.91  t*  3515.89  3755.76  max|T|=0.176
  leg  29 it  4: miss [km]     150.8 5759704.2  |vrel| 18.76 11.84  t*  3515.98  3755.76  max|T|=0.183
  leg  29 it  5: miss [km]     105.7 4813844.8  |vrel| 18.73 11.77  t*  3516.06  3755.76  max|T|=0.189
  leg  29 it  6: miss [km]      73.9 4027223.7  |vrel| 18.70 11.72  t*  3516.13  3755.76  max|T|=0.195
  leg  29 it  7: miss [km]      51.6 3371671.0  |vrel| 18.68 11.68  t*  3516.18  3755.76  max|T|=0.199
  leg  29 it  8: miss [km]      35.8 2824319.8  |vrel| 18.66 11.65  t*  3516.23  3755.76  max|T|=0.204
  leg  29 it  9: miss [km]      24.8 2366726.9  |vrel| 18.64 11.62  t*  3516.27  3755.76  max|T|=0.207
  leg  29 it 10: miss [km]      17.0 1983816.5  |vrel| 18.63 11.60  t*  3516.30  3755.76  max|T|=0.210
  leg  29 it 11: miss [km]      11.5 1663184.8  |vrel| 18.62 11.58  t*  3516.33  3755.76  max|T|=0.213
  !! replanned from leg 29: 2 legs (was 2), lost []
  leg  29 it  0: miss [km]  871980.9 15140627.1  |vrel| 17.97  8.66  t*  3517.83  3743.56  max|T|=0.000
  leg  29 it  1: miss [km]   61515.9 14027571.7  |vrel| 19.07 11.57  t*  3515.27  3755.76  max|T|=0.204
  leg  29 it  2: miss [km]    2367.9 8228940.8  |vrel| 18.83 12.08  t*  3515.79  3755.76  max|T|=0.167
  leg  29 it  3: miss [km]     209.9 6908718.2  |vrel| 18.80 11.91  t*  3515.89  3755.76  max|T|=0.176
  leg  29 it  4: miss [km]     150.8 5759704.2  |vrel| 18.76 11.84  t*  3515.98  3755.76  max|T|=0.183
  leg  29 it  5: miss [km]     105.7 4813844.8  |vrel| 18.73 11.77  t*  3516.06  3755.76  max|T|=0.189
  leg  29 it  6: miss [km]      73.9 4027223.7  |vrel| 18.70 11.72  t*  3516.13  3755.76  max|T|=0.195
  leg  29 it  7: miss [km]      51.6 3371671.0  |vrel| 18.68 11.68  t*  3516.18  3755.76  max|T|=0.199
  leg  29 it  8: miss [km]      35.8 2824319.8  |vrel| 18.66 11.65  t*  3516.23  3755.76  max|T|=0.204
  leg  29 it  9: miss [km]      24.8 2366726.9  |vrel| 18.64 11.62  t*  3516.27  3755.76  max|T|=0.207
  leg  29 it 10: miss [km]      17.0 1983816.5  |vrel| 18.63 11.60  t*  3516.30  3755.76  max|T|=0.210
  leg  29 it 11: miss [km]      11.5 1663184.8  |vrel| 18.62 11.58  t*  3516.33  3755.76  max|T|=0.213
  !! replanned from leg 29: 2 legs (was 2), lost []
  leg  29 it  0: miss [km]  871980.9 15140627.1  |vrel| 17.97  8.66  t*  3517.83  3743.56  max|T|=0.000
  leg  29 it  1: miss [km]   61515.9 14027571.7  |vrel| 19.07 11.57  t*  3515.27  3755.76  max|T|=0.204
  leg  29 it  2: miss [km]    2367.9 8228940.8  |vrel| 18.83 12.08  t*  3515.79  3755.76  max|T|=0.167
  leg  29 it  3: miss [km]     209.9 6908718.2  |vrel| 18.80 11.91  t*  3515.89  3755.76  max|T|=0.176
  leg  29 it  4: miss [km]     150.8 5759704.2  |vrel| 18.76 11.84  t*  3515.98  3755.76  max|T|=0.183
  leg  29 it  5: miss [km]     105.7 4813844.8  |vrel| 18.73 11.77  t*  3516.06  3755.76  max|T|=0.189
  leg  29 it  6: miss [km]      73.9 4027223.7  |vrel| 18.70 11.72  t*  3516.13  3755.76  max|T|=0.195
  leg  29 it  7: miss [km]      51.6 3371671.0  |vrel| 18.68 11.68  t*  3516.18  3755.76  max|T|=0.199
  leg  29 it  8: miss [km]      35.8 2824319.8  |vrel| 18.66 11.65  t*  3516.23  3755.76  max|T|=0.204
  leg  29 it  9: miss [km]      24.8 2366726.9  |vrel| 18.64 11.62  t*  3516.27  3755.76  max|T|=0.207
  leg  29 it 10: miss [km]      17.0 1983816.5  |vrel| 18.63 11.60  t*  3516.30  3755.76  max|T|=0.210
  leg  29 it 11: miss [km]      11.5 1663184.8  |vrel| 18.62 11.58  t*  3516.33  3755.76  max|T|=0.213
  !! replanned from leg 29: 2 legs (was 2), lost []
  leg  29 it  0: miss [km]  871980.9 15140627.1  |vrel| 17.97  8.66  t*  3517.83  3743.56  max|T|=0.000
  leg  29 it  1: miss [km]   61515.9 14027571.7  |vrel| 19.07 11.57  t*  3515.27  3755.76  max|T|=0.204
  leg  29 it  2: miss [km]    2367.9 8228940.8  |vrel| 18.83 12.08  t*  3515.79  3755.76  max|T|=0.167
  leg  29 it  3: miss [km]     209.9 6908718.2  |vrel| 18.80 11.91  t*  3515.89  3755.76  max|T|=0.176
  leg  29 it  4: miss [km]     150.8 5759704.2  |vrel| 18.76 11.84  t*  3515.98  3755.76  max|T|=0.183
  leg  29 it  5: miss [km]     105.7 4813844.8  |vrel| 18.73 11.77  t*  3516.06  3755.76  max|T|=0.189
  leg  29 it  6: miss [km]      73.9 4027223.7  |vrel| 18.70 11.72  t*  3516.13  3755.76  max|T|=0.195
  leg  29 it  7: miss [km]      51.6 3371671.0  |vrel| 18.68 11.68  t*  3516.18  3755.76  max|T|=0.199
  leg  29 it  8: miss [km]      35.8 2824319.8  |vrel| 18.66 11.65  t*  3516.23  3755.76  max|T|=0.204
  leg  29 it  9: miss [km]      24.8 2366726.9  |vrel| 18.64 11.62  t*  3516.27  3755.76  max|T|=0.207
  leg  29 it 10: miss [km]      17.0 1983816.5  |vrel| 18.63 11.60  t*  3516.30  3755.76  max|T|=0.210
  leg  29 it 11: miss [km]      11.5 1663184.8  |vrel| 18.62 11.58  t*  3516.33  3755.76  max|T|=0.213
  !! replanned from leg 29: 2 legs (was 2), lost []
  leg  29 it  0: miss [km]  871980.9 15140627.1  |vrel| 17.97  8.66  t*  3517.83  3743.56  max|T|=0.000
  leg  29 it  1: miss [km]   61515.9 14027571.7  |vrel| 19.07 11.57  t*  3515.27  3755.76  max|T|=0.204
  leg  29 it  2: miss [km]    2367.9 8228940.8  |vrel| 18.83 12.08  t*  3515.79  3755.76  max|T|=0.167
  leg  29 it  3: miss [km]     209.9 6908718.2  |vrel| 18.80 11.91  t*  3515.89  3755.76  max|T|=0.176
  leg  29 it  4: miss [km]     150.8 5759704.2  |vrel| 18.76 11.84  t*  3515.98  3755.76  max|T|=0.183
  leg  29 it  5: miss [km]     105.7 4813844.8  |vrel| 18.73 11.77  t*  3516.06  3755.76  max|T|=0.189
  leg  29 it  6: miss [km]      73.9 4027223.7  |vrel| 18.70 11.72  t*  3516.13  3755.76  max|T|=0.195
  leg  29 it  7: miss [km]      51.6 3371671.0  |vrel| 18.68 11.68  t*  3516.18  3755.76  max|T|=0.199
  leg  29 it  8: miss [km]      35.8 2824319.8  |vrel| 18.66 11.65  t*  3516.23  3755.76  max|T|=0.204
  leg  29 it  9: miss [km]      24.8 2366726.9  |vrel| 18.64 11.62  t*  3516.27  3755.76  max|T|=0.207
  leg  29 it 10: miss [km]      17.0 1983816.5  |vrel| 18.63 11.60  t*  3516.30  3755.76  max|T|=0.210
  leg  29 it 11: miss [km]      11.5 1663184.8  |vrel| 18.62 11.58  t*  3516.33  3755.76  max|T|=0.213
  !! replanned from leg 29: 2 legs (was 2), lost []
  leg  29 it  0: miss [km]  871980.9 15140627.1  |vrel| 17.97  8.66  t*  3517.83  3743.56  max|T|=0.000
  leg  29 it  1: miss [km]   61515.9 14027571.7  |vrel| 19.07 11.57  t*  3515.27  3755.76  max|T|=0.204
  leg  29 it  2: miss [km]    2367.9 8228940.8  |vrel| 18.83 12.08  t*  3515.79  3755.76  max|T|=0.167
  leg  29 it  3: miss [km]     209.9 6908718.2  |vrel| 18.80 11.91  t*  3515.89  3755.76  max|T|=0.176
  leg  29 it  4: miss [km]     150.8 5759704.2  |vrel| 18.76 11.84  t*  3515.98  3755.76  max|T|=0.183
  leg  29 it  5: miss [km]     105.7 4813844.8  |vrel| 18.73 11.77  t*  3516.06  3755.76  max|T|=0.189
  leg  29 it  6: miss [km]      73.9 4027223.7  |vrel| 18.70 11.72  t*  3516.13  3755.76  max|T|=0.195
  leg  29 it  7: miss [km]      51.6 3371671.0  |vrel| 18.68 11.68  t*  3516.18  3755.76  max|T|=0.199
  leg  29 it  8: miss [km]      35.8 2824319.8  |vrel| 18.66 11.65  t*  3516.23  3755.76  max|T|=0.204
  leg  29 it  9: miss [km]      24.8 2366726.9  |vrel| 18.64 11.62  t*  3516.27  3755.76  max|T|=0.207
  leg  29 it 10: miss [km]      17.0 1983816.5  |vrel| 18.63 11.60  t*  3516.30  3755.76  max|T|=0.210
  leg  29 it 11: miss [km]      11.5 1663184.8  |vrel| 18.62 11.58  t*  3516.33  3755.76  max|T|=0.213
  !! replanned from leg 29: 2 legs (was 2), lost []
  leg  29 it  0: miss [km]  871980.9 15140627.1  |vrel| 17.97  8.66  t*  3517.83  3743.56  max|T|=0.000
  leg  29 it  1: miss [km]   61515.9 14027571.7  |vrel| 19.07 11.57  t*  3515.27  3755.76  max|T|=0.204
  leg  29 it  2: miss [km]    2367.9 8228940.8  |vrel| 18.83 12.08  t*  3515.79  3755.76  max|T|=0.167
  leg  29 it  3: miss [km]     209.9 6908718.2  |vrel| 18.80 11.91  t*  3515.89  3755.76  max|T|=0.176
  leg  29 it  4: miss [km]     150.8 5759704.2  |vrel| 18.76 11.84  t*  3515.98  3755.76  max|T|=0.183
  leg  29 it  5: miss [km]     105.7 4813844.8  |vrel| 18.73 11.77  t*  3516.06  3755.76  max|T|=0.189
  leg  29 it  6: miss [km]      73.9 4027223.7  |vrel| 18.70 11.72  t*  3516.13  3755.76  max|T|=0.195
  leg  29 it  7: miss [km]      51.6 3371671.0  |vrel| 18.68 11.68  t*  3516.18  3755.76  max|T|=0.199
  leg  29 it  8: miss [km]      35.8 2824319.8  |vrel| 18.66 11.65  t*  3516.23  3755.76  max|T|=0.204
  leg  29 it  9: miss [km]      24.8 2366726.9  |vrel| 18.64 11.62  t*  3516.27  3755.76  max|T|=0.207
  leg  29 it 10: miss [km]      17.0 1983816.5  |vrel| 18.63 11.60  t*  3516.30  3755.76  max|T|=0.210
  leg  29 it 11: miss [km]      11.5 1663184.8  |vrel| 18.62 11.58  t*  3516.33  3755.76  max|T|=0.213
  !! replanned from leg 29: 2 legs (was 2), lost []
  leg  29 it  0: miss [km]  871980.9 15140627.1  |vrel| 17.97  8.66  t*  3517.83  3743.56  max|T|=0.000
  leg  29 it  1: miss [km]   61515.9 14027571.7  |vrel| 19.07 11.57  t*  3515.27  3755.76  max|T|=0.204
  leg  29 it  2: miss [km]    2367.9 8228940.8  |vrel| 18.83 12.08  t*  3515.79  3755.76  max|T|=0.167
  leg  29 it  3: miss [km]     209.9 6908718.2  |vrel| 18.80 11.91  t*  3515.89  3755.76  max|T|=0.176
  leg  29 it  4: miss [km]     150.8 5759704.2  |vrel| 18.76 11.84  t*  3515.98  3755.76  max|T|=0.183
  leg  29 it  5: miss [km]     105.7 4813844.8  |vrel| 18.73 11.77  t*  3516.06  3755.76  max|T|=0.189
  leg  29 it  6: miss [km]      73.9 4027223.7  |vrel| 18.70 11.72  t*  3516.13  3755.76  max|T|=0.195
  leg  29 it  7: miss [km]      51.6 3371671.0  |vrel| 18.68 11.68  t*  3516.18  3755.76  max|T|=0.199
  leg  29 it  8: miss [km]      35.8 2824319.8  |vrel| 18.66 11.65  t*  3516.23  3755.76  max|T|=0.204
  leg  29 it  9: miss [km]      24.8 2366726.9  |vrel| 18.64 11.62  t*  3516.27  3755.76  max|T|=0.207
  leg  29 it 10: miss [km]      17.0 1983816.5  |vrel| 18.63 11.60  t*  3516.30  3755.76  max|T|=0.210
  leg  29 it 11: miss [km]      11.5 1663184.8  |vrel| 18.62 11.58  t*  3516.33  3755.76  max|T|=0.213
  !! replanned from leg 29: 2 legs (was 2), lost []
  leg  29 it  0: miss [km]  871980.9 15140627.1  |vrel| 17.97  8.66  t*  3517.83  3743.56  max|T|=0.000
  leg  29 it  1: miss [km]   61515.9 14027571.7  |vrel| 19.07 11.57  t*  3515.27  3755.76  max|T|=0.204
  leg  29 it  2: miss [km]    2367.9 8228940.8  |vrel| 18.83 12.08  t*  3515.79  3755.76  max|T|=0.167
  leg  29 it  3: miss [km]     209.9 6908718.2  |vrel| 18.80 11.91  t*  3515.89  3755.76  max|T|=0.176
  leg  29 it  4: miss [km]     150.8 5759704.2  |vrel| 18.76 11.84  t*  3515.98  3755.76  max|T|=0.183
  leg  29 it  5: miss [km]     105.7 4813844.8  |vrel| 18.73 11.77  t*  3516.06  3755.76  max|T|=0.189
  leg  29 it  6: miss [km]      73.9 4027223.7  |vrel| 18.70 11.72  t*  3516.13  3755.76  max|T|=0.195
  leg  29 it  7: miss [km]      51.6 3371671.0  |vrel| 18.68 11.68  t*  3516.18  3755.76  max|T|=0.199
  leg  29 it  8: miss [km]      35.8 2824319.8  |vrel| 18.66 11.65  t*  3516.23  3755.76  max|T|=0.204
  leg  29 it  9: miss [km]      24.8 2366726.9  |vrel| 18.64 11.62  t*  3516.27  3755.76  max|T|=0.207
  leg  29 it 10: miss [km]      17.0 1983816.5  |vrel| 18.63 11.60  t*  3516.30  3755.76  max|T|=0.210
  leg  29 it 11: miss [km]      11.5 1663184.8  |vrel| 18.62 11.58  t*  3516.33  3755.76  max|T|=0.213
  !! replanned from leg 29: 2 legs (was 2), lost []
  leg  29 it  0: miss [km]  871980.9 15140627.1  |vrel| 17.97  8.66  t*  3517.83  3743.56  max|T|=0.000
  leg  29 it  1: miss [km]   61515.9 14027571.7  |vrel| 19.07 11.57  t*  3515.27  3755.76  max|T|=0.204
  leg  29 it  2: miss [km]    2367.9 8228940.8  |vrel| 18.83 12.08  t*  3515.79  3755.76  max|T|=0.167
  leg  29 it  3: miss [km]     209.9 6908718.2  |vrel| 18.80 11.91  t*  3515.89  3755.76  max|T|=0.176
  leg  29 it  4: miss [km]     150.8 5759704.2  |vrel| 18.76 11.84  t*  3515.98  3755.76  max|T|=0.183
  leg  29 it  5: miss [km]     105.7 4813844.8  |vrel| 18.73 11.77  t*  3516.06  3755.76  max|T|=0.189
  leg  29 it  6: miss [km]      73.9 4027223.7  |vrel| 18.70 11.72  t*  3516.13  3755.76  max|T|=0.195
  leg  29 it  7: miss [km]      51.6 3371671.0  |vrel| 18.68 11.68  t*  3516.18  3755.76  max|T|=0.199
  leg  29 it  8: miss [km]      35.8 2824319.8  |vrel| 18.66 11.65  t*  3516.23  3755.76  max|T|=0.204
  leg  29 it  9: miss [km]      24.8 2366726.9  |vrel| 18.64 11.62  t*  3516.27  3755.76  max|T|=0.207
  leg  29 it 10: miss [km]      17.0 1983816.5  |vrel| 18.63 11.60  t*  3516.30  3755.76  max|T|=0.210
  leg  29 it 11: miss [km]      11.5 1663184.8  |vrel| 18.62 11.58  t*  3516.33  3755.76  max|T|=0.213
  !! dropping asteroid 2 (miss 1663185 km)
  leg  29 it  0: miss [km]  871980.9  |vrel| 17.97  t*  3517.83  max|T|=0.000
  leg  29 it  1: miss [km]    2062.6  |vrel| 17.97  t*  3517.86  max|T|=0.032
  leg  29 it  2: miss [km]       0.9  |vrel| 17.97  t*  3517.86  max|T|=0.032
leg  29 frozen: ast 202 t=  3517.9 d dist=   0.9 km m=992.1 kg
INFO [2] 30 1007.8705223815331
