SBDB NEO a: 42244 rows
SBDB NEO c: 208 rows
   1 -> 3122 Florence (1981 ET3)         dist=0.000 (2nd 252.7) epoch=2461200.5 dM=-4.495747703003872e-06
   2 -> 4183 Cuno (1959 LM)              dist=0.004 (2nd 164.3) epoch=2461200.5 dM=-6.3628727104969585e-06
   3 -> 16960 (1998 QS52)                dist=0.001 (2nd 622.0) epoch=2461200.5 dM=-6.188187313682647e-06
   4 -> 3200 Phaethon (1983 TB)          dist=0.000 (2nd 550.6) epoch=2461200.5 dM=3.583335399071075e-06
   5 -> 242450 (2004 QY2)                dist=0.001 (2nd 450.9) epoch=2461200.5 dM=2.9561116150489397e-06
   6 -> 4953 (1990 MU)                   dist=0.001 (2nd 439.1) epoch=2461200.5 dM=-8.200574882266665e-06
   7 -> 89830 (2002 CE)                  dist=0.001 (2nd 605.1) epoch=2461200.5 dM=-4.750905588934984e-06
   8 -> 111253 (2001 XU10)               dist=0.001 (2nd 464.5) epoch=2461200.5 dM=-1.4922838602160482e-05
   9 -> 1620 Geographos (1951 RA)        dist=0.001 (2nd 279.0) epoch=2461200.5 dM=2.733547091793298e-06
  10 -> 1981 Midas (1973 EA)             dist=0.000 (2nd 529.4) epoch=2461200.5 dM=2.6269966042491433e-06
  11 -> 137427 (1999 TF211)              dist=0.001 (2nd 457.9) epoch=2461200.5 dM=1.0260933834160824e-05
  12 -> 4179 Toutatis (1989 AC)          dist=0.008 (2nd 296.2) epoch=2461200.5 dM=-2.353200613924855e-06
  13 -> 2201 Oljato (1947 XC)            dist=0.003 (2nd 336.8) epoch=2461200.5 dM=3.51567791767593e-07
  14 -> 90075 (2002 VU94)                dist=0.001 (2nd 147.9) epoch=2461200.5 dM=-1.0978502189118444e-05
  15 -> 53319 (1999 JM8)                 dist=0.000 (2nd 351.1) epoch=2461200.5 dM=2.2094559426477645e-07
  16 -> 159857 (2004 LJ1)                dist=0.001 (2nd 395.9) epoch=2461200.5 dM=4.329414196035941e-06
  17 -> 242216 (2003 RN10)               dist=0.001 (2nd 736.2) epoch=2461200.5 dM=-4.227725980854302e-06
  18 -> 4486 Mithra (1987 SB)            dist=0.001 (2nd 316.5) epoch=2461200.5 dM=-1.6399206970163505e-06
  19 -> 85713 (1998 SS49)                dist=0.000 (2nd 336.1) epoch=2461200.5 dM=1.4185742998051865e-06
  20 -> 12923 Zephyr (1999 GK4)          dist=0.003 (2nd 95.8) epoch=2461200.5 dM=-5.090249885597586e-06
  21 -> 86039 (1999 NC43)                dist=0.000 (2nd 261.0) epoch=2461200.5 dM=3.5181072917112033e-06
  22 -> 415029 (2011 UL21)               dist=0.000 (2nd 416.4) epoch=2461200.5 dM=-2.7998270013540605e-06
  23 -> 533671 Nabu (2014 LJ21)          dist=0.004 (2nd 573.3) epoch=2461200.5 dM=3.707002321107211e-06
  24 -> 2102 Tantalus (1975 YA)          dist=0.001 (2nd 859.1) epoch=2461200.5 dM=1.0913055092487411e-05
  25 -> 12538 (1998 OH)                  dist=0.001 (2nd 322.7) epoch=2461200.5 dM=-1.5286252789792343e-05
  26 -> 87684 (2000 SY2)                 dist=0.001 (2nd 423.8) epoch=2461200.5 dM=3.2475061004788586e-06
  27 -> 138095 (2000 DK79)               dist=0.000 (2nd 803.8) epoch=2461200.5 dM=-3.3661847851362836e-06
  28 -> 52768 (1998 OR2)                 dist=0.000 (2nd 98.3) epoch=2461200.5 dM=4.609381988984751e-06
  29 -> 23187 (2000 PN9)                 dist=0.000 (2nd 656.0) epoch=2461200.5 dM=6.239316036271703e-06
  30 -> 1862 Apollo (1932 HA)            dist=0.002 (2nd 288.0) epoch=2461200.5 dM=1.504622701986591e-06
  31 -> 523630 (2009 OG)                 dist=0.002 (2nd 1057.1) epoch=2461200.5 dM=1.4872626934447908e-06
  32 -> 143651 (2003 QO104)              dist=0.000 (2nd 251.3) epoch=2461200.5 dM=4.686971010414709e-06
  33 -> 143992 (2004 AF)                 dist=0.000 (2nd 418.9) epoch=2461200.5 dM=-2.1186118033256207e-06
  34 -> 4015 Wilson-Harrington (1979 VA) dist=0.004 (2nd 269.6) epoch=2461200.5 dM=1.3035855772614013e-06
  35 -> 164121 (2003 YT1)                dist=0.001 (2nd 269.6) epoch=2461200.5 dM=3.338175503131424e-06
  36 -> 267494 (2002 JB9)                dist=0.000 (2nd 666.0) epoch=2461200.5 dM=-5.1477574913860735e-06
  37 -> 308242 (2005 GO21)               dist=0.000 (2nd 375.3) epoch=2461200.5 dM=4.00635406094807e-06
  38 -> 31669 (1999 JT6)                 dist=0.000 (2nd 287.1) epoch=2461200.5 dM=-2.3171905922936276e-06
  39 -> 369264 (2009 MS)                 dist=0.001 (2nd 845.4) epoch=2461200.5 dM=-1.780572549137105e-05
  40 -> 163051 (2001 YJ4)                dist=0.000 (2nd 366.9) epoch=2461200.5 dM=-4.101544305967764e-06
  41 -> 507716 (2013 UP8)                dist=0.001 (2nd 882.6) epoch=2461200.5 dM=-8.643739022318186e-07
  42 -> 68950 (2002 QF15)                dist=0.000 (2nd 365.9) epoch=2461200.5 dM=2.0512931087068864e-06
  43 -> 382395 (1990 SM)                 dist=0.001 (2nd 431.0) epoch=2461200.5 dM=-9.517563796634931e-06
  44 -> 163243 (2002 FB3)                dist=0.001 (2nd 617.8) epoch=2461200.5 dM=2.4749732006057457e-06
  45 -> 8566 (1996 EN)                   dist=0.000 (2nd 215.5) epoch=2461200.5 dM=3.2685359201423125e-06
  46 -> 3671 Dionysus (1984 KD)          dist=0.001 (2nd 296.3) epoch=2461200.5 dM=-2.2361541596183088e-07
  47 -> 214869 (2007 PA8)                dist=0.004 (2nd 265.3) epoch=2461200.5 dM=-7.880959003614407e-06
  48 -> 139359 (2001 ME1)                dist=0.005 (2nd 479.6) epoch=2461200.5 dM=0.0001790139854165318
  49 -> 1566 Icarus (1949 MA)            dist=0.001 (2nd 401.8) epoch=2461200.5 dM=2.129552285623504e-06
  50 -> 99248 (2001 KY66)                dist=0.000 (2nd 365.0) epoch=2461200.5 dM=-2.035412080658716e-06
  51 -> 39572 (1993 DQ1)                 dist=0.003 (2nd 200.1) epoch=2461200.5 dM=-1.5427937114509405e-05
  52 -> 89959 (2002 NT7)                 dist=0.001 (2nd 471.7) epoch=2461200.5 dM=-8.761710887483787e-06
  53 -> 385343 (2002 LV)                 dist=0.000 (2nd 471.3) epoch=2461200.5 dM=1.1160875033056072e-06
  54 -> 68216 (2001 CV26)                dist=0.001 (2nd 213.6) epoch=2461200.5 dM=5.272152066027047e-07
  55 -> 68548 (2001 XR31)                dist=0.000 (2nd 271.7) epoch=2461200.5 dM=1.3966571259516058e-06
  56 -> 7482 (1994 PC1)                  dist=0.001 (2nd 512.9) epoch=2461200.5 dM=4.135486335599126e-06
  57 -> 144332 (2004 DV24)               dist=0.000 (2nd 984.7) epoch=2461200.5 dM=-2.138809804819175e-06
  58 -> 485652 (2011 WO41)               dist=0.001 (2nd 241.1) epoch=2461200.5 dM=-8.14534553228441e-06
  59 -> 5011 Ptah (6743 P-L)             dist=0.001 (2nd 229.2) epoch=2461200.5 dM=9.234981291683653e-06
  60 -> 66391 Moshup (1999 KW4)          dist=0.001 (2nd 1026.9) epoch=2461200.5 dM=9.505178672952752e-05
  61 -> 217628 Lugh (1990 HA)            dist=0.003 (2nd 284.5) epoch=2461200.5 dM=-4.327438887230528e-07
  62 -> 374851 (2006 VV2)                dist=0.000 (2nd 578.0) epoch=2461200.5 dM=8.45511334546245e-06
  63 -> 140288 (2001 SN289)              dist=0.002 (2nd 612.3) epoch=2461200.5 dM=-6.891552004617552e-07
  64 -> (2010 HY22)                      dist=0.004 (2nd 754.7) epoch=2461200.5 dM=0.00020571441859829065
  65 -> 5693 (1993 EA)                   dist=0.000 (2nd 252.3) epoch=2461200.5 dM=-1.9101846078228846e-06
  66 -> 103067 (1999 XA143)              dist=0.001 (2nd 500.6) epoch=2461200.5 dM=1.7992300911373604e-06
  67 -> 136618 (1994 CN2)                dist=0.024 (2nd 291.4) epoch=2461200.5 dM=-2.1264503914153465e-05
  68 -> 35107 (1991 VH)                  dist=0.000 (2nd 354.3) epoch=2461200.5 dM=-4.405881810498613e-06
  69 -> 138524 (2000 OJ8)                dist=0.000 (2nd 182.4) epoch=2461200.5 dM=1.6921244991863205e-06
  70 -> 251346 (2007 SJ)                 dist=0.004 (2nd 223.2) epoch=2461200.5 dM=7.086437108227983e-07
  71 -> 68346 (2001 KZ66)                dist=0.001 (2nd 192.7) epoch=2461200.5 dM=-1.975216423488746e-05
  72 -> 297274 (1996 SK)                 dist=0.001 (2nd 370.6) epoch=2461200.5 dM=-1.95702340306525e-05
  73 -> 143404 (2003 BD44)               dist=0.002 (2nd 376.7) epoch=2461200.5 dM=-4.4029115997545887e-07
  74 -> 7341 (1991 VK)                   dist=0.002 (2nd 170.9) epoch=2461200.5 dM=-5.755895472248085e-06
  75 -> 159504 (2000 WO67)               dist=0.002 (2nd 335.4) epoch=2461200.5 dM=-2.3905560055936803e-06
  76 -> 35396 (1997 XF11)                dist=0.001 (2nd 273.3) epoch=2461200.5 dM=-1.4313616247818572e-06
  77 -> 422787 (2001 WS1)                dist=0.001 (2nd 278.4) epoch=2461200.5 dM=6.361000600918487e-06
  78 -> 294739 (2008 CM)                 dist=0.000 (2nd 479.9) epoch=2461200.5 dM=1.0577780500398148e-05
  79 -> 67367 (2000 LY27)                dist=0.002 (2nd 343.3) epoch=2461200.5 dM=-8.800276987130928e-07
  80 -> 377732 (2005 XJ8)                dist=0.000 (2nd 480.8) epoch=2461200.5 dM=6.490028710004481e-06
  81 -> 85989 (1999 JD6)                 dist=0.000 (2nd 426.5) epoch=2461200.5 dM=1.3261971048450505e-05
  82 -> 9856 (1991 EE)                   dist=0.003 (2nd 273.5) epoch=2461200.5 dM=-2.80091779814029e-06
  83 -> 138127 (2000 EE14)               dist=0.001 (2nd 230.8) epoch=2461200.5 dM=-2.875883274100488e-05
  84 -> 153591 (2001 SN263)              dist=0.001 (2nd 52.2) epoch=2461200.5 dM=-1.4587317025416269e-06
  85 -> 197588 (2004 HE12)               dist=0.000 (2nd 721.9) epoch=2461200.5 dM=4.6087072860245826e-06
  86 -> 311044 (2004 BB103)              dist=0.002 (2nd 674.5) epoch=2461200.5 dM=8.97992970294581e-06
  87 -> 85182 (1991 AQ)                  dist=0.003 (2nd 352.4) epoch=2461200.5 dM=-7.312276380844196e-06
  88 -> 435159 (2007 LQ19)               dist=0.001 (2nd 377.4) epoch=2461200.5 dM=-9.418687710649465e-06
  89 -> 10115 (1992 SK)                  dist=0.001 (2nd 309.6) epoch=2461200.5 dM=-3.3346302927839133e-06
  90 -> 164216 (2004 OT11)               dist=0.001 (2nd 387.9) epoch=2461200.5 dM=-3.29736712956219e-06
  91 -> 374038 (2004 HW)                 dist=0.007 (2nd 456.8) epoch=2461200.5 dM=1.3357239936340193e-06
  92 -> 500080 (2011 WV134)              dist=0.001 (2nd 239.3) epoch=2461200.5 dM=1.5833191469027952e-06
  93 -> 53426 (1999 SL5)                 dist=0.000 (2nd 624.5) epoch=2461200.5 dM=-3.2056834982086002e-06
  94 -> 484517 (2008 EC69)               dist=0.000 (2nd 503.1) epoch=2461200.5 dM=1.0593822935334174e-05
  95 -> 89958 (2002 LY45)                dist=0.000 (2nd 560.9) epoch=2461200.5 dM=1.3747521165896615e-06
  96 -> 348400 (2005 JF21)               dist=0.000 (2nd 172.5) epoch=2461200.5 dM=-4.832324464132398e-06
  97 -> 253841 (2003 YG118)              dist=0.000 (2nd 348.1) epoch=2461200.5 dM=8.444811300023503e-06
  98 -> 4450 Pan (1987 SY)               dist=0.000 (2nd 272.0) epoch=2461200.5 dM=-4.1879135892486374e-06
  99 -> 29075 (1950 DA)                  dist=0.002 (2nd 277.3) epoch=2461200.5 dM=3.7820697684765037e-07
 100 -> 206910 (2004 NL8)                dist=0.001 (2nd 329.3) epoch=2461200.5 dM=-1.355143263026548e-05
 101 -> 285263 (1998 QE2)                dist=0.001 (2nd 303.1) epoch=2461200.5 dM=-1.184265420306474e-05
 102 -> 161989 Cacus (1978 CA)           dist=0.001 (2nd 299.9) epoch=2461200.5 dM=2.402517623067979e-06
 103 -> 5604 (1992 FE)                   dist=0.001 (2nd 287.0) epoch=2461200.5 dM=-3.493556789635477e-06
 104 -> 192563 (1998 WZ6)                dist=0.001 (2nd 254.3) epoch=2461200.5 dM=8.910098898695651e-06
 105 -> 7822 (1991 CS)                   dist=0.001 (2nd 441.8) epoch=2461200.5 dM=2.143887422789703e-05
 106 -> 53789 (2000 ED104)               dist=0.001 (2nd 635.6) epoch=2461200.5 dM=-7.259556014105328e-07
 107 -> 164400 (2005 GN59)               dist=0.000 (2nd 214.6) epoch=2461200.5 dM=-1.810493046150441e-06
 108 -> 243566 (1995 SA)                 dist=0.000 (2nd 477.0) epoch=2461200.5 dM=3.842236338869043e-06
 109 -> 4769 Castalia (1989 PB)          dist=0.004 (2nd 286.9) epoch=2461200.5 dM=2.7263603215033072e-05
 110 -> (2022 AP7)                       dist=0.011 (2nd 441.0) epoch=2461200.5 dM=3.087253213607255e-05
 111 -> 518678 (2008 UZ94)               dist=0.001 (2nd 389.4) epoch=2461200.5 dM=-5.138521686376407e-06
 112 -> 143649 (2003 QQ47)               dist=0.001 (2nd 958.9) epoch=2461200.5 dM=7.018944074843603e-06
 113 -> 242643 (2005 NZ6)                dist=0.000 (2nd 541.3) epoch=2461200.5 dM=-5.033016492461684e-06
 114 -> 153311 (2001 MG1)                dist=0.001 (2nd 490.0) epoch=2461200.5 dM=-1.3315857813722687e-05
 115 -> 220839 (2004 VA)                 dist=0.005 (2nd 224.0) epoch=2461200.5 dM=5.0263594175703474e-08
 116 -> 153220 (2000 YN29)               dist=0.003 (2nd 268.1) epoch=2461200.5 dM=2.790710908584515e-06
 117 -> 325395 (2009 CQ5)                dist=0.002 (2nd 319.5) epoch=2461200.5 dM=-7.586668004933017e-07
 118 -> 434677 (2006 BZ7)                dist=0.001 (2nd 888.4) epoch=2461200.5 dM=-1.0214447854650643e-05
 119 -> 458436 (2011 AL52)               dist=0.003 (2nd 348.9) epoch=2461200.5 dM=1.1035545753657061e-05
 120 -> 186844 (2004 GA1)                dist=0.000 (2nd 370.8) epoch=2461200.5 dM=-6.671372148048249e-07
 121 -> (2020 SL1)                       dist=0.011 (2nd 297.8) epoch=2461200.5 dM=0.00031164922680204654
 122 -> 86819 (2000 GK137)               dist=0.003 (2nd 206.8) epoch=2461200.5 dM=2.00305302655579e-06
 123 -> 290772 (2005 VC)                 dist=0.036 (2nd 343.7) epoch=2461200.5 dM=0.0002666612797952439
 124 -> 314082 Dryope (2005 CZ36)        dist=0.001 (2nd 433.9) epoch=2461200.5 dM=1.6679894599747058e-05
 125 -> 231937 (2001 FO32)               dist=0.000 (2nd 577.2) epoch=2461200.5 dM=9.873356816569867e-07
 126 -> 52760 (1998 ML14)                dist=0.001 (2nd 172.3) epoch=2461200.5 dM=-6.559330984146072e-06
 127 -> 458122 (2010 EW45)               dist=0.006 (2nd 280.3) epoch=2461200.5 dM=9.65987993595263e-07
 128 -> 163899 (2003 SD220)              dist=0.001 (2nd 287.0) epoch=2461200.5 dM=-7.797746604865097e-06
 129 -> 504034 (2005 UJ159)              dist=0.001 (2nd 984.1) epoch=2461200.5 dM=2.6450039740666398e-06
 130 -> 177614 (2004 HK33)               dist=0.002 (2nd 236.3) epoch=2461200.5 dM=-2.454975998489317e-06
 131 -> (2025 VP)                        dist=0.192 (2nd 4848.0) epoch=2461200.5 dM=0.00021619091953084535
 132 -> 180186 (2003 QZ30)               dist=0.001 (2nd 300.6) epoch=2461200.5 dM=2.491676696081413e-06
 133 -> 481482 (2007 CA19)               dist=0.000 (2nd 387.3) epoch=2461200.5 dM=-5.585797566709516e-07
 134 -> 162510 (2000 QW69)               dist=0.001 (2nd 341.3) epoch=2461200.5 dM=3.3817069038377667e-06
 135 -> 154276 (2002 SY50)               dist=0.000 (2nd 327.3) epoch=2461200.5 dM=-7.196466071945906e-07
 136 -> 385186 (1994 AW1)                dist=0.001 (2nd 419.0) epoch=2461200.5 dM=-1.9471907705792546e-05
 137 -> 430440 (2000 OH)                 dist=0.004 (2nd 419.8) epoch=2461200.5 dM=1.5411740605486557e-05
 138 -> (2021 HK12)                      dist=0.009 (2nd 727.7) epoch=2461200.5 dM=2.2433099957197555e-05
 139 -> (2009 SG18)                      dist=0.001 (2nd 658.9) epoch=2461200.5 dM=-5.120048939488697e-06
 140 -> 802885 (2015 HY116)              dist=0.007 (2nd 526.2) epoch=2461200.5 dM=-7.089574694418843e-06
 141 -> 22753 (1998 WT)                  dist=0.002 (2nd 537.8) epoch=2461200.5 dM=-4.28751440040287e-06
 142 -> 69230 Hermes (1937 UB)           dist=0.000 (2nd 345.4) epoch=2461200.5 dM=-3.284236100853377e-06
 143 -> 154302 (2002 UQ3)                dist=0.000 (2nd 295.7) epoch=2461200.5 dM=1.983106386660438e-06
 144 -> (1999 XS35)                      dist=3.814 (2nd 4143.3) epoch=2461200.5 dM=-0.04088074273329312
 145 -> 7335 (1989 JA)                   dist=0.000 (2nd 257.1) epoch=2461200.5 dM=4.1353328015247826e-06
 146 -> 136849 (1998 CS1)                dist=0.000 (2nd 355.9) epoch=2461200.5 dM=-1.1105339012829063e-06
 147 -> (2022 RX3)                       dist=0.017 (2nd 1103.2) epoch=2461200.5 dM=-0.0027269919459058656
 148 -> 620095 (2016 CB194)              dist=0.012 (2nd 195.3) epoch=2461200.5 dM=-2.6483530007226364e-05
 149 -> 20236 (1998 BZ7)                 dist=0.002 (2nd 161.2) epoch=2461200.5 dM=4.155229703428631e-06
 150 -> 212546 (2006 SV19)               dist=0.002 (2nd 143.9) epoch=2461200.5 dM=4.802092121281021e-06
 151 -> 756316 (2018 XV5)                dist=0.001 (2nd 327.0) epoch=2461200.5 dM=1.75295019744226e-06
 152 -> 414287 (2008 OB9)                dist=0.004 (2nd 227.0) epoch=2461200.5 dM=-2.1174368782794772e-06
 153 -> 88254 (2001 FM129)               dist=0.003 (2nd 540.6) epoch=2461200.5 dM=-4.401970386425091e-06
 154 -> 163014 (2001 UA5)                dist=0.001 (2nd 285.7) epoch=2461200.5 dM=-1.3274959655973362e-06
 155 -> 90403 (2003 YE45)                dist=0.000 (2nd 277.9) epoch=2461200.5 dM=1.3149712486892895e-05
 156 -> 139211 (2001 GN2)                dist=0.002 (2nd 256.2) epoch=2461200.5 dM=7.542140730265601e-05
 157 -> 620055 (2003 BK47)               dist=0.001 (2nd 363.1) epoch=2461200.5 dM=-5.137313166869717e-06
 158 -> (2019 CE4)                       dist=0.000 (2nd 323.2) epoch=2461200.5 dM=5.615874499653728e-06
 159 -> 329614 (2003 KU2)                dist=0.002 (2nd 450.1) epoch=2461200.5 dM=-3.683404656840139e-07
 160 -> 200840 (2001 XN254)              dist=0.003 (2nd 324.0) epoch=2461200.5 dM=-6.929348046469386e-07
 161 -> 523589 (2001 HA4)                dist=0.001 (2nd 457.3) epoch=2461200.5 dM=-3.576472408894915e-06
 162 -> 152637 (1997 NC1)                dist=0.000 (2nd 532.9) epoch=2461200.5 dM=1.5837508982485815e-05
 163 -> 310560 (2001 QL142)              dist=0.002 (2nd 263.4) epoch=2461200.5 dM=-3.275258660551117e-05
 164 -> 381906 (2010 CL19)               dist=0.001 (2nd 297.4) epoch=2461200.5 dM=-1.5246845293859224e-05
 165 -> 141851 (2002 PM6)                dist=0.001 (2nd 821.9) epoch=2461200.5 dM=2.4297685513374745e-05
 166 -> (2004 UV1)                       dist=0.001 (2nd 376.4) epoch=2461200.5 dM=-4.899922885215346e-07
 167 -> (2020 QF6)                       dist=0.001 (2nd 1237.4) epoch=2461200.5 dM=-2.2170679301325436e-05
 168 -> 657084 (2016 GT220)              dist=0.001 (2nd 303.8) epoch=2461200.5 dM=4.5143827207994036e-05
 169 -> 853424 (2009 FU4)                dist=0.002 (2nd 350.8) epoch=2461200.5 dM=4.258278295310447e-06
 170 -> 5189 (1990 UQ)                   dist=0.000 (2nd 308.8) epoch=2461200.5 dM=-2.77454120123366e-06
 171 -> 37655 Illapa (1994 PM)           dist=0.000 (2nd 621.8) epoch=2461200.5 dM=1.7123815041486523e-06
 172 -> 13651 (1997 BR)                  dist=0.002 (2nd 347.8) epoch=2461200.5 dM=2.8866435570762405e-05
 173 -> 363790 (2005 JE46)               dist=0.000 (2nd 277.2) epoch=2461200.5 dM=-5.212345399741025e-06
 174 -> 154269 (2002 SM)                 dist=0.001 (2nd 160.4) epoch=2461200.5 dM=6.788993118789222e-06
 175 -> 366774 (2004 TB18)               dist=0.001 (2nd 248.6) epoch=2461200.5 dM=3.263687801791093e-06
 176 -> 100085 (1992 UY4)                dist=0.000 (2nd 360.3) epoch=2461200.5 dM=2.082417609017284e-06
 177 -> 529668 (2010 JL33)               dist=0.001 (2nd 176.2) epoch=2461200.5 dM=-9.739874883507582e-06
 178 -> 430804 (2005 AD13)               dist=0.001 (2nd 301.4) epoch=2461200.5 dM=-4.426610189511848e-07
 179 -> (2019 RU3)                       dist=0.002 (2nd 548.5) epoch=2461200.5 dM=-7.812313839394847e-06
 180 -> 746849 (2012 HJ1)                dist=0.001 (2nd 488.4) epoch=2461200.5 dM=-8.950893288783845e-06
 181 -> 136617 (1994 CC)                 dist=0.001 (2nd 327.0) epoch=2461200.5 dM=6.651941362179059e-07
 182 -> 162825 (2001 BO61)               dist=0.000 (2nd 392.9) epoch=2461200.5 dM=5.481912609184292e-06
 183 -> 443103 (2013 WT67)               dist=0.001 (2nd 298.5) epoch=2461200.5 dM=-4.050866121474428e-05
 184 -> 482467 (2012 LK9)                dist=0.001 (2nd 129.4) epoch=2461200.5 dM=-9.819189017434837e-09
 185 -> 741491 (2006 DU62)               dist=0.001 (2nd 386.0) epoch=2461200.5 dM=-1.9271687051514164e-05
 186 -> 348314 (2005 BC)                 dist=0.000 (2nd 253.1) epoch=2461200.5 dM=5.353805988761451e-06
 187 -> 436671 (2011 SV71)               dist=0.003 (2nd 290.0) epoch=2461200.5 dM=1.2622882906043742e-05
 188 -> 671294 (2014 JO25)               dist=0.000 (2nd 562.7) epoch=2461200.5 dM=-6.357819529512199e-06
 189 -> 7753 (1988 XB)                   dist=0.000 (2nd 195.2) epoch=2461200.5 dM=-1.4669238908027182e-06
 190 -> 33342 (1998 WT24)                dist=0.001 (2nd 416.9) epoch=2461200.5 dM=1.781814165724427e-05
 191 -> 405212 (2003 QC10)               dist=0.000 (2nd 388.3) epoch=2461200.5 dM=3.914413099437297e-06
 192 -> (2012 QC8)                       dist=0.001 (2nd 276.4) epoch=2461200.5 dM=-1.944190273661661e-06
 193 -> 2135 Aristaeus (1977 HA)         dist=0.007 (2nd 327.3) epoch=2461200.5 dM=0.00018815471531752337
 194 -> 137108 (1999 AN10)               dist=0.001 (2nd 740.5) epoch=2461200.5 dM=1.2179812927115563e-06
 195 -> 267337 (2001 VK5)                dist=0.001 (2nd 332.3) epoch=2461200.5 dM=1.32367198943939e-05
 196 -> 455299 (2002 EL6)                dist=0.002 (2nd 228.7) epoch=2461200.5 dM=3.7907441878815007e-06
 197 -> 386847 (2010 LR33)               dist=0.001 (2nd 272.5) epoch=2461200.5 dM=2.223241040155699e-07
 198 -> 141525 (2002 FV5)                dist=0.000 (2nd 429.6) epoch=2461200.5 dM=-5.022402774557122e-06
 199 -> (2017 CH1)                       dist=0.001 (2nd 134.8) epoch=2461200.5 dM=-2.916766874250243e-06
 200 -> 250620 (2005 GE59)               dist=0.001 (2nd 332.4) epoch=2461200.5 dM=-8.52798495998286e-06
 201 -> 409836 (2006 QY110)              dist=0.002 (2nd 280.1) epoch=2461200.5 dM=-8.713990951036976e-07
 202 -> 137126 (1999 CF9)                dist=0.002 (2nd 151.4) epoch=2461200.5 dM=-1.927441417137743e-06
 203 -> 140039 (2001 SO73)               dist=0.003 (2nd 281.8) epoch=2461200.5 dM=2.8146853878752154e-06
 204 -> 451124 (2009 KC3)                dist=0.001 (2nd 609.9) epoch=2461200.5 dM=-1.3699847443149338e-05
 205 -> 895358 (2020 EN)                 dist=0.001 (2nd 245.4) epoch=2461200.5 dM=7.480056183339912e-07
 206 -> (2020 JM2)                       dist=419.113 (2nd 532.4) epoch=2458986.5 dM=None
 207 -> 26663 (2000 XK47)                dist=0.001 (2nd 356.7) epoch=2461200.5 dM=1.9695053765644843e-06
 208 -> 65803 Didymos (1996 GT)          dist=0.000 (2nd 226.7) epoch=2461200.5 dM=-1.367936818041926e-06
 209 -> 136795 Tatsunokingo (1997 BQ)    dist=0.002 (2nd 249.5) epoch=2461200.5 dM=-7.979257929946471e-07
 210 -> 162421 (2000 ET70)               dist=0.002 (2nd 242.2) epoch=2461200.5 dM=3.5931180207171565e-05
 211 -> 242708 (2005 UK1)                dist=0.009 (2nd 370.4) epoch=2461200.5 dM=-5.475557145473431e-07
 212 -> 533722 (2014 NE52)               dist=0.002 (2nd 166.9) epoch=2461200.5 dM=2.1231896596418665e-06
 213 -> 196068 (2002 TW55)               dist=0.005 (2nd 685.2) epoch=2461200.5 dM=3.1547396986297827e-05
 214 -> 892673 (2015 TM237)              dist=0.020 (2nd 237.8) epoch=2461200.5 dM=-0.0011706842020089425
 215 -> 170086 (2002 XR14)               dist=0.001 (2nd 330.5) epoch=2461200.5 dM=-3.2470882160851033e-06
 216 -> 307005 (2001 XP1)                dist=0.001 (2nd 840.7) epoch=2461200.5 dM=1.2594959002854011e-05
 217 -> 523816 (2009 ST103)              dist=0.001 (2nd 365.3) epoch=2461200.5 dM=-8.71544079927844e-06
 218 -> 756955 (2021 MG1)                dist=0.001 (2nd 352.7) epoch=2461200.5 dM=3.864342659198883e-06
 219 -> 410778 (2009 FG19)               dist=0.002 (2nd 724.8) epoch=2461200.5 dM=4.9471321972305304e-06
 220 -> 434096 (2002 GO5)                dist=0.001 (2nd 428.8) epoch=2461200.5 dM=2.453712994565649e-06
 221 -> 162998 (2001 SK162)              dist=0.012 (2nd 357.8) epoch=2461200.5 dM=1.1477633307777069e-05
 222 -> 199003 (2005 WJ56)               dist=0.000 (2nd 298.4) epoch=2461200.5 dM=-7.60660708465366e-06
 223 -> (2014 MR26)                      dist=0.003 (2nd 353.1) epoch=2461200.5 dM=-4.035049585127126e-06
 224 -> (2015 OL35)                      dist=0.002 (2nd 111.0) epoch=2461200.5 dM=-1.0798583787163807e-06
 225 -> 450894 (2008 BT18)               dist=0.002 (2nd 236.0) epoch=2461200.5 dM=-1.4744599923233181e-06
 226 -> 365071 (2009 AV)                 dist=0.001 (2nd 633.3) epoch=2461200.5 dM=-1.619109599459989e-05
 227 -> 887030 (2023 QF5)                dist=0.001 (2nd 467.7) epoch=2461200.5 dM=1.6325173248787905e-06
 228 -> 154330 (2002 VX94)               dist=0.001 (2nd 120.7) epoch=2461200.5 dM=-5.572673103415582e-06
 229 -> 444193 (2005 SE71)               dist=0.000 (2nd 338.5) epoch=2461200.5 dM=5.134688763064332e-08
 230 -> 170903 (2004 WS2)                dist=0.001 (2nd 392.4) epoch=2461200.5 dM=-1.2894137171315379e-06
 231 -> 389694 (2011 QD48)               dist=0.001 (2nd 127.2) epoch=2461200.5 dM=-2.330448182874534e-06
 232 -> 523820 (2011 GN44)               dist=0.003 (2nd 985.1) epoch=2461200.5 dM=-9.329883312148013e-06
 233 -> 612522 (2002 VP69)               dist=0.000 (2nd 359.7) epoch=2461200.5 dM=-4.4631097750880144e-06
 234 -> 744281 (2009 HD21)               dist=0.000 (2nd 409.0) epoch=2461200.5 dM=-1.2991592086564197e-06
 235 -> (2007 RU17)                      dist=0.001 (2nd 290.0) epoch=2461200.5 dM=6.583233897572427e-06
 236 -> 466130 (2012 FZ23)               dist=0.002 (2nd 1414.7) epoch=2461200.5 dM=3.6398148210992076e-06
 237 -> 506859 (2007 VW137)              dist=0.000 (2nd 328.2) epoch=2461200.5 dM=-1.7874006516649388e-05
 238 -> 417211 (2005 XL80)               dist=0.001 (2nd 248.6) epoch=2461200.5 dM=-1.068196348796846e-05
 239 -> 144900 (2004 VG64)               dist=0.000 (2nd 771.8) epoch=2461200.5 dM=-5.5892261912049435e-06
 240 -> 173561 (2000 YV137)              dist=0.001 (2nd 419.5) epoch=2461200.5 dM=-4.130085358156066e-06
 241 -> 153002 (2000 JG5)                dist=0.000 (2nd 476.6) epoch=2461200.5 dM=7.168040212945925e-06
 242 -> 153814 (2001 WN5)                dist=0.005 (2nd 273.7) epoch=2461200.5 dM=1.344662138080821e-06
 243 -> 267131 (2000 EK26)               dist=0.001 (2nd 416.7) epoch=2461200.5 dM=-2.9646450343534525e-06
 244 -> 311066 (2004 DC)                 dist=0.001 (2nd 161.1) epoch=2461200.5 dM=-4.87302469309725e-06
 245 -> 422699 (2000 PD3)                dist=0.001 (2nd 137.8) epoch=2461200.5 dM=-2.5800672460718488e-06
 246 -> 866876 (2015 TE323)              dist=0.001 (2nd 305.4) epoch=2461200.5 dM=-4.614667119540172e-06
 247 -> 27002 (1998 DV9)                 dist=0.001 (2nd 247.9) epoch=2461200.5 dM=2.7848535069097125e-06
 248 -> 137120 (1999 BJ8)                dist=0.001 (2nd 346.9) epoch=2461200.5 dM=6.56867749171397e-06
 249 -> 162979 (2001 RA12)               dist=0.001 (2nd 418.6) epoch=2461200.5 dM=3.714718309311138e-05
 250 -> 199145 (2005 YY128)              dist=0.003 (2nd 509.8) epoch=2461200.5 dM=-4.166078497291892e-06
 251 -> (2007 YB2)                       dist=0.002 (2nd 582.2) epoch=2461200.5 dM=-3.251670781878602e-05
 252 -> (2020 BW14)                      dist=0.002 (2nd 412.3) epoch=2461200.5 dM=-2.869156369911252e-05
 253 -> 349068 (2006 YT13)               dist=0.000 (2nd 280.8) epoch=2461200.5 dM=-5.889864297614622e-06
 254 -> 853531 (2009 KE3)                dist=0.010 (2nd 347.0) epoch=2461200.5 dM=-1.599960739895323e-06
 255 -> 175706 (1996 FG3)                dist=0.000 (2nd 347.4) epoch=2461200.5 dM=-9.271111309772095e-06
 256 -> 185851 (2000 DP107)              dist=0.000 (2nd 144.9) epoch=2461200.5 dM=-2.343760570511222e-06
 257 -> 260141 (2004 QT24)               dist=0.001 (2nd 265.1) epoch=2461200.5 dM=9.53208416376583e-06
 258 -> 141593 (2002 HK12)               dist=0.001 (2nd 225.3) epoch=2461200.5 dM=-8.852939856751618e-07
 259 -> (2008 SV11)                      dist=0.000 (2nd 388.1) epoch=2461200.5 dM=9.032341381498554e-07
 260 -> 417871 (2007 MB24)               dist=0.001 (2nd 432.4) epoch=2461200.5 dM=6.56256599995686e-06
 261 -> 497117 (2004 FU4)                dist=0.001 (2nd 331.5) epoch=2461200.5 dM=9.622970708278444e-06
 262 -> 678715 (2017 VV14)               dist=0.001 (2nd 581.0) epoch=2461200.5 dM=-5.0803888882455794e-06
 263 -> 153958 (2002 AM31)               dist=0.000 (2nd 232.6) epoch=2461200.5 dM=-2.6781283395393984e-06
 264 -> (2011 BE38)                      dist=0.001 (2nd 288.5) epoch=2461200.5 dM=0.00026311457341421374
 265 -> 482798 (2013 QK48)               dist=0.001 (2nd 422.4) epoch=2461200.5 dM=-6.214448376340442e-06
 266 -> 620092 (2015 HB10)               dist=0.001 (2nd 190.8) epoch=2461200.5 dM=-1.6271676201995433e-06
 267 -> 194268 (2001 UY4)                dist=0.001 (2nd 546.3) epoch=2461200.5 dM=1.4678762454423122e-06
 268 -> (2017 HT2)                       dist=0.000 (2nd 265.6) epoch=2461200.5 dM=6.092229909882008e-06
 269 -> 263976 (2009 KD5)                dist=0.001 (2nd 323.0) epoch=2461200.5 dM=4.25038578555359e-06
 270 -> 837449 (2013 NJ10)               dist=0.011 (2nd 261.1) epoch=2461200.5 dM=-3.143609239941725e-05
 271 -> 244977 (2004 BE68)               dist=0.001 (2nd 293.2) epoch=2461200.5 dM=4.4427212912978575e-06
 272 -> 255071 (2005 UH6)                dist=0.013 (2nd 545.3) epoch=2461200.5 dM=-2.7578565777730546e-06
 273 -> 11500 Tomaiyowit (1989 UR)       dist=0.001 (2nd 207.7) epoch=2461200.5 dM=2.159979388238753e-05
 274 -> 457768 (2009 KN4)                dist=0.001 (2nd 102.0) epoch=2461200.5 dM=3.9204491031341604e-07
 275 -> 612813 (2004 RF84)               dist=0.000 (2nd 238.2) epoch=2461200.5 dM=2.2927233089831134e-06
 276 -> 614470 Flordeneu (2009 ST19)     dist=0.001 (2nd 200.2) epoch=2461200.5 dM=3.2385100041665282e-06
 277 -> 531914 (2013 BW76)               dist=0.001 (2nd 653.4) epoch=2461200.5 dM=-4.09722230187981e-06
 278 -> (2001 VB)                        dist=629.879 (2nd 663.6) epoch=2452220.5 dM=None
 279 -> 152770 (1999 RR28)               dist=0.001 (2nd 284.5) epoch=2461200.5 dM=2.5433317034639913e-06
 280 -> 288807 (2004 RW164)              dist=0.001 (2nd 586.3) epoch=2461200.5 dM=-1.5443773321521803e-05
 281 -> 436774 (2012 KY3)                dist=0.000 (2nd 386.7) epoch=2461200.5 dM=5.1319987051101634e-06
 282 -> (2016 BZ14)                      dist=0.001 (2nd 384.3) epoch=2461200.5 dM=-2.041683274001116e-06
 283 -> 417612 (2006 WQ29)               dist=0.020 (2nd 207.1) epoch=2461200.5 dM=-0.0004875031048072742
 284 -> 463387 (2013 CT82)               dist=0.019 (2nd 245.0) epoch=2461200.5 dM=-1.8123140506531854e-05
 285 -> 881303 (2015 FS332)              dist=0.001 (2nd 263.1) epoch=2461200.5 dM=2.332468795884779e-06
 286 -> 163818 (2003 RX7)                dist=0.001 (2nd 306.4) epoch=2461200.5 dM=8.850447500208247e-06
 287 -> (2011 BX10)                      dist=0.006 (2nd 262.4) epoch=2461200.5 dM=-6.035671447079949e-06
 288 -> 139622 (2001 QQ142)              dist=0.000 (2nd 139.7) epoch=2461200.5 dM=-2.394337400346558e-06
 289 -> 267729 (2003 FC5)                dist=0.002 (2nd 327.5) epoch=2461200.5 dM=-1.3922431207902264e-06
 290 -> 446791 (1998 SJ70)               dist=0.001 (2nd 214.4) epoch=2461200.5 dM=-1.1044149914596346e-06
 291 -> 269690 (1996 RG3)                dist=0.010 (2nd 141.2) epoch=2461200.5 dM=1.2908640201203525e-05
 292 -> 140158 (2001 SX169)              dist=0.000 (2nd 363.1) epoch=2461200.5 dM=2.1041616946604336e-06
 293 -> 141495 (2002 EZ11)               dist=0.001 (2nd 644.5) epoch=2461200.5 dM=1.3103792809943116e-05
 294 -> 363505 (2003 UC20)               dist=0.008 (2nd 275.9) epoch=2461200.5 dM=1.0985069422986271e-06
 295 -> 391211 (2006 HZ51)               dist=0.001 (2nd 268.3) epoch=2461200.5 dM=-1.809739785585407e-06
 296 -> 434326 (2004 JG6)                dist=0.004 (2nd 450.5) epoch=2461200.5 dM=-8.040517241170164e-05
 297 -> 481817 (2008 UL90)               dist=0.000 (2nd 629.5) epoch=2461200.5 dM=-1.6146662119354005e-05
 298 -> 505657 (2014 SR339)              dist=0.000 (2nd 422.6) epoch=2461200.5 dM=-4.346731657278724e-06
 299 -> 4034 Vishnu (1986 PA)            dist=0.001 (2nd 385.0) epoch=2461200.5 dM=4.037046664961963e-06
 300 -> 508967 (2004 VC17)               dist=0.002 (2nd 584.4) epoch=2461200.5 dM=-8.182457804650767e-07

--- Horizons confirmation at JD 2461200.5 TDB (heliocentric ecliptic J2000 osculating elements) ---
   1 3122 Florence (1981 ET3)       Horizons: da=-3.80e-08 de=+3.95e-08 di=+2.34e-07 dOm=-2.41e-06 dw=+1.92e-06 dM=-4.43e-06
   2 4183 Cuno (1959 LM)            Horizons: da=+2.66e-08 de=-4.53e-08 di=-6.56e-06 dOm=+6.04e-05 dw=-5.76e-05 dM=-6.21e-06
   3 16960 (1998 QS52)              Horizons: da=-3.86e-08 de=+3.77e-08 di=-4.82e-06 dOm=+1.37e-05 dw=-1.20e-05 dM=-6.32e-06
   4 3200 Phaethon (1983 TB)        Horizons: da=+2.10e-08 de=-1.56e-08 di=-2.72e-06 dOm=-3.66e-06 dw=+8.05e-06 dM=+3.35e-06
   5 242450 (2004 QY2)              Horizons: da=-1.15e-08 de=-1.95e-08 di=+1.12e-05 dOm=-8.28e-06 dw=-5.32e-06 dM=+2.93e-06
   6 4953 (1990 MU)                 Horizons: da=-1.73e-08 de=-2.82e-08 di=+1.07e-05 dOm=-8.04e-06 dw=+5.92e-06 dM=-8.09e-06
   7 89830 (2002 CE)                Horizons: da=+1.10e-08 de=+5.01e-08 di=-3.02e-06 dOm=-4.84e-06 dw=+1.47e-05 dM=-4.55e-06
   8 111253 (2001 XU10)             Horizons: da=+3.87e-08 de=-1.57e-08 di=+6.03e-06 dOm=-1.65e-06 dw=+1.42e-05 dM=-1.49e-05
   9 1620 Geographos (1951 RA)      Horizons: da=+2.28e-08 de=-2.24e-08 di=-4.94e-06 dOm=-3.70e-06 dw=+8.36e-06 dM=+2.60e-06
  10 1981 Midas (1973 EA)           Horizons: da=-3.13e-08 de=-5.31e-08 di=-3.02e-07 dOm=+3.65e-06 dw=+7.07e-07 dM=+2.50e-06
  11 137427 (1999 TF211)            Horizons: da=+2.82e-08 de=-4.01e-08 di=-1.57e-07 dOm=+7.83e-06 dw=-2.30e-05 dM=+1.03e-05
  12 4179 Toutatis (1989 AC)        Horizons: da=+5.75e-08 de=+2.45e-08 di=+3.66e-06 dOm=+1.20e-04 dw=-1.12e-04 dM=-3.04e-06
  13 2201 Oljato (1947 XC)          Horizons: da=-4.56e-08 de=-2.80e-08 di=+7.70e-06 dOm=+3.78e-05 dw=-4.06e-05 dM=+2.80e-07
  14 90075 (2002 VU94)              Horizons: da=+1.99e-08 de=-3.82e-08 di=+4.33e-06 dOm=-8.47e-06 dw=+2.04e-05 dM=-1.11e-05
  15 53319 (1999 JM8)               Horizons: da=-4.23e-08 de=-5.20e-10 di=+3.33e-06 dOm=-4.64e-06 dw=+2.70e-06 dM=+4.95e-07
  16 159857 (2004 LJ1)              Horizons: da=+3.55e-08 de=-3.63e-08 di=-1.01e-05 dOm=+8.01e-07 dw=+2.54e-06 dM=+4.51e-06
  17 242216 (2003 RN10)             Horizons: da=-8.74e-09 de=-1.62e-08 di=+3.70e-07 dOm=+1.52e-05 dw=-1.61e-05 dM=-4.43e-06
  18 4486 Mithra (1987 SB)          Horizons: da=+2.70e-08 de=+2.81e-08 di=-6.59e-06 dOm=-1.17e-05 dw=+1.21e-05 dM=-1.86e-06
  19 85713 (1998 SS49)              Horizons: da=+1.03e-09 de=+3.68e-08 di=-4.23e-06 dOm=-7.59e-06 dw=-2.07e-07 dM=+1.54e-06
  20 12923 Zephyr (1999 GK4)        Horizons: da=+2.03e-08 de=-1.49e-09 di=-3.80e-06 dOm=-4.54e-05 dw=+4.56e-05 dM=-4.92e-06
  21 86039 (1999 NC43)              Horizons: da=-1.17e-08 de=+2.70e-08 di=-8.99e-06 dOm=+8.98e-07 dw=+2.98e-06 dM=+3.56e-06
  22 415029 (2011 UL21)             Horizons: da=-2.07e-08 de=+3.71e-08 di=+3.04e-06 dOm=-1.54e-06 dw=-7.61e-06 dM=-2.67e-06
  23 533671 Nabu (2014 LJ21)        Horizons: da=-3.05e-08 de=+7.40e-08 di=+1.14e-05 dOm=+5.37e-05 dw=-6.46e-05 dM=+3.73e-06
  24 2102 Tantalus (1975 YA)        Horizons: da=-3.49e-08 de=+4.12e-08 di=+8.34e-06 dOm=+5.65e-06 dw=-4.64e-06 dM=+1.09e-05
  25 12538 (1998 OH)                Horizons: da=-3.54e-08 de=-2.85e-08 di=-6.21e-06 dOm=-2.95e-06 dw=+9.60e-06 dM=-1.53e-05
  26 87684 (2000 SY2)               Horizons: da=+3.65e-08 de=-4.30e-08 di=+2.45e-06 dOm=-8.44e-06 dw=+1.29e-05 dM=+3.26e-06
  27 138095 (2000 DK79)             Horizons: da=+2.08e-08 de=-5.14e-10 di=+3.46e-06 dOm=-5.15e-06 dw=+1.97e-06 dM=-3.40e-06
  28 52768 (1998 OR2)               Horizons: da=-2.68e-08 de=+3.56e-08 di=+4.27e-06 dOm=+4.99e-06 dw=+1.60e-06 dM=+4.68e-06
  29 23187 (2000 PN9)               Horizons: da=-2.84e-08 de=-1.77e-08 di=-5.09e-06 dOm=+3.94e-06 dw=-1.91e-06 dM=+6.21e-06
  30 1862 Apollo (1932 HA)          Horizons: da=+4.17e-08 de=+4.82e-08 di=-1.01e-06 dOm=-2.69e-05 dw=+2.80e-05 dM=+1.48e-06
  31 523630 (2009 OG)               Horizons: da=-3.47e-08 de=-5.38e-08 di=+3.59e-05 dOm=-1.28e-05 dw=+7.88e-06 dM=+1.88e-06
  32 143651 (2003 QO104)            Horizons: da=+4.30e-08 de=+1.41e-08 di=-2.05e-06 dOm=+6.75e-06 dw=-1.52e-06 dM=+4.75e-06
  33 143992 (2004 AF)               Horizons: da=+4.03e-08 de=-1.45e-08 di=-7.29e-07 dOm=+6.07e-06 dw=-2.73e-06 dM=-2.17e-06
  34 4015 Wilson-Harrington (1979 VA) Horizons: da=-2.79e-08 de=+3.18e-08 di=+6.62e-07 dOm=+5.10e-05 dw=-4.97e-05 dM=+1.71e-06
  35 164121 (2003 YT1)              Horizons: da=+3.32e-08 de=+4.64e-09 di=+1.20e-05 dOm=+4.68e-07 dw=-7.49e-07 dM=+3.38e-06
  36 267494 (2002 JB9)              Horizons: da=-3.94e-08 de=+4.80e-08 di=+5.66e-06 dOm=+3.94e-07 dw=+6.64e-06 dM=-5.40e-06
  37 308242 (2005 GO21)             Horizons: da=-4.54e-08 de=+4.42e-08 di=-1.25e-07 dOm=+3.30e-06 dw=-1.33e-06 dM=+4.00e-06
  38 31669 (1999 JT6)               Horizons: da=+1.63e-08 de=+7.15e-09 di=+1.49e-06 dOm=+5.41e-06 dw=-6.91e-08 dM=-2.14e-06
  39 369264 (2009 MS)               Horizons: da=+5.50e-09 de=-2.96e-08 di=+1.86e-05 dOm=+2.73e-06 dw=-4.64e-06 dM=-1.78e-05
  40 163051 (2001 YJ4)              Horizons: da=+3.78e-08 de=+1.25e-08 di=+3.17e-06 dOm=+1.95e-06 dw=-4.81e-06 dM=-4.28e-06
  41 507716 (2013 UP8)              Horizons: da=-3.44e-09 de=-2.04e-08 di=-1.12e-06 dOm=+3.27e-06 dw=+1.10e-05 dM=-6.29e-07
  42 68950 (2002 QF15)              Horizons: da=-2.88e-08 de=+5.75e-09 di=+2.84e-06 dOm=+6.57e-06 dw=-6.20e-06 dM=+1.95e-06
  43 382395 (1990 SM)               Horizons: da=+6.47e-09 de=-1.07e-07 di=+1.54e-06 dOm=+1.90e-05 dw=-7.19e-06 dM=-9.50e-06
  44 163243 (2002 FB3)              Horizons: da=-5.14e-09 de=+8.31e-08 di=+5.40e-06 dOm=+1.02e-05 dw=-1.81e-05 dM=+2.44e-06
  45 8566 (1996 EN)                 Horizons: da=+3.19e-08 de=+8.63e-08 di=+7.49e-07 dOm=+2.56e-06 dw=-6.33e-06 dM=+3.20e-06
  46 3671 Dionysus (1984 KD)        Horizons: da=+4.26e-08 de=+4.13e-08 di=-2.23e-07 dOm=+1.74e-05 dw=-1.77e-05 dM=-4.85e-07
  47 214869 (2007 PA8)              Horizons: da=+5.57e-08 de=-3.77e-08 di=-3.50e-06 dOm=+5.31e-05 dw=-5.74e-05 dM=-8.04e-06
  48 139359 (2001 ME1)              Horizons: da=-4.62e-07 de=-9.86e-08 di=+4.13e-06 dOm=+6.82e-05 dw=-6.66e-05 dM=+1.79e-04
  49 1566 Icarus (1949 MA)          Horizons: da=+1.26e-08 de=-4.94e-08 di=+2.02e-05 dOm=-5.46e-06 dw=+1.45e-05 dM=+1.99e-06
  50 99248 (2001 KY66)              Horizons: da=-1.92e-08 de=-9.64e-09 di=-7.39e-06 dOm=+2.66e-06 dw=-5.13e-06 dM=-1.83e-06
  51 39572 (1993 DQ1)               Horizons: da=-3.36e-08 de=+1.05e-09 di=-6.26e-06 dOm=+3.81e-05 dw=-3.20e-05 dM=-1.54e-05
  52 89959 (2002 NT7)               Horizons: da=-8.24e-10 de=-3.33e-08 di=-8.84e-06 dOm=-1.71e-06 dw=+5.71e-06 dM=-8.91e-06
  53 385343 (2002 LV)               Horizons: da=+3.29e-08 de=+5.91e-09 di=-4.70e-07 dOm=-7.46e-06 dw=-3.61e-06 dM=+9.29e-07
  54 68216 (2001 CV26)              Horizons: da=+4.74e-08 de=+1.22e-09 di=-3.83e-06 dOm=+1.39e-05 dw=-5.42e-06 dM=+4.10e-07
  55 68548 (2001 XR31)              Horizons: da=+2.30e-08 de=+3.87e-08 di=+2.85e-06 dOm=+7.84e-06 dw=+3.15e-06 dM=+1.44e-06
  56 7482 (1994 PC1)                Horizons: da=-4.39e-08 de=-2.40e-08 di=-2.51e-06 dOm=-7.07e-06 dw=+6.57e-06 dM=+4.02e-06
  57 144332 (2004 DV24)             Horizons: da=-1.46e-08 de=-4.78e-08 di=-5.69e-06 dOm=+5.01e-07 dw=-7.10e-06 dM=-2.15e-06
  58 485652 (2011 WO41)             Horizons: da=-2.08e-08 de=-6.46e-08 di=+7.80e-07 dOm=+3.26e-06 dw=-1.18e-05 dM=-8.03e-06
  59 5011 Ptah (6743 P-L)           Horizons: da=+2.85e-09 de=+3.86e-08 di=+4.89e-06 dOm=-1.51e-05 dw=+1.30e-05 dM=+8.95e-06
  60 66391 Moshup (1999 KW4)        Horizons: da=+2.66e-08 de=-8.31e-08 di=-1.04e-05 dOm=+9.17e-06 dw=-9.84e-06 dM=+9.38e-05
  61 217628 Lugh (1990 HA)          Horizons: da=+3.49e-08 de=-7.39e-08 di=+2.01e-06 dOm=+3.74e-05 dw=-5.80e-05 dM=-4.50e-07
  62 374851 (2006 VV2)              Horizons: da=+3.58e-08 de=-5.11e-08 di=+9.58e-07 dOm=+5.23e-06 dw=-7.94e-06 dM=+8.14e-06
  63 140288 (2001 SN289)            Horizons: da=-2.67e-08 de=-1.32e-07 di=+2.85e-05 dOm=+1.10e-05 dw=-6.41e-06 dM=-8.30e-07
  64 (2010 HY22)                    Horizons: da=-1.01e+00 de=-4.16e-01 di=-3.31e+01 dOm=+1.69e+02 dw=+1.29e+02 dM=-1.77e+02
  65 5693 (1993 EA)                 Horizons: da=+1.95e-08 de=-2.40e-08 di=-2.71e-06 dOm=+7.04e-06 dw=-3.29e-06 dM=-1.85e-06
  66 103067 (1999 XA143)            Horizons: da=+2.22e-08 de=+8.15e-08 di=-9.42e-06 dOm=+2.24e-06 dw=+8.66e-07 dM=+1.70e-06
  67 136618 (1994 CN2)              Horizons: da=-3.50e-08 de=-6.15e-08 di=-3.51e-06 dOm=-3.40e-04 dw=+3.45e-04 dM=-2.14e-05
  68 35107 (1991 VH)                Horizons: da=-2.97e-08 de=+4.10e-08 di=-5.59e-06 dOm=-8.62e-07 dw=-5.91e-07 dM=-4.30e-06
  69 138524 (2000 OJ8)              Horizons: da=-3.61e-08 de=-2.12e-08 di=-3.84e-07 dOm=-7.24e-07 dw=-7.73e-06 dM=+1.95e-06
  70 251346 (2007 SJ)               Horizons: da=-4.74e-09 de=-1.79e-08 di=-4.72e-06 dOm=+4.65e-05 dw=-5.29e-05 dM=+7.38e-07
  71 68346 (2001 KZ66)              Horizons: da=+2.78e-09 de=-1.45e-08 di=-1.77e-06 dOm=+1.79e-05 dw=-1.30e-05 dM=-1.97e-05
  72 297274 (1996 SK)               Horizons: da=-5.65e-09 de=-2.21e-08 di=+4.48e-06 dOm=-7.91e-06 dw=+2.09e-05 dM=-1.94e-05
  73 143404 (2003 BD44)             Horizons: da=-8.83e-09 de=-1.32e-08 di=+4.39e-06 dOm=-1.92e-05 dw=+2.36e-05 dM=-5.92e-07
  74 7341 (1991 VK)                 Horizons: da=+3.40e-08 de=-3.02e-08 di=+5.59e-07 dOm=+2.80e-05 dw=-2.56e-05 dM=-5.84e-06
  75 159504 (2000 WO67)             Horizons: da=-2.37e-08 de=-2.92e-08 di=-1.16e-05 dOm=+2.82e-05 dw=-2.17e-05 dM=-2.43e-06
  76 35396 (1997 XF11)              Horizons: da=+3.91e-08 de=-5.01e-08 di=+4.65e-06 dOm=-8.75e-06 dw=+7.25e-06 dM=-1.47e-06
  77 422787 (2001 WS1)              Horizons: da=-1.79e-08 de=-1.65e-08 di=-6.02e-06 dOm=+4.66e-07 dw=-9.18e-06 dM=+6.64e-06
  78 294739 (2008 CM)               Horizons: da=+1.09e-09 de=-1.06e-08 di=-4.87e-06 dOm=-2.34e-07 dw=-4.32e-06 dM=+1.07e-05
  79 67367 (2000 LY27)              Horizons: da=+2.87e-09 de=+7.72e-08 di=-2.11e-05 dOm=+1.20e-05 dw=-2.73e-05 dM=-1.00e-06
  80 377732 (2005 XJ8)              Horizons: da=-5.79e-09 de=-1.72e-08 di=+2.23e-06 dOm=+6.23e-06 dw=-2.09e-06 dM=+6.33e-06
  81 85989 (1999 JD6)               Horizons: da=-1.03e-09 de=-2.23e-09 di=-8.68e-07 dOm=-2.26e-06 dw=+1.57e-06 dM=+1.34e-05
  82 9856 (1991 EE)                 Horizons: da=-3.79e-08 de=+5.85e-08 di=-5.12e-06 dOm=-3.79e-05 dw=+4.12e-05 dM=-3.68e-06
  83 138127 (2000 EE14)             Horizons: da=-3.18e-08 de=+6.26e-08 di=-4.39e-06 dOm=+1.61e-05 dw=+1.94e-06 dM=-2.88e-05
  84 153591 (2001 SN263)            Horizons: da=-6.01e-09 de=+2.88e-09 di=-8.86e-07 dOm=-5.74e-06 dw=+1.02e-05 dM=-1.65e-06
  85 197588 (2004 HE12)             Horizons: da=+2.41e-08 de=+7.73e-09 di=-3.57e-06 dOm=+5.21e-06 dw=-3.25e-06 dM=+4.63e-06
  86 311044 (2004 BB103)            Horizons: da=-1.35e-11 de=+5.14e-08 di=-2.85e-05 dOm=-1.87e-05 dw=-1.32e-05 dM=+9.04e-06
  87 85182 (1991 AQ)                Horizons: da=-3.75e-09 de=-5.14e-08 di=+4.32e-06 dOm=-4.73e-05 dw=+4.78e-05 dM=-7.75e-06
  88 435159 (2007 LQ19)             Horizons: da=-1.82e-08 de=+4.53e-08 di=+1.84e-07 dOm=+1.84e-05 dw=-9.13e-06 dM=-9.71e-06
  89 10115 (1992 SK)                Horizons: da=+2.44e-08 de=+5.52e-08 di=+2.22e-06 dOm=+8.32e-06 dw=-5.63e-06 dM=-3.41e-06
  90 164216 (2004 OT11)             Horizons: da=+3.23e-08 de=+6.22e-09 di=-2.70e-06 dOm=+1.66e-05 dw=-1.40e-05 dM=-3.51e-06
  91 374038 (2004 HW)               Horizons: da=+2.66e-08 de=-3.36e-08 di=+1.29e-06 dOm=+9.27e-05 dw=-9.16e-05 dM=+1.58e-06
  92 500080 (2011 WV134)            Horizons: da=-2.14e-08 de=+3.20e-08 di=+3.79e-06 dOm=+1.05e-05 dw=-2.63e-06 dM=+1.64e-06
  93 53426 (1999 SL5)               Horizons: da=+2.80e-08 de=+2.84e-08 di=-8.57e-07 dOm=-2.91e-06 dw=+6.20e-06 dM=-3.25e-06
  94 484517 (2008 EC69)             Horizons: da=-2.27e-08 de=+5.03e-08 di=+5.20e-06 dOm=-6.04e-06 dw=+3.10e-06 dM=+1.07e-05
  95 89958 (2002 LY45)              Horizons: da=-4.63e-08 de=+1.48e-08 di=+4.78e-07 dOm=+3.80e-06 dw=+1.01e-06 dM=+1.38e-06
  96 348400 (2005 JF21)             Horizons: da=+1.83e-08 de=-5.66e-08 di=-1.94e-06 dOm=+6.26e-06 dw=-3.46e-06 dM=-4.64e-06
  97 253841 (2003 YG118)            Horizons: da=-3.58e-08 de=-5.01e-08 di=+7.09e-06 dOm=+2.23e-06 dw=-2.91e-06 dM=+8.41e-06
  98 4450 Pan (1987 SY)             Horizons: da=-2.75e-08 de=-1.80e-08 di=-3.22e-06 dOm=+7.45e-06 dw=-4.78e-06 dM=-4.26e-06
  99 29075 (1950 DA)                Horizons: da=-2.72e-08 de=-7.46e-08 di=-9.96e-07 dOm=+2.13e-05 dw=-2.24e-05 dM=+4.43e-07
 100 206910 (2004 NL8)              Horizons: da=+6.21e-09 de=+6.67e-08 di=+1.59e-05 dOm=+1.39e-05 dw=-1.65e-05 dM=-1.43e-05
 101 285263 (1998 QE2)              Horizons: da=-2.02e-08 de=-8.76e-09 di=+1.26e-06 dOm=+1.09e-05 dw=+1.06e-05 dM=-1.14e-05
 102 161989 Cacus (1978 CA)         Horizons: da=-2.95e-08 de=+4.45e-08 di=+7.29e-06 dOm=-1.47e-06 dw=+7.13e-06 dM=+2.47e-06
 103 5604 (1992 FE)                 Horizons: da=+3.88e-08 de=+3.69e-08 di=+1.08e-06 dOm=+1.85e-05 dw=-1.80e-05 dM=-3.62e-06
 104 192563 (1998 WZ6)              Horizons: da=+4.66e-08 de=-2.63e-08 di=+1.27e-05 dOm=+1.62e-05 dw=-2.09e-05 dM=+9.03e-06
 105 7822 (1991 CS)                 Horizons: da=-4.07e-08 de=+3.05e-08 di=-6.79e-06 dOm=+4.60e-06 dw=-7.48e-06 dM=+2.14e-05
 106 53789 (2000 ED104)             Horizons: da=-3.05e-08 de=-7.11e-08 di=+6.92e-06 dOm=+3.91e-06 dw=+7.91e-06 dM=-6.39e-07
 107 164400 (2005 GN59)             Horizons: da=-3.29e-08 de=-2.53e-08 di=+2.88e-06 dOm=-9.13e-07 dw=-9.53e-08 dM=-1.93e-06
 108 243566 (1995 SA)               Horizons: da=+3.77e-08 de=+1.63e-08 di=-1.43e-06 dOm=-2.64e-06 dw=+5.60e-06 dM=+3.66e-06
 109 4769 Castalia (1989 PB)        Horizons: da=-8.69e-09 de=+1.52e-09 di=-2.95e-05 dOm=+5.10e-05 dw=-4.46e-05 dM=+2.73e-05
 110 (2022 AP7)                     Horizons: da=-2.69e-07 de=-1.12e-07 di=+1.63e-05 dOm=+1.88e-04 dw=-1.23e-04 dM=+3.10e-05
 111 518678 (2008 UZ94)             Horizons: da=+4.47e-08 de=+2.35e-08 di=+9.79e-06 dOm=+1.44e-05 dw=-8.89e-07 dM=-5.16e-06
 112 143649 (2003 QQ47)             Horizons: da=+1.38e-08 de=+3.24e-08 di=+3.47e-06 dOm=+4.90e-06 dw=-8.75e-06 dM=+6.96e-06
 113 242643 (2005 NZ6)              Horizons: da=+4.73e-08 de=+2.38e-08 di=-3.07e-06 dOm=-5.22e-06 dw=+5.70e-06 dM=-5.01e-06
 114 153311 (2001 MG1)              Horizons: da=-3.06e-08 de=-4.79e-08 di=+4.15e-06 dOm=-8.81e-06 dw=+1.79e-05 dM=-1.34e-05
 115 220839 (2004 VA)               Horizons: da=+4.57e-08 de=-1.75e-08 di=-4.45e-06 dOm=+7.63e-05 dw=-6.92e-05 dM=+2.37e-07
 116 153220 (2000 YN29)             Horizons: da=+7.39e-08 de=-1.61e-07 di=-2.68e-05 dOm=-4.19e-05 dw=+2.48e-05 dM=+2.96e-06
 117 325395 (2009 CQ5)              Horizons: da=-1.52e-08 de=-3.93e-08 di=+6.69e-06 dOm=-2.13e-05 dw=+3.13e-05 dM=-6.94e-07
 118 434677 (2006 BZ7)              Horizons: da=+3.46e-08 de=+1.17e-08 di=-1.41e-05 dOm=-8.48e-06 dw=+9.55e-06 dM=-1.02e-05
 119 458436 (2011 AL52)             Horizons: da=+3.49e-09 de=+4.77e-08 di=-1.61e-06 dOm=+3.54e-05 dw=-4.46e-05 dM=+1.10e-05
 120 186844 (2004 GA1)              Horizons: da=+1.61e-08 de=+1.10e-08 di=+3.06e-06 dOm=+1.19e-06 dw=-3.11e-06 dM=-8.56e-07
 121 (2020 SL1)                     Horizons: da=-1.07e-07 de=-3.65e-07 di=+3.71e-06 dOm=+9.03e-05 dw=-2.08e-04 dM=+3.11e-04
 122 86819 (2000 GK137)             Horizons: da=-3.82e-08 de=-2.52e-09 di=+3.30e-06 dOm=+3.93e-05 dw=-3.99e-05 dM=+2.15e-06
 123 290772 (2005 VC)               Horizons: da=-2.07e-07 de=-2.33e-07 di=-5.96e-05 dOm=+4.78e-04 dw=-5.41e-04 dM=+2.67e-04
 124 314082 Dryope (2005 CZ36)      Horizons: da=-5.24e-08 de=-2.85e-08 di=-1.69e-06 dOm=+1.86e-06 dw=-1.46e-05 dM=+1.67e-05
 125 231937 (2001 FO32)             Horizons: da=-5.26e-08 de=+7.22e-08 di=-5.66e-06 dOm=+9.63e-08 dw=+4.44e-07 dM=+1.00e-06
 126 52760 (1998 ML14)              Horizons: da=+7.66e-10 de=-2.59e-08 di=-4.51e-06 dOm=+1.74e-05 dw=-7.35e-06 dM=-6.73e-06
 127 458122 (2010 EW45)             Horizons: da=+4.08e-10 de=-3.35e-08 di=-1.02e-06 dOm=-9.13e-05 dw=+8.65e-05 dM=+9.46e-07
 128 163899 (2003 SD220)            Horizons: da=-2.23e-08 de=-1.54e-08 di=-5.45e-06 dOm=-5.38e-06 dw=+1.39e-05 dM=-8.13e-06
 129 504034 (2005 UJ159)            Horizons: da=-3.07e-08 de=-4.10e-08 di=+1.02e-05 dOm=-2.56e-06 dw=+4.10e-06 dM=+2.63e-06
 130 177614 (2004 HK33)             Horizons: da=+9.64e-09 de=+8.61e-09 di=-2.02e-06 dOm=+2.13e-05 dw=-2.81e-05 dM=-2.48e-06
 131 (2025 VP)                      Horizons: da=-1.91e-04 de=-2.58e-06 di=+1.29e-05 dOm=-1.65e-04 dw=-3.76e-05 dM=+2.16e-04
 132 180186 (2003 QZ30)             Horizons: da=-4.43e-08 de=+3.74e-08 di=-1.10e-05 dOm=+1.83e-05 dw=-1.33e-05 dM=+2.90e-06
 133 481482 (2007 CA19)             Horizons: da=+3.19e-08 de=+2.07e-09 di=+3.90e-06 dOm=-3.55e-06 dw=+5.02e-06 dM=-3.06e-07
 134 162510 (2000 QW69)             Horizons: da=+4.04e-08 de=-3.25e-08 di=-3.30e-06 dOm=+1.12e-05 dw=-4.44e-06 dM=+3.41e-06
 135 154276 (2002 SY50)             Horizons: da=+3.05e-08 de=-5.02e-09 di=-5.95e-06 dOm=-2.28e-06 dw=+5.81e-06 dM=-6.58e-07
 136 385186 (1994 AW1)              Horizons: da=-2.14e-08 de=-5.75e-09 di=+1.09e-06 dOm=-9.64e-06 dw=+1.90e-05 dM=-1.93e-05
 137 430440 (2000 OH)               Horizons: da=-4.23e-08 de=-1.15e-08 di=+4.44e-06 dOm=+5.85e-05 dw=-5.82e-05 dM=+1.50e-05
 138 (2021 HK12)                    Horizons: da=+6.91e-08 de=+9.04e-07 di=-4.06e-05 dOm=-6.80e-05 dw=+1.49e-04 dM=+2.25e-05
 139 (2009 SG18)                    Horizons: da=-6.15e-02 de=-6.14e-01 di=-4.79e+01 dOm=+1.61e+02 dw=-9.08e+01 dM=-1.76e+02
 140 802885 (2015 HY116)            Horizons: da=+6.83e-08 de=-1.02e-07 di=-3.81e-06 dOm=+9.97e-05 dw=-9.68e-05 dM=-7.34e-06
 141 22753 (1998 WT)                Horizons: da=-1.44e-09 de=+1.90e-08 di=-2.31e-06 dOm=+2.01e-05 dw=-2.36e-05 dM=-4.32e-06
 142 69230 Hermes (1937 UB)         Horizons: da=-1.86e-08 de=-3.66e-08 di=+3.65e-06 dOm=+3.08e-06 dw=-5.98e-06 dM=-3.67e-06
 143 154302 (2002 UQ3)              Horizons: da=-1.36e-08 de=+3.53e-08 di=-7.30e-06 dOm=+1.55e-06 dw=-4.39e-06 dM=+2.07e-06
 144 (1999 XS35)                    Horizons: da=-1.63e+01 de=-8.15e-01 di=-1.85e+01 dOm=+1.50e+02 dw=+1.52e+02 dM=-2.24e+01
 145 7335 (1989 JA)                 Horizons: da=-1.81e-09 de=+2.90e-08 di=-2.55e-06 dOm=+2.40e-06 dw=+7.48e-06 dM=+4.03e-06
 146 136849 (1998 CS1)              Horizons: da=-4.30e-08 de=+2.63e-08 di=-5.91e-06 dOm=+1.38e-06 dw=+2.47e-06 dM=-1.14e-06
 147 (2022 RX3)                     Horizons: da=+1.52e-05 de=+2.10e-06 di=+4.94e-05 dOm=+3.79e-05 dw=+8.00e-05 dM=-2.73e-03
 148 620095 (2016 CB194)            Horizons: da=+7.88e-08 de=-8.64e-09 di=+2.38e-06 dOm=-1.59e-04 dw=+1.75e-04 dM=-2.64e-05
 149 20236 (1998 BZ7)               Horizons: da=-9.76e-09 de=-1.88e-08 di=+9.34e-08 dOm=-2.71e-05 dw=+3.01e-05 dM=+4.17e-06
 150 212546 (2006 SV19)             Horizons: da=+1.74e-09 de=-1.08e-08 di=+9.11e-07 dOm=-2.91e-05 dw=+3.01e-05 dM=+4.66e-06
 151 756316 (2018 XV5)              Horizons: da=-4.51e-08 de=+3.19e-08 di=-3.81e-06 dOm=-9.84e-06 dw=+8.12e-06 dM=+1.85e-06
 152 414287 (2008 OB9)              Horizons: da=+1.27e-08 de=+3.20e-08 di=+1.83e-05 dOm=-5.04e-05 dw=+6.15e-05 dM=-1.99e-06
 153 88254 (2001 FM129)             Horizons: da=+9.80e-09 de=-4.20e-08 di=+2.96e-06 dOm=+4.29e-05 dw=-4.37e-05 dM=-4.42e-06
 154 163014 (2001 UA5)              Horizons: da=+2.92e-08 de=+1.96e-08 di=-1.46e-06 dOm=+1.18e-05 dw=-1.83e-05 dM=-1.35e-06
 155 90403 (2003 YE45)              Horizons: da=+3.46e-08 de=-4.37e-09 di=+8.72e-07 dOm=+1.07e-06 dw=+2.02e-06 dM=+1.31e-05
 156 139211 (2001 GN2)              Horizons: da=-5.50e-08 de=+7.65e-08 di=+5.02e-06 dOm=+1.60e-05 dw=-4.25e-05 dM=+7.54e-05
 157 620055 (2003 BK47)             Horizons: da=+4.20e-08 de=-1.67e-08 di=+6.96e-06 dOm=-9.48e-06 dw=+8.84e-06 dM=-5.41e-06
 158 (2019 CE4)                     Horizons: da=+4.01e-08 de=-3.21e-08 di=-1.96e-06 dOm=+5.69e-07 dw=-6.95e-06 dM=+5.64e-06
 159 329614 (2003 KU2)              Horizons: da=+4.51e-08 de=-2.05e-08 di=-5.68e-06 dOm=-2.83e-05 dw=+3.27e-05 dM=-4.17e-07
 160 200840 (2001 XN254)            Horizons: da=-4.48e-08 de=+3.63e-08 di=-1.27e-06 dOm=+3.63e-05 dw=-3.93e-05 dM=-3.37e-07
 161 523589 (2001 HA4)              Horizons: da=-1.48e-08 de=+2.63e-08 di=-4.39e-06 dOm=+7.63e-06 dw=-7.34e-06 dM=-3.31e-06
 162 152637 (1997 NC1)              Horizons: da=+2.96e-08 de=-3.34e-08 di=-4.82e-06 dOm=-3.58e-06 dw=-7.09e-06 dM=+1.58e-05
 163 310560 (2001 QL142)            Horizons: da=+1.27e-08 de=-2.31e-10 di=+1.15e-05 dOm=+2.38e-05 dw=-3.26e-05 dM=-3.27e-05
 164 381906 (2010 CL19)             Horizons: da=+2.35e-08 de=-2.76e-08 di=-4.55e-06 dOm=-7.30e-06 dw=+1.10e-05 dM=-1.52e-05
 165 141851 (2002 PM6)              Horizons: da=+3.78e-08 de=+2.50e-08 di=+2.35e-06 dOm=-1.31e-05 dw=+1.56e-06 dM=+2.42e-05
 166 (2004 UV1)                     Horizons: da=-1.32e-01 de=-4.68e-01 di=-8.26e+00 dOm=-1.65e+00 dw=-1.40e+02 dM=-1.54e+02
 167 (2020 QF6)                     Horizons: da=+2.44e-08 de=-8.15e-08 di=+1.03e-05 dOm=-3.02e-06 dw=+1.26e-05 dM=-2.23e-05
 168 657084 (2016 GT220)            Horizons: da=-3.93e-08 de=+8.63e-09 di=-1.23e-06 dOm=-1.45e-07 dw=-2.37e-05 dM=+4.51e-05
 169 853424 (2009 FU4)              Horizons: da=-9.57e-09 de=-6.14e-09 di=-6.48e-06 dOm=-3.76e-05 dw=+3.13e-05 dM=+4.12e-06
 170 5189 (1990 UQ)                 Horizons: da=+3.99e-08 de=+3.22e-08 di=+2.29e-07 dOm=+5.94e-06 dw=-2.58e-06 dM=-2.77e-06
 171 37655 Illapa (1994 PM)         Horizons: da=-1.32e-08 de=-1.73e-08 di=-6.96e-07 dOm=-1.85e-06 dw=+3.22e-06 dM=+1.83e-06
 172 13651 (1997 BR)                Horizons: da=+3.29e-09 de=+4.80e-08 di=+1.01e-06 dOm=+2.29e-05 dw=-3.84e-05 dM=+2.88e-05
 173 363790 (2005 JE46)             Horizons: da=-1.59e-08 de=+1.66e-08 di=+2.24e-06 dOm=+1.41e-06 dw=-5.76e-06 dM=-5.19e-06
 174 154269 (2002 SM)               Horizons: da=-3.99e-09 de=-3.28e-08 di=+9.48e-06 dOm=-1.59e-05 dw=+1.21e-05 dM=+6.58e-06
 175 366774 (2004 TB18)             Horizons: da=-4.27e-09 de=-3.81e-08 di=+6.75e-07 dOm=+9.15e-06 dw=-9.63e-06 dM=+2.96e-06
 176 100085 (1992 UY4)              Horizons: da=-5.50e-08 de=-3.62e-08 di=+1.58e-06 dOm=+2.37e-06 dw=-8.74e-06 dM=+2.54e-06
 177 529668 (2010 JL33)             Horizons: da=+5.07e-08 de=+3.49e-09 di=+6.93e-06 dOm=+1.39e-05 dw=-1.39e-05 dM=-9.78e-06
 178 430804 (2005 AD13)             Horizons: da=-4.71e-08 de=+6.33e-09 di=+4.26e-06 dOm=+6.64e-06 dw=-1.28e-05 dM=-5.49e-07
 179 (2019 RU3)                     Horizons: da=+3.07e-08 de=+1.43e-07 di=+1.75e-05 dOm=-2.02e-05 dw=+2.40e-05 dM=-7.78e-06
 180 746849 (2012 HJ1)              Horizons: da=+2.92e-08 de=+3.35e-08 di=+1.91e-05 dOm=-2.18e-06 dw=+3.18e-06 dM=-9.00e-06
 181 136617 (1994 CC)               Horizons: da=+5.02e-08 de=-2.77e-08 di=-3.78e-06 dOm=+4.73e-06 dw=-1.07e-05 dM=+6.02e-07
 182 162825 (2001 BO61)             Horizons: da=+2.90e-09 de=+3.80e-08 di=-3.08e-06 dOm=-2.89e-06 dw=-5.12e-06 dM=+5.42e-06
 183 443103 (2013 WT67)             Horizons: da=-5.15e-09 de=+6.94e-09 di=+9.42e-06 dOm=-4.25e-06 dw=+3.82e-06 dM=-4.04e-05
 184 482467 (2012 LK9)              Horizons: da=+8.01e-10 de=+3.19e-08 di=+4.42e-06 dOm=-1.26e-05 dw=+1.83e-05 dM=-4.62e-07
 185 741491 (2006 DU62)             Horizons: da=+3.07e-08 de=-6.91e-08 di=+9.96e-06 dOm=+5.37e-06 dw=-3.91e-07 dM=-1.92e-05
 186 348314 (2005 BC)               Horizons: da=-2.41e-08 de=+3.30e-08 di=+3.74e-06 dOm=-4.04e-06 dw=+3.84e-07 dM=+5.48e-06
 187 436671 (2011 SV71)             Horizons: da=-6.23e-08 de=+2.77e-09 di=-3.59e-06 dOm=-3.34e-05 dw=+4.56e-05 dM=+1.21e-05
 188 671294 (2014 JO25)             Horizons: da=+2.24e-08 de=+5.24e-08 di=+3.13e-06 dOm=+5.71e-06 dw=-5.57e-06 dM=-6.25e-06
 189 7753 (1988 XB)                 Horizons: da=-2.82e-08 de=-1.77e-08 di=+2.48e-06 dOm=+7.49e-07 dw=+1.91e-06 dM=-1.57e-06
 190 33342 (1998 WT24)              Horizons: da=+1.43e-08 de=+3.42e-08 di=+1.10e-06 dOm=+1.29e-05 dw=-6.54e-06 dM=+1.75e-05
 191 405212 (2003 QC10)             Horizons: da=-1.30e-08 de=+3.76e-08 di=-4.56e-06 dOm=-7.65e-06 dw=+3.99e-06 dM=+3.91e-06
 192 (2012 QC8)                     Horizons: da=-6.33e-01 de=-5.64e-01 di=-2.61e+00 dOm=+2.05e+01 dw=-1.63e+02 dM=+1.47e+02
 193 2135 Aristaeus (1977 HA)       Horizons: da=+3.37e-08 de=-9.69e-07 di=+2.08e-06 dOm=-1.36e-04 dw=+4.47e-05 dM=+1.88e-04
 194 137108 (1999 AN10)             Horizons: da=+2.03e-10 de=+8.62e-08 di=+1.02e-05 dOm=-2.08e-06 dw=-3.86e-06 dM=+1.18e-06
 195 267337 (2001 VK5)              Horizons: da=-3.99e-08 de=+1.70e-08 di=-9.88e-07 dOm=-8.72e-06 dw=+9.85e-06 dM=+1.33e-05
 196 455299 (2002 EL6)              Horizons: da=-2.36e-08 de=+1.81e-08 di=+4.93e-06 dOm=+1.69e-05 dw=-2.50e-05 dM=+3.53e-06
 197 386847 (2010 LR33)             Horizons: da=+1.79e-08 de=-5.62e-08 di=+4.58e-06 dOm=+1.60e-05 dw=-7.85e-06 dM=+2.95e-07
 198 141525 (2002 FV5)              Horizons: da=+1.42e-08 de=+3.79e-08 di=+4.17e-06 dOm=-5.48e-06 dw=+1.13e-06 dM=-5.13e-06
 199 (2017 CH1)                     Horizons: da=-8.49e-10 de=-8.53e-09 di=+4.62e-06 dOm=+8.80e-06 dw=-6.56e-06 dM=-2.78e-06
 200 250620 (2005 GE59)             Horizons: da=-1.14e-08 de=+3.54e-08 di=+1.20e-06 dOm=-2.60e-07 dw=+1.02e-05 dM=-8.62e-06
 201 409836 (2006 QY110)            Horizons: da=+2.40e-08 de=+7.62e-09 di=-8.30e-07 dOm=+2.03e-05 dw=-2.24e-05 dM=-8.31e-07
 202 137126 (1999 CF9)              Horizons: da=-3.85e-08 de=+1.83e-09 di=+9.10e-07 dOm=+2.42e-05 dw=-2.27e-05 dM=-2.05e-06
 203 140039 (2001 SO73)             Horizons: da=-7.13e-09 de=+2.48e-08 di=+1.89e-06 dOm=+3.86e-05 dw=-4.71e-05 dM=+2.83e-06
 204 451124 (2009 KC3)              Horizons: da=+4.06e-08 de=-4.12e-08 di=-6.47e-06 dOm=-2.96e-06 dw=+1.14e-05 dM=-1.41e-05
 205 895358 (2020 EN)               Horizons: da=+3.74e-08 de=-4.16e-08 di=+2.58e-06 dOm=-1.07e-05 dw=+9.77e-06 dM=+7.56e-07
 206 (2020 JM2)                     Horizons: da=-3.03e-01 de=-4.80e-02 di=+4.76e-01 dOm=-4.34e+00 dw=+6.14e+00 dM=+5.79e+01
 207 26663 (2000 XK47)              Horizons: da=-6.48e-09 de=-1.11e-08 di=+6.32e-06 dOm=-9.05e-06 dw=+7.15e-06 dM=+2.00e-06
 208 65803 Didymos (1996 GT)        Horizons: da=+8.56e-09 de=+2.43e-08 di=-3.48e-06 dOm=+3.62e-06 dw=+1.31e-07 dM=-1.38e-06
 209 136795 Tatsunokingo (1997 BQ)  Horizons: da=+1.40e-08 de=+1.43e-08 di=+7.49e-06 dOm=+2.44e-05 dw=-2.60e-05 dM=-8.62e-07
 210 162421 (2000 ET70)             Horizons: da=+2.18e-08 de=+4.00e-08 di=+1.72e-05 dOm=+1.32e-05 dw=-2.71e-05 dM=+3.60e-05
 211 242708 (2005 UK1)              Horizons: da=-5.23e-08 de=+1.78e-09 di=+3.18e-06 dOm=+1.26e-04 dw=-1.22e-04 dM=-7.10e-07
 212 533722 (2014 NE52)             Horizons: da=-9.42e-09 de=+2.80e-08 di=-2.30e-06 dOm=-2.89e-05 dw=+2.50e-05 dM=+2.20e-06
 213 196068 (2002 TW55)             Horizons: da=-6.31e-08 de=+1.23e-07 di=+9.79e-05 dOm=-2.49e-06 dw=-8.64e-07 dM=+3.17e-05
 214 892673 (2015 TM237)            Horizons: da=-1.26e-07 de=+2.30e-06 di=+8.83e-06 dOm=+5.22e-05 dw=+3.88e-04 dM=-1.17e-03
 215 170086 (2002 XR14)             Horizons: da=+2.20e-08 de=+4.00e-08 di=-1.13e-06 dOm=+1.66e-05 dw=-1.07e-05 dM=-3.17e-06
 216 307005 (2001 XP1)              Horizons: da=-1.45e-09 de=+7.54e-08 di=+1.02e-05 dOm=-5.20e-06 dw=+2.36e-05 dM=+1.28e-05
 217 523816 (2009 ST103)            Horizons: da=-2.59e-08 de=+3.98e-08 di=-5.35e-06 dOm=+1.63e-05 dw=-1.23e-05 dM=-8.45e-06
 218 756955 (2021 MG1)              Horizons: da=-7.25e-08 de=-4.34e-08 di=+8.80e-06 dOm=-7.25e-06 dw=+2.83e-06 dM=+3.88e-06
 219 410778 (2009 FG19)             Horizons: da=-2.51e-08 de=+4.44e-08 di=+3.40e-05 dOm=+1.02e-05 dw=-4.13e-06 dM=+4.80e-06
 220 434096 (2002 GO5)              Horizons: da=-6.98e-09 de=+7.90e-09 di=-7.58e-06 dOm=+1.66e-05 dw=-1.14e-05 dM=+2.49e-06
 221 162998 (2001 SK162)            Horizons: da=-1.20e-08 de=+3.97e-08 di=+5.13e-06 dOm=+1.64e-04 dw=-1.73e-04 dM=+1.16e-05
 222 199003 (2005 WJ56)             Horizons: da=+2.27e-08 de=+3.28e-08 di=-1.20e-06 dOm=+3.00e-06 dw=-1.94e-06 dM=-7.61e-06
 223 (2014 MR26)                    Horizons: da=+6.31e-09 de=-5.23e-08 di=+1.17e-05 dOm=+5.28e-05 dw=-4.04e-05 dM=-4.04e-06
 224 (2015 OL35)                    Horizons: da=+1.78e-08 de=+3.63e-08 di=-7.87e-06 dOm=-2.92e-05 dw=+3.92e-05 dM=-9.52e-07
 225 450894 (2008 BT18)             Horizons: da=-1.25e-08 de=-3.92e-08 di=+5.01e-06 dOm=+2.19e-05 dw=-2.99e-05 dM=-1.43e-06
 226 365071 (2009 AV)               Horizons: da=+1.88e-08 de=+1.04e-07 di=+2.07e-05 dOm=+8.91e-06 dw=+1.74e-05 dM=-1.62e-05
 227 887030 (2023 QF5)              Horizons: da=-1.08e-08 de=-6.31e-08 di=+7.25e-07 dOm=-7.15e-06 dw=-1.03e-05 dM=+1.63e-06
 228 154330 (2002 VX94)             Horizons: da=+1.62e-08 de=-6.13e-08 di=+4.18e-06 dOm=-5.79e-06 dw=+1.31e-05 dM=-5.53e-06
 229 444193 (2005 SE71)             Horizons: da=-4.31e-08 de=+1.93e-08 di=+8.36e-07 dOm=-1.41e-06 dw=+1.92e-06 dM=+4.23e-08
 230 170903 (2004 WS2)              Horizons: da=+4.10e-08 de=-3.33e-08 di=-5.07e-06 dOm=-1.64e-05 dw=+4.14e-06 dM=-1.29e-06
 231 389694 (2011 QD48)             Horizons: da=-2.65e-08 de=+6.20e-09 di=-1.57e-05 dOm=+6.84e-06 dw=+6.14e-06 dM=-2.33e-06
 232 523820 (2011 GN44)             Horizons: da=-3.90e-08 de=+3.42e-08 di=+6.62e-05 dOm=+3.34e-06 dw=-4.85e-06 dM=-9.17e-06
 233 612522 (2002 VP69)             Horizons: da=-1.97e-08 de=+2.98e-08 di=-3.36e-06 dOm=-4.37e-06 dw=+3.36e-06 dM=-4.41e-06
 234 744281 (2009 HD21)             Horizons: da=+7.79e-09 de=+3.43e-08 di=+2.97e-07 dOm=-7.99e-06 dw=+5.79e-06 dM=-1.35e-06
 235 (2007 RU17)                    Horizons: da=+7.74e-01 de=-5.82e-01 di=+1.22e+01 dOm=+6.67e+01 dw=+1.31e+02 dM=+5.58e+01
 236 466130 (2012 FZ23)             Horizons: da=-4.09e-08 de=+8.15e-09 di=+2.83e-05 dOm=+1.13e-05 dw=-1.30e-05 dM=+3.95e-06
 237 506859 (2007 VW137)            Horizons: da=+2.52e-08 de=-1.77e-08 di=-1.33e-06 dOm=+5.37e-06 dw=-4.16e-06 dM=-1.79e-05
 238 417211 (2005 XL80)             Horizons: da=-1.52e-08 de=-7.69e-08 di=-5.41e-06 dOm=-7.11e-06 dw=+1.11e-05 dM=-1.08e-05
 239 144900 (2004 VG64)             Horizons: da=-2.83e-08 de=+8.90e-08 di=+2.53e-06 dOm=-2.98e-06 dw=-8.05e-07 dM=-5.35e-06
 240 173561 (2000 YV137)            Horizons: da=+4.28e-08 de=-2.98e-08 di=-2.53e-06 dOm=-5.39e-06 dw=+1.03e-05 dM=-4.07e-06
 241 153002 (2000 JG5)              Horizons: da=+8.88e-09 de=+6.99e-08 di=-7.74e-07 dOm=+4.43e-06 dw=-2.07e-06 dM=+7.21e-06
 242 153814 (2001 WN5)              Horizons: da=+1.15e-08 de=+2.86e-10 di=-6.84e-06 dOm=+7.36e-05 dw=-7.47e-05 dM=+1.43e-06
 243 267131 (2000 EK26)             Horizons: da=-3.74e-08 de=+1.35e-08 di=+4.04e-06 dOm=+4.98e-06 dw=+1.01e-05 dM=-2.96e-06
 244 311066 (2004 DC)               Horizons: da=+4.83e-08 de=-2.27e-08 di=+1.26e-05 dOm=-1.29e-05 dw=+1.18e-05 dM=-4.82e-06
 245 422699 (2000 PD3)              Horizons: da=-2.24e-08 de=-6.37e-08 di=+9.46e-07 dOm=-1.85e-05 dw=+1.38e-05 dM=-2.63e-06
 246 866876 (2015 TE323)            Horizons: da=-4.61e-08 de=-1.87e-08 di=+6.73e-06 dOm=+1.54e-05 dw=-1.30e-05 dM=-4.68e-06
 247 27002 (1998 DV9)               Horizons: da=-3.97e-08 de=-2.16e-08 di=-3.12e-06 dOm=+2.00e-05 dw=-2.14e-05 dM=+2.93e-06
 248 137120 (1999 BJ8)              Horizons: da=+3.70e-08 de=+4.02e-09 di=+3.69e-06 dOm=+2.08e-05 dw=-1.90e-05 dM=+6.50e-06
 249 162979 (2001 RA12)             Horizons: da=-1.20e-08 de=+5.52e-08 di=-4.74e-06 dOm=-2.15e-06 dw=-9.89e-06 dM=+3.73e-05
 250 199145 (2005 YY128)            Horizons: da=+3.29e-09 de=+1.54e-08 di=+2.87e-06 dOm=-3.66e-05 dw=+3.82e-05 dM=-4.09e-06
 251 (2007 YB2)                     Horizons: da=+7.08e-02 de=-3.60e-01 di=-1.56e+00 dOm=-4.62e+00 dw=-9.63e+01 dM=-8.66e+01
 252 (2020 BW14)                    Horizons: da=+9.58e-08 de=+6.55e-08 di=+6.81e-06 dOm=-3.55e-05 dw=+1.05e-05 dM=-2.87e-05
 253 349068 (2006 YT13)             Horizons: da=+8.45e-09 de=-1.82e-09 di=+7.35e-06 dOm=-2.02e-06 dw=+3.07e-06 dM=-5.95e-06
 254 853531 (2009 KE3)              Horizons: da=+1.29e-08 de=+4.36e-08 di=+5.36e-06 dOm=+1.36e-04 dw=-1.47e-04 dM=-1.18e-06
 255 175706 (1996 FG3)              Horizons: da=+3.78e-08 de=+2.64e-08 di=-3.19e-06 dOm=-2.61e-06 dw=+8.95e-06 dM=-9.42e-06
 256 185851 (2000 DP107)            Horizons: da=-2.65e-08 de=-5.30e-08 di=-4.79e-06 dOm=+5.03e-06 dw=-2.08e-06 dM=-2.02e-06
 257 260141 (2004 QT24)             Horizons: da=+9.67e-09 de=+5.78e-08 di=+7.29e-07 dOm=+8.44e-06 dw=-1.64e-05 dM=+9.61e-06
 258 141593 (2002 HK12)             Horizons: da=+4.91e-08 de=-1.75e-08 di=+4.42e-06 dOm=-1.98e-05 dw=+1.69e-05 dM=-8.80e-07
 259 (2008 SV11)                    Horizons: da=+1.91e-03 de=-4.62e-01 di=+9.28e+00 dOm=+1.45e+02 dw=+9.51e+01 dM=+1.00e+02
 260 417871 (2007 MB24)             Horizons: da=-1.20e-08 de=-9.50e-08 di=+1.50e-05 dOm=+7.91e-06 dw=+1.08e-06 dM=+6.55e-06
 261 497117 (2004 FU4)              Horizons: da=+7.35e-09 de=-3.41e-09 di=-5.75e-06 dOm=+3.66e-06 dw=-1.26e-05 dM=+9.64e-06
 262 678715 (2017 VV14)             Horizons: da=+6.59e-08 de=+4.01e-08 di=-3.93e-06 dOm=+1.07e-05 dw=-1.56e-05 dM=-5.15e-06
 263 153958 (2002 AM31)             Horizons: da=+3.64e-09 de=+2.36e-09 di=-5.45e-06 dOm=+1.22e-06 dw=-4.43e-06 dM=-2.70e-06
 264 (2011 BE38)                    Horizons: da=+5.19e-01 de=-4.49e-01 di=+5.35e+00 dOm=+5.48e+01 dw=-5.92e+01 dM=-8.64e+01
 265 482798 (2013 QK48)             Horizons: da=+2.65e-08 de=+2.41e-09 di=+1.08e-05 dOm=+6.56e-06 dw=+8.87e-07 dM=-6.15e-06
 266 620092 (2015 HB10)             Horizons: da=+4.76e-08 de=+4.06e-08 di=+8.54e-07 dOm=-1.37e-05 dw=+1.72e-05 dM=-1.64e-06
 267 194268 (2001 UY4)              Horizons: da=-3.74e-08 de=-3.58e-08 di=-2.32e-06 dOm=-2.19e-05 dw=+1.23e-05 dM=+1.44e-06
 268 (2017 HT2)                     Horizons: da=-1.14e-08 de=+2.32e-08 di=-5.15e-06 dOm=-8.19e-06 dw=+5.04e-08 dM=+6.10e-06
 269 263976 (2009 KD5)              Horizons: da=-2.55e-08 de=+5.77e-08 di=+8.99e-06 dOm=-7.49e-06 dw=+9.96e-06 dM=+4.27e-06
 270 837449 (2013 NJ10)             Horizons: da=+2.04e-10 de=-3.60e-07 di=+2.63e-05 dOm=-1.23e-04 dw=+1.74e-04 dM=-3.15e-05
 271 244977 (2004 BE68)             Horizons: da=-2.14e-09 de=-9.77e-08 di=-2.28e-06 dOm=+7.40e-06 dw=-1.40e-05 dM=+4.52e-06
 272 255071 (2005 UH6)              Horizons: da=-4.08e-08 de=+6.92e-07 di=-1.71e-05 dOm=+1.51e-04 dw=-2.12e-04 dM=-2.82e-06
 273 11500 Tomaiyowit (1989 UR)     Horizons: da=-4.49e-09 de=-1.23e-09 di=+6.41e-06 dOm=+4.35e-06 dw=-1.15e-05 dM=+2.14e-05
 274 457768 (2009 KN4)              Horizons: da=-1.69e-08 de=+2.34e-09 di=-5.05e-06 dOm=+2.01e-05 dw=-1.98e-05 dM=+2.98e-07
 275 612813 (2004 RF84)             Horizons: da=-3.94e-08 de=+4.90e-09 di=-7.27e-06 dOm=-2.97e-06 dw=-5.59e-06 dM=+2.27e-06
 276 614470 Flordeneu (2009 ST19)   Horizons: da=-2.60e-08 de=+8.16e-09 di=+1.08e-06 dOm=+5.73e-06 dw=-1.68e-05 dM=+2.96e-06
 277 531914 (2013 BW76)             Horizons: da=-8.80e-09 de=-5.52e-08 di=-1.21e-06 dOm=+4.86e-06 dw=+1.75e-05 dM=-4.13e-06
 278 (2001 VB)                      Horizons: da=+6.58e-02 de=-6.98e-01 di=-6.11e+00 dOm=+5.56e+01 dw=+1.56e+02 dM=-4.97e+01
 279 152770 (1999 RR28)             Horizons: da=+3.47e-08 de=-1.35e-08 di=-1.58e-07 dOm=-1.03e-05 dw=+9.46e-06 dM=+2.49e-06
 280 288807 (2004 RW164)            Horizons: da=+2.05e-08 de=+3.43e-08 di=+3.60e-06 dOm=-1.90e-06 dw=+9.77e-06 dM=-1.55e-05
 281 436774 (2012 KY3)              Horizons: da=-5.93e-09 de=-5.21e-08 di=+2.00e-06 dOm=-3.51e-07 dw=-5.29e-06 dM=+5.06e-06
 282 (2016 BZ14)                    Horizons: da=+3.23e-08 de=-6.88e-09 di=-6.44e-06 dOm=-7.12e-06 dw=+9.70e-06 dM=-1.79e-06
 283 417612 (2006 WQ29)             Horizons: da=-7.07e-08 de=-1.94e-06 di=-1.63e-05 dOm=-7.15e-07 dw=+3.95e-04 dM=-4.88e-04
 284 463387 (2013 CT82)             Horizons: da=+4.41e-09 de=-8.95e-08 di=+4.08e-06 dOm=+2.85e-04 dw=-2.59e-04 dM=-1.81e-05
 285 881303 (2015 FS332)            Horizons: da=-3.69e-08 de=-2.04e-08 di=+1.19e-05 dOm=+8.89e-06 dw=-2.15e-06 dM=+2.36e-06
 286 163818 (2003 RX7)              Horizons: da=-1.37e-08 de=+1.37e-08 di=-1.06e-05 dOm=+8.04e-06 dw=-1.28e-05 dM=+8.84e-06
 287 (2011 BX10)                    Horizons: da=+2.39e-01 de=-5.54e-01 di=+7.87e+00 dOm=-1.30e+02 dw=-6.63e+01 dM=-2.85e+01
 288 139622 (2001 QQ142)            Horizons: da=-4.82e-08 de=+7.86e-09 di=-3.50e-06 dOm=+6.82e-10 dw=-6.87e-06 dM=-2.33e-06
 289 267729 (2003 FC5)              Horizons: da=+1.00e-10 de=+5.75e-08 di=-9.81e-06 dOm=-3.12e-05 dw=+3.19e-05 dM=-1.51e-06
 290 446791 (1998 SJ70)             Horizons: da=-1.90e-08 de=-1.16e-08 di=+5.41e-06 dOm=-8.01e-06 dw=+1.41e-05 dM=-9.37e-07
 291 269690 (1996 RG3)              Horizons: da=+7.75e-09 de=+3.31e-08 di=-9.44e-06 dOm=-1.59e-04 dw=+1.35e-04 dM=+1.28e-05
 292 140158 (2001 SX169)            Horizons: da=-1.96e-08 de=-2.30e-08 di=+2.22e-06 dOm=-5.70e-06 dw=-8.07e-07 dM=+2.11e-06
 293 141495 (2002 EZ11)             Horizons: da=-4.00e-08 de=+3.14e-08 di=+6.29e-06 dOm=-1.22e-05 dw=+8.36e-06 dM=+1.34e-05
 294 363505 (2003 UC20)             Horizons: da=-2.87e-08 de=-6.32e-08 di=+4.64e-06 dOm=+1.15e-04 dw=-1.14e-04 dM=+1.19e-06
 295 391211 (2006 HZ51)             Horizons: da=-3.91e-08 de=-1.34e-08 di=-5.11e-06 dOm=+1.68e-05 dw=-1.09e-05 dM=-1.82e-06
 296 434326 (2004 JG6)              Horizons: da=-3.58e-08 de=+1.80e-07 di=-4.54e-05 dOm=+5.22e-05 dw=-8.33e-06 dM=-8.04e-05
 297 481817 (2008 UL90)             Horizons: da=+6.87e-10 de=+1.98e-08 di=+5.60e-06 dOm=+1.34e-06 dw=-5.75e-07 dM=-1.62e-05
 298 505657 (2014 SR339)            Horizons: da=+3.48e-09 de=-3.62e-08 di=-4.68e-06 dOm=-4.45e-06 dw=+2.72e-07 dM=-4.30e-06
 299 4034 Vishnu (1986 PA)          Horizons: da=+2.84e-08 de=-6.90e-09 di=-2.32e-06 dOm=+9.18e-06 dw=-9.03e-06 dM=+4.09e-06
 300 508967 (2004 VC17)             Horizons: da=+4.17e-08 de=+2.08e-08 di=+5.84e-06 dOm=+2.25e-05 dw=-2.64e-05 dM=-9.14e-07

Matched 297 / 300 within tight tolerance; max dist = 629.879
Horizons max relative/angle deviation over all objects: 1.771e+02; failures: 0
