[01:19:45] resume _wp2_replay: slice 1 phase propose T=540 d done=False
[01:19:45] [slice 1 T=540 d] propose: 2 jobs (2 craft, 0 root) on 2 workers, proposer fixture_replay
[01:19:45] fixture fixture_replay job s01_c0 kind craft T 540 d H 540 d remaining 290
[01:19:45] fixture fixture_replay job s01_c1 kind craft T 540 d H 540 d remaining 290
[01:19:45]   craft 0: replaying r2 (prefix 4 flybys)
[01:19:45]   craft 1: replaying r1 (prefix 4 flybys)
[01:19:45]   r1: column s01_c1_k0 new [1, 292, 42, 67] tank 637.9 (+17.1) miss 7 km potential 4 (0.2 s)
[01:19:45]   r2: column s01_c0_k0 new [192, 226, 101, 80] tank 648.4 (+32.1) miss 1 km potential 2 (0.3 s)
[01:19:45]   r1: column s01_c1_k1 new [1, 292, 42] tank 634.8 (+14.0) miss 1 km potential 4 (0.1 s)
[01:19:45] done: ok True columns 2 wall 0.3 s
[01:19:45]   job s01_c1 craft columns   2  levels 1  settles 2/2  end fixture  wall 0.3 s
[01:19:45]   r2: column s01_c0_k1 new [192, 226, 101] tank 646.4 (+30.1) miss 0 km potential 2 (0.2 s)
[01:19:45] done: ok True columns 2 wall 0.5 s
[01:19:45]   job s01_c0 craft columns   2  levels 1  settles 2/2  end fixture  wall 0.5 s
[01:19:45] [slice 1] propose: 4 columns (0 bad dropped) in 0.5 s
[01:19:45] [slice 1] auction: 4 columns, kept 4, dropped {}
[01:19:45] [slice 1] auction: status optimal objective 10.101 vars 4 rows 8 chosen 2 (0.003 s)
[01:19:46] [slice 1 T=540 d] launched 2/2  covered 16  remaining 282  fuel 86 kg  sumJi 2.0634  chosen: c0:4(+32) c1:4(+17)  rejected: -  (wall 1 s)
[01:19:46] stop: stop_T at T=1080 d (slice 2)
[01:19:46] finalize: fleet/ 2 routes  covered 16  misses 282  fuel 86 kg  sumJi 2.0634  J 286.0634  honest True
[01:19:46] _wp2_replay: slice 2 phase propose T=1080 d  launched 2/2  covered 16  remaining 282  fuel 86 kg  sumJi 2.0634  done True (stop_T)
