[21:08:33] fleet C00h6: 9 craft, covered 285 (dup 0), sum J_i 11.7062; misses 13 [17, 33, 64, 71, 75, 108, 139, 145, 180, 213, 219, 243, 246]; iso missing [64]
[21:08:33] fleet C01h6: 9 craft, covered 284 (dup 0), sum J_i 11.8069; misses 14 [15, 22, 33, 36, 64, 75, 93, 108, 110, 118, 223, 243, 254, 262]; iso missing [64]
[21:08:33] fleet C02h5: 9 craft, covered 288 (dup 0), sum J_i 11.8302; misses 10 [20, 36, 90, 110, 116, 118, 132, 219, 234, 251]; iso missing []
[21:08:33] fleet C03h5: 9 craft, covered 287 (dup 0), sum J_i 11.8489; misses 11 [17, 53, 110, 134, 139, 143, 199, 218, 254, 280, 288]; iso missing []
[21:08:33] fleet C04h4: 4 craft, covered 171 (dup 0), sum J_i 5.4331; misses 127 [3, 4, 6, 7, 10, 11, 15, 16, 17, 18, 20, 22, 23, 25, 26, 29, 32, 33, 34, 36, 40, 50, 51, 52, 53, 58, 59, 60, 62, 64, 71, 75, 79, 82, 86, 87, 89, 90, 93, 95, 96, 97, 98, 99, 100, 104, 107, 108, 110, 116, 118, 119, 120, 121, 124, 129, 132, 134, 135, 137, 138, 139, 141, 143, 145, 147, 148, 150, 151, 154, 156, 157, 158, 165, 166, 168, 169, 170, 172, 173, 175, 177, 180, 186, 188, 199, 203, 204, 208, 212, 213, 216, 217, 218, 219, 220, 223, 228, 231, 233, 234, 240, 241, 242, 243, 246, 247, 249, 251, 253, 254, 256, 257, 258, 262, 263, 264, 266, 267, 269, 275, 280, 283, 284, 287, 288, 298]; iso missing [64, 119, 137, 138, 157, 158, 168, 216]
[21:08:33]   skipped (craft 4, covered 171)
[21:08:33] fleet C05h3: 3 craft, covered 136 (dup 0), sum J_i 4.1915; misses 162 [3, 4, 6, 7, 10, 11, 15, 16, 17, 18, 20, 22, 23, 24, 25, 26, 27, 29, 32, 33, 34, 36, 37, 40, 50, 51, 52, 53, 58, 59, 60, 62, 64, 68, 69, 71, 73, 75, 76, 78, 79, 82, 84, 86, 87, 88, 89, 90, 93, 95, 96, 97, 98, 99, 100, 104, 106, 107, 108, 109, 110, 112, 113, 116, 118, 119, 120, 121, 122, 124, 129, 132, 134, 135, 136, 137, 138, 139, 140, 141, 143, 145, 146, 147, 148, 149, 150, 151, 152, 154, 156, 157, 158, 165, 166, 168, 169, 170, 172, 173, 175, 177, 178, 180, 181, 185, 186, 188, 199, 202, 203, 204, 208, 212, 213, 216, 217, 218, 219, 220, 223, 227, 228, 231, 232, 233, 234, 235, 236, 240, 241, 242, 243, 244, 246, 247, 249, 251, 253, 254, 256, 257, 258, 259, 262, 263, 264, 266, 267, 269, 275, 280, 282, 283, 284, 287, 288, 289, 290, 295, 298, 300]; iso missing [64, 119, 137, 138, 157, 158, 168, 216]
[21:08:33]   skipped (craft 3, covered 136)
[21:08:33] fleet C00h6: misses with an approach <= 0.2 AU: 12 of 13 (none: [64])
[21:08:33] fleet C01h6: misses with an approach <= 0.2 AU: 10 of 14 (none: [36, 64, 75, 108])
[21:08:33] fleet C02h5: misses with an approach <= 0.2 AU: 7 of 10 (none: [36, 132, 234])
[21:08:33] fleet C03h5: misses with an approach <= 0.2 AU: 10 of 11 (none: [139])
[21:08:33] 30 closer host jobs over 4 fleets
[21:10:03]   C00h6_h1: tried [213, 219, 246] got [246] (+86.5 kg)
[21:10:03]   C00h6_h2: tried [213, 180, 17, 243, 71] got [213] (+54.4 kg)
[21:10:03]   C00h6_h3: tried [71, 33] got [] (+0.0 kg)
[21:10:03]   C00h6_h4: tried [71, 33] got [] (+0.0 kg)
[21:10:03]   C00h6_h5: tried [139, 243] got [] (+0.0 kg)
[21:10:03]   C00h6_h6: tried [145] got [145] (+73.1 kg)
[21:10:03]   C00h6_s1: tried [139, 17, 246] got [139] (+107.9 kg)
[21:10:03]   C00h6_s2: tried [246, 75] got [] (+0.0 kg)
[21:10:03]   C00h6_s3: tried [108, 71] got [] (+0.0 kg)
[21:10:03]   C01h6_h1: tried [118, 15, 223, 93, 262] got [] (+0.0 kg)
[21:10:03]   C01h6_h2: tried [243, 223, 93] got [] (+0.0 kg)
[21:10:03]   C01h6_h3: tried [93, 33] got [] (+0.0 kg)
[21:10:03]   C01h6_h4: tried [33] got [] (+0.0 kg)
[21:10:03]   C01h6_h5: tried [223, 22, 243] got [223] (+130.9 kg)
[21:10:03]   C01h6_h6: tried [110, 118, 262] got [110] (+45.2 kg)
[21:10:03]   C01h6_s1: tried [262, 254, 22] got [] (+0.0 kg)
[21:10:03]   C01h6_s2: tried [254] got [] (+0.0 kg)
[21:10:03]   C02h5_h1: tried [20, 118, 90, 219] got [] (+0.0 kg)
[21:10:03]   C02h5_h2: tried [20] got [] (+0.0 kg)
[21:10:03]   C02h5_h3: tried [20, 116] got [] (+0.0 kg)
[21:10:03]   C02h5_h4: tried [116] got [116] (+77.9 kg)
[21:10:03]   C02h5_s1: tried [110, 116, 118] got [] (+0.0 kg)
[21:10:03]   C02h5_s2: tried [251] got [] (+0.0 kg)
[21:10:03]   C03h5_h1: tried [218] got [] (+0.0 kg)
[21:10:03]   C03h5_h2: tried [17, 199] got [] (+0.0 kg)
[21:10:03]   C03h5_h4: tried [280, 134] got [] (+0.0 kg)
[21:10:03]   C03h5_h5: tried [288, 199, 110, 143] got [110, 199] (+139.3 kg)
[21:10:03]   C03h5_s1: tried [254, 288, 218, 53] got [] (+0.0 kg)
[21:10:03]   C03h5_s2: tried [143, 53, 134, 218] got [] (+0.0 kg)
[21:10:03]   C03h5_s3: tried [280, 134] got [280] (+71.1 kg)
[21:10:03] fleet C00h6: 285 covered @ 11.7062; closer placed 4 of 13 somewhere ([139, 145, 213, 246]); never placed [17, 33, 64, 71, 75, 108, 180, 219, 243]
[21:10:03] fleet C01h6: 284 covered @ 11.8069; closer placed 2 of 14 somewhere ([110, 223]); never placed [15, 22, 33, 36, 64, 75, 93, 108, 118, 243, 254, 262]
[21:10:03] fleet C02h5: 288 covered @ 11.8302; closer placed 1 of 10 somewhere ([116]); never placed [20, 36, 90, 110, 118, 132, 219, 234, 251]
[21:10:03] fleet C03h5: 287 covered @ 11.8489; closer placed 3 of 11 somewhere ([110, 199, 280]); never placed [17, 53, 134, 139, 143, 218, 254, 288]
[21:10:03] fleetclose done (90 s)
