route  ast iso    tof |    chain dv/kg  P/R | twinst lam1/lin kg | leg twin kg | removal kg | lintwin kg    res km
   04  158   *  116.6 |  0.703/  27.3   YY |     12.4/    16.9 |        29.4 |        1.0 |        0.6    853596
   04  216   *  462.2 |  0.574/  20.7   YY |   1032.7/    14.8 |        19.7 |        8.6 |        8.9   2235752
   04  137   *   89.6 |  1.534/  68.2   nY |     19.4/    26.1 |        29.8 |       14.5 |       12.9   3566758
   05  168   *  222.5 |  3.437/ 145.3   nn |     58.4/    33.3 |        42.3 |       11.3 |       15.7   1180014
   05  157   *  204.1 |  2.573/ 106.3   nn |    104.0/    47.9 |        42.8 |        2.8 |        9.8    549222
   07  138   *  217.5 |  0.438/  16.0   YY |      1.1/     0.5 |         3.3 |        4.4 |        4.3   4745269
   07  119   *  100.8 |  0.911/  36.8   YY |      0.1/     0.1 |         0.2 |       12.6 |       12.2   1704689
   08   64   *   76.9 |  1.025/  43.8   YY |      0.1/     0.1 |         0.2 |        2.9 |        3.6    228241
   04   92      132.8 |  0.425/  15.9   YY |     26.1/    35.5 |        33.7 |        6.9 |        5.2   6084141
   05  188      115.4 |  3.894/ 199.3   nn |      0.7/     0.9 |         0.9 |        0.5 |        5.1   1759668
   08  160      248.5 |  0.317/  11.5   YY |     30.8/    43.5 |        48.8 |        5.8 |        5.4   2016033
   04   53      274.7 |  2.502/  98.8   nn |     96.9/    35.2 |        44.6 |       28.9 |       16.0  20318321
   04  176       66.4 |  0.425/  16.6   YY |      2.4/     3.5 |         9.8 |        0.1 |        0.0    802659
   07  214      350.4 |  1.002/  36.9   YY |     39.5/    26.6 |        21.2 |        4.7 |        4.7    523544
   08   98      233.8 |  0.788/  29.3   YY |      4.5/     4.0 |         3.6 |        3.2 |        4.4    377473
   04  140      126.6 | 32.894/1382.3   nn |      5.1/     7.1 |        11.6 |        6.0 |        4.7   3630698
   05   68       58.0 |  1.995/ 106.6   nY |      4.0/     5.9 |        23.8 |       45.6 |       47.5   1556503
   07  178      154.4 |  1.047/  40.9   YY |     12.4/    14.8 |        21.5 |        3.3 |        3.4    304138
   05  267      269.6 |  1.119/  42.0   YY |     51.3/    57.2 |        65.8 |        0.9 |        5.4   1928257
   07  201      221.2 |  0.470/  17.2   YY |     36.3/    26.6 |        27.0 |        4.1 |        4.1    270238
   08   95      176.9 |  8.573/ 452.3   nn |      3.3/     5.8 |         3.4 |        3.7 |        4.5    366894
   04    9       68.4 |  2.518/ 136.4   nn |      4.1/     5.9 |         7.1 |        1.7 |        1.3    567393
   04   44      108.7 |  0.058/   2.1   YY |     15.1/    19.1 |        18.0 |        5.4 |        6.2    503072
   05  270      203.7 |  0.426/  15.6   YY |      2.8/     1.8 |         2.2 |        0.9 |        5.5   1621563
   05  251      221.8 |  2.538/ 103.4   nn |     45.1/    33.7 |        45.0 |        2.6 |       10.6   1544645
   08  280      214.5 |  0.749/  28.0   YY |     74.9/    27.9 |        31.1 |        8.4 |        8.3    970254
   07   23      219.9 |  0.961/  36.2   YY |     38.6/    49.9 |        40.8 |       24.7 |       23.8   1002680
   05   51      193.3 |  0.832/  31.4   YY |      2.5/     0.6 |         0.9 |       24.5 |       28.0   3019401
   08   96      149.0 |  1.493/  60.6   nY |     36.7/    35.0 |        30.9 |       15.0 |       15.1   1185929
   04  123      122.3 |  1.520/  63.7   nY |      0.8/     1.1 |         0.9 |        0.7 |        0.3    765926
   08  286      151.9 |  0.423/  15.7   YY |     27.2/    26.9 |        28.3 |        2.9 |        3.6    291687
   07  241       98.2 |  1.176/  49.2   YY |      2.5/     3.1 |         3.2 |        7.4 |        7.5    424941
{
 "iso": {
  "n": 8,
  "chain_admissible_prod": 5,
  "chain_admissible_rel": 6,
  "med_chain_kg": 40.28,
  "med_removal_kg": 6.49,
  "med_lintwin_kg": 9.36,
  "med_ratio_chain_over_removal": 8.75,
  "frac_chain_over_2x": 1.0
 },
 "control": {
  "n": 24,
  "chain_admissible_prod": 15,
  "chain_admissible_rel": 18,
  "med_chain_kg": 38.89,
  "med_removal_kg": 4.44,
  "med_lintwin_kg": 5.28,
  "med_ratio_chain_over_removal": 7.24,
  "frac_chain_over_2x": 0.833
 }
}
