1225 trials (0 already done)
  10/1225 ok 10 (100%) 14s
  20/1225 ok 16 (80%) 33s
  30/1225 ok 19 (63%) 51s
  40/1225 ok 25 (62%) 77s
  50/1225 ok 30 (60%) 97s
  60/1225 ok 32 (53%) 120s
  70/1225 ok 37 (53%) 140s
  80/1225 ok 39 (49%) 160s
  90/1225 ok 45 (50%) 180s
  100/1225 ok 50 (50%) 190s
  110/1225 ok 54 (49%) 209s
  120/1225 ok 56 (47%) 232s
  130/1225 ok 61 (47%) 253s
  140/1225 ok 66 (47%) 271s
  150/1225 ok 68 (45%) 287s
  160/1225 ok 73 (46%) 308s
  170/1225 ok 75 (44%) 326s
  180/1225 ok 81 (45%) 341s
  190/1225 ok 85 (45%) 354s
  200/1225 ok 89 (44%) 368s
  210/1225 ok 93 (44%) 384s
  220/1225 ok 100 (45%) 403s
/Users/mickey/solarsystem/ctoc14/ctoc14/kepler.py:195: RuntimeWarning: overflow encountered in multiply
  gdot = 1 - chi * chi / r * C; fdot = sqmu / (r * r0n) * chi * (z * S - 1)
  230/1225 ok 103 (45%) 425s
  240/1225 ok 111 (46%) 441s
  250/1225 ok 113 (45%) 462s
  260/1225 ok 119 (46%) 474s
  270/1225 ok 125 (46%) 489s
  280/1225 ok 130 (46%) 502s
  290/1225 ok 135 (47%) 523s
  300/1225 ok 140 (47%) 538s
  310/1225 ok 144 (46%) 554s
  320/1225 ok 149 (47%) 575s
  330/1225 ok 151 (46%) 596s
  340/1225 ok 157 (46%) 608s
  350/1225 ok 164 (47%) 622s
  360/1225 ok 168 (47%) 652s
  370/1225 ok 171 (46%) 678s
  380/1225 ok 175 (46%) 707s
  390/1225 ok 181 (46%) 725s
  400/1225 ok 187 (47%) 737s
  410/1225 ok 191 (47%) 758s
  420/1225 ok 198 (47%) 771s
  430/1225 ok 201 (47%) 799s
  440/1225 ok 207 (47%) 819s
  450/1225 ok 210 (47%) 838s
  460/1225 ok 213 (46%) 856s
  470/1225 ok 217 (46%) 871s
  480/1225 ok 222 (46%) 901s
  490/1225 ok 228 (47%) 924s
  500/1225 ok 233 (47%) 936s
  510/1225 ok 236 (46%) 947s
  520/1225 ok 242 (47%) 970s
  530/1225 ok 247 (47%) 987s
  540/1225 ok 250 (46%) 1001s
  550/1225 ok 260 (47%) 1020s
  560/1225 ok 264 (47%) 1046s
  570/1225 ok 267 (47%) 1063s
  580/1225 ok 272 (47%) 1075s
  590/1225 ok 276 (47%) 1095s
  600/1225 ok 282 (47%) 1106s
  610/1225 ok 289 (47%) 1123s
  620/1225 ok 293 (47%) 1138s
  630/1225 ok 297 (47%) 1152s
  640/1225 ok 304 (48%) 1167s
  650/1225 ok 305 (47%) 1184s
  660/1225 ok 308 (47%) 1203s
  670/1225 ok 312 (47%) 1213s
  680/1225 ok 316 (46%) 1230s
  690/1225 ok 320 (46%) 1245s
  700/1225 ok 325 (46%) 1257s
  710/1225 ok 331 (47%) 1271s
  720/1225 ok 335 (47%) 1293s
  730/1225 ok 341 (47%) 1302s
  740/1225 ok 347 (47%) 1326s
  750/1225 ok 353 (47%) 1340s
  760/1225 ok 356 (47%) 1373s
  770/1225 ok 360 (47%) 1388s
  780/1225 ok 366 (47%) 1402s
  790/1225 ok 372 (47%) 1424s
  800/1225 ok 379 (47%) 1438s
/Users/mickey/solarsystem/ctoc14/ctoc14/kepler.py:117: RuntimeWarning: overflow encountered in cosh
  C[neg] = (np.cosh(sz[neg]) - 1) / (-z[neg])
/Users/mickey/solarsystem/ctoc14/ctoc14/kepler.py:118: RuntimeWarning: overflow encountered in sinh
  S[neg] = (np.sinh(sz[neg]) - sz[neg]) / sz[neg] ** 3
/Users/mickey/solarsystem/ctoc14/ctoc14/kepler.py:187: RuntimeWarning: invalid value encountered in divide
  dchi = -F / r
  810/1225 ok 382 (47%) 1457s
  820/1225 ok 387 (47%) 1473s
  830/1225 ok 394 (47%) 1492s
  840/1225 ok 398 (47%) 1510s
  850/1225 ok 401 (47%) 1525s
  860/1225 ok 407 (47%) 1540s
  870/1225 ok 413 (47%) 1552s
  880/1225 ok 417 (47%) 1575s
  890/1225 ok 420 (47%) 1591s
  900/1225 ok 424 (47%) 1612s
  910/1225 ok 427 (47%) 1627s
  920/1225 ok 432 (47%) 1645s
  930/1225 ok 436 (47%) 1668s
  940/1225 ok 440 (47%) 1680s
  950/1225 ok 446 (47%) 1697s
  960/1225 ok 453 (47%) 1712s
  970/1225 ok 457 (47%) 1733s
  980/1225 ok 460 (47%) 1758s
  990/1225 ok 464 (47%) 1775s
  1000/1225 ok 468 (47%) 1796s
  1010/1225 ok 473 (47%) 1811s
  1020/1225 ok 477 (47%) 1827s
  1030/1225 ok 482 (47%) 1839s
  1040/1225 ok 486 (47%) 1855s
  1050/1225 ok 490 (47%) 1875s
  1060/1225 ok 495 (47%) 1893s
  1070/1225 ok 499 (47%) 1913s
  1080/1225 ok 503 (47%) 1931s
  1090/1225 ok 507 (47%) 1949s
  1100/1225 ok 512 (47%) 1959s
  1110/1225 ok 516 (46%) 1980s
  1120/1225 ok 521 (47%) 2002s
  1130/1225 ok 525 (46%) 2017s
  1140/1225 ok 531 (47%) 2040s
  1150/1225 ok 535 (47%) 2060s
/Users/mickey/.venvs/astro313/lib/python3.13/site-packages/numpy/linalg/_linalg.py:2803: RuntimeWarning: overflow encountered in multiply
  s = (x.conj() * x).real
/Users/mickey/solarsystem/ctoc14/ctoc14/kepler.py:181: RuntimeWarning: divide by zero encountered in log
  chi[hyp] = sgn * np.sqrt(-a) * np.log(-2 * mu * alpha[hyp] * dt[hyp] / (rdotv[hyp] + sgn * np.sqrt(-mu * a) * (1 - r0n[hyp] * alpha[hyp])))
/Users/mickey/solarsystem/ctoc14/ctoc14/kepler.py:117: RuntimeWarning: invalid value encountered in divide
  C[neg] = (np.cosh(sz[neg]) - 1) / (-z[neg])
/Users/mickey/solarsystem/ctoc14/ctoc14/kepler.py:118: RuntimeWarning: invalid value encountered in subtract
  S[neg] = (np.sinh(sz[neg]) - sz[neg]) / sz[neg] ** 3
  1160/1225 ok 537 (46%) 2075s
  1170/1225 ok 546 (47%) 2090s
  1180/1225 ok 551 (47%) 2107s
  1190/1225 ok 554 (47%) 2127s
  1200/1225 ok 559 (47%) 2143s
  1210/1225 ok 565 (47%) 2158s
  1220/1225 ok 571 (47%) 2173s
done: 1225 trials, 572 ok, 2204s
