[11:30:38] === s14_twinbeam guided route 01: pool 36 (own targets), source 36 fb @ 904.4 kg; 
[11:30:38] guided root: ast 81 at 194.7 d, |v_inf| 1.773 km/s
[11:30:40] leg  1 ->  35 (src  444.8 d, tof_src 250.1): myopic lam1 1.74 lin 0.816 miss 0.1313 | prod Y rel Y | full-route YY | twin OK tank 607.4 (+5.9) (1 s)
[11:30:43] leg  2 -> 192 (src  581.7 d, tof_src 137.0): myopic lam1 5.475 lin None miss 0.5647 | prod n rel Y | full-route YY | twin OK tank 613.2 (+5.9) (4 s)
[11:30:44] leg  3 -> 226 (src  721.3 d, tof_src 139.5): myopic lam1 0.425 lin 0.754 miss 0.0871 | prod Y rel Y | full-route YY | twin OK tank 617.7 (+4.5) (1 s)
[11:30:46] leg  4 -> 101 (src  833.0 d, tof_src 111.7): myopic lam1 1.4 lin None miss 0.1938 | prod n rel n | full-route YY | twin OK tank 639.1 (+21.3) (2 s)
[11:30:47] leg  5 ->  80 (src 1058.2 d, tof_src 225.2): myopic lam1 0.363 lin 0.354 miss 0.0194 | prod Y rel Y | full-route YY | twin OK tank 641.2 (+2.1) (1 s)
[11:30:48] leg  6 ->  46 (src 1208.9 d, tof_src 150.7): myopic lam1 1.067 lin 1.118 miss 0.0447 | prod Y rel Y | full-route YY | twin OK tank 645.6 (+4.5) (1 s)
[11:30:50] leg  7 -> 100 (src 1313.9 d, tof_src 105.0): myopic lam1 1.932 lin None miss 0.1223 | prod n rel Y | full-route YY | twin OK tank 656.5 (+10.8) (2 s)
[11:30:52] leg  8 -> 115 (src 1402.6 d, tof_src  88.7): myopic lam1 5.259 lin None miss 0.2821 | prod n rel n | full-route YY | twin OK tank 673.1 (+16.6) (2 s)
[11:30:53] leg  9 -> 209 (src 1530.6 d, tof_src 127.9): myopic lam1 3.625 lin None miss 0.5242 | prod n rel n | full-route YY | twin OK tank 686.4 (+13.3) (1 s)
[11:30:54] leg 10 -> 182 (src 1643.4 d, tof_src 112.8): myopic lam1 0.857 lin 1.145 miss 0.0542 | prod Y rel Y | full-route YY | twin OK tank 700.1 (+13.6) (1 s)
[11:30:57] leg 11 ->  61 (src 1888.3 d, tof_src 244.9): myopic lam1 0.821 lin 3.624 miss 0.474 | prod Y rel Y | full-route YY | twin OK tank 704.9 (+4.8) (2 s)
[11:30:58] leg 12 ->  45 (src 2021.7 d, tof_src 133.4): myopic lam1 1.73 lin None miss 0.1426 | prod n rel Y | full-route YY | twin OK tank 711.5 (+6.7) (2 s)
[11:31:03] leg 13 -> 220 (src 2265.1 d, tof_src 243.3): myopic lam1 0.654 lin 1.054 miss 0.1651 | prod Y rel Y | full-route YY | twin OK tank 720.2 (+8.6) (4 s)
[11:31:04] leg 14 -> 284 (src 2369.5 d, tof_src 104.4): myopic lam1 0.941 lin 2.164 miss 0.0945 | prod Y rel Y | full-route YY | twin OK tank 722.0 (+1.9) (1 s)
[11:31:08] leg 15 -> 229 (src 2447.7 d, tof_src  78.2): myopic lam1 1.321 lin None miss 0.0763 | prod n rel Y | full-route YY | twin OK tank 726.0 (+3.9) (4 s)
[11:31:09] leg 16 -> 127 (src 2517.7 d, tof_src  70.0): myopic lam1 0.623 lin 1.335 miss 0.0309 | prod Y rel Y | full-route YY | twin OK tank 735.7 (+9.7) (1 s)
[11:31:09] leg 17 ->  41 (src 2681.3 d, tof_src 163.7): myopic lam1 0.866 lin 1.408 miss 0.1097 | prod Y rel Y | full-route YY | twin OK tank 752.3 (+16.6) (1 s)
[11:31:10] leg 18 -> 132 (src 2810.2 d, tof_src 128.9): myopic lam1 1.191 lin 2.671 miss 0.1598 | prod Y rel Y | full-route YY | twin OK tank 770.8 (+18.5) (1 s)
[11:31:13] leg 19 -> 262 (src 2873.8 d, tof_src  63.6): myopic lam1 2.447 lin None miss 0.1062 | prod n rel n | full-route YY | twin OK tank 766.4 (+-4.4) (3 s)
[11:31:14] leg 20 ->   5 (src 3130.8 d, tof_src 257.0): myopic lam1 0.558 lin 1.381 miss 0.2687 | prod Y rel Y | full-route YY | twin OK tank 775.3 (+8.9) (1 s)
[11:31:16] leg 21 ->  67 (src 3198.6 d, tof_src  67.8): myopic lam1 1.019 lin None miss 0.0429 | prod Y rel Y | full-route YY | twin OK tank 795.7 (+20.4) (2 s)
[11:31:22] leg 22 -> 156 (src 3384.1 d, tof_src 185.6): myopic lam1 3.038 lin 1.047 miss 0.1256 | prod Y rel Y | full-route YY | twin OK tank 798.8 (+3.1) (6 s)
[11:31:23] leg 23 -> 147 (src 3563.3 d, tof_src 179.2): myopic lam1 1.374 lin 0.945 miss 0.0871 | prod n rel Y | full-route YY | twin OK tank 802.2 (+3.4) (1 s)
[11:31:29] leg 24 -> 266 (src 3705.1 d, tof_src 141.8): myopic lam1 1.872 lin 1.598 miss 0.0808 | prod n rel Y | full-route YY | twin OK tank 822.2 (+20.0) (6 s)
[11:31:31] leg 25 -> 238 (src 3773.8 d, tof_src  68.7): myopic lam1 1.301 lin None miss 0.0626 | prod n rel Y | full-route YY | twin OK tank 841.6 (+19.3) (2 s)
[11:31:34] leg 26 -> 288 (src 3974.6 d, tof_src 200.8): myopic lam1 0.944 lin 0.73 miss 0.0752 | prod Y rel Y | full-route YY | twin OK tank 829.9 (+-11.7) (2 s)
[11:31:39] leg 27 -> 263 (src 4227.6 d, tof_src 253.1): myopic lam1 0.581 lin 0.935 miss 0.1252 | prod Y rel Y | full-route YY | twin OK tank 833.3 (+3.5) (5 s)
[11:31:49] leg 28 -> 211 (src 4334.0 d, tof_src 106.3): myopic lam1 1.476 lin 2.725 miss 0.0848 | prod n rel Y | full-route YY | twin OK tank 862.9 (+29.6) (11 s)
[11:31:54] leg 29 -> 179 (src 4605.4 d, tof_src 271.4): myopic lam1 1.057 lin 0.932 miss 0.0654 | prod Y rel Y | full-route YY | twin OK tank 865.4 (+2.5) (5 s)
[11:32:00] leg 30 ->  37 (src 4826.4 d, tof_src 221.0): myopic lam1 1.109 lin 1.03 miss 0.0733 | prod Y rel Y | full-route YY | twin OK tank 874.6 (+9.3) (6 s)
[11:32:13] leg 31 -> 281 (src 4924.1 d, tof_src  97.7): myopic lam1 1.316 lin None miss 0.1062 | prod n rel Y | full-route YY | twin OK tank 881.2 (+6.5) (14 s)
[11:32:15] leg 32 -> 185 (src 5041.0 d, tof_src 116.9): myopic lam1 0.289 lin 0.524 miss 0.0379 | prod Y rel Y | full-route YY | twin OK tank 886.1 (+4.9) (2 s)
[11:32:16] leg 33 -> 155 (src 5182.9 d, tof_src 141.9): myopic lam1 0.408 lin 0.417 miss 0.0236 | prod Y rel Y | full-route YY | twin OK tank 893.5 (+7.3) (1 s)
[11:32:19] leg 34 -> 200 (src 5276.8 d, tof_src  93.9): myopic lam1 0.424 lin 0.552 miss 0.0207 | prod Y rel Y | full-route YY | twin OK tank 895.5 (+2.1) (3 s)
[11:32:21] leg 35 -> 298 (src 5396.6 d, tof_src 119.8): myopic lam1 0.546 lin 0.909 miss 0.0744 | prod Y rel Y | full-route YY | twin OK tank 906.7 (+11.1) (2 s)
[11:32:21] RESULT guided 01: 35 legs; next source target admissible from the myopic twin: prod 22, relaxed 31 (full-route twin: 35, 35); twin settled 35/35; final 36 fb @ 906.7 kg (source 904.4); wall 103 s
