[11:24:28] === s14_twinbeam guided route 08: pool 26 (own targets), source 26 fb @ 870.6 kg; 
[11:24:28] guided root: ast 225 at 622.9 d, |v_inf| 3.289 km/s
[11:24:29] leg  1 ->  98 (src  856.7 d, tof_src 233.8): myopic lam1 2.548 lin 4.357 miss 0.3334 | prod Y rel Y | full-route YY | twin OK tank 603.2 (+1.7) (1 s)
[11:24:30] leg  2 ->  86 (src 1009.8 d, tof_src 153.1): myopic lam1 1.828 lin 1.845 miss 0.1018 | prod Y rel Y | full-route YY | twin OK tank 607.1 (+3.9) (0 s)
[11:24:31] leg  3 -> 108 (src 1284.7 d, tof_src 274.8): myopic lam1 0.683 lin 0.835 miss 0.3042 | prod Y rel Y | full-route YY | twin OK tank 615.3 (+8.2) (1 s)
[11:24:32] leg  4 -> 196 (src 1416.1 d, tof_src 131.5): myopic lam1 1.534 lin 1.601 miss 0.0612 | prod Y rel Y | full-route YY | twin OK tank 619.2 (+3.9) (2 s)
[11:24:34] leg  5 -> 154 (src 1960.3 d, tof_src 544.2): myopic lam1 21.897 lin 2.032 miss 0.1172 | prod n rel Y | full-route YY | twin OK tank 632.5 (+13.3) (2 s)
[11:24:36] leg  6 -> 257 (src 2300.2 d, tof_src 339.9): myopic lam1 4.317 lin 1.383 miss 0.0571 | prod Y rel Y | full-route YY | twin OK tank 634.6 (+2.1) (1 s)
[11:24:38] leg  7 ->  93 (src 2465.2 d, tof_src 165.0): myopic lam1 10.201 lin None miss 0.3131 | prod n rel n | full-route YY | twin OK tank 644.9 (+10.3) (2 s)
[11:24:40] leg  8 -> 177 (src 2536.1 d, tof_src  71.0): myopic lam1 2.987 lin None miss 0.1133 | prod n rel n | full-route YY | twin OK tank 655.7 (+10.8) (2 s)
[11:24:41] leg  9 -> 160 (src 2784.6 d, tof_src 248.5): myopic lam1 0.8 lin 1.141 miss 0.0562 | prod Y rel Y | full-route YY | twin OK tank 661.0 (+5.3) (1 s)
[11:24:47] leg 10 -> 180 (src 3038.4 d, tof_src 253.8): myopic lam1 3.871 lin 3.627 miss 0.1873 | prod n rel n | full-route nY | twin OK tank 697.9 (+36.9) (6 s)
[11:24:51] leg 11 -> 145 (src 3265.2 d, tof_src 226.8): myopic lam1 2.992 lin 3.097 miss 0.5515 | prod n rel Y | full-route YY | twin OK tank 709.7 (+11.8) (4 s)
[11:24:53] leg 12 -> 286 (src 3417.1 d, tof_src 151.9): myopic lam1 1.433 lin 1.256 miss 0.1009 | prod Y rel Y | full-route YY | twin OK tank 713.2 (+3.5) (2 s)
[11:24:54] leg 13 -> 247 (src 3512.8 d, tof_src  95.7): myopic lam1 2.848 lin None miss 0.2385 | prod n rel n | full-route YY | twin OK tank 725.6 (+12.3) (2 s)
[11:24:56] leg 14 ->  59 (src 3780.0 d, tof_src 267.2): myopic lam1 1.967 lin 1.092 miss 0.1849 | prod Y rel Y | full-route nY | twin OK tank 738.2 (+12.6) (2 s)
[11:25:01] leg 15 -> 198 (src 3976.4 d, tof_src 196.4): myopic lam1 15.184 lin 3.499 miss 0.1569 | prod n rel n | full-route nY | twin OK tank 759.3 (+21.1) (5 s)
[11:25:04] leg 16 ->   1 (src 4083.9 d, tof_src 107.5): myopic lam1 3.378 lin None miss 0.2495 | prod n rel n | full-route YY | twin OK tank 771.2 (+11.9) (2 s)
[11:25:07] leg 17 -> 280 (src 4298.4 d, tof_src 214.5): myopic lam1 2.028 lin 1.151 miss 0.2048 | prod Y rel Y | full-route YY | twin OK tank 776.9 (+5.7) (4 s)
[11:25:18] leg 18 ->  96 (src 4447.4 d, tof_src 149.0): myopic lam1 2.017 lin None miss 0.2267 | prod n rel Y | full-route YY | twin OK tank 807.7 (+30.8) (10 s)
[11:25:19] leg 19 -> 110 (src 4507.4 d, tof_src  60.0): myopic lam1 0.997 lin None miss 0.0292 | prod Y rel Y | full-route YY | twin OK tank 822.9 (+15.2) (1 s)
[11:25:24] leg 20 ->  70 (src 4627.0 d, tof_src 119.6): myopic lam1 1.677 lin None miss 0.1663 | prod Y rel Y | full-route YY | twin OK tank 816.5 (+-6.4) (6 s)
[11:25:26] leg 21 -> 148 (src 4919.0 d, tof_src 292.0): myopic lam1 0.89 lin 0.875 miss 0.0308 | prod Y rel Y | full-route YY | twin OK tank 829.0 (+12.5) (1 s)
[11:25:32] leg 22 -> 244 (src 5115.3 d, tof_src 196.3): myopic lam1 3.777 lin 2.893 miss 0.2369 | prod Y rel Y | full-route YY | twin OK tank 828.1 (+-0.9) (7 s)
[11:25:44] leg 23 ->  91 (src 5168.9 d, tof_src  53.6): myopic lam1 2.115 lin None miss 0.0637 | prod n rel n | full-route YY | twin OK tank 855.1 (+27.0) (12 s)
[11:25:48] leg 24 ->  64 (src 5245.9 d, tof_src  76.9): myopic lam1 1.328 lin None miss 0.0868 | prod Y rel Y | full-route YY | twin OK tank 867.4 (+12.3) (4 s)
[11:25:56] leg 25 ->  95 (src 5422.8 d, tof_src 176.9): myopic lam1 2.217 lin 0.743 miss 0.0608 | prod n rel Y | full-route YY | twin OK tank 870.1 (+2.7) (8 s)
[11:25:56] RESULT guided 08: 25 legs; next source target admissible from the myopic twin: prod 14, relaxed 18 (full-route twin: 22, 25); twin settled 25/25; final 26 fb @ 870.1 kg (source 870.6); wall 88 s
