[11:27:52] === s14_twinbeam guided route 09: pool 24 (own targets), source 24 fb @ 876.5 kg; 
[11:27:52] guided root: ast 152 at 713.9 d, |v_inf| 1.806 km/s
[11:27:52] leg  1 ->  16 (src  753.6 d, tof_src  39.7): myopic lam1 1.022 lin None miss 0.0253 | prod n rel n | full-route YY | twin OK tank 602.1 (+0.6) (0 s)
[11:27:54] leg  2 -> 289 (src  887.7 d, tof_src 134.1): myopic lam1 1.772 lin 2.702 miss 0.0837 | prod n rel Y | full-route YY | twin OK tank 621.6 (+19.5) (1 s)
[11:27:54] leg  3 ->  12 (src 1153.1 d, tof_src 265.4): myopic lam1 0.86 lin 1.1 miss 0.3845 | prod Y rel Y | full-route YY | twin OK tank 625.3 (+3.7) (1 s)
[11:27:56] leg  4 -> 141 (src 1253.9 d, tof_src 100.8): myopic lam1 1.822 lin None miss 0.1891 | prod n rel Y | full-route YY | twin OK tank 633.0 (+7.6) (1 s)
[11:27:57] leg  5 -> 175 (src 1625.7 d, tof_src 371.8): myopic lam1 1.524 lin 2.792 miss 0.597 | prod n rel Y | full-route YY | twin OK tank 645.2 (+12.2) (1 s)
[11:27:57] leg  6 -> 208 (src 2019.6 d, tof_src 393.9): myopic lam1 1.998 lin 0.614 miss 0.3059 | prod Y rel Y | full-route nY | twin OK tank 651.6 (+6.4) (1 s)
[11:27:59] leg  7 -> 149 (src 2259.3 d, tof_src 239.7): myopic lam1 1.455 lin 1.177 miss 0.1765 | prod Y rel Y | full-route YY | twin OK tank 659.4 (+7.8) (2 s)
[11:28:04] leg  8 -> 107 (src 2355.5 d, tof_src  96.2): myopic lam1 4.038 lin None miss 0.2454 | prod n rel n | full-route YY | twin OK tank 676.8 (+17.4) (4 s)
[11:28:05] leg  9 -> 224 (src 2463.2 d, tof_src 107.7): myopic lam1 1.794 lin None miss 0.1811 | prod n rel Y | full-route YY | twin OK tank 679.1 (+2.4) (1 s)
[11:28:06] leg 10 ->  85 (src 2519.0 d, tof_src  55.8): myopic lam1 1.132 lin None miss 0.0424 | prod n rel n | full-route YY | twin OK tank 683.3 (+4.1) (1 s)
[11:28:09] leg 11 ->   7 (src 2795.0 d, tof_src 276.0): myopic lam1 2.145 lin 4.332 miss 0.4523 | prod n rel Y | full-route nY | twin OK tank 713.9 (+30.6) (3 s)
[11:28:10] leg 12 -> 250 (src 2907.0 d, tof_src 112.0): myopic lam1 1.515 lin 1.579 miss 0.0532 | prod n rel Y | full-route YY | twin OK tank 724.3 (+10.4) (1 s)
[11:28:12] leg 13 ->  75 (src 3058.5 d, tof_src 151.5): myopic lam1 0.376 lin 0.613 miss 0.0794 | prod Y rel Y | full-route YY | twin OK tank 726.6 (+2.3) (2 s)
[11:28:16] leg 14 -> 117 (src 3237.1 d, tof_src 178.6): myopic lam1 7.658 lin 2.268 miss 0.2673 | prod n rel n | full-route YY | twin OK tank 733.2 (+6.7) (4 s)
[11:28:17] leg 15 -> 171 (src 3486.2 d, tof_src 249.1): myopic lam1 1.932 lin 1.614 miss 0.101 | prod Y rel Y | full-route YY | twin OK tank 743.2 (+9.9) (1 s)
[11:28:21] leg 16 ->  34 (src 3536.8 d, tof_src  50.6): myopic lam1 3.807 lin None miss 0.1441 | prod n rel n | full-route YY | twin OK tank 768.1 (+24.9) (3 s)
[11:28:23] leg 17 -> 240 (src 3850.9 d, tof_src 314.1): myopic lam1 2.438 lin 0.754 miss 0.1035 | prod n rel Y | full-route nY | twin OK tank 777.5 (+9.5) (2 s)
[11:28:27] leg 18 ->  83 (src 4024.7 d, tof_src 173.8): myopic lam1 1.725 lin 2.415 miss 0.1865 | prod n rel Y | full-route YY | twin OK tank 786.9 (+9.3) (4 s)
[11:28:32] leg 19 -> 134 (src 4405.9 d, tof_src 381.2): myopic lam1 40.247 lin 1.895 miss 0.138 | prod n rel n | full-route nn | twin OK tank 792.9 (+6.0) (5 s)
[11:28:37] leg 20 -> 120 (src 4602.7 d, tof_src 196.8): myopic lam1 5.738 lin None miss 0.5155 | prod n rel n | full-route YY | twin OK tank 839.4 (+46.5) (5 s)
[11:28:39] leg 21 -> 130 (src 4896.1 d, tof_src 293.4): myopic lam1 1.806 lin 1.833 miss 0.1501 | prod Y rel Y | full-route YY | twin OK tank 841.6 (+2.2) (2 s)
[11:28:52] leg 22 -> 254 (src 5232.4 d, tof_src 336.3): myopic lam1 7.652 lin 2.23 miss 0.0889 | prod n rel Y | full-route YY | twin OK tank 861.9 (+20.3) (12 s)
[11:28:54] leg 23 ->  27 (src 5360.0 d, tof_src 127.6): myopic lam1 0.793 lin 1.329 miss 0.1563 | prod Y rel Y | full-route YY | twin OK tank 879.8 (+17.8) (2 s)
[11:28:54] RESULT guided 09: 23 legs; next source target admissible from the myopic twin: prod 7, relaxed 16 (full-route twin: 19, 22); twin settled 23/23; final 24 fb @ 879.8 kg (source 876.5); wall 61 s
