[04:25:27] new run g0b_wt05_lam1: N 8 H 540.0 d L 360.0 d proposer segbeam commit regrid nproc 8 stop_T 1461.0
[04:25:27] [slice 0 T=0 d] propose: 8 jobs (0 craft, 8 root) on 8 workers, proposer segbeam
[04:25:27] job s00_r1 (root, craft None): T 0 d H 540 L 360; remaining 298; prize >1 on 6, tank_prev 601.5
[04:25:27] job s00_r0 (root, craft None): T 0 d H 540 L 360; remaining 298; prize >1 on 6, tank_prev 601.5
[04:25:27] job s00_r4 (root, craft None): T 0 d H 540 L 360; remaining 298; prize >1 on 6, tank_prev 601.5
[04:25:27] job s00_r2 (root, craft None): T 0 d H 540 L 360; remaining 298; prize >1 on 6, tank_prev 601.5
[04:25:27] job s00_r3 (root, craft None): T 0 d H 540 L 360; remaining 298; prize >1 on 6, tank_prev 601.5
[04:25:27] job s00_r7 (root, craft None): T 0 d H 540 L 360; remaining 298; prize >1 on 6, tank_prev 601.5
[04:25:27] job s00_r6 (root, craft None): T 0 d H 540 L 360; remaining 298; prize >1 on 6, tank_prev 601.5
[04:25:27] job s00_r5 (root, craft None): T 0 d H 540 L 360; remaining 298; prize >1 on 6, tank_prev 601.5
[04:25:29] roots: grid (340, 400] step 10 d -> 10 launch legs kept (2.0 s); launch 350-400 d, first flyby 440-490 d
[04:25:29] start: 10 root state(s), remaining 298, horizon (0, 540] + L 360 d, B 8 tries 16 k_epochs 3 price_cap 250 max_levels 14 wall 2400 s
[04:25:29] roots: grid (140, 200] step 10 d -> 10 launch legs kept (2.1 s); launch 150-200 d, first flyby 270-285 d
[04:25:29] start: 10 root state(s), remaining 298, horizon (0, 540] + L 360 d, B 8 tries 16 k_epochs 3 price_cap 250 max_levels 14 wall 2400 s
[04:25:29] roots: grid (70, 140] step 10 d -> 10 launch legs kept (2.2 s); launch 80-140 d, first flyby 95-215 d
[04:25:29] start: 10 root state(s), remaining 298, horizon (0, 540] + L 360 d, B 8 tries 16 k_epochs 3 price_cap 250 max_levels 14 wall 2400 s
[04:25:29] roots: grid (470, 540] step 10 d -> 10 launch legs kept (2.3 s); launch 480-520 d, first flyby 570-605 d
[04:25:29] start: 10 root state(s), remaining 298, horizon (0, 540] + L 360 d, B 8 tries 16 k_epochs 3 price_cap 250 max_levels 14 wall 2400 s
[04:25:29] roots: grid (200, 270] step 10 d -> 10 launch legs kept (2.3 s); launch 210-260 d, first flyby 285-310 d
[04:25:29] start: 10 root state(s), remaining 298, horizon (0, 540] + L 360 d, B 8 tries 16 k_epochs 3 price_cap 250 max_levels 14 wall 2400 s
[04:25:29] roots: grid (270, 340] step 10 d -> 10 launch legs kept (2.3 s); launch 280-320 d, first flyby 305-425 d
[04:25:29] start: 10 root state(s), remaining 298, horizon (0, 540] + L 360 d, B 8 tries 16 k_epochs 3 price_cap 250 max_levels 14 wall 2400 s
[04:25:29] roots: grid (400, 470] step 10 d -> 10 launch legs kept (2.4 s); launch 410-460 d, first flyby 475-525 d
[04:25:29] start: 10 root state(s), remaining 298, horizon (0, 540] + L 360 d, B 8 tries 16 k_epochs 3 price_cap 250 max_levels 14 wall 2400 s
[04:25:29] roots: grid (-10, 70] step 10 d -> 10 launch legs kept (2.7 s); launch 0-60 d, first flyby 70-365 d
[04:25:29] start: 10 root state(s), remaining 298, horizon (0, 540] + L 360 d, B 8 tries 16 k_epochs 3 price_cap 250 max_levels 14 wall 2400 s
[04:25:51]   price_cap: 2500 of 4929 horizon candidates priced (10 parents)
[04:25:54]   price_cap: 2500 of 7639 horizon candidates priced (10 parents)
[04:25:55] depth  2: 10/10 parents -> 378 children (286 unique) -> tried 10, settled 8 (0 in H), kept 7 (4 branches); t_end 657-825 d, tank 602-609 (26 s: price 22, settle 4)
[04:25:56]   price_cap: 2500 of 7719 horizon candidates priced (10 parents)
[04:25:57]   price_cap: 2500 of 8149 horizon candidates priced (10 parents)
[04:25:59] depth  2: 10/10 parents -> 732 children (670 unique) -> tried 9, settled 8 (8 in H), kept 8 (4 branches); t_end 441-536 d, tank 602-615 (30 s: price 28, settle 2)
[04:25:59]   price_cap: 2500 of 8468 horizon candidates priced (10 parents)
[04:26:00]   price_cap: 2500 of 8853 horizon candidates priced (10 parents)
[04:26:01]   price_cap: 2500 of 8779 horizon candidates priced (10 parents)
[04:26:01] depth  2: 10/10 parents -> 945 children (818 unique) -> tried 9, settled 8 (8 in H), kept 6 (4 branches); t_end 328-528 d, tank 602-609 (32 s: price 30, settle 2)
[04:26:02] depth  2: 10/10 parents -> 924 children (859 unique) -> tried 8, settled 8 (8 in H), kept 8 (6 branches); t_end 202-417 d, tank 602-617 (33 s: price 31, settle 2)
[04:26:02]   price_cap: 2500 of 8585 horizon candidates priced (10 parents)
[04:26:03] depth  2: 10/10 parents -> 575 children (452 unique) -> tried 11, settled 8 (5 in H), kept 7 (4 branches); t_end 492-666 d, tank 603-619 (34 s: price 27, settle 7)
[04:26:04] depth  2: 10/10 parents -> 542 children (453 unique) -> tried 14, settled 8 (2 in H), kept 7 (6 branches); t_end 492-684 d, tank 603-618 (35 s: price 25, settle 9)
[04:26:04] depth  2: 10/10 parents -> 959 children (641 unique) -> tried 8, settled 8 (8 in H), kept 6 (4 branches); t_end 320-468 d, tank 602-606 (35 s: price 32, settle 3)
[04:26:08]   price_cap: 1288 of 1493 horizon candidates priced (7 parents)
[04:26:10] depth  2: 10/10 parents -> 988 children (876 unique) -> tried 10, settled 8 (8 in H), kept 6 (4 branches); t_end 174-449 d, tank 602-620 (40 s: price 33, settle 8)
[04:26:12] depth  3: 7/7 parents -> 115 children (115 unique) -> tried 9, settled 8 (0 in H), kept 8 (4 branches); t_end 731-876 d, tank 609-627 (17 s: price 12, settle 5)
[04:26:20] depth  4: 8/8 parents -> 19 children (19 unique) -> tried 9, settled 8 (0 in H), kept 8 (2 branches); t_end 749-895 d, tank 629-712 (8 s: price 4, settle 4)
[04:26:20]   price_cap: 1500 of 4558 horizon candidates priced (6 parents)
[04:26:21]   price_cap: 1750 of 3728 horizon candidates priced (7 parents)
[04:26:22] depth  3: 6/6 parents -> 379 children (379 unique) -> tried 8, settled 8 (3 in H), kept 7 (3 branches); t_end 526-598 d, tank 604-620 (20 s: price 19, settle 1)
[04:26:22]   price_cap: 1750 of 3954 horizon candidates priced (7 parents)
[04:26:23]   price_cap: 2000 of 5767 horizon candidates priced (8 parents)
[04:26:24]   price_cap: 1500 of 4924 horizon candidates priced (6 parents)
[04:26:24] depth  3: 8/8 parents -> 365 children (365 unique) -> tried 8, settled 8 (0 in H), kept 8 (4 branches); t_end 551-702 d, tank 605-636 (25 s: price 24, settle 1)
[04:26:24] depth  3: 7/7 parents -> 275 children (275 unique) -> tried 8, settled 8 (0 in H), kept 8 (4 branches); t_end 609-746 d, tank 612-624 (21 s: price 19, settle 2)
[04:26:25] depth  5: 7/8 parents -> 8 children (8 unique) -> tried 8, settled 7 (0 in H), kept 7 (1 branches); t_end 830-880 d, tank 644-682 (5 s: price 2, settle 3)
[04:26:26] depth  3: 7/7 parents -> 228 children (228 unique) -> tried 9, settled 8 (0 in H), kept 8 (4 branches); t_end 670-820 d, tank 612-636 (22 s: price 18, settle 5)
[04:26:29] depth  6: 7/7 parents -> 2 children (2 unique) -> tried 2, settled 1 (0 in H), kept 1 (1 branches); t_end 884-884 d, tank 675-675 (3 s: price 0, settle 3)
[04:26:29] depth  7: 1/1 parents -> 0 children (0 unique) -> tried 0, settled 0 (0 in H), kept 0 (0 branches) (0 s: price 0, settle 0)
[04:26:29] beam end {'kind': 'no_children', 'depth': 6, 'tried': 0}: 42 settled states, 38 settles (32 ok), wall 60 s (price 41, settle 20)
[04:26:29] RESULT s00_r7: 0 columns (n_new -, potential -), 42 states, end no_children, wall 62 s
[04:26:29]   job s00_r7 root  columns   0  levels 5  settles 32/38  end no_children  wall 62.3 s
[04:26:29]   price_cap: 2000 of 6976 horizon candidates priced (8 parents)
[04:26:30] depth  3: 6/6 parents -> 417 children (417 unique) -> tried 10, settled 8 (4 in H), kept 8 (4 branches); t_end 478-756 d, tank 606-616 (26 s: price 20, settle 6)
[04:26:33]   price_cap: 1500 of 4798 horizon candidates priced (6 parents)
[04:26:34] depth  3: 8/8 parents -> 714 children (714 unique) -> tried 10, settled 8 (8 in H), kept 8 (4 branches); t_end 317-465 d, tank 611-626 (32 s: price 27, settle 4)
[04:26:37] depth  3: 6/6 parents -> 458 children (458 unique) -> tried 9, settled 8 (8 in H), kept 8 (4 branches); t_end 275-486 d, tank 612-640 (27 s: price 23, settle 4)
[04:26:42]   price_cap: 1356 of 1695 horizon candidates priced (8 parents)
[04:26:43]   price_cap: 1750 of 3932 horizon candidates priced (7 parents)
[04:26:46]   price_cap: 1902 of 2625 horizon candidates priced (8 parents)
[04:26:46] depth  4: 8/8 parents -> 82 children (82 unique) -> tried 9, settled 8 (0 in H), kept 8 (3 branches); t_end 782-853 d, tank 623-634 (20 s: price 16, settle 4)
[04:26:47]   price_cap: 2000 of 3749 horizon candidates priced (8 parents)
[04:26:47] depth  4: 7/7 parents -> 276 children (276 unique) -> tried 9, settled 8 (0 in H), kept 8 (3 branches); t_end 564-827 d, tank 609-632 (25 s: price 22, settle 4)
[04:26:49] depth  4: 8/8 parents -> 184 children (184 unique) -> tried 8, settled 8 (0 in H), kept 8 (4 branches); t_end 655-840 d, tank 621-653 (25 s: price 22, settle 3)
[04:26:52] depth  4: 8/8 parents -> 220 children (220 unique) -> tried 10, settled 8 (0 in H), kept 8 (4 branches); t_end 685-841 d, tank 605-648 (28 s: price 23, settle 5)
[04:26:57]   price_cap: 1964 of 4324 horizon candidates priced (8 parents)
[04:26:58] depth  4: 8/8 parents -> 306 children (306 unique) -> tried 8, settled 8 (1 in H), kept 8 (3 branches); t_end 521-811 d, tank 607-646 (29 s: price 27, settle 2)
[04:27:02]   price_cap: 2000 of 6634 horizon candidates priced (8 parents)
[04:27:02]   price_cap: 1236 of 1408 horizon candidates priced (8 parents)
[04:27:03] depth  4: 8/8 parents -> 545 children (545 unique) -> tried 8, settled 8 (2 in H), kept 8 (4 branches); t_end 409-617 d, tank 617-632 (29 s: price 28, settle 2)
[04:27:05]   price_cap: 1392 of 2157 horizon candidates priced (8 parents)
[04:27:05]   price_cap: 1024 of 1075 horizon candidates priced (8 parents)
[04:27:07] depth  5: 8/8 parents -> 90 children (90 unique) -> tried 8, settled 8 (0 in H), kept 8 (3 branches); t_end 734-898 d, tank 634-716 (18 s: price 14, settle 5)
[04:27:08]   price_cap: 2000 of 6154 horizon candidates priced (8 parents)
[04:27:09] depth  4: 8/8 parents -> 562 children (562 unique) -> tried 8, settled 8 (4 in H), kept 8 (3 branches); t_end 297-798 d, tank 618-639 (33 s: price 32, settle 1)
[04:27:10] depth  5: 8/8 parents -> 65 children (65 unique) -> tried 8, settled 8 (0 in H), kept 8 (4 branches); t_end 792-871 d, tank 624-663 (18 s: price 13, settle 5)
[04:27:11] depth  5: 8/8 parents -> 19 children (19 unique) -> tried 13, settled 8 (0 in H, 2 drifted out), kept 8 (2 branches); t_end 818-893 d, tank 639-827 (25 s: price 5, settle 20)
[04:27:14] depth  5: 8/8 parents -> 175 children (175 unique) -> tried 11, settled 8 (0 in H, 1 drifted out), kept 8 (3 branches); t_end 655-855 d, tank 627-646 (27 s: price 18, settle 9)
[04:27:18] depth  6: 6/8 parents -> 31 children (31 unique) -> tried 8, settled 8 (0 in H), kept 8 (2 branches); t_end 771-897 d, tank 650-661 (10 s: price 9, settle 1)
[04:27:23]   price_cap: 1766 of 3041 horizon candidates priced (8 parents)
[04:27:24] depth  6: 8/8 parents -> 9 children (9 unique) -> tried 9, settled 8 (0 in H), kept 8 (2 branches); t_end 835-898 d, tank 634-715 (13 s: price 2, settle 11)
[04:27:24] depth  7: 6/8 parents -> 1 children (1 unique) -> tried 1, settled 1 (0 in H), kept 1 (1 branches); t_end 874-874 d, tank 783-783 (1 s: price 0, settle 0)
[04:27:24] depth  8: 1/1 parents -> 0 children (0 unique) -> tried 0, settled 0 (0 in H), kept 0 (0 branches) (0 s: price 0, settle 0)
[04:27:24] beam end {'kind': 'no_children', 'depth': 7, 'tried': 0}: 51 settled states, 45 settles (41 ok), wall 115 s (price 90, settle 25)
[04:27:24] RESULT s00_r4: 14 columns (n_new 1-2, potential 0-5), 51 states, end no_children, wall 118 s
[04:27:24]   job s00_r4 root  columns  14  levels 6  settles 41/45  end no_children  wall 117.6 s
[04:27:25] depth  5: 8/8 parents -> 196 children (196 unique) -> tried 8, settled 8 (0 in H), kept 8 (3 branches); t_end 636-855 d, tank 612-635 (26 s: price 25, settle 2)
[04:27:25] depth  7: 6/8 parents -> 14 children (14 unique) -> tried 8, settled 8 (0 in H), kept 8 (1 branches); t_end 808-897 d, tank 662-698 (8 s: price 6, settle 2)
[04:27:31] depth  6: 6/8 parents -> 5 children (5 unique) -> tried 5, settled 0 (0 in H), kept 0 (0 branches) (20 s: price 2, settle 18)
[04:27:31] beam end {'kind': 'settle_wall', 'depth': 5, 'tried': 5}: 42 settled states, 50 settles (32 ok), wall 122 s (price 66, settle 56)
[04:27:31] RESULT s00_r6: 7 columns (n_new 1-2, potential 0-4), 42 states, end settle_wall, wall 124 s
[04:27:31]   job s00_r6 root  columns   7  levels 4  settles 32/50  end settle_wall  wall 124.0 s
[04:27:31]   price_cap: 1335 of 1416 horizon candidates priced (8 parents)
[04:27:33]   price_cap: 2000 of 4375 horizon candidates priced (8 parents)
[04:27:34] depth  8: 5/8 parents -> 2 children (2 unique) -> tried 2, settled 1 (0 in H), kept 1 (1 branches); t_end 890-890 d, tank 711-711 (8 s: price 3, settle 5)
[04:27:34] beam end {'kind': 'horizon', 'depth': 8}: 59 settled states, 53 settles (49 ok), wall 125 s (price 100, settle 25)
[04:27:34] RESULT s00_r5: 9 columns (n_new 1-2, potential 0-6), 59 states, end horizon, wall 127 s
[04:27:34]   job s00_r5 root  columns   9  levels 7  settles 49/53  end horizon  wall 127.2 s
[04:27:37] depth  5: 8/8 parents -> 338 children (338 unique) -> tried 9, settled 8 (1 in H), kept 8 (4 branches); t_end 504-847 d, tank 623-635 (34 s: price 30, settle 5)
[04:27:39]   price_cap: 1789 of 4123 horizon candidates priced (8 parents)
[04:27:40] depth  6: 8/8 parents -> 73 children (73 unique) -> tried 10, settled 8 (0 in H), kept 8 (3 branches); t_end 752-880 d, tank 640-651 (26 s: price 17, settle 9)
[04:27:40]   price_cap: 1082 of 1398 horizon candidates priced (8 parents)
[04:27:43] depth  5: 8/8 parents -> 344 children (344 unique) -> tried 9, settled 8 (2 in H, 1 drifted out), kept 8 (3 branches); t_end 470-797 d, tank 622-718 (34 s: price 29, settle 4)
[04:27:49] depth  6: 8/8 parents -> 55 children (55 unique) -> tried 12, settled 8 (0 in H, 3 drifted out), kept 8 (3 branches); t_end 740-900 d, tank 627-885 (24 s: price 16, settle 9)
[04:27:49] depth  7: 8/8 parents -> 22 children (22 unique) -> tried 10, settled 8 (0 in H, 2 drifted out), kept 8 (2 branches); t_end 832-884 d, tank 653-674 (9 s: price 7, settle 2)
[04:27:51] depth  8: 8/8 parents -> 3 children (3 unique) -> tried 3, settled 3 (0 in H), kept 3 (1 branches); t_end 874-895 d, tank 669-725 (2 s: price 1, settle 1)
[04:27:51] depth  9: 2/3 parents -> 0 children (0 unique) -> tried 0, settled 0 (0 in H), kept 0 (0 branches) (0 s: price 0, settle 0)
[04:27:51] beam end {'kind': 'no_children', 'depth': 8, 'tried': 0}: 61 settled states, 60 settles (51 ok), wall 142 s (price 114, settle 29)
[04:27:51] RESULT s00_r3: 13 columns (n_new 1-3, potential 0-6), 61 states, end no_children, wall 144 s
[04:27:51]   job s00_r3 root  columns  13  levels 7  settles 51/60  end no_children  wall 144.3 s
[04:28:03]   price_cap: 1754 of 2852 horizon candidates priced (8 parents)
[04:28:06] depth  6: 8/8 parents -> 185 children (185 unique) -> tried 8, settled 8 (0 in H), kept 8 (3 branches); t_end 634-866 d, tank 630-661 (29 s: price 26, settle 3)
[04:28:09]   price_cap: 1572 of 3116 horizon candidates priced (8 parents)
[04:28:11] depth  6: 8/8 parents -> 214 children (214 unique) -> tried 8, settled 8 (0 in H), kept 8 (3 branches); t_end 556-890 d, tank 627-656 (28 s: price 26, settle 2)
[04:28:14] depth  7: 5/8 parents -> 25 children (25 unique) -> tried 11, settled 8 (0 in H), kept 8 (2 branches); t_end 785-884 d, tank 640-765 (25 s: price 6, settle 19)
[04:28:21]   price_cap: 931 of 1420 horizon candidates priced (8 parents)
[04:28:23] depth  8: 8/8 parents -> 3 children (3 unique) -> tried 3, settled 1 (0 in H, 1 drifted out), kept 1 (1 branches); t_end 897-897 d, tank 694-694 (10 s: price 4, settle 6)
[04:28:23] beam end {'kind': 'horizon', 'depth': 8}: 59 settled states, 60 settles (49 ok), wall 175 s (price 129, settle 45)
[04:28:23] RESULT s00_r2: 15 columns (n_new 1-4, potential 0-5), 59 states, end horizon, wall 177 s
[04:28:23]   job s00_r2 root  columns  15  levels 7  settles 49/60  end horizon  wall 176.8 s
[04:28:29]   price_cap: 1061 of 1484 horizon candidates priced (7 parents)
[04:28:30] depth  7: 8/8 parents -> 97 children (97 unique) -> tried 9, settled 8 (0 in H), kept 7 (2 branches); t_end 674-865 d, tank 650-769 (24 s: price 15, settle 9)
[04:28:31] depth  7: 7/8 parents -> 68 children (68 unique) -> tried 9, settled 8 (0 in H, 1 drifted out), kept 8 (2 branches); t_end 655-883 d, tank 635-675 (20 s: price 18, settle 2)
[04:28:43]   price_cap: 739 of 837 horizon candidates priced (8 parents)
[04:28:45] depth  8: 8/8 parents -> 61 children (61 unique) -> tried 8, settled 8 (0 in H), kept 8 (1 branches); t_end 784-881 d, tank 641-663 (14 s: price 12, settle 2)
[04:28:46]   price_cap: 963 of 1123 horizon candidates priced (7 parents)
[04:28:56] depth  9: 8/8 parents -> 13 children (13 unique) -> tried 9, settled 8 (0 in H), kept 8 (1 branches); t_end 826-889 d, tank 668-768 (12 s: price 2, settle 9)
[04:28:59] depth 10: 7/8 parents -> 2 children (2 unique) -> tried 2, settled 2 (0 in H), kept 2 (1 branches); t_end 867-873 d, tank 710-731 (2 s: price 1, settle 2)
[04:28:59] depth 11: 2/2 parents -> 0 children (0 unique) -> tried 0, settled 0 (0 in H), kept 0 (0 branches) (0 s: price 0, settle 0)
[04:28:59] beam end {'kind': 'no_children', 'depth': 10, 'tried': 0}: 76 settled states, 72 settles (66 ok), wall 209 s (price 176, settle 32)
[04:28:59] RESULT s00_r0: 24 columns (n_new 1-5, potential 0-5), 76 states, end no_children, wall 212 s
[04:28:59]   job s00_r0 root  columns  24  levels 9  settles 66/72  end no_children  wall 212.0 s
[04:29:00] depth  8: 7/7 parents -> 47 children (47 unique) -> tried 11, settled 8 (0 in H, 1 drifted out), kept 8 (1 branches); t_end 772-889 d, tank 655-778 (30 s: price 15, settle 14)
[04:29:18] depth  9: 7/8 parents -> 4 children (4 unique) -> tried 4, settled 2 (0 in H), kept 2 (1 branches); t_end 837-859 d, tank 708-714 (18 s: price 6, settle 12)
[04:29:18] depth 10: 2/2 parents -> 0 children (0 unique) -> tried 0, settled 0 (0 in H), kept 0 (0 branches) (0 s: price 0, settle 0)
[04:29:18] beam end {'kind': 'no_children', 'depth': 9, 'tried': 0}: 68 settled states, 67 settles (58 ok), wall 229 s (price 178, settle 52)
[04:29:18] RESULT s00_r1: 25 columns (n_new 1-5, potential 0-4), 68 states, end no_children, wall 231 s
[04:29:18]   job s00_r1 root  columns  25  levels 8  settles 58/67  end no_children  wall 231.3 s
[04:29:18] [slice 0] propose: 107 columns (0 bad dropped) in 231.3 s
[04:29:18] [slice 0] auction: 107 columns, kept 107, dropped {}
[04:29:18] [slice 0] auction: status optimal objective 33.100 vars 107 rows 42 chosen 8 (0.008 s)
[04:29:18] [slice 0 T=0 d] launched 8/8  covered 24  remaining 274  fuel 129 kg  sumJi 8.0940  chosen: r->c0:3(+26) r->c1:2(+6) r->c2:4(+16) r->c3:5(+34) r->c4:2(+0) r->c5:3(+12) r->c6:3(+19) r->c7:2(+5)  rejected: -  (wall 231 s)
[04:29:18] [slice 1 T=540 d] propose: 8 jobs (8 craft, 0 root) on 8 workers, proposer segbeam
[04:29:18] job s01_c0 (craft, craft 0): T 540 d H 540 L 360; remaining 274; prize >1 on 18, tank_prev 627.2
[04:29:18] job s01_c1 (craft, craft 1): T 540 d H 540 L 360; remaining 274; prize >1 on 18, tank_prev 607.3
[04:29:18] job s01_c3 (craft, craft 3): T 540 d H 540 L 360; remaining 274; prize >1 on 18, tank_prev 635.3
[04:29:18] job s01_c2 (craft, craft 2): T 540 d H 540 L 360; remaining 274; prize >1 on 18, tank_prev 617.4
[04:29:18] job s01_c5 (craft, craft 5): T 540 d H 540 L 360; remaining 274; prize >1 on 18, tank_prev 613.2
[04:29:18] job s01_c4 (craft, craft 4): T 540 d H 540 L 360; remaining 274; prize >1 on 18, tank_prev 601.5
[04:29:18] job s01_c7 (craft, craft 7): T 540 d H 540 L 360; remaining 274; prize >1 on 18, tank_prev 607.0
[04:29:18] prefix slices/s01/in/craft_1.npz: 2 flybys, t_end 174.4 d, tank 607.3 kg (planner view), miss 0.0 km, nreg 11
[04:29:18] start: 1 craft state(s), remaining 274, horizon (540, 1080] + L 360 d, B 8 tries 16 k_epochs 3 price_cap 250 max_levels 14 wall 2400 s
[04:29:18] prefix slices/s01/in/craft_7.npz: 2 flybys, t_end 491.9 d, tank 607.0 kg (planner view), miss 0.0 km, nreg 7
[04:29:18] job s01_c6 (craft, craft 6): T 540 d H 540 L 360; remaining 274; prize >1 on 18, tank_prev 620.4
[04:29:18] start: 1 craft state(s), remaining 274, horizon (540, 1080] + L 360 d, B 8 tries 16 k_epochs 3 price_cap 250 max_levels 14 wall 2400 s
[04:29:18] prefix slices/s01/in/craft_3.npz: 5 flybys, t_end 504.2 d, tank 635.3 kg (planner view), miss 2.6 km, nreg 22
[04:29:18] start: 1 craft state(s), remaining 274, horizon (540, 1080] + L 360 d, B 8 tries 16 k_epochs 3 price_cap 250 max_levels 14 wall 2400 s
[04:29:18] prefix slices/s01/in/craft_0.npz: 3 flybys, t_end 485.9 d, tank 627.2 kg (planner view), miss 0.5 km, nreg 26
[04:29:18] prefix slices/s01/in/craft_5.npz: 3 flybys, t_end 526.2 d, tank 613.2 kg (planner view), miss 0.1 km, nreg 17
[04:29:18] start: 1 craft state(s), remaining 274, horizon (540, 1080] + L 360 d, B 8 tries 16 k_epochs 3 price_cap 250 max_levels 14 wall 2400 s
[04:29:18] start: 1 craft state(s), remaining 274, horizon (540, 1080] + L 360 d, B 8 tries 16 k_epochs 3 price_cap 250 max_levels 14 wall 2400 s
[04:29:18] prefix slices/s01/in/craft_4.npz: 2 flybys, t_end 467.6 d, tank 601.5 kg (planner view), miss 0.1 km, nreg 17
[04:29:18] start: 1 craft state(s), remaining 274, horizon (540, 1080] + L 360 d, B 8 tries 16 k_epochs 3 price_cap 250 max_levels 14 wall 2400 s
[04:29:18] prefix slices/s01/in/craft_2.npz: 4 flybys, t_end 511.1 d, tank 617.4 kg (planner view), miss 0.2 km, nreg 23
[04:29:18] start: 1 craft state(s), remaining 274, horizon (540, 1080] + L 360 d, B 8 tries 16 k_epochs 3 price_cap 250 max_levels 14 wall 2400 s
[04:29:18] prefix slices/s01/in/craft_6.npz: 3 flybys, t_end 535.5 d, tank 620.4 kg (planner view), miss 65.1 km, nreg 16
[04:29:18] start: 1 craft state(s), remaining 274, horizon (540, 1080] + L 360 d, B 8 tries 16 k_epochs 3 price_cap 250 max_levels 14 wall 2400 s
[04:29:22]   price_cap: 250 of 820 horizon candidates priced (1 parents)
[04:29:22]   price_cap: 250 of 815 horizon candidates priced (1 parents)
[04:29:22]   price_cap: 250 of 815 horizon candidates priced (1 parents)
[04:29:22]   price_cap: 250 of 822 horizon candidates priced (1 parents)
[04:29:23]   price_cap: 250 of 817 horizon candidates priced (1 parents)
[04:29:23]   price_cap: 250 of 821 horizon candidates priced (1 parents)
[04:29:23]   price_cap: 250 of 799 horizon candidates priced (1 parents)
[04:29:23]   price_cap: 250 of 811 horizon candidates priced (1 parents)
[04:29:24] depth  2: 1/1 parents -> 86 children (86 unique) -> tried 8, settled 8 (8 in H), kept 8 (8 branches); t_end 605-1023 d, tank 614-721 (6 s: price 3, settle 2)
[04:29:25] depth  2: 1/1 parents -> 82 children (82 unique) -> tried 8, settled 8 (8 in H), kept 8 (8 branches); t_end 574-1029 d, tank 606-646 (7 s: price 4, settle 3)
[04:29:27] depth  2: 1/1 parents -> 82 children (82 unique) -> tried 8, settled 8 (8 in H), kept 8 (8 branches); t_end 634-1030 d, tank 637-687 (9 s: price 5, settle 4)
[04:29:28] depth  2: 1/1 parents -> 79 children (79 unique) -> tried 8, settled 8 (8 in H), kept 8 (8 branches); t_end 615-1015 d, tank 622-676 (10 s: price 4, settle 6)
[04:29:29] depth  2: 1/1 parents -> 106 children (106 unique) -> tried 8, settled 8 (8 in H), kept 8 (8 branches); t_end 579-1024 d, tank 608-680 (11 s: price 5, settle 6)
[04:29:30] depth  2: 1/1 parents -> 106 children (106 unique) -> tried 8, settled 8 (8 in H), kept 7 (6 branches); t_end 565-927 d, tank 623-732 (12 s: price 5, settle 7)
[04:29:30] depth  2: 1/1 parents -> 84 children (84 unique) -> tried 8, settled 8 (8 in H), kept 8 (7 branches); t_end 560-1035 d, tank 639-684 (12 s: price 5, settle 6)
[04:29:31] depth  2: 1/1 parents -> 84 children (84 unique) -> tried 9, settled 8 (8 in H), kept 7 (7 branches); t_end 658-1030 d, tank 617-658 (13 s: price 4, settle 9)
[04:30:00]   price_cap: 2000 of 6284 horizon candidates priced (8 parents)
[04:30:05] depth  3: 8/8 parents -> 585 children (585 unique) -> tried 8, settled 8 (8 in H), kept 8 (6 branches); t_end 943-1009 d, tank 627-825 (41 s: price 36, settle 5)
[04:30:08]   price_cap: 2000 of 6100 horizon candidates priced (8 parents)
[04:30:11]   price_cap: 2000 of 6233 horizon candidates priced (8 parents)
[04:30:12]   price_cap: 1750 of 5594 horizon candidates priced (7 parents)
[04:30:13]   price_cap: 1750 of 5659 horizon candidates priced (7 parents)
[04:30:16] depth  3: 8/8 parents -> 557 children (557 unique) -> tried 8, settled 8 (7 in H), kept 8 (6 branches); t_end 924-1438 d, tank 614-680 (50 s: price 43, settle 7)
[04:30:16]   price_cap: 2000 of 6463 horizon candidates priced (8 parents)
[04:30:18] depth  3: 8/8 parents -> 598 children (598 unique) -> tried 8, settled 8 (8 in H), kept 8 (6 branches); t_end 959-1064 d, tank 639-684 (50 s: price 43, settle 7)
[04:30:18]   price_cap: 2000 of 6275 horizon candidates priced (8 parents)
[04:30:21] depth  3: 7/7 parents -> 538 children (538 unique) -> tried 8, settled 8 (7 in H), kept 7 (4 branches); t_end 856-1437 d, tank 633-712 (50 s: price 42, settle 8)
[04:30:23]   price_cap: 2000 of 6256 horizon candidates priced (8 parents)
[04:30:24] depth  3: 8/8 parents -> 589 children (589 unique) -> tried 8, settled 8 (8 in H), kept 7 (5 branches); t_end 855-1033 d, tank 663-697 (57 s: price 49, settle 8)
[04:30:29] depth  3: 8/8 parents -> 584 children (584 unique) -> tried 8, settled 8 (8 in H), kept 8 (3 branches); t_end 747-1034 d, tank 650-692 (59 s: price 53, settle 6)
[04:30:30] depth  3: 7/7 parents -> 594 children (588 unique) -> tried 10, settled 8 (8 in H, 1 drifted out), kept 8 (6 branches); t_end 858-1029 d, tank 648-867 (61 s: price 42, settle 19)
[04:30:39] depth  3: 8/8 parents -> 612 children (612 unique) -> tried 10, settled 8 (8 in H), kept 8 (4 branches); t_end 601-987 d, tank 615-714 (70 s: price 49, settle 21)
[04:30:46]   price_cap: 2000 of 5673 horizon candidates priced (8 parents)
[04:30:56] depth  4: 8/8 parents -> 375 children (375 unique) -> tried 9, settled 8 (1 in H, 1 drifted out), kept 8 (5 branches); t_end 1045-1438 d, tank 632-812 (51 s: price 42, settle 10)
[04:30:58]   price_cap: 1750 of 5170 horizon candidates priced (7 parents)
[04:30:59]   price_cap: 1500 of 4694 horizon candidates priced (6 parents)
[04:31:05] depth  4: 7/8 parents -> 412 children (412 unique) -> tried 8, settled 8 (4 in H), kept 8 (5 branches); t_end 995-1202 d, tank 621-871 (49 s: price 42, settle 7)
[04:31:05]   price_cap: 2000 of 5729 horizon candidates priced (8 parents)
[04:31:12] depth  4: 6/7 parents -> 336 children (335 unique) -> tried 8, settled 8 (4 in H), kept 8 (4 branches); t_end 983-1437 d, tank 642-706 (51 s: price 38, settle 13)
[04:31:12] depth  4: 8/8 parents -> 426 children (426 unique) -> tried 8, settled 8 (6 in H), kept 8 (4 branches); t_end 975-1100 d, tank 649-710 (55 s: price 48, settle 7)
[04:31:13]   price_cap: 1750 of 5375 horizon candidates priced (7 parents)
[04:31:20] depth  4: 7/7 parents -> 530 children (530 unique) -> tried 8, settled 8 (7 in H), kept 7 (4 branches); t_end 910-1135 d, tank 671-712 (55 s: price 48, settle 7)
[04:31:25]   price_cap: 2000 of 6043 horizon candidates priced (8 parents)
[04:31:26]   price_cap: 2000 of 6126 horizon candidates priced (8 parents)
[04:31:34]   price_cap: 2000 of 5881 horizon candidates priced (8 parents)
[04:31:36]   price_cap: 1750 of 3359 horizon candidates priced (7 parents)
[04:31:39] depth  4: 8/8 parents -> 435 children (435 unique) -> tried 8, settled 8 (6 in H), kept 8 (3 branches); t_end 941-1437 d, tank 669-732 (70 s: price 58, settle 12)
[04:31:52]   price_cap: 1500 of 3924 horizon candidates priced (6 parents)
[04:31:53] depth  4: 8/8 parents -> 546 children (546 unique) -> tried 8, settled 8 (2 in H), kept 8 (3 branches); t_end 923-1437 d, tank 658-747 (74 s: price 55, settle 19)
[04:31:54] depth  5: 7/8 parents -> 188 children (188 unique) -> tried 10, settled 8 (0 in H), kept 8 (4 branches); t_end 1146-1348 d, tank 637-802 (58 s: price 40, settle 17)
[04:31:56] depth  4: 8/8 parents -> 580 children (576 unique) -> tried 11, settled 8 (5 in H, 2 drifted out), kept 8 (4 branches); t_end 1027-1438 d, tank 651-916 (86 s: price 55, settle 31)
[04:31:56]   price_cap: 2000 of 4246 horizon candidates priced (8 parents)
[04:32:00] depth  5: 6/8 parents -> 198 children (198 unique) -> tried 8, settled 8 (1 in H), kept 8 (3 branches); t_end 1074-1435 d, tank 656-751 (48 s: price 40, settle 8)
[04:32:01]   price_cap: 2000 of 5045 horizon candidates priced (8 parents)
[04:32:07] depth  5: 8/8 parents -> 332 children (332 unique) -> tried 8, settled 8 (0 in H), kept 8 (3 branches); t_end 1107-1307 d, tank 653-707 (55 s: price 49, settle 6)
[04:32:09]   price_cap: 1750 of 4482 horizon candidates priced (7 parents)
[04:32:14]   price_cap: 750 of 1820 horizon candidates priced (4 parents)
[04:32:16] depth  5: 7/7 parents -> 330 children (330 unique) -> tried 8, settled 8 (4 in H), kept 8 (3 branches); t_end 1035-1240 d, tank 690-719 (56 s: price 49, settle 7)
[04:32:16]   price_cap: 960 of 1098 horizon candidates priced (8 parents)
[04:32:23]   price_cap: 1500 of 3896 horizon candidates priced (6 parents)
[04:32:28] depth  5: 4/8 parents -> 151 children (151 unique) -> tried 8, settled 8 (4 in H), kept 7 (2 branches); t_end 1037-1429 d, tank 687-730 (36 s: price 21, settle 15)
[04:32:29] depth  5: 8/8 parents -> 237 children (237 unique) -> tried 12, settled 8 (0 in H, 1 drifted out), kept 8 (4 branches); t_end 1101-1438 d, tank 630-797 (84 s: price 52, settle 32)
[04:32:32] depth  5: 6/8 parents -> 234 children (234 unique) -> tried 8, settled 8 (0 in H), kept 8 (3 branches); t_end 1156-1435 d, tank 696-719 (54 s: price 44, settle 9)
[04:32:34] depth  6: 8/8 parents -> 46 children (46 unique) -> tried 9, settled 8 (0 in H), kept 8 (4 branches); t_end 1320-1396 d, tank 644-820 (41 s: price 22, settle 18)
[04:32:46]   price_cap: 1750 of 4433 horizon candidates priced (7 parents)
[04:32:47]   price_cap: 1676 of 2806 horizon candidates priced (7 parents)
[04:32:52]   price_cap: 1759 of 2307 horizon candidates priced (8 parents)
[04:32:57] depth  7: 8/8 parents -> 7 children (6 unique) -> tried 6, settled 3 (0 in H, 1 drifted out), kept 3 (2 branches); t_end 1377-1403 d, tank 648-735 (23 s: price 5, settle 18)
[04:32:58] depth  8: 3/3 parents -> 0 children (0 unique) -> tried 0, settled 0 (0 in H), kept 0 (0 branches) (0 s: price 1, settle 0)
[04:32:58] beam end {'kind': 'no_children', 'depth': 7, 'tried': 0}: 44 settled states, 50 settles (43 ok), wall 220 s (price 149, settle 70)
[04:32:58] RESULT s01_c7: 17 columns (n_new 1-3, potential 0-4), 44 states, end no_children, wall 220 s
[04:32:58]   job s01_c7 craft columns  17  levels 6  settles 43/50  end no_children  wall 219.9 s
[04:33:00] depth  6: 8/8 parents -> 121 children (121 unique) -> tried 10, settled 8 (0 in H, 2 drifted out), kept 8 (3 branches); t_end 1273-1409 d, tank 669-689 (53 s: price 45, settle 8)
[04:33:01]   price_cap: 1236 of 1694 horizon candidates priced (7 parents)
[04:33:03]   price_cap: 1223 of 2508 horizon candidates priced (6 parents)
[04:33:08] depth  6: 7/8 parents -> 48 children (48 unique) -> tried 9, settled 8 (0 in H, 1 drifted out), kept 8 (3 branches); t_end 1175-1401 d, tank 644-766 (39 s: price 32, settle 7)
[04:33:12]   price_cap: 1979 of 4182 horizon candidates priced (8 parents)
[04:33:12] depth  6: 7/8 parents -> 108 children (108 unique) -> tried 10, settled 8 (0 in H), kept 8 (3 branches); t_end 1155-1361 d, tank 678-864 (72 s: price 46, settle 25)
[04:33:16] depth  6: 6/7 parents -> 143 children (143 unique) -> tried 8, settled 8 (0 in H), kept 8 (2 branches); t_end 1111-1433 d, tank 701-786 (48 s: price 35, settle 13)
[04:33:21] depth  6: 8/8 parents -> 243 children (243 unique) -> tried 8, settled 8 (0 in H), kept 8 (3 branches); t_end 1134-1339 d, tank 704-735 (65 s: price 56, settle 9)
[04:33:21]   price_cap: 1648 of 2116 horizon candidates priced (7 parents)
[04:33:26] depth  5: 7/8 parents -> 247 children (247 unique) -> tried 13, settled 8 (0 in H, 1 drifted out), kept 8 (3 branches); t_end 1119-1298 d, tank 654-935 (90 s: price 50, settle 41)
[04:33:30] depth  6: 7/8 parents -> 158 children (158 unique) -> tried 8, settled 8 (0 in H), kept 8 (3 branches); t_end 1297-1438 d, tank 706-769 (58 s: price 49, settle 9)
[04:33:32]   price_cap: 937 of 964 horizon candidates priced (8 parents)
[04:33:42] depth  7: 2/8 parents -> 3 children (3 unique) -> tried 3, settled 3 (0 in H), kept 3 (1 branches); t_end 1348-1392 d, tank 734-738 (12 s: price 7, settle 4)
[04:33:43]   price_cap: 1191 of 1414 horizon candidates priced (8 parents)
[04:33:45] depth  8: 3/3 parents -> 1 children (1 unique) -> tried 1, settled 1 (0 in H), kept 1 (1 branches); t_end 1397-1397 d, tank 747-747 (3 s: price 1, settle 2)
[04:33:45] depth  9: 1/1 parents -> 0 children (0 unique) -> tried 0, settled 0 (0 in H), kept 0 (0 branches) (0 s: price 0, settle 0)
[04:33:45] beam end {'kind': 'no_children', 'depth': 8, 'tried': 0}: 45 settled states, 44 settles (44 ok), wall 267 s (price 218, settle 49)
[04:33:45] RESULT s01_c0: 21 columns (n_new 1-3, potential 0-4), 45 states, end no_children, wall 267 s
[04:33:45]   job s01_c0 craft columns  21  levels 7  settles 44/44  end no_children  wall 266.9 s
[04:33:49]   price_cap: 1236 of 1965 horizon candidates priced (6 parents)
[04:33:56] depth  7: 8/8 parents -> 25 children (25 unique) -> tried 15, settled 8 (0 in H, 4 drifted out), kept 8 (3 branches); t_end 1319-1417 d, tank 693-796 (56 s: price 23, settle 32)
[04:34:04]   price_cap: 1628 of 2376 horizon candidates priced (8 parents)
[04:34:05] depth  7: 6/8 parents -> 103 children (103 unique) -> tried 9, settled 8 (0 in H, 1 drifted out), kept 8 (1 branches); t_end 1287-1430 d, tank 736-867 (49 s: price 33, settle 16)
[04:34:14] depth  8: 8/8 parents -> 3 children (3 unique) -> tried 3, settled 1 (0 in H), kept 1 (1 branches); t_end 1391-1391 d, tank 760-760 (18 s: price 5, settle 13)
[04:34:14] depth  9: 1/1 parents -> 0 children (0 unique) -> tried 0, settled 0 (0 in H), kept 0 (0 branches) (0 s: price 0, settle 0)
[04:34:14] beam end {'kind': 'no_children', 'depth': 8, 'tried': 0}: 50 settled states, 60 settles (49 ok), wall 296 s (price 217, settle 79)
[04:34:14] RESULT s01_c6: 22 columns (n_new 1-3, potential 0-4), 50 states, end no_children, wall 296 s
[04:34:14]   job s01_c6 craft columns  22  levels 7  settles 49/60  end no_children  wall 295.8 s
[04:34:14]   price_cap: 1867 of 2651 horizon candidates priced (8 parents)
[04:34:16] depth  7: 8/8 parents -> 52 children (52 unique) -> tried 15, settled 8 (0 in H, 5 drifted out), kept 8 (2 branches); t_end 1302-1436 d, tank 715-819 (64 s: price 31, settle 33)
[04:34:18] depth  7: 8/8 parents -> 120 children (120 unique) -> tried 9, settled 8 (0 in H), kept 8 (3 branches); t_end 1286-1414 d, tank 713-786 (57 s: price 43, settle 14)
[04:34:41] depth  8: 6/8 parents -> 7 children (7 unique) -> tried 7, settled 6 (0 in H), kept 6 (1 branches); t_end 1387-1436 d, tank 747-831 (26 s: price 10, settle 16)
[04:34:42] depth  9: 3/6 parents -> 0 children (0 unique) -> tried 0, settled 0 (0 in H), kept 0 (0 branches) (0 s: price 0, settle 0)
[04:34:42] beam end {'kind': 'no_children', 'depth': 8, 'tried': 0}: 55 settled states, 65 settles (54 ok), wall 324 s (price 212, settle 112)
[04:34:42] RESULT s01_c5: 17 columns (n_new 1-4, potential 0-4), 55 states, end no_children, wall 324 s
[04:34:42]   job s01_c5 craft columns  17  levels 7  settles 54/65  end no_children  wall 323.8 s
[04:34:43] depth  7: 8/8 parents -> 33 children (33 unique) -> tried 16, settled 7 (0 in H, 2 drifted out), kept 7 (2 branches); t_end 1315-1436 d, tank 716-856 (95 s: price 24, settle 71)
[04:34:46] depth  8: 8/8 parents -> 52 children (52 unique) -> tried 8, settled 8 (0 in H), kept 8 (2 branches); t_end 1364-1414 d, tank 722-755 (28 s: price 19, settle 8)
[04:34:48] depth  9: 8/8 parents -> 2 children (2 unique) -> tried 2, settled 2 (0 in H), kept 2 (1 branches); t_end 1409-1413 d, tank 759-773 (2 s: price 1, settle 1)
[04:34:48] depth 10: 2/2 parents -> 0 children (0 unique) -> tried 0, settled 0 (0 in H), kept 0 (0 branches) (0 s: price 0, settle 0)
[04:34:48] beam end {'kind': 'no_children', 'depth': 9, 'tried': 0}: 59 settled states, 59 settles (58 ok), wall 330 s (price 271, settle 59)
[04:34:48] RESULT s01_c3: 25 columns (n_new 1-4, potential 0-4), 59 states, end no_children, wall 330 s
[04:34:48]   job s01_c3 craft columns  25  levels 8  settles 58/59  end no_children  wall 329.6 s
[04:34:50] depth  8: 7/8 parents -> 29 children (29 unique) -> tried 10, settled 8 (0 in H, 1 drifted out), kept 8 (1 branches); t_end 1327-1433 d, tank 756-847 (45 s: price 17, settle 28)
[04:35:05] depth  9: 7/8 parents -> 2 children (2 unique) -> tried 2, settled 1 (0 in H), kept 1 (1 branches); t_end 1409-1409 d, tank 803-803 (15 s: price 3, settle 12)
[04:35:05] depth 10: 1/1 parents -> 0 children (0 unique) -> tried 0, settled 0 (0 in H), kept 0 (0 branches) (0 s: price 0, settle 0)
[04:35:05] beam end {'kind': 'no_children', 'depth': 9, 'tried': 0}: 58 settled states, 63 settles (57 ok), wall 347 s (price 218, settle 129)
[04:35:05] RESULT s01_c1: 21 columns (n_new 1-4, potential 0-4), 58 states, end no_children, wall 347 s
[04:35:05]   job s01_c1 craft columns  21  levels 8  settles 57/63  end no_children  wall 346.7 s
[04:35:41] depth  6: 8/8 parents -> 155 children (155 unique) -> tried 16, settled 5 (0 in H, 2 drifted out), kept 5 (2 branches); t_end 1327-1422 d, tank 655-980 (135 s: price 48, settle 87)
[04:35:50] depth  7: 5/5 parents -> 4 children (4 unique) -> tried 4, settled 4 (0 in H), kept 4 (1 branches); t_end 1411-1432 d, tank 697-732 (9 s: price 3, settle 6)
[04:35:50] depth  8: 2/4 parents -> 0 children (0 unique) -> tried 0, settled 0 (0 in H), kept 0 (0 branches) (0 s: price 0, settle 0)
[04:35:50] beam end {'kind': 'no_children', 'depth': 7, 'tried': 0}: 42 settled states, 62 settles (41 ok), wall 392 s (price 202, settle 191)
[04:35:50] RESULT s01_c2: 18 columns (n_new 1-3, potential 0-4), 42 states, end no_children, wall 392 s
[04:35:50]   job s01_c2 craft columns  18  levels 6  settles 41/62  end no_children  wall 392.2 s
[04:36:27] depth  8: 3/7 parents -> 23 children (23 unique) -> tried 16, settled 0 (0 in H), kept 0 (0 branches) (103 s: price 4, settle 100)
[04:36:27] beam end {'kind': 'settle_wall', 'depth': 7, 'tried': 16}: 48 settled states, 77 settles (47 ok), wall 429 s (price 200, settle 228)
[04:36:27] RESULT s01_c4: 19 columns (n_new 1-3, potential 0-3), 48 states, end settle_wall, wall 429 s
[04:36:27]   job s01_c4 craft columns  19  levels 6  settles 47/77  end settle_wall  wall 428.6 s
[04:36:27] [slice 1] propose: 160 columns (0 bad dropped) in 428.6 s
[04:36:27] [slice 1] auction: 160 columns, kept 160, dropped {}
[04:36:27] [slice 1] auction: status optimal objective 27.641 vars 160 rows 44 chosen 8 (0.008 s)
[04:36:27] [slice 1 T=540 d] launched 8/8  covered 44  remaining 254  fuel 437 kg  sumJi 8.3292  chosen: c0:3(+71) c1:3(+51) c2:1(+5) c3:4(+83) c4:2(+16) c5:2(+24) c6:3(+29) c7:2(+28)  rejected: -  (wall 429 s)
[04:36:27] [slice 2 T=1080 d] propose: 8 jobs (8 craft, 0 root) on 8 workers, proposer segbeam
[04:36:27] job s02_c0 (craft, craft 0): T 1080 d H 540 L 360; remaining 254; prize >1 on 23, tank_prev 698.2
[04:36:27] job s02_c1 (craft, craft 1): T 1080 d H 540 L 360; remaining 254; prize >1 on 23, tank_prev 658.2
[04:36:27] job s02_c2 (craft, craft 2): T 1080 d H 540 L 360; remaining 254; prize >1 on 23, tank_prev 622.9
[04:36:27] job s02_c6 (craft, craft 6): T 1080 d H 540 L 360; remaining 254; prize >1 on 23, tank_prev 649.2
[04:36:27] job s02_c4 (craft, craft 4): T 1080 d H 540 L 360; remaining 254; prize >1 on 23, tank_prev 617.7
[04:36:27] job s02_c5 (craft, craft 5): T 1080 d H 540 L 360; remaining 254; prize >1 on 23, tank_prev 637.4
[04:36:27] job s02_c3 (craft, craft 3): T 1080 d H 540 L 360; remaining 254; prize >1 on 23, tank_prev 718.3
[04:36:27] job s02_c7 (craft, craft 7): T 1080 d H 540 L 360; remaining 254; prize >1 on 23, tank_prev 635.5
[04:36:27] prefix slices/s02/in/craft_2.npz: 5 flybys, t_end 683.0 d, tank 622.9 kg (planner view), miss 0.1 km, nreg 32
[04:36:27] start: 1 craft state(s), remaining 254, horizon (1080, 1620] + L 360 d, B 8 tries 16 k_epochs 3 price_cap 250 max_levels 14 wall 2400 s
[04:36:27] prefix slices/s02/in/craft_4.npz: 4 flybys, t_end 943.5 d, tank 617.7 kg (planner view), miss 0.8 km, nreg 41
[04:36:27] start: 1 craft state(s), remaining 254, horizon (1080, 1620] + L 360 d, B 8 tries 16 k_epochs 3 price_cap 250 max_levels 14 wall 2400 s
[04:36:27] prefix slices/s02/in/craft_7.npz: 4 flybys, t_end 1005.4 d, tank 635.5 kg (planner view), miss 1.2 km, nreg 33
[04:36:27] start: 1 craft state(s), remaining 254, horizon (1080, 1620] + L 360 d, B 8 tries 16 k_epochs 3 price_cap 250 max_levels 14 wall 2400 s
[04:36:27] prefix slices/s02/in/craft_1.npz: 5 flybys, t_end 1023.3 d, tank 658.2 kg (planner view), miss 7.4 km, nreg 53
[04:36:27] prefix slices/s02/in/craft_0.npz: 6 flybys, t_end 973.1 d, tank 698.2 kg (planner view), miss 12.8 km, nreg 50
[04:36:27] start: 1 craft state(s), remaining 254, horizon (1080, 1620] + L 360 d, B 8 tries 16 k_epochs 3 price_cap 250 max_levels 14 wall 2400 s
[04:36:27] start: 1 craft state(s), remaining 254, horizon (1080, 1620] + L 360 d, B 8 tries 16 k_epochs 3 price_cap 250 max_levels 14 wall 2400 s
[04:36:27] prefix slices/s02/in/craft_3.npz: 9 flybys, t_end 1040.6 d, tank 718.3 kg (planner view), miss 6.5 km, nreg 49
[04:36:27] start: 1 craft state(s), remaining 254, horizon (1080, 1620] + L 360 d, B 8 tries 16 k_epochs 3 price_cap 250 max_levels 14 wall 2400 s
[04:36:27] prefix slices/s02/in/craft_6.npz: 6 flybys, t_end 1058.0 d, tank 649.2 kg (planner view), miss 1.6 km, nreg 42
[04:36:27] start: 1 craft state(s), remaining 254, horizon (1080, 1620] + L 360 d, B 8 tries 16 k_epochs 3 price_cap 250 max_levels 14 wall 2400 s
[04:36:27] prefix slices/s02/in/craft_5.npz: 5 flybys, t_end 1031.5 d, tank 637.4 kg (planner view), miss 1.7 km, nreg 42
[04:36:27] start: 1 craft state(s), remaining 254, horizon (1080, 1620] + L 360 d, B 8 tries 16 k_epochs 3 price_cap 250 max_levels 14 wall 2400 s
[04:36:33]   price_cap: 250 of 750 horizon candidates priced (1 parents)
[04:36:33]   price_cap: 250 of 755 horizon candidates priced (1 parents)
[04:36:33]   price_cap: 250 of 762 horizon candidates priced (1 parents)
[04:36:34]   price_cap: 250 of 761 horizon candidates priced (1 parents)
[04:36:34]   price_cap: 250 of 744 horizon candidates priced (1 parents)
[04:36:34]   price_cap: 250 of 760 horizon candidates priced (1 parents)
[04:36:34]   price_cap: 250 of 757 horizon candidates priced (1 parents)
[04:36:35]   price_cap: 250 of 757 horizon candidates priced (1 parents)
[04:36:37] depth  2: 1/1 parents -> 96 children (96 unique) -> tried 8, settled 8 (8 in H), kept 8 (8 branches); t_end 1202-1533 d, tank 620-636 (10 s: price 6, settle 4)
[04:36:40] depth  2: 1/1 parents -> 114 children (114 unique) -> tried 8, settled 8 (8 in H), kept 8 (8 branches); t_end 1091-1533 d, tank 628-668 (14 s: price 7, settle 7)
[04:36:41] depth  2: 1/1 parents -> 95 children (95 unique) -> tried 8, settled 8 (8 in H), kept 8 (7 branches); t_end 1093-1505 d, tank 648-690 (14 s: price 6, settle 8)
[04:36:41] depth  2: 1/1 parents -> 81 children (81 unique) -> tried 8, settled 8 (7 in H), kept 8 (8 branches); t_end 1148-1620 d, tank 653-707 (14 s: price 7, settle 8)
[04:36:43] depth  2: 1/1 parents -> 76 children (76 unique) -> tried 8, settled 8 (8 in H), kept 8 (7 branches); t_end 1189-1315 d, tank 643-743 (16 s: price 7, settle 9)
[04:36:46] depth  2: 1/1 parents -> 94 children (94 unique) -> tried 8, settled 8 (8 in H), kept 8 (8 branches); t_end 1105-1610 d, tank 660-679 (19 s: price 8, settle 11)
[04:36:46] depth  2: 1/1 parents -> 68 children (68 unique) -> tried 8, settled 8 (8 in H), kept 8 (7 branches); t_end 1135-1394 d, tank 721-797 (19 s: price 8, settle 12)
[04:36:47] depth  2: 1/1 parents -> 83 children (83 unique) -> tried 8, settled 8 (8 in H), kept 8 (7 branches); t_end 1117-1616 d, tank 699-725 (20 s: price 8, settle 13)
[04:37:33]   price_cap: 2000 of 5707 horizon candidates priced (8 parents)
[04:37:34]   price_cap: 2000 of 5433 horizon candidates priced (8 parents)
[04:37:38] depth  3: 8/8 parents -> 659 children (659 unique) -> tried 8, settled 8 (8 in H), kept 8 (5 branches); t_end 1440-1599 d, tank 623-703 (61 s: price 56, settle 5)
[04:37:38]   price_cap: 2000 of 5978 horizon candidates priced (8 parents)
[04:37:38]   price_cap: 2000 of 5464 horizon candidates priced (8 parents)
[04:37:40]   price_cap: 2000 of 6068 horizon candidates priced (8 parents)
[04:37:44] depth  3: 8/8 parents -> 715 children (713 unique) -> tried 8, settled 8 (8 in H), kept 8 (5 branches); t_end 1439-1533 d, tank 652-770 (63 s: price 53, settle 10)
[04:37:45]   price_cap: 2000 of 5629 horizon candidates priced (8 parents)
[04:37:46] depth  3: 8/8 parents -> 582 children (582 unique) -> tried 8, settled 8 (7 in H), kept 8 (5 branches); t_end 1446-1865 d, tank 660-699 (65 s: price 57, settle 8)
[04:37:47]   price_cap: 2000 of 5982 horizon candidates priced (8 parents)
[04:37:48] depth  3: 8/8 parents -> 750 children (750 unique) -> tried 8, settled 8 (8 in H), kept 8 (5 branches); t_end 1251-1534 d, tank 648-699 (67 s: price 57, settle 10)
[04:37:51]   price_cap: 2000 of 5629 horizon candidates priced (8 parents)
[04:37:52] depth  3: 8/8 parents -> 641 children (640 unique) -> tried 8, settled 8 (8 in H), kept 7 (5 branches); t_end 1406-1577 d, tank 664-767 (69 s: price 57, settle 12)
[04:37:57] depth  3: 8/8 parents -> 625 children (625 unique) -> tried 8, settled 8 (6 in H), kept 8 (5 branches); t_end 1220-1858 d, tank 674-719 (72 s: price 60, settle 12)
[04:38:01] depth  3: 8/8 parents -> 551 children (550 unique) -> tried 8, settled 8 (7 in H), kept 8 (4 branches); t_end 1256-1705 d, tank 743-844 (74 s: price 61, settle 14)
[04:38:05] depth  3: 8/8 parents -> 590 children (590 unique) -> tried 8, settled 8 (8 in H), kept 8 (4 branches); t_end 1377-1616 d, tank 703-766 (77 s: price 64, settle 13)
[04:38:35]   price_cap: 2000 of 5082 horizon candidates priced (8 parents)
[04:38:38]   price_cap: 2000 of 5137 horizon candidates priced (8 parents)
[04:38:41]   price_cap: 1826 of 4254 horizon candidates priced (8 parents)
[04:38:43] depth  4: 8/8 parents -> 490 children (490 unique) -> tried 8, settled 8 (4 in H), kept 8 (3 branches); t_end 1477-1881 d, tank 629-756 (65 s: price 58, settle 7)
[04:38:48]   price_cap: 1750 of 4996 horizon candidates priced (7 parents)
[04:38:49] depth  4: 8/8 parents -> 426 children (426 unique) -> tried 8, settled 8 (3 in H), kept 8 (5 branches); t_end 1585-1980 d, tank 670-719 (63 s: price 55, settle 8)
[04:38:50]   price_cap: 2000 of 5834 horizon candidates priced (8 parents)
[04:38:53]   price_cap: 1683 of 4328 horizon candidates priced (8 parents)
[04:38:56] depth  4: 8/8 parents -> 530 children (530 unique) -> tried 8, settled 8 (2 in H), kept 8 (4 branches); t_end 1476-1968 d, tank 653-1204 (72 s: price 54, settle 17)
[04:39:01] depth  4: 7/7 parents -> 437 children (437 unique) -> tried 8, settled 8 (6 in H), kept 8 (4 branches); t_end 1490-1901 d, tank 669-858 (69 s: price 55, settle 13)
[04:39:07]   price_cap: 2000 of 5168 horizon candidates priced (8 parents)
[04:39:12] depth  4: 8/8 parents -> 647 children (632 unique) -> tried 9, settled 8 (6 in H), kept 8 (4 branches); t_end 1410-1868 d, tank 666-757 (84 s: price 62, settle 22)
[04:39:13]   price_cap: 2000 of 5139 horizon candidates priced (8 parents)
[04:39:17] depth  4: 8/8 parents -> 461 children (461 unique) -> tried 9, settled 8 (3 in H, 1 drifted out), kept 8 (5 branches); t_end 1382-1907 d, tank 691-774 (79 s: price 55, settle 24)
[04:39:23] depth  4: 8/8 parents -> 443 children (443 unique) -> tried 8, settled 8 (3 in H), kept 8 (4 branches); t_end 1487-1880 d, tank 761-868 (83 s: price 66, settle 17)
[04:39:26] depth  4: 8/8 parents -> 439 children (439 unique) -> tried 8, settled 8 (7 in H), kept 8 (3 branches); t_end 1475-1756 d, tank 744-783 (82 s: price 69, settle 13)
[04:39:26]   price_cap: 1080 of 1804 horizon candidates priced (7 parents)
[04:39:31] depth  5: 7/8 parents -> 148 children (148 unique) -> tried 8, settled 8 (0 in H), kept 8 (2 branches); t_end 1714-1891 d, tank 658-768 (36 s: price 30, settle 5)
[04:39:32]   price_cap: 1402 of 2633 horizon candidates priced (7 parents)
[04:39:35]   price_cap: 1784 of 3219 horizon candidates priced (8 parents)
[04:39:46] depth  5: 8/8 parents -> 261 children (261 unique) -> tried 8, settled 8 (0 in H), kept 8 (3 branches); t_end 1708-1961 d, tank 635-842 (63 s: price 53, settle 10)
[04:39:52]   price_cap: 1011 of 2320 horizon candidates priced (8 parents)
[04:39:52]   price_cap: 1564 of 3954 horizon candidates priced (8 parents)
[04:39:57] depth  5: 7/8 parents -> 155 children (155 unique) -> tried 10, settled 8 (0 in H, 1 drifted out), kept 7 (4 branches); t_end 1692-1980 d, tank 677-715 (69 s: price 44, settle 25)
[04:40:05]   price_cap: 1120 of 1161 horizon candidates priced (8 parents)
[04:40:06] depth  5: 8/8 parents -> 255 children (255 unique) -> tried 8, settled 8 (3 in H), kept 8 (4 branches); t_end 1585-1974 d, tank 686-991 (65 s: price 51, settle 14)
[04:40:09]   price_cap: 1695 of 4117 horizon candidates priced (8 parents)
[04:40:12] depth  6: 8/8 parents -> 67 children (67 unique) -> tried 8, settled 8 (0 in H), kept 8 (2 branches); t_end 1788-1949 d, tank 677-816 (40 s: price 33, settle 7)
[04:40:14] depth  5: 8/8 parents -> 215 children (215 unique) -> tried 9, settled 8 (3 in H), kept 8 (3 branches); t_end 1502-1968 d, tank 700-776 (57 s: price 35, settle 22)
[04:40:19]   price_cap: 1609 of 2958 horizon candidates priced (8 parents)
[04:40:22]   price_cap: 761 of 1155 horizon candidates priced (4 parents)
[04:40:22]   price_cap: 1194 of 1282 horizon candidates priced (8 parents)
[04:40:26] depth  5: 8/8 parents -> 332 children (332 unique) -> tried 8, settled 8 (1 in H), kept 8 (3 branches); t_end 1594-1967 d, tank 685-783 (74 s: price 56, settle 17)
[04:40:30] depth  6: 8/8 parents -> 91 children (91 unique) -> tried 8, settled 8 (0 in H), kept 8 (2 branches); t_end 1784-1887 d, tank 637-684 (44 s: price 37, settle 7)
[04:40:38]   price_cap: 1981 of 4068 horizon candidates priced (8 parents)
[04:40:39] depth  6: 4/7 parents -> 58 children (58 unique) -> tried 10, settled 8 (0 in H, 2 drifted out), kept 8 (2 branches); t_end 1725-1960 d, tank 699-827 (42 s: price 24, settle 17)
[04:40:46] depth  5: 8/8 parents -> 220 children (220 unique) -> tried 9, settled 8 (0 in H), kept 8 (3 branches); t_end 1673-1903 d, tank 767-884 (82 s: price 56, settle 27)
[04:40:56]   price_cap: 462 of 546 horizon candidates priced (8 parents)
[04:40:57] depth  5: 8/8 parents -> 279 children (279 unique) -> tried 8, settled 8 (1 in H), kept 7 (3 branches); t_end 1596-1891 d, tank 758-810 (91 s: price 72, settle 19)
[04:40:57]   price_cap: 815 of 1200 horizon candidates priced (6 parents)
[04:41:08] depth  7: 8/8 parents -> 41 children (41 unique) -> tried 10, settled 8 (0 in H, 2 drifted out), kept 8 (2 branches); t_end 1836-1937 d, tank 651-707 (38 s: price 30, settle 8)
[04:41:09]   price_cap: 1749 of 3533 horizon candidates priced (7 parents)
[04:41:13]   price_cap: 1510 of 3272 horizon candidates priced (7 parents)
[04:41:16] depth  7: 8/8 parents -> 29 children (29 unique) -> tried 10, settled 8 (0 in H, 1 drifted out), kept 8 (2 branches); t_end 1880-1977 d, tank 719-765 (37 s: price 17, settle 20)
[04:41:19] depth  6: 7/8 parents -> 191 children (191 unique) -> tried 8, settled 8 (0 in H), kept 8 (3 branches); t_end 1659-1949 d, tank 691-810 (73 s: price 63, settle 10)
[04:41:25] depth  7: 8/8 parents -> 23 children (23 unique) -> tried 13, settled 8 (0 in H, 2 drifted out), kept 8 (2 branches); t_end 1891-1980 d, tank 707-1017 (74 s: price 15, settle 58)
[04:41:33] depth  6: 6/8 parents -> 101 children (101 unique) -> tried 10, settled 8 (0 in H), kept 8 (2 branches); t_end 1706-1973 d, tank 703-802 (68 s: price 31, settle 36)
[04:41:35]   price_cap: 1186 of 1443 horizon candidates priced (8 parents)
[04:41:37] depth  6: 7/8 parents -> 215 children (215 unique) -> tried 8, settled 8 (1 in H), kept 8 (2 branches); t_end 1584-1959 d, tank 712-965 (84 s: price 59, settle 24)
[04:41:38] depth  8: 8/8 parents -> 6 children (6 unique) -> tried 6, settled 5 (0 in H), kept 5 (2 branches); t_end 1887-1962 d, tank 669-801 (30 s: price 11, settle 18)
[04:41:40] depth  9: 5/5 parents -> 0 children (0 unique) -> tried 0, settled 0 (0 in H), kept 0 (0 branches) (2 s: price 3, settle 0)
[04:41:40] beam end {'kind': 'no_children', 'depth': 8, 'tried': 0}: 54 settled states, 56 settles (53 ok), wall 314 s (price 253, settle 60)
[04:41:40] RESULT s02_c4: 20 columns (n_new 1-3, potential 0-5), 54 states, end no_children, wall 314 s
[04:41:40]   job s02_c4 craft columns  20  levels 7  settles 53/56  end no_children  wall 313.6 s
[04:41:41] depth  8: 5/8 parents -> 1 children (1 unique) -> tried 1, settled 0 (0 in H), kept 0 (0 branches) (16 s: price 2, settle 14)
[04:41:41] beam end {'kind': 'settle_wall', 'depth': 7, 'tried': 1}: 49 settled states, 54 settles (48 ok), wall 314 s (price 194, settle 120)
[04:41:41] RESULT s02_c7: 17 columns (n_new 1-3, potential 0-4), 49 states, end settle_wall, wall 314 s
[04:41:41]   job s02_c7 craft columns  17  levels 6  settles 48/54  end settle_wall  wall 314.4 s
[04:41:49]   price_cap: 1298 of 1780 horizon candidates priced (7 parents)
[04:41:53] depth  8: 7/8 parents -> 6 children (6 unique) -> tried 6, settled 3 (0 in H, 1 drifted out), kept 3 (1 branches); t_end 1949-1956 d, tank 737-835 (37 s: price 3, settle 33)
[04:41:59] depth  6: 8/8 parents -> 86 children (86 unique) -> tried 9, settled 8 (0 in H, 1 drifted out), kept 8 (3 branches); t_end 1782-1959 d, tank 777-973 (73 s: price 49, settle 24)
[04:42:02] depth  9: 3/3 parents -> 1 children (1 unique) -> tried 1, settled 0 (0 in H), kept 0 (0 branches) (9 s: price 0, settle 9)
[04:42:02] beam end {'kind': 'settle_wall', 'depth': 8, 'tried': 1}: 52 settled states, 61 settles (51 ok), wall 335 s (price 208, settle 127)
[04:42:02] RESULT s02_c6: 17 columns (n_new 1-3, potential 0-4), 52 states, end settle_wall, wall 335 s
[04:42:02]   job s02_c6 craft columns  17  levels 7  settles 51/61  end settle_wall  wall 334.9 s
[04:42:06]   price_cap: 1321 of 1935 horizon candidates priced (8 parents)
[04:42:08]   price_cap: 859 of 1656 horizon candidates priced (8 parents)
[04:42:12]   price_cap: 1102 of 1271 horizon candidates priced (7 parents)
[04:42:16] depth  6: 7/7 parents -> 88 children (88 unique) -> tried 9, settled 8 (0 in H), kept 8 (3 branches); t_end 1724-1886 d, tank 787-997 (79 s: price 53, settle 26)
[04:42:25] depth  7: 8/8 parents -> 66 children (66 unique) -> tried 9, settled 8 (0 in H, 1 drifted out), kept 8 (3 branches); t_end 1778-1948 d, tank 724-841 (66 s: price 47, settle 19)
[04:42:43] depth  7: 7/8 parents -> 82 children (82 unique) -> tried 11, settled 8 (0 in H, 1 drifted out), kept 8 (1 branches); t_end 1820-1930 d, tank 714-851 (69 s: price 38, settle 31)
[04:42:51] depth  7: 8/8 parents -> 15 children (15 unique) -> tried 11, settled 8 (0 in H, 1 drifted out), kept 8 (2 branches); t_end 1872-1970 d, tank 790-918 (52 s: price 10, settle 41)
[04:42:57]   price_cap: 1148 of 1234 horizon candidates priced (8 parents)
[04:43:03] depth  7: 8/8 parents -> 118 children (118 unique) -> tried 12, settled 8 (0 in H, 1 drifted out), kept 8 (2 branches); t_end 1880-1977 d, tank 722-1027 (86 s: price 31, settle 55)
[04:43:04]   price_cap: 1144 of 1295 horizon candidates priced (8 parents)
[04:43:19] depth  7: 8/8 parents -> 53 children (53 unique) -> tried 9, settled 8 (0 in H, 1 drifted out), kept 8 (3 branches); t_end 1801-1967 d, tank 803-914 (64 s: price 41, settle 22)
[04:43:23] depth  8: 7/8 parents -> 4 children (4 unique) -> tried 4, settled 3 (0 in H), kept 3 (1 branches); t_end 1945-1951 d, tank 743-795 (20 s: price 2, settle 18)
[04:43:33] depth  9: 3/3 parents -> 1 children (1 unique) -> tried 1, settled 0 (0 in H), kept 0 (0 branches) (10 s: price 0, settle 10)
[04:43:33] beam end {'kind': 'settle_wall', 'depth': 8, 'tried': 1}: 52 settled states, 59 settles (51 ok), wall 426 s (price 250, settle 176)
[04:43:33] RESULT s02_c1: 21 columns (n_new 1-5, potential 0-4), 52 states, end settle_wall, wall 426 s
[04:43:33]   job s02_c1 craft columns  21  levels 7  settles 51/59  end settle_wall  wall 426.3 s
[04:43:36] depth  8: 8/8 parents -> 36 children (36 unique) -> tried 11, settled 8 (0 in H, 2 drifted out), kept 8 (2 branches); t_end 1827-1948 d, tank 757-844 (71 s: price 39, settle 33)
[04:43:39] depth  8: 7/8 parents -> 9 children (9 unique) -> tried 9, settled 6 (0 in H), kept 6 (1 branches); t_end 1920-1978 d, tank 838-909 (48 s: price 2, settle 46)
[04:43:39] depth  9: 5/6 parents -> 0 children (0 unique) -> tried 0, settled 0 (0 in H), kept 0 (0 branches) (0 s: price 0, settle 0)
[04:43:39] beam end {'kind': 'no_children', 'depth': 8, 'tried': 0}: 55 settled states, 62 settles (54 ok), wall 432 s (price 252, settle 181)
[04:43:39] RESULT s02_c3: 17 columns (n_new 1-3, potential 0-4), 55 states, end no_children, wall 432 s
[04:43:39]   job s02_c3 craft columns  17  levels 7  settles 54/62  end no_children  wall 432.4 s
[04:44:11] depth  8: 7/8 parents -> 18 children (18 unique) -> tried 12, settled 8 (0 in H, 3 drifted out), kept 8 (1 branches); t_end 1876-1973 d, tank 819-868 (52 s: price 16, settle 36)
[04:44:22] depth  9: 7/8 parents -> 4 children (4 unique) -> tried 4, settled 2 (0 in H, 2 drifted out), kept 2 (1 branches); t_end 1956-1963 d, tank 860-885 (11 s: price 2, settle 9)
[04:44:22] depth 10: 2/2 parents -> 0 children (0 unique) -> tried 0, settled 0 (0 in H), kept 0 (0 branches) (0 s: price 0, settle 0)
[04:44:22] beam end {'kind': 'no_children', 'depth': 9, 'tried': 0}: 59 settled states, 66 settles (58 ok), wall 475 s (price 324, settle 151)
[04:44:22] RESULT s02_c0: 23 columns (n_new 1-4, potential 0-4), 59 states, end no_children, wall 475 s
[04:44:22]   job s02_c0 craft columns  23  levels 8  settles 58/66  end no_children  wall 475.4 s
[04:44:26] depth  9: 8/8 parents -> 10 children (10 unique) -> tried 10, settled 6 (0 in H, 2 drifted out), kept 6 (2 branches); t_end 1915-1962 d, tank 771-896 (50 s: price 12, settle 38)
[04:44:46] depth 10: 6/6 parents -> 2 children (2 unique) -> tried 2, settled 0 (0 in H), kept 0 (0 branches) (19 s: price 1, settle 18)
[04:44:46] beam end {'kind': 'settle_wall', 'depth': 9, 'tried': 2}: 63 settled states, 72 settles (62 ok), wall 499 s (price 333, settle 166)
[04:44:46] RESULT s02_c5: 23 columns (n_new 1-4, potential 0-4), 63 states, end settle_wall, wall 499 s
[04:44:46]   job s02_c5 craft columns  23  levels 8  settles 62/72  end settle_wall  wall 498.8 s
[04:45:08] depth  8: 8/8 parents -> 23 children (23 unique) -> tried 16, settled 3 (0 in H, 2 drifted out), kept 3 (1 branches); t_end 1890-1979 d, tank 752-893 (145 s: price 18, settle 128)
[04:45:21] depth  9: 2/3 parents -> 3 children (3 unique) -> tried 3, settled 1 (0 in H, 1 drifted out), kept 1 (1 branches); t_end 1951-1951 d, tank 784-784 (13 s: price 1, settle 11)
[04:45:21] depth 10: 1/1 parents -> 0 children (0 unique) -> tried 0, settled 0 (0 in H), kept 0 (0 branches) (0 s: price 0, settle 0)
[04:45:21] beam end {'kind': 'no_children', 'depth': 9, 'tried': 0}: 53 settled states, 73 settles (52 ok), wall 534 s (price 271, settle 262)
[04:45:21] RESULT s02_c2: 22 columns (n_new 1-4, potential 0-5), 53 states, end no_children, wall 534 s
[04:45:21]   job s02_c2 craft columns  22  levels 8  settles 52/73  end no_children  wall 534.0 s
[04:45:21] [slice 2] propose: 160 columns (0 bad dropped) in 534.0 s
[04:45:21] [slice 2] auction: 160 columns, kept 160, dropped {}
[04:45:21] [slice 2] auction: status optimal objective 31.328 vars 160 rows 50 chosen 8 (0.008 s)
[04:45:21] [slice 2 T=1080 d] launched 8/8  covered 68  remaining 230  fuel 859 kg  sumJi 8.6725  chosen: c0:4(+78) c1:5(+122) c2:1(+30) c3:2(+40) c4:3(+12) c5:4(+66) c6:3(+38) c7:2(+36)  rejected: -  (wall 534 s)
[04:45:21] stop: stop_T at T=1620 d (slice 3)
[04:45:21] finalize: fleet/ 8 routes  covered 68  misses 230  fuel 859 kg  sumJi 8.6725  J 240.6725  honest True
[04:45:21] g0b_wt05_lam1: slice 3 phase propose T=1620 d  launched 8/8  covered 68  remaining 230  fuel 859 kg  sumJi 8.6725  done True (stop_T)
