[01:19:42] new run _wp2_replay_ref: N 2 H 540.0 d L 360.0 d proposer fixture_replay commit regrid nproc 2 stop_T 1080.0
[01:19:43] [slice 0 T=0 d] propose: 2 jobs (0 craft, 2 root) on 2 workers, proposer fixture_replay
[01:19:43] fixture fixture_replay job s00_r0 kind root T 0 d H 540 d remaining 298
[01:19:43] fixture fixture_replay job s00_r1 kind root T 0 d H 540 d remaining 298
[01:19:43]   root: replaying r1 (launch 41 d in (-10, 270])
[01:19:43]   root: no route launches in (270, 540] d with a flyby before 540 d -> empty result
[01:19:43] done: ok True columns 0 wall 0.0 s
[01:19:43]   job s00_r1 root  columns   0  levels 1  settles 0/0  end fixture  wall 0.0 s
[01:19:43]   r1: column s00_r0_k0 new [174, 278, 272, 28] tank 620.8 (+19.3) miss 4 km potential 3 (0.1 s)
[01:19:43]   r1: column s00_r0_k1 new [174, 278, 272] tank 615.4 (+13.9) miss 17 km potential 3 (0.1 s)
[01:19:43]   root: replaying r2 (launch 0 d in (-10, 270])
[01:19:43]   r2: column s00_r0_k2 new [155, 279, 127, 238] tank 616.3 (+14.8) miss 2 km potential 3 (0.1 s)
[01:19:43]   r2: column s00_r0_k3 new [155, 279, 127] tank 614.4 (+12.9) miss 3 km potential 3 (0.1 s)
[01:19:43] done: ok True columns 4 wall 0.4 s
[01:19:43]   job s00_r0 root  columns   4  levels 1  settles 4/4  end fixture  wall 0.4 s
[01:19:43] [slice 0] propose: 4 columns (0 bad dropped) in 0.4 s
[01:19:43] [slice 0] auction: 4 columns, kept 4, dropped {}
[01:19:43] [slice 0] auction: status optimal objective 9.749 vars 4 rows 7 chosen 2 (0.003 s)
[01:19:43] [slice 0 T=0 d] launched 2/2  covered 8  remaining 290  fuel 37 kg  sumJi 2.0268  chosen: r->c0:4(+15) r->c1:4(+19)  rejected: -  (wall 0 s)
[01:19:43] [slice 1 T=540 d] propose: 2 jobs (2 craft, 0 root) on 2 workers, proposer fixture_replay
[01:19:43] fixture fixture_replay job s01_c1 kind craft T 540 d H 540 d remaining 290
[01:19:43] fixture fixture_replay job s01_c0 kind craft T 540 d H 540 d remaining 290
[01:19:43]   craft 1: replaying r1 (prefix 4 flybys)
[01:19:43]   craft 0: replaying r2 (prefix 4 flybys)
[01:19:43]   r1: column s01_c1_k0 new [1, 292, 42, 67] tank 637.9 (+17.1) miss 7 km potential 4 (0.2 s)
[01:19:43]   r2: column s01_c0_k0 new [192, 226, 101, 80] tank 648.4 (+32.1) miss 1 km potential 2 (0.3 s)
[01:19:43]   r1: column s01_c1_k1 new [1, 292, 42] tank 634.8 (+14.0) miss 1 km potential 4 (0.1 s)
[01:19:43] done: ok True columns 2 wall 0.3 s
[01:19:43]   job s01_c1 craft columns   2  levels 1  settles 2/2  end fixture  wall 0.3 s
[01:19:43]   r2: column s01_c0_k1 new [192, 226, 101] tank 646.4 (+30.1) miss 0 km potential 2 (0.2 s)
[01:19:43] done: ok True columns 2 wall 0.5 s
[01:19:43]   job s01_c0 craft columns   2  levels 1  settles 2/2  end fixture  wall 0.5 s
[01:19:43] [slice 1] propose: 4 columns (0 bad dropped) in 0.5 s
[01:19:43] [slice 1] auction: 4 columns, kept 4, dropped {}
[01:19:43] [slice 1] auction: status optimal objective 10.101 vars 4 rows 8 chosen 2 (0.002 s)
[01:19:44] [slice 1 T=540 d] launched 2/2  covered 16  remaining 282  fuel 86 kg  sumJi 2.0634  chosen: c0:4(+32) c1:4(+17)  rejected: -  (wall 1 s)
[01:19:44] stop: stop_T at T=1080 d (slice 2)
[01:19:44] finalize: fleet/ 2 routes  covered 16  misses 282  fuel 86 kg  sumJi 2.0634  J 286.0634  honest True
[01:19:44] _wp2_replay_ref: slice 2 phase propose T=1080 d  launched 2/2  covered 16  remaining 282  fuel 86 kg  sumJi 2.0634  done True (stop_T)
