30000 carriers, eps 0.01: candidate count best 49, median 16

carrier tL   352 d |vinf| 0.39  P 353.9 d: 49 candidates, 1083 events -> DP 18 flybys, model dv 4.87 (phase) + 7.40 (gap) km/s  (0.0 s)
   lag [d]: -7 -3 3 8 9 12 14 27 25 22 20 23 24 27 32 36 32 31
   twin: 18 flybys, tank 771 kg, dv 9.72 km/s = 0.540 km/s per flyby, J_i 1.137  (6 s)

carrier tL    29 d |vinf| 1.58  P 359.6 d: 47 candidates, 954 events -> DP 18 flybys, model dv 3.18 (phase) + 6.83 (gap) km/s  (0.0 s)
   lag [d]: -16 -18 -27 -25 -26 -30 -31 -41 -35 -29 -27 -29 -27 -30 -31 -31 -11 -5
   twin: 18 flybys, tank 686 kg, dv 5.13 km/s = 0.285 km/s per flyby, J_i 1.065  (6 s)

carrier tL   128 d |vinf| 1.34  P 364.8 d: 47 candidates, 1017 events -> DP 21 flybys, model dv 5.37 (phase) + 9.38 (gap) km/s  (0.0 s)
   lag [d]: -14 -23 -24 -21 -18 -14 -13 -13 -15 -50 -50 -42 -39 -40 -37 -38 -35 -37 -31 -33 -30
   twin: 21 flybys, tank 802 kg, dv 11.26 km/s = 0.536 km/s per flyby, J_i 1.165  (11 s)

carrier tL    27 d |vinf| 1.71  P 363.5 d: 46 candidates, 1155 events -> DP 19 flybys, model dv 4.21 (phase) + 11.14 (gap) km/s  (0.0 s)
   lag [d]: -9 -2 14 21 34 35 47 49 52 52 51 50 102 101 80 77 76 80 83
   twin: 19 flybys, tank 742 kg, dv 8.26 km/s = 0.435 km/s per flyby, J_i 1.112  (9 s)

carrier tL   282 d |vinf| 1.15  P 372.7 d: 46 candidates, 942 events -> DP 16 flybys, model dv 2.94 (phase) + 6.31 (gap) km/s  (0.0 s)
   lag [d]: -17 -23 -22 -24 -26 -38 -39 -36 -35 -41 -45 -40 -44 -69 -69 -70
   twin: 16 flybys, tank 670 kg, dv 4.23 km/s = 0.264 km/s per flyby, J_i 1.052  (8 s)

carrier tL     1 d |vinf| 1.70  P 353.3 d: 46 candidates, 1008 events -> DP 18 flybys, model dv 4.46 (phase) + 8.66 (gap) km/s  (0.0 s)
   lag [d]: -3 11 19 22 20 16 13 36 43 45 52 49 56 63 68 67 57 49
   twin: 18 flybys, tank 703 kg, dv 6.10 km/s = 0.339 km/s per flyby, J_i 1.079  (11 s)

carrier tL    67 d |vinf| 1.88  P 377.5 d: 46 candidates, 903 events -> DP 21 flybys, model dv 5.19 (phase) + 10.10 (gap) km/s  (0.0 s)
   lag [d]: 0 15 23 21 24 24 29 61 71 73 74 73 73 66 65 64 70 70 60 51 44
   twin: 21 flybys, tank 769 kg, dv 9.63 km/s = 0.458 km/s per flyby, J_i 1.135  (7 s)

carrier tL   299 d |vinf| 1.53  P 362.1 d: 46 candidates, 957 events -> DP 14 flybys, model dv 2.49 (phase) + 7.15 (gap) km/s  (0.0 s)
   lag [d]: 14 9 -8 -14 -17 -47 -53 -61 -62 -64 -71 -82 -83 -89
   twin: 14 flybys, tank 715 kg, dv 6.78 km/s = 0.484 km/s per flyby, J_i 1.089  (6 s)

carrier tL   302 d |vinf| 0.77  P 355.1 d: 45 candidates, 1041 events -> DP 21 flybys, model dv 5.89 (phase) + 9.13 (gap) km/s  (0.0 s)
   lag [d]: -8 6 3 -2 1 3 12 20 21 21 17 14 9 14 16 12 9 21 24 13 9
   twin: 21 flybys, tank 836 kg, dv 12.92 km/s = 0.615 km/s per flyby, J_i 1.197  (8 s)

carrier tL   104 d |vinf| 1.28  P 377.8 d: 45 candidates, 954 events -> DP 16 flybys, model dv 3.33 (phase) + 7.44 (gap) km/s  (0.0 s)
   lag [d]: 7 15 15 14 8 -12 -7 -2 2 8 7 6 -30 -33 -33 -11
   twin: 16 flybys, tank 695 kg, dv 5.67 km/s = 0.354 km/s per flyby, J_i 1.072  (5 s)
