[02:21:20] 96 routes from 240 carriers, frac 1.0, max-tank 1100.0, step 45.0
[02:30:19] [  1/96] carrier 124: 36 fb @   1012 kg, 0.0384 J/fb  (539 s, total 539 s)
[02:30:32] [  2/96] carrier 184: 33 fb @   1011 kg, 0.0418 J/fb  (552 s, total 552 s)
[02:30:42] [  3/96] carrier 196: 33 fb @    934 kg, 0.0392 J/fb  (562 s, total 562 s)
[02:33:03] [  4/96] carrier 26: 31 fb @    992 kg, 0.0438 J/fb  (703 s, total 703 s)
[02:33:57] [  5/96] carrier 45: 32 fb @    913 kg, 0.0398 J/fb  (757 s, total 757 s)
[02:34:20] [  6/96] carrier 206: 34 fb @    932 kg, 0.0380 J/fb  (780 s, total 780 s)
[02:34:37] [  7/96] carrier 143: 36 fb @    967 kg, 0.0370 J/fb  (797 s, total 797 s)
[02:36:29] [  8/96] carrier 108: 41 fb @   1049 kg, 0.0347 J/fb  (909 s, total 909 s)
[02:40:21] [  9/96] carrier 228: 29 fb @    815 kg, 0.0406 J/fb  (579 s, total 1141 s)
[02:43:32] [ 10/96] carrier 159: 34 fb @    941 kg, 0.0383 J/fb  (781 s, total 1333 s)
[02:45:20] [ 11/96] carrier 204: 34 fb @    993 kg, 0.0400 J/fb  (737 s, total 1440 s)
[02:45:33] [ 12/96] carrier 141: 30 fb @    878 kg, 0.0413 J/fb  (544 s, total 1454 s)
[02:46:13] [ 13/96] carrier 90: 37 fb @   1048 kg, 0.0385 J/fb  (736 s, total 1493 s)
[02:47:09] [ 14/96] carrier 194: 36 fb @   1038 kg, 0.0392 J/fb  (1009 s, total 1549 s)
[02:50:44] [ 15/96] carrier 31: 36 fb @   1093 kg, 0.0410 J/fb  (985 s, total 1764 s)
[02:50:56] [ 16/96] carrier 115: 38 fb @   1026 kg, 0.0368 J/fb  (979 s, total 1776 s)
[02:51:44] [ 17/96] carrier 58: 29 fb @   1099 kg, 0.0511 J/fb  (683 s, total 1824 s)
[02:53:18] [ 18/96] carrier 86: 31 fb @    898 kg, 0.0406 J/fb  (478 s, total 1918 s)
[02:54:16] [ 19/96] carrier 180: 31 fb @    977 kg, 0.0433 J/fb  (643 s, total 1976 s)
[02:55:43] [ 20/96] carrier 153: 34 fb @   1003 kg, 0.0403 J/fb  (514 s, total 2063 s)
[02:59:03] [ 21/96] carrier 16: 35 fb @    973 kg, 0.0382 J/fb  (771 s, total 2264 s)
[02:59:30] [ 22/96] carrier 182: 33 fb @   1043 kg, 0.0429 J/fb  (837 s, total 2290 s)
[03:01:00] [ 23/96] carrier 47: 30 fb @    964 kg, 0.0442 J/fb  (615 s, total 2380 s)
[03:01:07] [ 24/96] carrier 24: 35 fb @    972 kg, 0.0382 J/fb  (611 s, total 2387 s)
[03:10:37] [ 25/96] carrier 60: 36 fb @    998 kg, 0.0379 J/fb  (1133 s, total 2957 s)
[03:11:25] [ 26/96] carrier 11: 39 fb @   1094 kg, 0.0379 J/fb  (1088 s, total 3005 s)
[03:11:35] [ 27/96] carrier 112: 35 fb @   1076 kg, 0.0416 J/fb  (1040 s, total 3015 s)
[03:12:50] [ 28/96] carrier 17: 35 fb @    906 kg, 0.0362 J/fb  (827 s, total 3090 s)
[03:13:32] [ 29/96] carrier 105: 29 fb @    855 kg, 0.0419 J/fb  (1069 s, total 3133 s)
[03:14:51] [ 30/96] carrier 79: 36 fb @    979 kg, 0.0373 J/fb  (921 s, total 3211 s)
[03:16:10] [ 31/96] carrier 119: 37 fb @    999 kg, 0.0369 J/fb  (910 s, total 3290 s)
[03:17:51] [ 32/96] carrier 38: 34 fb @    979 kg, 0.0395 J/fb  (1004 s, total 3391 s)
[03:23:48] [ 33/96] carrier 64: 32 fb @    908 kg, 0.0396 J/fb  (742 s, total 3748 s)
[03:24:45] [ 34/96] carrier 181: 26 fb @    735 kg, 0.0425 J/fb  (848 s, total 3805 s)
[03:28:08] [ 35/96] carrier 178: 35 fb @   1000 kg, 0.0391 J/fb  (918 s, total 4008 s)
[03:28:49] [ 36/96] carrier 4: 37 fb @   1003 kg, 0.0370 J/fb  (1033 s, total 4049 s)
[03:31:06] [ 37/96] carrier 198: 29 fb @    791 kg, 0.0398 J/fb  (795 s, total 4186 s)
[03:32:18] [ 38/96] carrier 205: 30 fb @    906 kg, 0.0422 J/fb  (1126 s, total 4258 s)
[03:33:11] [ 39/96] carrier 62: 36 fb @    967 kg, 0.0370 J/fb  (1100 s, total 4311 s)
[03:34:17] [ 40/96] carrier 101: 36 fb @   1096 kg, 0.0411 J/fb  (1087 s, total 4377 s)
[03:37:10] [ 41/96] carrier 46: 30 fb @    900 kg, 0.0420 J/fb  (745 s, total 4550 s)
[03:40:26] [ 42/96] carrier 239: 29 fb @    864 kg, 0.0422 J/fb  (998 s, total 4746 s)
[03:45:59] [ 43/96] carrier 200: 30 fb @    865 kg, 0.0408 J/fb  (1071 s, total 5079 s)
[03:46:28] [ 44/96] carrier 211: 31 fb @    886 kg, 0.0402 J/fb  (923 s, total 5109 s)
[03:47:26] [ 45/96] carrier 238: 37 fb @   1070 kg, 0.0391 J/fb  (1118 s, total 5167 s)
[03:48:07] [ 46/96] carrier 137: 31 fb @    885 kg, 0.0401 J/fb  (949 s, total 5207 s)
[03:51:34] [ 47/96] carrier 230: 32 fb @   1025 kg, 0.0436 J/fb  (1103 s, total 5415 s)
[03:52:27] [ 48/96] carrier 43: 35 fb @    958 kg, 0.0378 J/fb  (1090 s, total 5467 s)
[03:55:45] [ 49/96] carrier 22: 38 fb @   1061 kg, 0.0378 J/fb  (1116 s, total 5666 s)
[03:56:30] [ 50/96] carrier 170: 32 fb @    953 kg, 0.0411 J/fb  (964 s, total 5710 s)
[04:01:56] [ 51/96] carrier 61: 32 fb @    940 kg, 0.0407 J/fb  (927 s, total 6036 s)
[04:02:10] [ 52/96] carrier 57: 30 fb @    897 kg, 0.0419 J/fb  (971 s, total 6050 s)
[04:03:31] [ 53/96] carrier 213: 33 fb @    931 kg, 0.0392 J/fb  (964 s, total 6131 s)
[04:04:59] [ 54/96] carrier 183: 33 fb @    976 kg, 0.0406 J/fb  (1012 s, total 6219 s)
[04:08:52] [ 55/96] carrier 68: 38 fb @   1010 kg, 0.0363 J/fb  (1037 s, total 6452 s)
[04:10:49] [ 56/96] carrier 189: 35 fb @   1013 kg, 0.0395 J/fb  (1103 s, total 6570 s)
[04:11:47] [ 57/96] carrier 82: 30 fb @    897 kg, 0.0419 J/fb  (961 s, total 6627 s)
[04:12:51] [ 58/96] carrier 3: 37 fb @   1005 kg, 0.0371 J/fb  (981 s, total 6691 s)
[04:17:17] [ 59/96] carrier 73: 33 fb @    922 kg, 0.0389 J/fb  (921 s, total 6957 s)
[04:21:04] [ 60/96] carrier 160: 28 fb @    828 kg, 0.0425 J/fb  (1134 s, total 7184 s)
[04:21:55] [ 61/96] carrier 144: 27 fb @    837 kg, 0.0444 J/fb  (1105 s, total 7236 s)
[04:23:03] [ 62/96] carrier 78: 40 fb @    988 kg, 0.0338 J/fb  (1084 s, total 7303 s)
[04:24:29] [ 63/96] carrier 234: 28 fb @    819 kg, 0.0422 J/fb  (820 s, total 7390 s)
[04:25:07] [ 64/96] carrier 157: 37 fb @   1034 kg, 0.0380 J/fb  (975 s, total 7427 s)
[04:27:28] [ 65/96] carrier 164: 29 fb @    858 kg, 0.0420 J/fb  (941 s, total 7568 s)
[04:29:02] [ 66/96] carrier 148: 34 fb @    954 kg, 0.0387 J/fb  (971 s, total 7662 s)
[04:34:45] [ 67/96] carrier 138: 36 fb @    946 kg, 0.0364 J/fb  (1048 s, total 8005 s)
[04:36:43] [ 68/96] carrier 80: 29 fb @    915 kg, 0.0440 J/fb  (939 s, total 8123 s)
[04:37:16] [ 69/96] carrier 212: 33 fb @   1026 kg, 0.0423 J/fb  (920 s, total 8156 s)
[04:40:36] [ 70/96] carrier 39: 37 fb @    993 kg, 0.0367 J/fb  (1053 s, total 8356 s)
[04:41:39] [ 71/96] carrier 92: 38 fb @   1084 kg, 0.0385 J/fb  (992 s, total 8419 s)
[04:42:26] [ 72/96] carrier 48: 34 fb @   1002 kg, 0.0403 J/fb  (1076 s, total 8466 s)
[04:42:28] [ 73/96] carrier 85: 35 fb @    862 kg, 0.0349 J/fb  (900 s, total 8468 s)
[04:44:20] [ 74/96] carrier 175: 36 fb @   1032 kg, 0.0390 J/fb  (917 s, total 8580 s)
[04:53:01] [ 75/96] carrier 7: 37 fb @    937 kg, 0.0351 J/fb  (1096 s, total 9101 s)
[04:53:59] [ 76/96] carrier 167: 32 fb @    933 kg, 0.0405 J/fb  (1037 s, total 9159 s)
[04:54:47] [ 77/96] carrier 222: 36 fb @   1011 kg, 0.0383 J/fb  (1051 s, total 9207 s)
[04:57:04] [ 78/96] carrier 168: 37 fb @   1084 kg, 0.0396 J/fb  (925 s, total 9344 s)
[04:57:33] [ 79/96] carrier 186: 32 fb @    882 kg, 0.0388 J/fb  (1017 s, total 9373 s)
[04:59:18] [ 80/96] carrier 18: 32 fb @    951 kg, 0.0411 J/fb  (1012 s, total 9478 s)
[05:00:47] [ 81/96] carrier 191: 29 fb @    876 kg, 0.0426 J/fb  (1099 s, total 9567 s)
[05:01:12] [ 82/96] carrier 107: 37 fb @   1035 kg, 0.0380 J/fb  (1012 s, total 9592 s)
[05:10:26] [ 83/96] carrier 51: 32 fb @    957 kg, 0.0413 J/fb  (1045 s, total 10146 s)
[05:11:17] [ 84/96] carrier 117: 36 fb @    926 kg, 0.0358 J/fb  (991 s, total 10197 s)
[05:12:32] [ 85/96] carrier 121: 35 fb @    965 kg, 0.0380 J/fb  (1112 s, total 10272 s)
[05:12:45] [ 86/96] carrier 25: 34 fb @    964 kg, 0.0391 J/fb  (942 s, total 10285 s)
[05:15:36] [ 87/96] carrier 87: 28 fb @    827 kg, 0.0424 J/fb  (1083 s, total 10456 s)
[05:16:26] [ 88/96] carrier 44: 35 fb @   1073 kg, 0.0415 J/fb  (1028 s, total 10506 s)
[05:16:47] [ 89/96] carrier 96: 33 fb @    884 kg, 0.0377 J/fb  (960 s, total 10527 s)
[05:18:42] [ 90/96] carrier 146: 35 fb @   1003 kg, 0.0392 J/fb  (1051 s, total 10642 s)
[05:25:40] [ 91/96] carrier 185: 32 fb @    968 kg, 0.0416 J/fb  (914 s, total 11060 s)
[05:27:46] [ 92/96] carrier 74: 35 fb @    968 kg, 0.0380 J/fb  (989 s, total 11187 s)
[05:28:26] [ 93/96] carrier 176: 33 fb @    972 kg, 0.0405 J/fb  (955 s, total 11227 s)
[05:29:15] [ 94/96] carrier 20: 34 fb @    972 kg, 0.0393 J/fb  (818 s, total 11275 s)
[05:29:37] [ 95/96] carrier 19: 34 fb @    970 kg, 0.0393 J/fb  (1011 s, total 11297 s)
[05:31:46] [ 96/96] carrier 173: 35 fb @   1008 kg, 0.0393 J/fb  (920 s, total 11427 s)
[05:31:46] done: 96 routes in 11427 s
