[22:32:06] start: 00:21@689 01:15@641 02:12@625 03:12@628 04:10@624 05:10@622 06:10@631 07:10@634
[22:32:47] round 1: 37/48 usable, +24 -> covered 124, sum J_i 8.364 | 24@716 18@653 15@656 15@636 13@647 13@659 13@673 13@646  (41 s)
/Users/mickey/solarsystem/ctoc14/ctoc14/kepler.py:195: RuntimeWarning: overflow encountered in multiply
  gdot = 1 - chi * chi / r * C; fdot = sqmu / (r * r0n) * chi * (z * S - 1)
[22:33:34] round 2: 27/48 usable, +19 -> covered 143, sum J_i 8.464 | 26@727 20@682 18@678 16@649 16@664 16@676 15@676 16@660  (88 s)
[22:34:34] round 3: 23/48 usable, +19 -> covered 162, sum J_i 8.683 | 28@782 22@693 21@736 17@662 19@689 19@722 17@696 19@700  (148 s)
[22:35:39] round 4: 18/48 usable, +15 -> covered 177, sum J_i 8.931 | 30@827 23@737 23@814 19@689 21@706 20@732 19@715 22@748  (213 s)
[22:36:43] round 5: 12/48 usable, +11 -> covered 188, sum J_i 9.136 | 31@859 24@774 24@822 21@703 23@748 21@766 19@715 25@812  (277 s)
[22:37:55] round 6: 7/48 usable, +6 -> covered 194, sum J_i 9.280 | 31@859 25@802 24@822 24@772 23@748 21@766 19@715 27@876  (349 s)
[22:39:01] round 7: 3/48 usable, +2 -> covered 196, sum J_i 9.317 | 31@859 26@802 24@822 25@812 23@748 21@766 19@715 27@876  (415 s)
[22:40:22] round 8: 6/48 usable, +6 -> covered 202, sum J_i 9.487 | 32@875 28@836 24@822 28@935 23@748 21@766 19@715 27@876  (496 s)
[22:41:32] round 9: 2/48 usable, +2 -> covered 204, sum J_i 9.545 | 32@875 29@870 24@822 28@935 23@748 22@794 19@715 27@876  (566 s)
[22:42:39] round 10: 2/48 usable, +2 -> covered 206, sum J_i 9.591 | 32@875 30@879 24@822 28@935 23@748 22@794 19@715 28@913  (633 s)
[22:43:45] round 11: 1/48 usable, +1 -> covered 207, sum J_i 9.606 | 32@875 30@879 24@822 28@935 23@748 22@794 19@715 29@927  (699 s)
[22:44:54] round 12: 1/48 usable, +1 -> covered 208, sum J_i 9.653 | 32@875 30@879 24@822 28@935 23@748 22@794 19@715 30@972  (768 s)
[22:46:03] round 13: 2/48 usable, +2 -> covered 210, sum J_i 9.708 | 32@875 30@879 24@822 28@935 23@748 22@794 20@759 31@987  (837 s)
[22:47:12] round 14: nothing under +45 kg -> step limit 90
[22:48:29] round 15: 21/48 usable, +16 -> covered 226, sum J_i 10.837 | 34@985 31@956 26@959 30@1078 25@929 25@983 23@954 32@1056  (983 s)
[22:49:53] round 16: 12/48 usable, +7 -> covered 233, sum J_i 11.058 | 35@990 33@1058 27@994 31@1113 25@929 27@1001 23@954 32@1056  (1067 s)
[22:51:13] round 17: 3/48 usable, +3 -> covered 236, sum J_i 11.172 | 35@990 33@1058 28@1048 32@1124 25@929 27@1001 24@989 32@1056  (1147 s)
[22:52:41] round 18: 1/48 usable, +1 -> covered 237, sum J_i 11.206 | 35@990 33@1058 28@1048 32@1124 25@929 27@1001 25@1020 32@1056  (1235 s)
[22:54:06] round 19: nothing acceptable
[22:54:06] done: covered 237, J 74.206; left (61): [2, 7, 13, 14, 15, 26, 31, 36, 46, 50, 62, 63, 64, 75, 77, 79, 84, 86, 88, 98, 104, 105, 116, 118, 121, 129, 138, 139, 151, 152, 154, 157, 159, 160, 166, 169, 170, 173, 177, 179, 188, 193, 197, 201, 207, 209, 216, 218, 224, 245, 246, 252, 254, 258, 259, 264, 275, 276, 277, 283, 298]
